
CondaError: Run 'conda init' before 'conda activate'

/storage/group/epo2/default/ims86/miniconda3/envs/FtoF/lib/python3.11/site-packages/MDAnalysis/topology/TPRParser.py:161: DeprecationWarning: 'xdrlib' is deprecated and slated for removal in Python 3.13
  import xdrlib
/storage/group/epo2/default/ims86/miniconda3/envs/FtoF/lib/python3.11/site-packages/MDAnalysis/coordinates/DCD.py:165: DeprecationWarning: DCDReader currently makes independent timesteps by copying self.ts while other readers update self.ts inplace. This behavior will be changed in 3.0 to be the same as other readers. Read more at https://github.com/MDAnalysis/mdanalysis/issues/3889 to learn if this change in behavior might affect you.
  warnings.warn("DCDReader currently makes independent timesteps"
logfile: /storage/group/epo2/default/ims86/git_slugs/Failure-to-Form_Native_Entanglements_slug/Simulations_of_Native_Entanglement_Misfolding/Trajectory_Analysis_setID3Full/P0A8I5_3DXX_A/logs/P0A8I5_3DXX_A_t3.log
ref_universe: <Universe with 239 atoms>
traj_universe: <Universe with 239 atoms>
START: 0 | END: None | STRIDE: 1
User topoly False
Calculating the fraction of native contacts (Q)
Step 1: Get the secondary structure information
Step 2: Get the native distance map for the native state cordinates
NumNativeContacts: 205
Step 3: Analyze each frame of the traj_universe and calc Q
Step 4: save Q output
SAVED: /storage/group/epo2/default/ims86/git_slugs/Failure-to-Form_Native_Entanglements_slug/Simulations_of_Native_Entanglement_Misfolding/Trajectory_Analysis_setID3Full/P0A8I5_3DXX_A/Q/P0A8I5_3DXX_A_t3.Q
Calculating the fraction of native contacts with a change in Gauss Linking Number (G)
Step 1: load the reference structure and topology and get reference state GaussLinking numbers
Nnative: 462
REF: (35, 39) {'gn': 0.00078, 'gc': -0.02331, 'Gn': 0.0, 'Gc': -0.0, 'crossingsN': '', 'crossingsC': ''}
REF: (35, 100) {'gn': 0.01303, 'gc': 1.04787, 'Gn': 0.0, 'Gc': 1.0, 'crossingsN': '', 'crossingsC': ''}
REF: (36, 40) {'gn': 0.00221, 'gc': -0.04333, 'Gn': 0.0, 'Gc': -0.0, 'crossingsN': '', 'crossingsC': ''}
REF: (36, 41) {'gn': 0.00542, 'gc': -0.02224, 'Gn': 0.0, 'Gc': -0.0, 'crossingsN': '', 'crossingsC': ''}
REF: (36, 100) {'gn': 0.01332, 'gc': 1.04959, 'Gn': 0.0, 'Gc': 1.0, 'crossingsN': '', 'crossingsC': ''}
REF: (36, 101) {'gn': 0.01046, 'gc': 0.99651, 'Gn': 0.0, 'Gc': 1.0, 'crossingsN': '', 'crossingsC': ''}
REF: (36, 103) {'gn': 0.00359, 'gc': 1.04817, 'Gn': 0.0, 'Gc': 1.0, 'crossingsN': '', 'crossingsC': ''}
REF: (36, 104) {'gn': -0.00139, 'gc': 1.03656, 'Gn': -0.0, 'Gc': 1.0, 'crossingsN': '', 'crossingsC': ''}
REF: (37, 41) {'gn': 0.00249, 'gc': -0.01759, 'Gn': 0.0, 'Gc': -0.0, 'crossingsN': '', 'crossingsC': ''}
REF: (37, 99) {'gn': 0.01023, 'gc': 0.99928, 'Gn': 0.0, 'Gc': 1.0, 'crossingsN': '', 'crossingsC': ''}
REF: (37, 100) {'gn': 0.00804, 'gc': 1.03439, 'Gn': 0.0, 'Gc': 1.0, 'crossingsN': '', 'crossingsC': ''}
REF: (37, 103) {'gn': -0.00752, 'gc': 1.02873, 'Gn': -0.0, 'Gc': 1.0, 'crossingsN': '', 'crossingsC': ''}
REF: (38, 42) {'gn': 0.00376, 'gc': -0.01287, 'Gn': 0.0, 'Gc': -0.0, 'crossingsN': '', 'crossingsC': ''}
REF: (40, 44) {'gn': 0.01157, 'gc': -0.02657, 'Gn': 0.0, 'Gc': -0.0, 'crossingsN': '', 'crossingsC': ''}
REF: (40, 45) {'gn': 0.0225, 'gc': 0.06876, 'Gn': 0.0, 'Gc': 0.0, 'crossingsN': '', 'crossingsC': ''}
REF: (40, 103) {'gn': -0.03486, 'gc': 1.01691, 'Gn': -0.0, 'Gc': 1.0, 'crossingsN': '', 'crossingsC': ''}
REF: (40, 104) {'gn': -0.05437, 'gc': 1.00112, 'Gn': -0.0, 'Gc': 1.0, 'crossingsN': '', 'crossingsC': ''}
REF: (40, 107) {'gn': -0.07942, 'gc': 1.02024, 'Gn': -0.0, 'Gc': 1.0, 'crossingsN': '', 'crossingsC': ''}
REF: (41, 45) {'gn': 0.01442, 'gc': 0.04057, 'Gn': 0.0, 'Gc': 0.0, 'crossingsN': '', 'crossingsC': ''}
REF: (41, 46) {'gn': 0.01744, 'gc': 0.20284, 'Gn': 0.0, 'Gc': 0.0, 'crossingsN': '', 'crossingsC': ''}
REF: (41, 103) {'gn': -0.07631, 'gc': 0.993, 'Gn': -0.0, 'Gc': 1.0, 'crossingsN': '', 'crossingsC': ''}
REF: (44, 103) {'gn': -0.06672, 'gc': 0.97131, 'Gn': -0.0, 'Gc': 1.0, 'crossingsN': '', 'crossingsC': ''}
REF: (44, 114) {'gn': -0.09281, 'gc': 0.19806, 'Gn': -0.0, 'Gc': 0.0, 'crossingsN': '', 'crossingsC': ''}
REF: (44, 115) {'gn': -0.07951, 'gc': 0.22033, 'Gn': -0.0, 'Gc': 0.0, 'crossingsN': '', 'crossingsC': ''}
REF: (44, 116) {'gn': -0.06397, 'gc': 0.21953, 'Gn': -0.0, 'Gc': 0.0, 'crossingsN': '', 'crossingsC': ''}
REF: (45, 115) {'gn': -0.15869, 'gc': 0.20529, 'Gn': -0.0, 'Gc': 0.0, 'crossingsN': '', 'crossingsC': ''}
REF: (45, 116) {'gn': -0.14435, 'gc': 0.20306, 'Gn': -0.0, 'Gc': 0.0, 'crossingsN': '', 'crossingsC': ''}
REF: (45, 117) {'gn': -0.12353, 'gc': 0.25711, 'Gn': -0.0, 'Gc': 0.0, 'crossingsN': '', 'crossingsC': ''}
REF: (46, 115) {'gn': -0.17077, 'gc': 0.19907, 'Gn': -0.0, 'Gc': 0.0, 'crossingsN': '', 'crossingsC': ''}
REF: (46, 116) {'gn': -0.14659, 'gc': 0.19709, 'Gn': -0.0, 'Gc': 0.0, 'crossingsN': '', 'crossingsC': ''}
REF: (46, 117) {'gn': -0.12289, 'gc': 0.25338, 'Gn': -0.0, 'Gc': 0.0, 'crossingsN': '', 'crossingsC': ''}
REF: (46, 118) {'gn': -0.10228, 'gc': 0.33953, 'Gn': -0.0, 'Gc': 0.0, 'crossingsN': '', 'crossingsC': ''}
REF: (47, 117) {'gn': -0.08876, 'gc': 0.26305, 'Gn': -0.0, 'Gc': 0.0, 'crossingsN': '', 'crossingsC': ''}
REF: (47, 118) {'gn': -0.06148, 'gc': 0.34685, 'Gn': -0.0, 'Gc': 0.0, 'crossingsN': '', 'crossingsC': ''}
REF: (48, 117) {'gn': -0.12757, 'gc': 0.25103, 'Gn': -0.0, 'Gc': 0.0, 'crossingsN': '', 'crossingsC': ''}
REF: (48, 119) {'gn': -0.09224, 'gc': 0.27648, 'Gn': -0.0, 'Gc': 0.0, 'crossingsN': '', 'crossingsC': ''}
REF: (48, 124) {'gn': -0.10548, 'gc': 0.28724, 'Gn': -0.0, 'Gc': 0.0, 'crossingsN': '', 'crossingsC': ''}
REF: (48, 128) {'gn': -0.10913, 'gc': 0.19829, 'Gn': -0.0, 'Gc': 0.0, 'crossingsN': '', 'crossingsC': ''}
REF: (49, 127) {'gn': -0.17219, 'gc': 0.23687, 'Gn': -0.0, 'Gc': 0.0, 'crossingsN': '', 'crossingsC': ''}
REF: (49, 128) {'gn': -0.17929, 'gc': 0.20537, 'Gn': -0.0, 'Gc': 0.0, 'crossingsN': '', 'crossingsC': ''}
REF: (50, 127) {'gn': -0.10042, 'gc': 0.23429, 'Gn': -0.0, 'Gc': 0.0, 'crossingsN': '', 'crossingsC': ''}
REF: (50, 128) {'gn': -0.10773, 'gc': 0.20514, 'Gn': -0.0, 'Gc': 0.0, 'crossingsN': '', 'crossingsC': ''}
REF: (51, 127) {'gn': 0.05865, 'gc': 0.23799, 'Gn': 0.0, 'Gc': 0.0, 'crossingsN': '', 'crossingsC': ''}
REF: (51, 128) {'gn': 0.04977, 'gc': 0.20707, 'Gn': 0.0, 'Gc': 0.0, 'crossingsN': '', 'crossingsC': ''}
REF: (52, 127) {'gn': 0.07962, 'gc': 0.2298, 'Gn': 0.0, 'Gc': 0.0, 'crossingsN': '', 'crossingsC': ''}
REF: (52, 128) {'gn': 0.06805, 'gc': 0.19832, 'Gn': 0.0, 'Gc': 0.0, 'crossingsN': '', 'crossingsC': ''}
REF: (52, 129) {'gn': 0.06444, 'gc': 0.10816, 'Gn': 0.0, 'Gc': 0.0, 'crossingsN': '', 'crossingsC': ''}
REF: (52, 130) {'gn': 0.05769, 'gc': 0.03425, 'Gn': 0.0, 'Gc': 0.0, 'crossingsN': '', 'crossingsC': ''}
REF: (53, 58) {'gn': -0.02733, 'gc': -0.09374, 'Gn': -0.0, 'Gc': -0.0, 'crossingsN': '', 'crossingsC': ''}
REF: (53, 128) {'gn': 0.13805, 'gc': 0.19973, 'Gn': 0.0, 'Gc': 0.0, 'crossingsN': '', 'crossingsC': ''}
REF: (53, 129) {'gn': 0.13848, 'gc': 0.11001, 'Gn': 0.0, 'Gc': 0.0, 'crossingsN': '', 'crossingsC': ''}
REF: (53, 130) {'gn': 0.12844, 'gc': 0.0325, 'Gn': 0.0, 'Gc': 0.0, 'crossingsN': '', 'crossingsC': ''}
REF: (54, 58) {'gn': -0.02141, 'gc': -0.06252, 'Gn': -0.0, 'Gc': -0.0, 'crossingsN': '', 'crossingsC': ''}
REF: (55, 59) {'gn': -0.01851, 'gc': -0.10535, 'Gn': -0.0, 'Gc': -0.0, 'crossingsN': '', 'crossingsC': ''}
REF: (55, 60) {'gn': -0.03881, 'gc': -0.10686, 'Gn': -0.0, 'Gc': -0.0, 'crossingsN': '', 'crossingsC': ''}
REF: (55, 61) {'gn': -0.02143, 'gc': -0.07951, 'Gn': -0.0, 'Gc': -0.0, 'crossingsN': '', 'crossingsC': ''}
REF: (55, 62) {'gn': -0.00464, 'gc': -0.04605, 'Gn': -0.0, 'Gc': -0.0, 'crossingsN': '', 'crossingsC': ''}
REF: (56, 60) {'gn': -0.01862, 'gc': -0.05179, 'Gn': -0.0, 'Gc': -0.0, 'crossingsN': '', 'crossingsC': ''}
REF: (56, 61) {'gn': -7e-05, 'gc': -0.02603, 'Gn': -0.0, 'Gc': -0.0, 'crossingsN': '', 'crossingsC': ''}
REF: (56, 62) {'gn': 0.01794, 'gc': 0.0062, 'Gn': 0.0, 'Gc': 0.0, 'crossingsN': '', 'crossingsC': ''}
REF: (56, 63) {'gn': 0.03426, 'gc': 0.0454, 'Gn': 0.0, 'Gc': 0.0, 'crossingsN': '', 'crossingsC': ''}
REF: (57, 61) {'gn': 0.03025, 'gc': -0.00277, 'Gn': 0.0, 'Gc': -0.0, 'crossingsN': '', 'crossingsC': ''}
REF: (59, 88) {'gn': -0.00036, 'gc': 0.23921, 'Gn': -0.0, 'Gc': 0.0, 'crossingsN': '', 'crossingsC': ''}
REF: (59, 113) {'gn': -0.06804, 'gc': 0.22991, 'Gn': -0.0, 'Gc': 0.0, 'crossingsN': '', 'crossingsC': ''}
REF: (63, 86) {'gn': -0.07708, 'gc': 0.22328, 'Gn': -0.0, 'Gc': 0.0, 'crossingsN': '', 'crossingsC': ''}
REF: (63, 87) {'gn': -0.06486, 'gc': 0.21988, 'Gn': -0.0, 'Gc': 0.0, 'crossingsN': '', 'crossingsC': ''}
REF: (63, 88) {'gn': -0.0739, 'gc': 0.21449, 'Gn': -0.0, 'Gc': 0.0, 'crossingsN': '', 'crossingsC': ''}
REF: (64, 87) {'gn': -0.10537, 'gc': 0.17602, 'Gn': -0.0, 'Gc': 0.0, 'crossingsN': '', 'crossingsC': ''}
REF: (64, 88) {'gn': -0.11732, 'gc': 0.17152, 'Gn': -0.0, 'Gc': 0.0, 'crossingsN': '', 'crossingsC': ''}
REF: (64, 134) {'gn': 0.04036, 'gc': 0.01072, 'Gn': 0.0, 'Gc': 0.0, 'crossingsN': '', 'crossingsC': ''}
REF: (64, 135) {'gn': 0.03815, 'gc': 0.06786, 'Gn': 0.0, 'Gc': 0.0, 'crossingsN': '', 'crossingsC': ''}
REF: (65, 87) {'gn': -0.07926, 'gc': 0.06978, 'Gn': -0.0, 'Gc': 0.0, 'crossingsN': '', 'crossingsC': ''}
REF: (65, 88) {'gn': -0.09143, 'gc': 0.06534, 'Gn': -0.0, 'Gc': 0.0, 'crossingsN': '', 'crossingsC': ''}
REF: (65, 89) {'gn': -0.0774, 'gc': 0.16025, 'Gn': -0.0, 'Gc': 0.0, 'crossingsN': '', 'crossingsC': ''}
REF: (65, 90) {'gn': -0.06496, 'gc': 0.22881, 'Gn': -0.0, 'Gc': 0.0, 'crossingsN': '', 'crossingsC': ''}
REF: (65, 133) {'gn': 0.0742, 'gc': -0.07132, 'Gn': 0.0, 'Gc': -0.0, 'crossingsN': '', 'crossingsC': ''}
REF: (65, 134) {'gn': 0.05518, 'gc': -0.01224, 'Gn': 0.0, 'Gc': -0.0, 'crossingsN': '', 'crossingsC': ''}
REF: (65, 135) {'gn': 0.0497, 'gc': 0.04482, 'Gn': 0.0, 'Gc': 0.0, 'crossingsN': '', 'crossingsC': ''}
REF: (65, 136) {'gn': 0.05235, 'gc': 0.13158, 'Gn': 0.0, 'Gc': 0.0, 'crossingsN': '', 'crossingsC': ''}
REF: (66, 87) {'gn': -0.09561, 'gc': -0.05716, 'Gn': -0.0, 'Gc': -0.0, 'crossingsN': '', 'crossingsC': ''}
REF: (66, 88) {'gn': -0.10132, 'gc': -0.06055, 'Gn': -0.0, 'Gc': -0.0, 'crossingsN': '', 'crossingsC': ''}
REF: (66, 89) {'gn': -0.08413, 'gc': 0.03272, 'Gn': -0.0, 'Gc': 0.0, 'crossingsN': '', 'crossingsC': ''}
REF: (66, 90) {'gn': -0.06683, 'gc': 0.1002, 'Gn': -0.0, 'Gc': 0.0, 'crossingsN': '', 'crossingsC': ''}
REF: (66, 134) {'gn': 0.07077, 'gc': -0.05515, 'Gn': 0.0, 'Gc': -0.0, 'crossingsN': '', 'crossingsC': ''}
REF: (66, 135) {'gn': 0.06235, 'gc': 0.0019, 'Gn': 0.0, 'Gc': 0.0, 'crossingsN': '', 'crossingsC': ''}
REF: (66, 136) {'gn': 0.06373, 'gc': 0.08886, 'Gn': 0.0, 'Gc': 0.0, 'crossingsN': '', 'crossingsC': ''}
REF: (66, 137) {'gn': 0.07618, 'gc': 0.1681, 'Gn': 0.0, 'Gc': 0.0, 'crossingsN': '', 'crossingsC': ''}
REF: (66, 138) {'gn': 0.07529, 'gc': 0.19074, 'Gn': 0.0, 'Gc': 0.0, 'crossingsN': '', 'crossingsC': ''}
REF: (67, 89) {'gn': -0.08808, 'gc': -0.10392, 'Gn': -0.0, 'Gc': -0.0, 'crossingsN': '', 'crossingsC': ''}
REF: (67, 90) {'gn': -0.06489, 'gc': -0.03512, 'Gn': -0.0, 'Gc': -0.0, 'crossingsN': '', 'crossingsC': ''}
REF: (67, 91) {'gn': -0.02016, 'gc': 0.08907, 'Gn': -0.0, 'Gc': 0.0, 'crossingsN': '', 'crossingsC': ''}
REF: (67, 92) {'gn': 0.03449, 'gc': 0.18358, 'Gn': 0.0, 'Gc': 0.0, 'crossingsN': '', 'crossingsC': ''}
REF: (67, 134) {'gn': 0.08353, 'gc': -0.07858, 'Gn': 0.0, 'Gc': -0.0, 'crossingsN': '', 'crossingsC': ''}
REF: (67, 136) {'gn': 0.07225, 'gc': 0.06417, 'Gn': 0.0, 'Gc': 0.0, 'crossingsN': '', 'crossingsC': ''}
REF: (67, 137) {'gn': 0.08647, 'gc': 0.14367, 'Gn': 0.0, 'Gc': 0.0, 'crossingsN': '', 'crossingsC': ''}
REF: (67, 138) {'gn': 0.08437, 'gc': 0.16547, 'Gn': 0.0, 'Gc': 0.0, 'crossingsN': '', 'crossingsC': ''}
REF: (68, 77) {'gn': -0.07, 'gc': 0.05224, 'Gn': -0.0, 'Gc': 0.0, 'crossingsN': '', 'crossingsC': ''}
REF: (68, 89) {'gn': -0.09754, 'gc': -0.16462, 'Gn': -0.0, 'Gc': -0.0, 'crossingsN': '', 'crossingsC': ''}
REF: (68, 90) {'gn': -0.07129, 'gc': -0.09832, 'Gn': -0.0, 'Gc': -0.0, 'crossingsN': '', 'crossingsC': ''}
REF: (68, 91) {'gn': -0.0266, 'gc': 0.02372, 'Gn': -0.0, 'Gc': 0.0, 'crossingsN': '', 'crossingsC': ''}
REF: (68, 92) {'gn': 0.02934, 'gc': 0.11738, 'Gn': 0.0, 'Gc': 0.0, 'crossingsN': '', 'crossingsC': ''}
REF: (68, 137) {'gn': 0.10319, 'gc': 0.11276, 'Gn': 0.0, 'Gc': 0.0, 'crossingsN': '', 'crossingsC': ''}
REF: (68, 138) {'gn': 0.0997, 'gc': 0.13611, 'Gn': 0.0, 'Gc': 0.0, 'crossingsN': '', 'crossingsC': ''}
REF: (68, 139) {'gn': 0.12343, 'gc': 0.2039, 'Gn': 0.0, 'Gc': 0.0, 'crossingsN': '', 'crossingsC': ''}
REF: (69, 91) {'gn': -0.01922, 'gc': -0.11563, 'Gn': -0.0, 'Gc': -0.0, 'crossingsN': '', 'crossingsC': ''}
REF: (69, 92) {'gn': 0.03881, 'gc': -0.02405, 'Gn': 0.0, 'Gc': -0.0, 'crossingsN': '', 'crossingsC': ''}
REF: (69, 93) {'gn': 0.07466, 'gc': 0.10367, 'Gn': 0.0, 'Gc': 0.0, 'crossingsN': '', 'crossingsC': ''}
REF: (69, 121) {'gn': 0.14204, 'gc': 0.00548, 'Gn': 0.0, 'Gc': 0.0, 'crossingsN': '', 'crossingsC': ''}
REF: (69, 137) {'gn': 0.13622, 'gc': 0.10136, 'Gn': 0.0, 'Gc': 0.0, 'crossingsN': '', 'crossingsC': ''}
REF: (69, 138) {'gn': 0.13106, 'gc': 0.12236, 'Gn': 0.0, 'Gc': 0.0, 'crossingsN': '', 'crossingsC': ''}
REF: (69, 139) {'gn': 0.15523, 'gc': 0.19054, 'Gn': 0.0, 'Gc': 0.0, 'crossingsN': '', 'crossingsC': ''}
REF: (69, 140) {'gn': 0.1478, 'gc': 0.19173, 'Gn': 0.0, 'Gc': 0.0, 'crossingsN': '', 'crossingsC': ''}
REF: (70, 91) {'gn': -0.00545, 'gc': -0.11107, 'Gn': -0.0, 'Gc': -0.0, 'crossingsN': '', 'crossingsC': ''}
REF: (70, 92) {'gn': 0.05238, 'gc': -0.02203, 'Gn': 0.0, 'Gc': -0.0, 'crossingsN': '', 'crossingsC': ''}
REF: (70, 93) {'gn': 0.08819, 'gc': 0.10854, 'Gn': 0.0, 'Gc': 0.0, 'crossingsN': '', 'crossingsC': ''}
REF: (70, 94) {'gn': 0.13993, 'gc': 0.13011, 'Gn': 0.0, 'Gc': 0.0, 'crossingsN': '', 'crossingsC': ''}
REF: (70, 121) {'gn': 0.16608, 'gc': 0.05887, 'Gn': 0.0, 'Gc': 0.0, 'crossingsN': '', 'crossingsC': ''}
REF: (70, 139) {'gn': 0.25013, 'gc': 0.19959, 'Gn': 0.0, 'Gc': 0.0, 'crossingsN': '', 'crossingsC': ''}
REF: (70, 140) {'gn': 0.2446, 'gc': 0.20266, 'Gn': 0.0, 'Gc': 0.0, 'crossingsN': '', 'crossingsC': ''}
REF: (70, 142) {'gn': 0.28816, 'gc': 0.19273, 'Gn': 0.0, 'Gc': 0.0, 'crossingsN': '', 'crossingsC': ''}
REF: (71, 75) {'gn': -0.08743, 'gc': -0.10984, 'Gn': -0.0, 'Gc': -0.0, 'crossingsN': '', 'crossingsC': ''}
REF: (71, 76) {'gn': -0.08743, 'gc': -0.15544, 'Gn': -0.0, 'Gc': -0.0, 'crossingsN': '', 'crossingsC': ''}
REF: (71, 77) {'gn': -0.09395, 'gc': -0.09096, 'Gn': -0.0, 'Gc': -0.0, 'crossingsN': '', 'crossingsC': ''}
REF: (71, 91) {'gn': 0.10191, 'gc': -0.00706, 'Gn': 0.0, 'Gc': -0.0, 'crossingsN': '', 'crossingsC': ''}
REF: (71, 92) {'gn': 0.16501, 'gc': 0.08325, 'Gn': 0.0, 'Gc': 0.0, 'crossingsN': '', 'crossingsC': ''}
REF: (71, 93) {'gn': 0.19961, 'gc': 0.19894, 'Gn': 0.0, 'Gc': 0.0, 'crossingsN': '', 'crossingsC': ''}
REF: (71, 98) {'gn': 0.18122, 'gc': 0.16367, 'Gn': 0.0, 'Gc': 0.0, 'crossingsN': '', 'crossingsC': ''}
REF: (71, 139) {'gn': 0.44592, 'gc': 0.21136, 'Gn': 0.0, 'Gc': 0.0, 'crossingsN': '', 'crossingsC': ''}
REF: (71, 140) {'gn': 0.44005, 'gc': 0.2151, 'Gn': 0.0, 'Gc': 0.0, 'crossingsN': '', 'crossingsC': ''}
REF: (72, 93) {'gn': 0.18699, 'gc': 0.20862, 'Gn': 0.0, 'Gc': 0.0, 'crossingsN': '', 'crossingsC': ''}
REF: (72, 95) {'gn': 0.2393, 'gc': 0.22464, 'Gn': 0.0, 'Gc': 0.0, 'crossingsN': '', 'crossingsC': ''}
REF: (72, 98) {'gn': 0.16734, 'gc': 0.15598, 'Gn': 0.0, 'Gc': 0.0, 'crossingsN': '', 'crossingsC': ''}
REF: (72, 99) {'gn': 0.16045, 'gc': 0.17818, 'Gn': 0.0, 'Gc': 0.0, 'crossingsN': '', 'crossingsC': ''}
REF: (73, 97) {'gn': 0.32813, 'gc': 0.23665, 'Gn': 0.0, 'Gc': 0.0, 'crossingsN': '', 'crossingsC': ''}
REF: (73, 98) {'gn': 0.26814, 'gc': 0.19289, 'Gn': 0.0, 'Gc': 0.0, 'crossingsN': '', 'crossingsC': ''}
REF: (73, 99) {'gn': 0.26121, 'gc': 0.21106, 'Gn': 0.0, 'Gc': 0.0, 'crossingsN': '', 'crossingsC': ''}
REF: (73, 100) {'gn': 0.25334, 'gc': 0.24521, 'Gn': 0.0, 'Gc': 0.0, 'crossingsN': '', 'crossingsC': ''}
REF: (73, 101) {'gn': 0.1815, 'gc': 0.16684, 'Gn': 0.0, 'Gc': 0.0, 'crossingsN': '', 'crossingsC': ''}
REF: (73, 102) {'gn': 0.14244, 'gc': 0.13208, 'Gn': 0.0, 'Gc': 0.0, 'crossingsN': '', 'crossingsC': ''}
REF: (74, 78) {'gn': -0.08043, 'gc': -0.05679, 'Gn': -0.0, 'Gc': -0.0, 'crossingsN': '', 'crossingsC': ''}
REF: (74, 98) {'gn': 0.26276, 'gc': 0.21942, 'Gn': 0.0, 'Gc': 0.0, 'crossingsN': '', 'crossingsC': ''}
REF: (74, 99) {'gn': 0.26307, 'gc': 0.24874, 'Gn': 0.0, 'Gc': 0.0, 'crossingsN': '', 'crossingsC': ''}
REF: (74, 101) {'gn': 0.17829, 'gc': 0.19619, 'Gn': 0.0, 'Gc': 0.0, 'crossingsN': '', 'crossingsC': ''}
REF: (74, 102) {'gn': 0.14087, 'gc': 0.16777, 'Gn': 0.0, 'Gc': 0.0, 'crossingsN': '', 'crossingsC': ''}
REF: (74, 105) {'gn': 0.03382, 'gc': 0.20983, 'Gn': 0.0, 'Gc': 0.0, 'crossingsN': '', 'crossingsC': ''}
REF: (75, 79) {'gn': -0.06354, 'gc': -0.08271, 'Gn': -0.0, 'Gc': -0.0, 'crossingsN': '', 'crossingsC': ''}
REF: (75, 102) {'gn': 0.23991, 'gc': 0.21801, 'Gn': 0.0, 'Gc': 0.0, 'crossingsN': '', 'crossingsC': ''}
REF: (75, 105) {'gn': 0.13124, 'gc': 0.24571, 'Gn': 0.0, 'Gc': 0.0, 'crossingsN': '', 'crossingsC': ''}
REF: (76, 80) {'gn': -0.03771, 'gc': -0.07239, 'Gn': -0.0, 'Gc': -0.0, 'crossingsN': '', 'crossingsC': ''}
REF: (76, 213) {'gn': 1.11449, 'gc': -0.70297, 'Gn': 1.0, 'Gc': -1.0, 'crossingsN': '', 'crossingsC': ''}
REF: (76, 214) {'gn': 1.1135, 'gc': -0.71341, 'Gn': 1.0, 'Gc': -1.0, 'crossingsN': '', 'crossingsC': ''}
REF: (77, 81) {'gn': -0.05026, 'gc': -0.05347, 'Gn': -0.0, 'Gc': -0.0, 'crossingsN': '', 'crossingsC': ''}
REF: (77, 89) {'gn': 0.11042, 'gc': -0.05526, 'Gn': 0.0, 'Gc': -0.0, 'crossingsN': '', 'crossingsC': ''}
REF: (77, 91) {'gn': 0.27276, 'gc': 0.13216, 'Gn': 0.0, 'Gc': 0.0, 'crossingsN': '', 'crossingsC': ''}
REF: (78, 82) {'gn': -0.06642, 'gc': -0.1242, 'Gn': -0.0, 'Gc': -0.0, 'crossingsN': '', 'crossingsC': ''}
REF: (78, 102) {'gn': 0.34948, 'gc': 0.26059, 'Gn': 0.0, 'Gc': 0.0, 'crossingsN': '', 'crossingsC': ''}
REF: (78, 105) {'gn': 0.23565, 'gc': 0.28848, 'Gn': 0.0, 'Gc': 0.0, 'crossingsN': '', 'crossingsC': ''}
REF: (78, 106) {'gn': 0.22268, 'gc': 0.25283, 'Gn': 0.0, 'Gc': 0.0, 'crossingsN': '', 'crossingsC': ''}
REF: (78, 109) {'gn': 0.14585, 'gc': 0.23594, 'Gn': 0.0, 'Gc': 0.0, 'crossingsN': '', 'crossingsC': ''}
REF: (78, 114) {'gn': 0.27511, 'gc': 0.04324, 'Gn': 0.0, 'Gc': 0.0, 'crossingsN': '', 'crossingsC': ''}
REF: (79, 83) {'gn': -0.03465, 'gc': -0.07842, 'Gn': -0.0, 'Gc': -0.0, 'crossingsN': '', 'crossingsC': ''}
REF: (80, 84) {'gn': -0.02127, 'gc': -0.07133, 'Gn': -0.0, 'Gc': -0.0, 'crossingsN': '', 'crossingsC': ''}
REF: (80, 212) {'gn': 1.07343, 'gc': -0.7241, 'Gn': 1.0, 'Gc': -1.0, 'crossingsN': '', 'crossingsC': ''}
REF: (80, 213) {'gn': 1.07344, 'gc': -0.71851, 'Gn': 1.0, 'Gc': -1.0, 'crossingsN': '', 'crossingsC': ''}
REF: (81, 85) {'gn': -0.03925, 'gc': -0.11373, 'Gn': -0.0, 'Gc': -0.0, 'crossingsN': '', 'crossingsC': ''}
REF: (81, 87) {'gn': 0.00358, 'gc': -0.1021, 'Gn': 0.0, 'Gc': -0.0, 'crossingsN': '', 'crossingsC': ''}
REF: (81, 88) {'gn': 0.12387, 'gc': -0.06136, 'Gn': 0.0, 'Gc': -0.0, 'crossingsN': '', 'crossingsC': ''}
REF: (81, 89) {'gn': 0.1596, 'gc': 0.04337, 'Gn': 0.0, 'Gc': 0.0, 'crossingsN': '', 'crossingsC': ''}
REF: (81, 111) {'gn': 0.16497, 'gc': 0.18691, 'Gn': 0.0, 'Gc': 0.0, 'crossingsN': '', 'crossingsC': ''}
REF: (81, 113) {'gn': 0.19919, 'gc': 0.07833, 'Gn': 0.0, 'Gc': 0.0, 'crossingsN': '', 'crossingsC': ''}
REF: (81, 114) {'gn': 0.25563, 'gc': 0.06978, 'Gn': 0.0, 'Gc': 0.0, 'crossingsN': '', 'crossingsC': ''}
REF: (82, 109) {'gn': 0.26807, 'gc': 0.29892, 'Gn': 0.0, 'Gc': 0.0, 'crossingsN': '', 'crossingsC': ''}
REF: (82, 111) {'gn': 0.26859, 'gc': 0.20987, 'Gn': 0.0, 'Gc': 0.0, 'crossingsN': '', 'crossingsC': ''}
REF: (84, 88) {'gn': 0.18451, 'gc': 0.03911, 'Gn': 0.0, 'Gc': 0.0, 'crossingsN': '', 'crossingsC': ''}
REF: (85, 113) {'gn': 0.24616, 'gc': 0.12463, 'Gn': 0.0, 'Gc': 0.0, 'crossingsN': '', 'crossingsC': ''}
REF: (87, 113) {'gn': 0.24426, 'gc': 0.10975, 'Gn': 0.0, 'Gc': 0.0, 'crossingsN': '', 'crossingsC': ''}
REF: (88, 113) {'gn': 0.0635, 'gc': 0.07392, 'Gn': 0.0, 'Gc': 0.0, 'crossingsN': '', 'crossingsC': ''}
REF: (88, 114) {'gn': 0.12672, 'gc': 0.06163, 'Gn': 0.0, 'Gc': 0.0, 'crossingsN': '', 'crossingsC': ''}
REF: (89, 113) {'gn': 0.03665, 'gc': 0.0129, 'Gn': 0.0, 'Gc': 0.0, 'crossingsN': '', 'crossingsC': ''}
REF: (89, 114) {'gn': 0.09259, 'gc': 0.00222, 'Gn': 0.0, 'Gc': 0.0, 'crossingsN': '', 'crossingsC': ''}
REF: (89, 115) {'gn': 0.15465, 'gc': 0.00555, 'Gn': 0.0, 'Gc': 0.0, 'crossingsN': '', 'crossingsC': ''}
REF: (90, 114) {'gn': -0.04165, 'gc': -0.05001, 'Gn': -0.0, 'Gc': -0.0, 'crossingsN': '', 'crossingsC': ''}
REF: (90, 115) {'gn': 0.01805, 'gc': -0.04752, 'Gn': 0.0, 'Gc': -0.0, 'crossingsN': '', 'crossingsC': ''}
REF: (90, 116) {'gn': 0.15172, 'gc': -0.0131, 'Gn': 0.0, 'Gc': -0.0, 'crossingsN': '', 'crossingsC': ''}
REF: (90, 117) {'gn': 0.28172, 'gc': 0.02939, 'Gn': 0.0, 'Gc': 0.0, 'crossingsN': '', 'crossingsC': ''}
REF: (91, 114) {'gn': -0.0903, 'gc': -0.09743, 'Gn': -0.0, 'Gc': -0.0, 'crossingsN': '', 'crossingsC': ''}
REF: (91, 115) {'gn': -0.02994, 'gc': -0.08954, 'Gn': -0.0, 'Gc': -0.0, 'crossingsN': '', 'crossingsC': ''}
REF: (91, 116) {'gn': 0.10123, 'gc': -0.05335, 'Gn': 0.0, 'Gc': -0.0, 'crossingsN': '', 'crossingsC': ''}
REF: (91, 117) {'gn': 0.23091, 'gc': -0.01618, 'Gn': 0.0, 'Gc': -0.0, 'crossingsN': '', 'crossingsC': ''}
REF: (92, 116) {'gn': -0.03797, 'gc': -0.09768, 'Gn': -0.0, 'Gc': -0.0, 'crossingsN': '', 'crossingsC': ''}
REF: (92, 117) {'gn': 0.09233, 'gc': -0.0658, 'Gn': 0.0, 'Gc': -0.0, 'crossingsN': '', 'crossingsC': ''}
REF: (92, 118) {'gn': 0.20205, 'gc': -0.04531, 'Gn': 0.0, 'Gc': -0.0, 'crossingsN': '', 'crossingsC': ''}
REF: (92, 119) {'gn': 0.2413, 'gc': -0.02935, 'Gn': 0.0, 'Gc': -0.0, 'crossingsN': '', 'crossingsC': ''}
REF: (92, 120) {'gn': 0.26741, 'gc': 0.03318, 'Gn': 0.0, 'Gc': 0.0, 'crossingsN': '', 'crossingsC': ''}
REF: (92, 121) {'gn': 0.23316, 'gc': 0.11075, 'Gn': 0.0, 'Gc': 0.0, 'crossingsN': '', 'crossingsC': ''}
REF: (93, 98) {'gn': 0.02287, 'gc': 0.01631, 'Gn': 0.0, 'Gc': 0.0, 'crossingsN': '', 'crossingsC': ''}
REF: (93, 99) {'gn': -0.01405, 'gc': 0.03541, 'Gn': -0.0, 'Gc': 0.0, 'crossingsN': '', 'crossingsC': ''}
REF: (93, 116) {'gn': -0.11109, 'gc': -0.07902, 'Gn': -0.0, 'Gc': -0.0, 'crossingsN': '', 'crossingsC': ''}
REF: (93, 117) {'gn': 0.01828, 'gc': -0.0559, 'Gn': 0.0, 'Gc': -0.0, 'crossingsN': '', 'crossingsC': ''}
REF: (93, 118) {'gn': 0.12803, 'gc': -0.03827, 'Gn': 0.0, 'Gc': -0.0, 'crossingsN': '', 'crossingsC': ''}
REF: (93, 119) {'gn': 0.16639, 'gc': -0.01607, 'Gn': 0.0, 'Gc': -0.0, 'crossingsN': '', 'crossingsC': ''}
REF: (93, 120) {'gn': 0.19205, 'gc': 0.04464, 'Gn': 0.0, 'Gc': 0.0, 'crossingsN': '', 'crossingsC': ''}
REF: (93, 121) {'gn': 0.15736, 'gc': 0.11816, 'Gn': 0.0, 'Gc': 0.0, 'crossingsN': '', 'crossingsC': ''}
REF: (94, 99) {'gn': -0.11314, 'gc': -0.02819, 'Gn': -0.0, 'Gc': -0.0, 'crossingsN': '', 'crossingsC': ''}
REF: (94, 117) {'gn': -0.03676, 'gc': -0.04335, 'Gn': -0.0, 'Gc': -0.0, 'crossingsN': '', 'crossingsC': ''}
REF: (94, 118) {'gn': 0.07276, 'gc': -0.03066, 'Gn': 0.0, 'Gc': -0.0, 'crossingsN': '', 'crossingsC': ''}
REF: (94, 119) {'gn': 0.11301, 'gc': -0.00327, 'Gn': 0.0, 'Gc': -0.0, 'crossingsN': '', 'crossingsC': ''}
REF: (94, 120) {'gn': 0.14028, 'gc': 0.05689, 'Gn': 0.0, 'Gc': 0.0, 'crossingsN': '', 'crossingsC': ''}
REF: (95, 99) {'gn': -0.12087, 'gc': -0.02642, 'Gn': -0.0, 'Gc': -0.0, 'crossingsN': '', 'crossingsC': ''}
REF: (95, 118) {'gn': 0.07214, 'gc': -0.00348, 'Gn': 0.0, 'Gc': -0.0, 'crossingsN': '', 'crossingsC': ''}
REF: (96, 100) {'gn': -0.10153, 'gc': -0.02177, 'Gn': -0.0, 'Gc': -0.0, 'crossingsN': '', 'crossingsC': ''}
REF: (96, 118) {'gn': 0.14022, 'gc': 0.03188, 'Gn': 0.0, 'Gc': 0.0, 'crossingsN': '', 'crossingsC': ''}
REF: (97, 101) {'gn': -0.15141, 'gc': -0.0374, 'Gn': -0.0, 'Gc': -0.0, 'crossingsN': '', 'crossingsC': ''}
REF: (98, 102) {'gn': -0.15312, 'gc': -0.03865, 'Gn': -0.0, 'Gc': -0.0, 'crossingsN': '', 'crossingsC': ''}
REF: (99, 103) {'gn': -0.12964, 'gc': -0.00375, 'Gn': -0.0, 'Gc': -0.0, 'crossingsN': '', 'crossingsC': ''}
REF: (99, 116) {'gn': 0.00477, 'gc': 0.01084, 'Gn': 0.0, 'Gc': 0.0, 'crossingsN': '', 'crossingsC': ''}
REF: (99, 117) {'gn': 0.21824, 'gc': 0.03194, 'Gn': 0.0, 'Gc': 0.0, 'crossingsN': '', 'crossingsC': ''}
REF: (99, 118) {'gn': 0.32977, 'gc': 0.04294, 'Gn': 0.0, 'Gc': 0.0, 'crossingsN': '', 'crossingsC': ''}
REF: (100, 104) {'gn': -0.19596, 'gc': -0.0277, 'Gn': -0.0, 'Gc': -0.0, 'crossingsN': '', 'crossingsC': ''}
REF: (101, 105) {'gn': -0.1294, 'gc': -0.02907, 'Gn': -0.0, 'Gc': -0.0, 'crossingsN': '', 'crossingsC': ''}
REF: (102, 106) {'gn': -0.07868, 'gc': -0.0217, 'Gn': -0.0, 'Gc': -0.0, 'crossingsN': '', 'crossingsC': ''}
REF: (103, 107) {'gn': -0.11656, 'gc': -0.02286, 'Gn': -0.0, 'Gc': -0.0, 'crossingsN': '', 'crossingsC': ''}
REF: (104, 108) {'gn': -0.0903, 'gc': -0.02891, 'Gn': -0.0, 'Gc': -0.0, 'crossingsN': '', 'crossingsC': ''}
REF: (105, 109) {'gn': -0.06005, 'gc': -0.03123, 'Gn': -0.0, 'Gc': -0.0, 'crossingsN': '', 'crossingsC': ''}
REF: (106, 110) {'gn': -0.03551, 'gc': -0.0327, 'Gn': -0.0, 'Gc': -0.0, 'crossingsN': '', 'crossingsC': ''}
REF: (106, 111) {'gn': -0.04685, 'gc': -0.02602, 'Gn': -0.0, 'Gc': -0.0, 'crossingsN': '', 'crossingsC': ''}
REF: (106, 114) {'gn': -0.00873, 'gc': 0.01876, 'Gn': -0.0, 'Gc': 0.0, 'crossingsN': '', 'crossingsC': ''}
REF: (107, 111) {'gn': -0.04177, 'gc': -0.01216, 'Gn': -0.0, 'Gc': -0.0, 'crossingsN': '', 'crossingsC': ''}
REF: (119, 123) {'gn': 0.07875, 'gc': 0.05564, 'Gn': 0.0, 'Gc': 0.0, 'crossingsN': '', 'crossingsC': ''}
REF: (119, 124) {'gn': -0.00806, 'gc': 0.04031, 'Gn': -0.0, 'Gc': 0.0, 'crossingsN': '', 'crossingsC': ''}
REF: (120, 124) {'gn': -0.08684, 'gc': -0.00423, 'Gn': -0.0, 'Gc': -0.0, 'crossingsN': '', 'crossingsC': ''}
REF: (121, 125) {'gn': -0.00811, 'gc': -0.00321, 'Gn': -0.0, 'Gc': -0.0, 'crossingsN': '', 'crossingsC': ''}
REF: (122, 126) {'gn': -0.01863, 'gc': -0.0625, 'Gn': -0.0, 'Gc': -0.0, 'crossingsN': '', 'crossingsC': ''}
REF: (122, 160) {'gn': 0.18804, 'gc': 0.20719, 'Gn': 0.0, 'Gc': 0.0, 'crossingsN': '', 'crossingsC': ''}
REF: (123, 127) {'gn': -0.05299, 'gc': -0.0267, 'Gn': -0.0, 'Gc': -0.0, 'crossingsN': '', 'crossingsC': ''}
REF: (123, 128) {'gn': -0.18442, 'gc': -0.02664, 'Gn': -0.0, 'Gc': -0.0, 'crossingsN': '', 'crossingsC': ''}
REF: (124, 128) {'gn': -0.09654, 'gc': -0.02645, 'Gn': -0.0, 'Gc': -0.0, 'crossingsN': '', 'crossingsC': ''}
REF: (124, 129) {'gn': 0.00128, 'gc': -0.00319, 'Gn': 0.0, 'Gc': -0.0, 'crossingsN': '', 'crossingsC': ''}
REF: (125, 129) {'gn': -0.07048, 'gc': -0.04461, 'Gn': -0.0, 'Gc': -0.0, 'crossingsN': '', 'crossingsC': ''}
REF: (125, 163) {'gn': 0.25385, 'gc': 0.08141, 'Gn': 0.0, 'Gc': 0.0, 'crossingsN': '', 'crossingsC': ''}
REF: (125, 164) {'gn': 0.26006, 'gc': 0.05751, 'Gn': 0.0, 'Gc': 0.0, 'crossingsN': '', 'crossingsC': ''}
REF: (125, 167) {'gn': 0.20733, 'gc': 0.05994, 'Gn': 0.0, 'Gc': 0.0, 'crossingsN': '', 'crossingsC': ''}
REF: (126, 163) {'gn': 0.28723, 'gc': 0.08278, 'Gn': 0.0, 'Gc': 0.0, 'crossingsN': '', 'crossingsC': ''}
REF: (129, 133) {'gn': 0.11313, 'gc': 0.00113, 'Gn': 0.0, 'Gc': 0.0, 'crossingsN': '', 'crossingsC': ''}
REF: (129, 167) {'gn': 0.28246, 'gc': 0.073, 'Gn': 0.0, 'Gc': 0.0, 'crossingsN': '', 'crossingsC': ''}
REF: (130, 167) {'gn': 0.23559, 'gc': 0.07659, 'Gn': 0.0, 'Gc': 0.0, 'crossingsN': '', 'crossingsC': ''}
REF: (131, 166) {'gn': 0.1814, 'gc': 0.07794, 'Gn': 0.0, 'Gc': 0.0, 'crossingsN': '', 'crossingsC': ''}
REF: (131, 167) {'gn': 0.13503, 'gc': 0.0691, 'Gn': 0.0, 'Gc': 0.0, 'crossingsN': '', 'crossingsC': ''}
REF: (131, 168) {'gn': 0.17505, 'gc': 0.15572, 'Gn': 0.0, 'Gc': 0.0, 'crossingsN': '', 'crossingsC': ''}
REF: (131, 169) {'gn': 0.16825, 'gc': 0.06105, 'Gn': 0.0, 'Gc': 0.0, 'crossingsN': '', 'crossingsC': ''}
REF: (132, 166) {'gn': 0.13596, 'gc': 0.07506, 'Gn': 0.0, 'Gc': 0.0, 'crossingsN': '', 'crossingsC': ''}
REF: (132, 167) {'gn': 0.08418, 'gc': 0.06665, 'Gn': 0.0, 'Gc': 0.0, 'crossingsN': '', 'crossingsC': ''}
REF: (132, 168) {'gn': 0.12296, 'gc': 0.15371, 'Gn': 0.0, 'Gc': 0.0, 'crossingsN': '', 'crossingsC': ''}
REF: (132, 169) {'gn': 0.11847, 'gc': 0.05717, 'Gn': 0.0, 'Gc': 0.0, 'crossingsN': '', 'crossingsC': ''}
REF: (132, 170) {'gn': 0.14785, 'gc': 0.08577, 'Gn': 0.0, 'Gc': 0.0, 'crossingsN': '', 'crossingsC': ''}
REF: (133, 167) {'gn': 0.14661, 'gc': 0.07209, 'Gn': 0.0, 'Gc': 0.0, 'crossingsN': '', 'crossingsC': ''}
REF: (133, 168) {'gn': 0.18479, 'gc': 0.15143, 'Gn': 0.0, 'Gc': 0.0, 'crossingsN': '', 'crossingsC': ''}
REF: (133, 169) {'gn': 0.18368, 'gc': 0.05532, 'Gn': 0.0, 'Gc': 0.0, 'crossingsN': '', 'crossingsC': ''}
REF: (134, 167) {'gn': 0.13127, 'gc': 0.06376, 'Gn': 0.0, 'Gc': 0.0, 'crossingsN': '', 'crossingsC': ''}
REF: (134, 168) {'gn': 0.16896, 'gc': 0.13757, 'Gn': 0.0, 'Gc': 0.0, 'crossingsN': '', 'crossingsC': ''}
REF: (134, 169) {'gn': 0.16858, 'gc': 0.04098, 'Gn': 0.0, 'Gc': 0.0, 'crossingsN': '', 'crossingsC': ''}
REF: (134, 172) {'gn': 0.22022, 'gc': 0.00568, 'Gn': 0.0, 'Gc': 0.0, 'crossingsN': '', 'crossingsC': ''}
REF: (135, 168) {'gn': 0.04331, 'gc': 0.13828, 'Gn': 0.0, 'Gc': 0.0, 'crossingsN': '', 'crossingsC': ''}
REF: (135, 169) {'gn': 0.03761, 'gc': 0.03472, 'Gn': 0.0, 'Gc': 0.0, 'crossingsN': '', 'crossingsC': ''}
REF: (135, 171) {'gn': 0.08581, 'gc': -0.0072, 'Gn': 0.0, 'Gc': -0.0, 'crossingsN': '', 'crossingsC': ''}
REF: (135, 172) {'gn': 0.08941, 'gc': -0.00366, 'Gn': 0.0, 'Gc': -0.0, 'crossingsN': '', 'crossingsC': ''}
REF: (135, 173) {'gn': 0.12808, 'gc': -0.01592, 'Gn': 0.0, 'Gc': -0.0, 'crossingsN': '', 'crossingsC': ''}
REF: (136, 168) {'gn': -0.04567, 'gc': 0.1071, 'Gn': -0.0, 'Gc': 0.0, 'crossingsN': '', 'crossingsC': ''}
REF: (136, 172) {'gn': -0.00815, 'gc': -0.03009, 'Gn': -0.0, 'Gc': -0.0, 'crossingsN': '', 'crossingsC': ''}
REF: (136, 173) {'gn': 0.03489, 'gc': -0.04219, 'Gn': 0.0, 'Gc': -0.0, 'crossingsN': '', 'crossingsC': ''}
REF: (136, 174) {'gn': 0.06061, 'gc': 0.00621, 'Gn': 0.0, 'Gc': 0.0, 'crossingsN': '', 'crossingsC': ''}
REF: (136, 175) {'gn': 0.09988, 'gc': 0.07607, 'Gn': 0.0, 'Gc': 0.0, 'crossingsN': '', 'crossingsC': ''}
REF: (137, 164) {'gn': 0.00034, 'gc': 0.02202, 'Gn': 0.0, 'Gc': 0.0, 'crossingsN': '', 'crossingsC': ''}
REF: (137, 168) {'gn': -0.09736, 'gc': 0.05995, 'Gn': -0.0, 'Gc': 0.0, 'crossingsN': '', 'crossingsC': ''}
REF: (137, 173) {'gn': -0.01709, 'gc': -0.05072, 'Gn': -0.0, 'Gc': -0.0, 'crossingsN': '', 'crossingsC': ''}
REF: (137, 174) {'gn': 0.00907, 'gc': -0.00379, 'Gn': 0.0, 'Gc': -0.0, 'crossingsN': '', 'crossingsC': ''}
REF: (137, 175) {'gn': 0.04646, 'gc': 0.06468, 'Gn': 0.0, 'Gc': 0.0, 'crossingsN': '', 'crossingsC': ''}
REF: (138, 174) {'gn': -0.02388, 'gc': -0.04318, 'Gn': -0.0, 'Gc': -0.0, 'crossingsN': '', 'crossingsC': ''}
REF: (138, 175) {'gn': 0.01394, 'gc': 0.02657, 'Gn': 0.0, 'Gc': 0.0, 'crossingsN': '', 'crossingsC': ''}
REF: (138, 176) {'gn': 0.03773, 'gc': 0.04097, 'Gn': 0.0, 'Gc': 0.0, 'crossingsN': '', 'crossingsC': ''}
REF: (139, 174) {'gn': 0.04011, 'gc': -0.03943, 'Gn': 0.0, 'Gc': -0.0, 'crossingsN': '', 'crossingsC': ''}
REF: (139, 175) {'gn': 0.07744, 'gc': 0.0283, 'Gn': 0.0, 'Gc': 0.0, 'crossingsN': '', 'crossingsC': ''}
REF: (139, 176) {'gn': 0.09996, 'gc': 0.04069, 'Gn': 0.0, 'Gc': 0.0, 'crossingsN': '', 'crossingsC': ''}
REF: (139, 177) {'gn': 0.11086, 'gc': 0.18137, 'Gn': 0.0, 'Gc': 0.0, 'crossingsN': '', 'crossingsC': ''}
REF: (140, 175) {'gn': 0.06166, 'gc': -0.02169, 'Gn': 0.0, 'Gc': -0.0, 'crossingsN': '', 'crossingsC': ''}
REF: (140, 176) {'gn': 0.08277, 'gc': -0.0122, 'Gn': 0.0, 'Gc': -0.0, 'crossingsN': '', 'crossingsC': ''}
REF: (140, 177) {'gn': 0.09196, 'gc': 0.1272, 'Gn': 0.0, 'Gc': 0.0, 'crossingsN': '', 'crossingsC': ''}
REF: (140, 178) {'gn': 0.09753, 'gc': 0.05036, 'Gn': 0.0, 'Gc': 0.0, 'crossingsN': '', 'crossingsC': ''}
REF: (141, 176) {'gn': 0.13333, 'gc': 0.00179, 'Gn': 0.0, 'Gc': 0.0, 'crossingsN': '', 'crossingsC': ''}
REF: (141, 177) {'gn': 0.14313, 'gc': 0.13816, 'Gn': 0.0, 'Gc': 0.0, 'crossingsN': '', 'crossingsC': ''}
REF: (141, 178) {'gn': 0.14858, 'gc': 0.06726, 'Gn': 0.0, 'Gc': 0.0, 'crossingsN': '', 'crossingsC': ''}
REF: (141, 179) {'gn': 0.14478, 'gc': 0.03627, 'Gn': 0.0, 'Gc': 0.0, 'crossingsN': '', 'crossingsC': ''}
REF: (142, 154) {'gn': 0.00268, 'gc': -0.0149, 'Gn': 0.0, 'Gc': -0.0, 'crossingsN': '', 'crossingsC': ''}
REF: (142, 155) {'gn': -0.01808, 'gc': -0.01637, 'Gn': -0.0, 'Gc': -0.0, 'crossingsN': '', 'crossingsC': ''}
REF: (142, 177) {'gn': 0.20345, 'gc': 0.19774, 'Gn': 0.0, 'Gc': 0.0, 'crossingsN': '', 'crossingsC': ''}
REF: (142, 178) {'gn': 0.20883, 'gc': 0.11825, 'Gn': 0.0, 'Gc': 0.0, 'crossingsN': '', 'crossingsC': ''}
REF: (143, 154) {'gn': -0.00564, 'gc': 0.01811, 'Gn': -0.0, 'Gc': 0.0, 'crossingsN': '', 'crossingsC': ''}
REF: (143, 155) {'gn': -0.02785, 'gc': 0.02009, 'Gn': -0.0, 'Gc': 0.0, 'crossingsN': '', 'crossingsC': ''}
REF: (144, 154) {'gn': -0.00681, 'gc': -0.02146, 'Gn': -0.0, 'Gc': -0.0, 'crossingsN': '', 'crossingsC': ''}
REF: (144, 178) {'gn': 0.24626, 'gc': 0.14249, 'Gn': 0.0, 'Gc': 0.0, 'crossingsN': '', 'crossingsC': ''}
REF: (144, 180) {'gn': 0.25094, 'gc': 0.08467, 'Gn': 0.0, 'Gc': 0.0, 'crossingsN': '', 'crossingsC': ''}
REF: (144, 183) {'gn': 0.24377, 'gc': -0.0034, 'Gn': 0.0, 'Gc': -0.0, 'crossingsN': '', 'crossingsC': ''}
REF: (145, 150) {'gn': 0.01254, 'gc': -0.02281, 'Gn': 0.0, 'Gc': -0.0, 'crossingsN': '', 'crossingsC': ''}
REF: (145, 151) {'gn': 0.00674, 'gc': -0.00631, 'Gn': 0.0, 'Gc': -0.0, 'crossingsN': '', 'crossingsC': ''}
REF: (145, 153) {'gn': -0.00815, 'gc': -0.01605, 'Gn': -0.0, 'Gc': -0.0, 'crossingsN': '', 'crossingsC': ''}
REF: (145, 154) {'gn': -0.01795, 'gc': 0.0287, 'Gn': -0.0, 'Gc': 0.0, 'crossingsN': '', 'crossingsC': ''}
REF: (146, 150) {'gn': 0.00659, 'gc': -0.01177, 'Gn': 0.0, 'Gc': -0.0, 'crossingsN': '', 'crossingsC': ''}
REF: (146, 151) {'gn': 0.00307, 'gc': 0.00052, 'Gn': 0.0, 'Gc': 0.0, 'crossingsN': '', 'crossingsC': ''}
REF: (147, 151) {'gn': -0.01242, 'gc': 0.02404, 'Gn': -0.0, 'Gc': 0.0, 'crossingsN': '', 'crossingsC': ''}
REF: (150, 154) {'gn': -0.02001, 'gc': 0.05252, 'Gn': -0.0, 'Gc': 0.0, 'crossingsN': '', 'crossingsC': ''}
REF: (155, 160) {'gn': 0.00897, 'gc': 0.00558, 'Gn': 0.0, 'Gc': 0.0, 'crossingsN': '', 'crossingsC': ''}
REF: (156, 160) {'gn': -0.06476, 'gc': -0.05533, 'Gn': -0.0, 'Gc': -0.0, 'crossingsN': '', 'crossingsC': ''}
REF: (156, 161) {'gn': -0.0244, 'gc': 0.00557, 'Gn': -0.0, 'Gc': 0.0, 'crossingsN': '', 'crossingsC': ''}
REF: (156, 187) {'gn': 0.20566, 'gc': -0.03693, 'Gn': 0.0, 'Gc': -0.0, 'crossingsN': '', 'crossingsC': ''}
REF: (156, 190) {'gn': 0.18336, 'gc': -0.03182, 'Gn': 0.0, 'Gc': -0.0, 'crossingsN': '', 'crossingsC': ''}
REF: (157, 161) {'gn': -0.03392, 'gc': 0.03789, 'Gn': -0.0, 'Gc': 0.0, 'crossingsN': '', 'crossingsC': ''}
REF: (157, 187) {'gn': 0.19432, 'gc': -0.02473, 'Gn': 0.0, 'Gc': -0.0, 'crossingsN': '', 'crossingsC': ''}
REF: (157, 190) {'gn': 0.17819, 'gc': -0.03174, 'Gn': 0.0, 'Gc': -0.0, 'crossingsN': '', 'crossingsC': ''}
REF: (158, 162) {'gn': -0.04206, 'gc': 0.01386, 'Gn': -0.0, 'Gc': 0.0, 'crossingsN': '', 'crossingsC': ''}
REF: (158, 190) {'gn': 0.16505, 'gc': -0.02772, 'Gn': 0.0, 'Gc': -0.0, 'crossingsN': '', 'crossingsC': ''}
REF: (158, 191) {'gn': 0.16451, 'gc': -0.0097, 'Gn': 0.0, 'Gc': -0.0, 'crossingsN': '', 'crossingsC': ''}
REF: (158, 194) {'gn': 0.15789, 'gc': -0.09942, 'Gn': 0.0, 'Gc': -0.0, 'crossingsN': '', 'crossingsC': ''}
REF: (159, 163) {'gn': -0.07969, 'gc': -0.00594, 'Gn': -0.0, 'Gc': -0.0, 'crossingsN': '', 'crossingsC': ''}
REF: (160, 164) {'gn': -0.08147, 'gc': -0.006, 'Gn': -0.0, 'Gc': -0.0, 'crossingsN': '', 'crossingsC': ''}
REF: (161, 165) {'gn': -0.01383, 'gc': -0.02733, 'Gn': -0.0, 'Gc': -0.0, 'crossingsN': '', 'crossingsC': ''}
REF: (161, 190) {'gn': 0.32036, 'gc': -0.00756, 'Gn': 0.0, 'Gc': -0.0, 'crossingsN': '', 'crossingsC': ''}
REF: (161, 191) {'gn': 0.31855, 'gc': 0.00011, 'Gn': 0.0, 'Gc': 0.0, 'crossingsN': '', 'crossingsC': ''}
REF: (162, 166) {'gn': -0.05555, 'gc': -0.03419, 'Gn': -0.0, 'Gc': -0.0, 'crossingsN': '', 'crossingsC': ''}
REF: (162, 194) {'gn': 0.28586, 'gc': -0.09404, 'Gn': 0.0, 'Gc': -0.0, 'crossingsN': '', 'crossingsC': ''}
REF: (163, 167) {'gn': -0.13526, 'gc': -0.01275, 'Gn': -0.0, 'Gc': -0.0, 'crossingsN': '', 'crossingsC': ''}
REF: (164, 168) {'gn': 0.0542, 'gc': -0.02051, 'Gn': 0.0, 'Gc': -0.0, 'crossingsN': '', 'crossingsC': ''}
REF: (164, 174) {'gn': 0.27136, 'gc': 0.0649, 'Gn': 0.0, 'Gc': 0.0, 'crossingsN': '', 'crossingsC': ''}
REF: (165, 174) {'gn': 0.15822, 'gc': 0.07043, 'Gn': 0.0, 'Gc': 0.0, 'crossingsN': '', 'crossingsC': ''}
REF: (165, 196) {'gn': 0.30305, 'gc': -0.16131, 'Gn': 0.0, 'Gc': -0.0, 'crossingsN': '', 'crossingsC': ''}
REF: (165, 197) {'gn': 0.30503, 'gc': -0.16694, 'Gn': 0.0, 'Gc': -0.0, 'crossingsN': '', 'crossingsC': ''}
REF: (165, 236) {'gn': 0.27498, 'gc': 0, 'Gn': 0.0, 'Gc': 0.0, 'crossingsN': '', 'crossingsC': ''}
REF: (168, 172) {'gn': 0.2134, 'gc': 0.0062, 'Gn': 0.0, 'Gc': 0.0, 'crossingsN': '', 'crossingsC': ''}
REF: (168, 173) {'gn': 0.25042, 'gc': 0.05052, 'Gn': 0.0, 'Gc': 0.0, 'crossingsN': '', 'crossingsC': ''}
REF: (168, 174) {'gn': 0.20499, 'gc': 0.08385, 'Gn': 0.0, 'Gc': 0.0, 'crossingsN': '', 'crossingsC': ''}
REF: (168, 236) {'gn': 0.32032, 'gc': 0, 'Gn': 0.0, 'Gc': 0.0, 'crossingsN': '', 'crossingsC': ''}
REF: (169, 236) {'gn': 0.19302, 'gc': 0, 'Gn': 0.0, 'Gc': 0.0, 'crossingsN': '', 'crossingsC': ''}
REF: (170, 235) {'gn': 0.20118, 'gc': 0, 'Gn': 0.0, 'Gc': 0.0, 'crossingsN': '', 'crossingsC': ''}
REF: (170, 236) {'gn': 0.16279, 'gc': 0, 'Gn': 0.0, 'Gc': 0.0, 'crossingsN': '', 'crossingsC': ''}
REF: (170, 237) {'gn': 0.1994, 'gc': 0, 'Gn': 0.0, 'Gc': 0.0, 'crossingsN': '', 'crossingsC': ''}
REF: (170, 238) {'gn': 0.207, 'gc': 0, 'Gn': 0.0, 'Gc': 0.0, 'crossingsN': '', 'crossingsC': ''}
REF: (171, 235) {'gn': 0.10655, 'gc': 0, 'Gn': 0.0, 'Gc': 0.0, 'crossingsN': '', 'crossingsC': ''}
REF: (171, 236) {'gn': 0.07181, 'gc': 0, 'Gn': 0.0, 'Gc': 0.0, 'crossingsN': '', 'crossingsC': ''}
REF: (171, 237) {'gn': 0.11491, 'gc': 0, 'Gn': 0.0, 'Gc': 0.0, 'crossingsN': '', 'crossingsC': ''}
REF: (172, 235) {'gn': 0.14167, 'gc': 0, 'Gn': 0.0, 'Gc': 0.0, 'crossingsN': '', 'crossingsC': ''}
REF: (172, 236) {'gn': 0.11187, 'gc': 0, 'Gn': 0.0, 'Gc': 0.0, 'crossingsN': '', 'crossingsC': ''}
REF: (173, 233) {'gn': 0.15682, 'gc': 0, 'Gn': 0.0, 'Gc': 0.0, 'crossingsN': '', 'crossingsC': ''}
REF: (173, 234) {'gn': 0.13321, 'gc': 0, 'Gn': 0.0, 'Gc': 0.0, 'crossingsN': '', 'crossingsC': ''}
REF: (173, 235) {'gn': 0.12601, 'gc': 0, 'Gn': 0.0, 'Gc': 0.0, 'crossingsN': '', 'crossingsC': ''}
REF: (173, 236) {'gn': 0.1017, 'gc': 0, 'Gn': 0.0, 'Gc': 0.0, 'crossingsN': '', 'crossingsC': ''}
REF: (174, 233) {'gn': 0.18892, 'gc': 0, 'Gn': 0.0, 'Gc': 0.0, 'crossingsN': '', 'crossingsC': ''}
REF: (174, 234) {'gn': 0.1703, 'gc': 0, 'Gn': 0.0, 'Gc': 0.0, 'crossingsN': '', 'crossingsC': ''}
REF: (174, 235) {'gn': 0.16377, 'gc': 0, 'Gn': 0.0, 'Gc': 0.0, 'crossingsN': '', 'crossingsC': ''}
REF: (174, 236) {'gn': 0.15412, 'gc': 0, 'Gn': 0.0, 'Gc': 0.0, 'crossingsN': '', 'crossingsC': ''}
REF: (175, 231) {'gn': 0.12196, 'gc': 0, 'Gn': 0.0, 'Gc': 0.0, 'crossingsN': '', 'crossingsC': ''}
REF: (175, 232) {'gn': 0.08908, 'gc': 0, 'Gn': 0.0, 'Gc': 0.0, 'crossingsN': '', 'crossingsC': ''}
REF: (175, 233) {'gn': 0.06776, 'gc': 0, 'Gn': 0.0, 'Gc': 0.0, 'crossingsN': '', 'crossingsC': ''}
REF: (175, 234) {'gn': 0.05263, 'gc': 0, 'Gn': 0.0, 'Gc': 0.0, 'crossingsN': '', 'crossingsC': ''}
REF: (176, 231) {'gn': 0.13771, 'gc': 0, 'Gn': 0.0, 'Gc': 0.0, 'crossingsN': '', 'crossingsC': ''}
REF: (176, 232) {'gn': 0.10631, 'gc': 0, 'Gn': 0.0, 'Gc': 0.0, 'crossingsN': '', 'crossingsC': ''}
REF: (176, 233) {'gn': 0.08479, 'gc': 0, 'Gn': 0.0, 'Gc': 0.0, 'crossingsN': '', 'crossingsC': ''}
REF: (177, 184) {'gn': 0.02545, 'gc': -0.1129, 'Gn': 0.0, 'Gc': -0.0, 'crossingsN': '', 'crossingsC': ''}
REF: (177, 229) {'gn': 0.13228, 'gc': 0, 'Gn': 0.0, 'Gc': 0.0, 'crossingsN': '', 'crossingsC': ''}
REF: (177, 230) {'gn': 0.10621, 'gc': 0, 'Gn': 0.0, 'Gc': 0.0, 'crossingsN': '', 'crossingsC': ''}
REF: (177, 231) {'gn': 0.08386, 'gc': 0, 'Gn': 0.0, 'Gc': 0.0, 'crossingsN': '', 'crossingsC': ''}
REF: (177, 232) {'gn': 0.04983, 'gc': 0, 'Gn': 0.0, 'Gc': 0.0, 'crossingsN': '', 'crossingsC': ''}
REF: (178, 183) {'gn': -0.01551, 'gc': -0.08028, 'Gn': -0.0, 'Gc': -0.0, 'crossingsN': '', 'crossingsC': ''}
REF: (178, 184) {'gn': -0.00245, 'gc': -0.07753, 'Gn': -0.0, 'Gc': -0.0, 'crossingsN': '', 'crossingsC': ''}
REF: (178, 229) {'gn': 0.14848, 'gc': 0, 'Gn': 0.0, 'Gc': 0.0, 'crossingsN': '', 'crossingsC': ''}
REF: (178, 230) {'gn': 0.12219, 'gc': 0, 'Gn': 0.0, 'Gc': 0.0, 'crossingsN': '', 'crossingsC': ''}
REF: (178, 231) {'gn': 0.0999, 'gc': 0, 'Gn': 0.0, 'Gc': 0.0, 'crossingsN': '', 'crossingsC': ''}
REF: (179, 184) {'gn': -0.05893, 'gc': -0.08498, 'Gn': -0.0, 'Gc': -0.0, 'crossingsN': '', 'crossingsC': ''}
REF: (179, 218) {'gn': 0.19379, 'gc': -0.5993, 'Gn': 0.0, 'Gc': -0.0, 'crossingsN': '', 'crossingsC': ''}
REF: (179, 219) {'gn': 0.16156, 'gc': -0.52983, 'Gn': 0.0, 'Gc': -0.0, 'crossingsN': '', 'crossingsC': ''}
REF: (179, 228) {'gn': 0.15383, 'gc': 0, 'Gn': 0.0, 'Gc': 0.0, 'crossingsN': '', 'crossingsC': ''}
REF: (179, 229) {'gn': 0.14166, 'gc': 0, 'Gn': 0.0, 'Gc': 0.0, 'crossingsN': '', 'crossingsC': ''}
REF: (179, 230) {'gn': 0.11276, 'gc': 0, 'Gn': 0.0, 'Gc': 0.0, 'crossingsN': '', 'crossingsC': ''}
REF: (180, 184) {'gn': -0.05048, 'gc': -0.03351, 'Gn': -0.0, 'Gc': -0.0, 'crossingsN': '', 'crossingsC': ''}
REF: (180, 228) {'gn': 0.20749, 'gc': 0, 'Gn': 0.0, 'Gc': 0.0, 'crossingsN': '', 'crossingsC': ''}
REF: (180, 229) {'gn': 0.19512, 'gc': 0, 'Gn': 0.0, 'Gc': 0.0, 'crossingsN': '', 'crossingsC': ''}
REF: (180, 230) {'gn': 0.16731, 'gc': 0, 'Gn': 0.0, 'Gc': 0.0, 'crossingsN': '', 'crossingsC': ''}
REF: (181, 185) {'gn': -0.02208, 'gc': -0.01142, 'Gn': -0.0, 'Gc': -0.0, 'crossingsN': '', 'crossingsC': ''}
REF: (181, 230) {'gn': 0.20689, 'gc': 0, 'Gn': 0.0, 'Gc': 0.0, 'crossingsN': '', 'crossingsC': ''}
REF: (182, 186) {'gn': -0.03844, 'gc': -0.01323, 'Gn': -0.0, 'Gc': -0.0, 'crossingsN': '', 'crossingsC': ''}
REF: (183, 187) {'gn': -0.02762, 'gc': -0.02712, 'Gn': -0.0, 'Gc': -0.0, 'crossingsN': '', 'crossingsC': ''}
REF: (184, 188) {'gn': 0.01041, 'gc': -0.0269, 'Gn': 0.0, 'Gc': -0.0, 'crossingsN': '', 'crossingsC': ''}
REF: (184, 230) {'gn': 0.29358, 'gc': 0, 'Gn': 0.0, 'Gc': 0.0, 'crossingsN': '', 'crossingsC': ''}
REF: (185, 189) {'gn': -0.00929, 'gc': -0.00511, 'Gn': -0.0, 'Gc': -0.0, 'crossingsN': '', 'crossingsC': ''}
REF: (186, 190) {'gn': -0.00179, 'gc': -0.01905, 'Gn': -0.0, 'Gc': -0.0, 'crossingsN': '', 'crossingsC': ''}
REF: (187, 191) {'gn': 0.04631, 'gc': -0.02552, 'Gn': 0.0, 'Gc': -0.0, 'crossingsN': '', 'crossingsC': ''}
REF: (188, 192) {'gn': 0.03258, 'gc': 0.00513, 'Gn': 0.0, 'Gc': 0.0, 'crossingsN': '', 'crossingsC': ''}
REF: (188, 205) {'gn': 0.14503, 'gc': 0.03631, 'Gn': 0.0, 'Gc': 0.0, 'crossingsN': '', 'crossingsC': ''}
REF: (188, 232) {'gn': 0.09238, 'gc': 0, 'Gn': 0.0, 'Gc': 0.0, 'crossingsN': '', 'crossingsC': ''}
REF: (189, 193) {'gn': 0.02428, 'gc': -0.01259, 'Gn': 0.0, 'Gc': -0.0, 'crossingsN': '', 'crossingsC': ''}
REF: (190, 194) {'gn': 0.05815, 'gc': -0.01507, 'Gn': 0.0, 'Gc': -0.0, 'crossingsN': '', 'crossingsC': ''}
REF: (191, 197) {'gn': 0.04461, 'gc': -0.0367, 'Gn': 0.0, 'Gc': -0.0, 'crossingsN': '', 'crossingsC': ''}
REF: (191, 234) {'gn': 0.05305, 'gc': 0, 'Gn': 0.0, 'Gc': 0.0, 'crossingsN': '', 'crossingsC': ''}
REF: (192, 197) {'gn': -0.0431, 'gc': -0.0188, 'Gn': -0.0, 'Gc': -0.0, 'crossingsN': '', 'crossingsC': ''}
REF: (192, 198) {'gn': 0.03722, 'gc': -0.04439, 'Gn': 0.0, 'Gc': -0.0, 'crossingsN': '', 'crossingsC': ''}
REF: (192, 199) {'gn': 0.06629, 'gc': -0.03312, 'Gn': 0.0, 'Gc': -0.0, 'crossingsN': '', 'crossingsC': ''}
REF: (196, 236) {'gn': -0.18639, 'gc': 0, 'Gn': -0.0, 'Gc': 0.0, 'crossingsN': '', 'crossingsC': ''}
REF: (196, 237) {'gn': -0.05775, 'gc': 0, 'Gn': -0.0, 'Gc': 0.0, 'crossingsN': '', 'crossingsC': ''}
REF: (196, 238) {'gn': -0.02532, 'gc': 0, 'Gn': -0.0, 'Gc': 0.0, 'crossingsN': '', 'crossingsC': ''}
REF: (197, 234) {'gn': -0.01063, 'gc': 0, 'Gn': -0.0, 'Gc': 0.0, 'crossingsN': '', 'crossingsC': ''}
REF: (197, 235) {'gn': -0.02918, 'gc': 0, 'Gn': -0.0, 'Gc': 0.0, 'crossingsN': '', 'crossingsC': ''}
REF: (197, 236) {'gn': -0.15076, 'gc': 0, 'Gn': -0.0, 'Gc': 0.0, 'crossingsN': '', 'crossingsC': ''}
REF: (197, 237) {'gn': -0.02443, 'gc': 0, 'Gn': -0.0, 'Gc': 0.0, 'crossingsN': '', 'crossingsC': ''}
REF: (198, 234) {'gn': -0.09965, 'gc': 0, 'Gn': -0.0, 'Gc': 0.0, 'crossingsN': '', 'crossingsC': ''}
REF: (198, 235) {'gn': -0.1143, 'gc': 0, 'Gn': -0.0, 'Gc': 0.0, 'crossingsN': '', 'crossingsC': ''}
REF: (198, 236) {'gn': -0.23527, 'gc': 0, 'Gn': -0.0, 'Gc': 0.0, 'crossingsN': '', 'crossingsC': ''}
REF: (198, 237) {'gn': -0.1024, 'gc': 0, 'Gn': -0.0, 'Gc': 0.0, 'crossingsN': '', 'crossingsC': ''}
REF: (199, 204) {'gn': 0.11592, 'gc': 0.02675, 'Gn': 0.0, 'Gc': 0.0, 'crossingsN': '', 'crossingsC': ''}
REF: (199, 205) {'gn': 0.09812, 'gc': 0.03607, 'Gn': 0.0, 'Gc': 0.0, 'crossingsN': '', 'crossingsC': ''}
REF: (199, 232) {'gn': -0.04501, 'gc': 0, 'Gn': -0.0, 'Gc': 0.0, 'crossingsN': '', 'crossingsC': ''}
REF: (199, 233) {'gn': -0.05002, 'gc': 0, 'Gn': -0.0, 'Gc': 0.0, 'crossingsN': '', 'crossingsC': ''}
REF: (199, 234) {'gn': -0.15118, 'gc': 0, 'Gn': -0.0, 'Gc': 0.0, 'crossingsN': '', 'crossingsC': ''}
REF: (199, 235) {'gn': -0.16194, 'gc': 0, 'Gn': -0.0, 'Gc': 0.0, 'crossingsN': '', 'crossingsC': ''}
REF: (200, 204) {'gn': 0.07165, 'gc': 0.05093, 'Gn': 0.0, 'Gc': 0.0, 'crossingsN': '', 'crossingsC': ''}
REF: (200, 207) {'gn': 0.06065, 'gc': -0.08506, 'Gn': 0.0, 'Gc': -0.0, 'crossingsN': '', 'crossingsC': ''}
REF: (200, 232) {'gn': -0.10088, 'gc': 0, 'Gn': -0.0, 'Gc': 0.0, 'crossingsN': '', 'crossingsC': ''}
REF: (200, 233) {'gn': -0.1082, 'gc': 0, 'Gn': -0.0, 'Gc': 0.0, 'crossingsN': '', 'crossingsC': ''}
REF: (200, 234) {'gn': -0.21039, 'gc': 0, 'Gn': -0.0, 'Gc': 0.0, 'crossingsN': '', 'crossingsC': ''}
REF: (200, 235) {'gn': -0.22565, 'gc': 0, 'Gn': -0.0, 'Gc': 0.0, 'crossingsN': '', 'crossingsC': ''}
REF: (201, 205) {'gn': 0.00293, 'gc': 0.04418, 'Gn': 0.0, 'Gc': 0.0, 'crossingsN': '', 'crossingsC': ''}
REF: (201, 206) {'gn': -0.01114, 'gc': 0.00014, 'Gn': -0.0, 'Gc': 0.0, 'crossingsN': '', 'crossingsC': ''}
REF: (201, 207) {'gn': 0.01038, 'gc': -0.09295, 'Gn': 0.0, 'Gc': -0.0, 'crossingsN': '', 'crossingsC': ''}
REF: (201, 232) {'gn': -0.1538, 'gc': 0, 'Gn': -0.0, 'Gc': 0.0, 'crossingsN': '', 'crossingsC': ''}
REF: (201, 233) {'gn': -0.16028, 'gc': 0, 'Gn': -0.0, 'Gc': 0.0, 'crossingsN': '', 'crossingsC': ''}
REF: (202, 206) {'gn': -0.05671, 'gc': -0.01032, 'Gn': -0.0, 'Gc': -0.0, 'crossingsN': '', 'crossingsC': ''}
REF: (202, 207) {'gn': -0.03436, 'gc': -0.10089, 'Gn': -0.0, 'Gc': -0.0, 'crossingsN': '', 'crossingsC': ''}
REF: (205, 232) {'gn': -0.19294, 'gc': 0, 'Gn': -0.0, 'Gc': 0.0, 'crossingsN': '', 'crossingsC': ''}
REF: (206, 230) {'gn': -0.01183, 'gc': 0, 'Gn': -0.0, 'Gc': 0.0, 'crossingsN': '', 'crossingsC': ''}
REF: (206, 231) {'gn': -0.05313, 'gc': 0, 'Gn': -0.0, 'Gc': 0.0, 'crossingsN': '', 'crossingsC': ''}
REF: (206, 232) {'gn': -0.17066, 'gc': 0, 'Gn': -0.0, 'Gc': 0.0, 'crossingsN': '', 'crossingsC': ''}
REF: (206, 233) {'gn': -0.21953, 'gc': 0, 'Gn': -0.0, 'Gc': 0.0, 'crossingsN': '', 'crossingsC': ''}
REF: (207, 230) {'gn': -0.00243, 'gc': 0, 'Gn': -0.0, 'Gc': 0.0, 'crossingsN': '', 'crossingsC': ''}
REF: (207, 231) {'gn': -0.04663, 'gc': 0, 'Gn': -0.0, 'Gc': 0.0, 'crossingsN': '', 'crossingsC': ''}
REF: (207, 232) {'gn': -0.1631, 'gc': 0, 'Gn': -0.0, 'Gc': 0.0, 'crossingsN': '', 'crossingsC': ''}
REF: (207, 233) {'gn': -0.21322, 'gc': 0, 'Gn': -0.0, 'Gc': 0.0, 'crossingsN': '', 'crossingsC': ''}
REF: (208, 231) {'gn': -0.06827, 'gc': 0, 'Gn': -0.0, 'Gc': 0.0, 'crossingsN': '', 'crossingsC': ''}
REF: (209, 213) {'gn': 0.13553, 'gc': -0.06219, 'Gn': 0.0, 'Gc': -0.0, 'crossingsN': '', 'crossingsC': ''}
REF: (209, 231) {'gn': -0.09791, 'gc': 0, 'Gn': -0.0, 'Gc': 0.0, 'crossingsN': '', 'crossingsC': ''}
REF: (215, 219) {'gn': 0.02807, 'gc': -0.02333, 'Gn': 0.0, 'Gc': -0.0, 'crossingsN': '', 'crossingsC': ''}
REF: (215, 221) {'gn': 0.0037, 'gc': -0.00226, 'Gn': 0.0, 'Gc': -0.0, 'crossingsN': '', 'crossingsC': ''}
REF: (218, 228) {'gn': -0.07928, 'gc': 0, 'Gn': -0.0, 'Gc': 0.0, 'crossingsN': '', 'crossingsC': ''}
REF: (218, 229) {'gn': -0.15626, 'gc': 0, 'Gn': -0.0, 'Gc': 0.0, 'crossingsN': '', 'crossingsC': ''}
REF: (219, 227) {'gn': -0.03018, 'gc': 0, 'Gn': -0.0, 'Gc': 0.0, 'crossingsN': '', 'crossingsC': ''}
REF: (219, 228) {'gn': -0.03961, 'gc': 0, 'Gn': -0.0, 'Gc': 0.0, 'crossingsN': '', 'crossingsC': ''}
REF: (219, 229) {'gn': -0.11795, 'gc': 0, 'Gn': -0.0, 'Gc': 0.0, 'crossingsN': '', 'crossingsC': ''}
REF: (220, 226) {'gn': -0.01937, 'gc': 0.0057, 'Gn': -0.0, 'Gc': 0.0, 'crossingsN': '', 'crossingsC': ''}
REF: (220, 227) {'gn': -0.03661, 'gc': 0, 'Gn': -0.0, 'Gc': 0.0, 'crossingsN': '', 'crossingsC': ''}
REF: (220, 228) {'gn': -0.05112, 'gc': 0, 'Gn': -0.0, 'Gc': 0.0, 'crossingsN': '', 'crossingsC': ''}
REF: (221, 226) {'gn': -0.01804, 'gc': 0.00429, 'Gn': -0.0, 'Gc': 0.0, 'crossingsN': '', 'crossingsC': ''}
REF: (221, 227) {'gn': -0.03508, 'gc': 0, 'Gn': -0.0, 'Gc': 0.0, 'crossingsN': '', 'crossingsC': ''}
REF: (221, 228) {'gn': -0.05459, 'gc': 0, 'Gn': -0.0, 'Gc': 0.0, 'crossingsN': '', 'crossingsC': ''}
REF: (222, 226) {'gn': -0.0334, 'gc': 0.00147, 'Gn': -0.0, 'Gc': 0.0, 'crossingsN': '', 'crossingsC': ''}
REF: (222, 227) {'gn': -0.04923, 'gc': 0, 'Gn': -0.0, 'Gc': 0.0, 'crossingsN': '', 'crossingsC': ''}
REF: (223, 227) {'gn': -0.05786, 'gc': 0, 'Gn': -0.0, 'Gc': 0.0, 'crossingsN': '', 'crossingsC': ''}
Step 2: loop through the frames and calculate the changes in entanglement
Number of available CPU cores: 40
/storage/group/epo2/default/ims86/miniconda3/envs/FtoF/lib/python3.11/multiprocessing/reduction.py:51: UserWarning: Reader has no dt information, set to 1.0 ps
  cls(buf, protocol).dump(obj)
slurmstepd: error: *** JOB 38044045 ON p-mc-3470 CANCELLED AT 2025-05-06T17:25:39 DUE TO PREEMPTION ***
