
CondaError: Run 'conda init' before 'conda activate'

/storage/group/epo2/default/ims86/miniconda3/envs/FtoF/lib/python3.11/site-packages/MDAnalysis/topology/TPRParser.py:161: DeprecationWarning: 'xdrlib' is deprecated and slated for removal in Python 3.13
  import xdrlib
/storage/group/epo2/default/ims86/miniconda3/envs/FtoF/lib/python3.11/site-packages/MDAnalysis/coordinates/DCD.py:165: DeprecationWarning: DCDReader currently makes independent timesteps by copying self.ts while other readers update self.ts inplace. This behavior will be changed in 3.0 to be the same as other readers. Read more at https://github.com/MDAnalysis/mdanalysis/issues/3889 to learn if this change in behavior might affect you.
  warnings.warn("DCDReader currently makes independent timesteps"
logfile: /storage/group/epo2/default/ims86/git_slugs/Failure-to-Form_Native_Entanglements_slug/Simulations_of_Native_Entanglement_Misfolding/Trajectory_Analysis_setID3Full/P0A6L2_1DHP_A/logs/P0A6L2_1DHP_A_t45.log
ref_universe: <Universe with 292 atoms>
traj_universe: <Universe with 292 atoms>
START: 0 | END: None | STRIDE: 1
User topoly False
Calculating the fraction of native contacts (Q)
Step 1: Get the secondary structure information
Step 2: Get the native distance map for the native state cordinates
NumNativeContacts: 311
Step 3: Analyze each frame of the traj_universe and calc Q
Step 4: save Q output
SAVED: /storage/group/epo2/default/ims86/git_slugs/Failure-to-Form_Native_Entanglements_slug/Simulations_of_Native_Entanglement_Misfolding/Trajectory_Analysis_setID3Full/P0A6L2_1DHP_A/Q/P0A6L2_1DHP_A_t45.Q
Calculating the fraction of native contacts with a change in Gauss Linking Number (G)
Step 1: load the reference structure and topology and get reference state GaussLinking numbers
Nnative: 746
REF: (0, 36) {'gn': 0, 'gc': 0.13849, 'Gn': 0.0, 'Gc': 0.0, 'crossingsN': '', 'crossingsC': ''}
REF: (0, 37) {'gn': 0, 'gc': 0.21922, 'Gn': 0.0, 'Gc': 0.0, 'crossingsN': '', 'crossingsC': ''}
REF: (0, 71) {'gn': 0, 'gc': 0.28439, 'Gn': 0.0, 'Gc': 0.0, 'crossingsN': '', 'crossingsC': ''}
REF: (1, 5) {'gn': 0, 'gc': 0.23051, 'Gn': 0.0, 'Gc': 0.0, 'crossingsN': '', 'crossingsC': ''}
REF: (1, 36) {'gn': 0, 'gc': 0.13446, 'Gn': 0.0, 'Gc': 0.0, 'crossingsN': '', 'crossingsC': ''}
REF: (1, 37) {'gn': 0, 'gc': 0.21368, 'Gn': 0.0, 'Gc': 0.0, 'crossingsN': '', 'crossingsC': ''}
REF: (1, 181) {'gn': 0, 'gc': 0.14256, 'Gn': 0.0, 'Gc': 0.0, 'crossingsN': '', 'crossingsC': ''}
REF: (1, 183) {'gn': 0, 'gc': 0.28786, 'Gn': 0.0, 'Gc': 0.0, 'crossingsN': '', 'crossingsC': ''}
REF: (1, 199) {'gn': 0, 'gc': -0.0418, 'Gn': 0.0, 'Gc': -0.0, 'crossingsN': '', 'crossingsC': ''}
REF: (1, 200) {'gn': 0, 'gc': -0.11953, 'Gn': 0.0, 'Gc': -0.0, 'crossingsN': '', 'crossingsC': ''}
REF: (2, 36) {'gn': 0, 'gc': 0.21916, 'Gn': 0.0, 'Gc': 0.0, 'crossingsN': '', 'crossingsC': ''}
REF: (2, 181) {'gn': 0, 'gc': 0.19027, 'Gn': 0.0, 'Gc': 0.0, 'crossingsN': '', 'crossingsC': ''}
REF: (2, 183) {'gn': 0, 'gc': 0.33972, 'Gn': 0.0, 'Gc': 0.0, 'crossingsN': '', 'crossingsC': ''}
REF: (2, 199) {'gn': 0, 'gc': -0.02622, 'Gn': 0.0, 'Gc': -0.0, 'crossingsN': '', 'crossingsC': ''}
REF: (2, 200) {'gn': 0, 'gc': -0.10761, 'Gn': 0.0, 'Gc': -0.0, 'crossingsN': '', 'crossingsC': ''}
REF: (2, 201) {'gn': 0, 'gc': -0.2264, 'Gn': 0.0, 'Gc': -0.0, 'crossingsN': '', 'crossingsC': ''}
REF: (3, 35) {'gn': 0, 'gc': 0.32613, 'Gn': 0.0, 'Gc': 0.0, 'crossingsN': '', 'crossingsC': ''}
REF: (3, 36) {'gn': 0, 'gc': 0.27238, 'Gn': 0.0, 'Gc': 0.0, 'crossingsN': '', 'crossingsC': ''}
REF: (3, 199) {'gn': 0, 'gc': -0.00259, 'Gn': 0.0, 'Gc': -0.0, 'crossingsN': '', 'crossingsC': ''}
REF: (3, 200) {'gn': 0, 'gc': -0.08726, 'Gn': 0.0, 'Gc': -0.0, 'crossingsN': '', 'crossingsC': ''}
REF: (3, 201) {'gn': 0, 'gc': -0.20747, 'Gn': 0.0, 'Gc': -0.0, 'crossingsN': '', 'crossingsC': ''}
REF: (3, 214) {'gn': 0, 'gc': 0.06893, 'Gn': 0.0, 'Gc': 0.0, 'crossingsN': '', 'crossingsC': ''}
REF: (3, 217) {'gn': 0, 'gc': 0.09682, 'Gn': 0.0, 'Gc': 0.0, 'crossingsN': '', 'crossingsC': ''}
REF: (3, 218) {'gn': 0, 'gc': 0.04113, 'Gn': 0.0, 'Gc': 0.0, 'crossingsN': '', 'crossingsC': ''}
REF: (3, 221) {'gn': 0, 'gc': 0.05972, 'Gn': 0.0, 'Gc': 0.0, 'crossingsN': '', 'crossingsC': ''}
REF: (4, 35) {'gn': 0, 'gc': 0.28496, 'Gn': 0.0, 'Gc': 0.0, 'crossingsN': '', 'crossingsC': ''}
REF: (4, 36) {'gn': 0, 'gc': 0.23392, 'Gn': 0.0, 'Gc': 0.0, 'crossingsN': '', 'crossingsC': ''}
REF: (4, 37) {'gn': 0, 'gc': 0.31966, 'Gn': 0.0, 'Gc': 0.0, 'crossingsN': '', 'crossingsC': ''}
REF: (4, 200) {'gn': 0, 'gc': -0.06725, 'Gn': 0.0, 'Gc': -0.0, 'crossingsN': '', 'crossingsC': ''}
REF: (4, 201) {'gn': 0, 'gc': -0.18754, 'Gn': 0.0, 'Gc': -0.0, 'crossingsN': '', 'crossingsC': ''}
REF: (4, 202) {'gn': 0, 'gc': -0.09911, 'Gn': 0.0, 'Gc': -0.0, 'crossingsN': '', 'crossingsC': ''}
REF: (4, 203) {'gn': 0, 'gc': -0.08191, 'Gn': 0.0, 'Gc': -0.0, 'crossingsN': '', 'crossingsC': ''}
REF: (4, 206) {'gn': 0, 'gc': -0.05957, 'Gn': 0.0, 'Gc': -0.0, 'crossingsN': '', 'crossingsC': ''}
REF: (4, 210) {'gn': 0, 'gc': -0.01941, 'Gn': 0.0, 'Gc': -0.0, 'crossingsN': '', 'crossingsC': ''}
REF: (4, 213) {'gn': 0, 'gc': 0.02648, 'Gn': 0.0, 'Gc': 0.0, 'crossingsN': '', 'crossingsC': ''}
REF: (4, 214) {'gn': 0, 'gc': 0.07443, 'Gn': 0.0, 'Gc': 0.0, 'crossingsN': '', 'crossingsC': ''}
REF: (4, 217) {'gn': 0, 'gc': 0.10403, 'Gn': 0.0, 'Gc': 0.0, 'crossingsN': '', 'crossingsC': ''}
REF: (5, 35) {'gn': 0, 'gc': 0.09489, 'Gn': 0.0, 'Gc': 0.0, 'crossingsN': '', 'crossingsC': ''}
REF: (5, 36) {'gn': 0, 'gc': 0.04204, 'Gn': 0.0, 'Gc': 0.0, 'crossingsN': '', 'crossingsC': ''}
REF: (5, 37) {'gn': 0, 'gc': 0.12771, 'Gn': 0.0, 'Gc': 0.0, 'crossingsN': '', 'crossingsC': ''}
REF: (5, 38) {'gn': 0, 'gc': 0.27509, 'Gn': 0.0, 'Gc': 0.0, 'crossingsN': '', 'crossingsC': ''}
REF: (5, 39) {'gn': 0, 'gc': 0.46331, 'Gn': 0.0, 'Gc': 0.0, 'crossingsN': '', 'crossingsC': ''}
REF: (5, 200) {'gn': 0, 'gc': -0.09819, 'Gn': 0.0, 'Gc': -0.0, 'crossingsN': '', 'crossingsC': ''}
REF: (5, 201) {'gn': 0, 'gc': -0.21354, 'Gn': 0.0, 'Gc': -0.0, 'crossingsN': '', 'crossingsC': ''}
REF: (5, 202) {'gn': 0, 'gc': -0.12414, 'Gn': 0.0, 'Gc': -0.0, 'crossingsN': '', 'crossingsC': ''}
REF: (5, 203) {'gn': 0, 'gc': -0.10618, 'Gn': 0.0, 'Gc': -0.0, 'crossingsN': '', 'crossingsC': ''}
REF: (5, 206) {'gn': 0, 'gc': -0.07558, 'Gn': 0.0, 'Gc': -0.0, 'crossingsN': '', 'crossingsC': ''}
REF: (6, 35) {'gn': 0, 'gc': -0.03888, 'Gn': 0.0, 'Gc': -0.0, 'crossingsN': '', 'crossingsC': ''}
REF: (6, 36) {'gn': 0, 'gc': -0.08492, 'Gn': 0.0, 'Gc': -0.0, 'crossingsN': '', 'crossingsC': ''}
REF: (6, 37) {'gn': 0, 'gc': 0.0064, 'Gn': 0.0, 'Gc': 0.0, 'crossingsN': '', 'crossingsC': ''}
REF: (6, 38) {'gn': 0, 'gc': 0.15539, 'Gn': 0.0, 'Gc': 0.0, 'crossingsN': '', 'crossingsC': ''}
REF: (6, 39) {'gn': 0, 'gc': 0.33885, 'Gn': 0.0, 'Gc': 0.0, 'crossingsN': '', 'crossingsC': ''}
REF: (6, 202) {'gn': 0, 'gc': -0.1212, 'Gn': 0.0, 'Gc': -0.0, 'crossingsN': '', 'crossingsC': ''}
REF: (6, 203) {'gn': 0, 'gc': -0.10383, 'Gn': 0.0, 'Gc': -0.0, 'crossingsN': '', 'crossingsC': ''}
REF: (6, 204) {'gn': 0, 'gc': -0.17552, 'Gn': 0.0, 'Gc': -0.0, 'crossingsN': '', 'crossingsC': ''}
REF: (6, 206) {'gn': 0, 'gc': -0.07278, 'Gn': 0.0, 'Gc': -0.0, 'crossingsN': '', 'crossingsC': ''}
REF: (6, 207) {'gn': 0, 'gc': -0.05487, 'Gn': 0.0, 'Gc': -0.0, 'crossingsN': '', 'crossingsC': ''}
REF: (7, 38) {'gn': 0, 'gc': -0.0589, 'Gn': 0.0, 'Gc': -0.0, 'crossingsN': '', 'crossingsC': ''}
REF: (7, 39) {'gn': 0, 'gc': 0.13041, 'Gn': 0.0, 'Gc': 0.0, 'crossingsN': '', 'crossingsC': ''}
REF: (7, 40) {'gn': 0, 'gc': 0.2696, 'Gn': 0.0, 'Gc': 0.0, 'crossingsN': '', 'crossingsC': ''}
REF: (7, 41) {'gn': 0, 'gc': 0.36568, 'Gn': 0.0, 'Gc': 0.0, 'crossingsN': '', 'crossingsC': ''}
REF: (7, 42) {'gn': 0, 'gc': 0.32699, 'Gn': 0.0, 'Gc': 0.0, 'crossingsN': '', 'crossingsC': ''}
REF: (7, 43) {'gn': 0, 'gc': 0.35493, 'Gn': 0.0, 'Gc': 0.0, 'crossingsN': '', 'crossingsC': ''}
REF: (7, 44) {'gn': 0, 'gc': 0.28686, 'Gn': 0.0, 'Gc': 0.0, 'crossingsN': '', 'crossingsC': ''}
REF: (7, 45) {'gn': 0, 'gc': 0.28005, 'Gn': 0.0, 'Gc': 0.0, 'crossingsN': '', 'crossingsC': ''}
REF: (7, 202) {'gn': 0, 'gc': -0.13312, 'Gn': 0.0, 'Gc': -0.0, 'crossingsN': '', 'crossingsC': ''}
REF: (7, 203) {'gn': 0, 'gc': -0.1206, 'Gn': 0.0, 'Gc': -0.0, 'crossingsN': '', 'crossingsC': ''}
REF: (7, 204) {'gn': 0, 'gc': -0.1901, 'Gn': 0.0, 'Gc': -0.0, 'crossingsN': '', 'crossingsC': ''}
REF: (7, 206) {'gn': 0, 'gc': -0.09051, 'Gn': 0.0, 'Gc': -0.0, 'crossingsN': '', 'crossingsC': ''}
REF: (7, 207) {'gn': 0, 'gc': -0.07539, 'Gn': 0.0, 'Gc': -0.0, 'crossingsN': '', 'crossingsC': ''}
REF: (8, 38) {'gn': 0, 'gc': -0.05622, 'Gn': 0.0, 'Gc': -0.0, 'crossingsN': '', 'crossingsC': ''}
REF: (8, 39) {'gn': 0, 'gc': 0.10868, 'Gn': 0.0, 'Gc': 0.0, 'crossingsN': '', 'crossingsC': ''}
REF: (8, 40) {'gn': 0, 'gc': 0.25016, 'Gn': 0.0, 'Gc': 0.0, 'crossingsN': '', 'crossingsC': ''}
REF: (8, 41) {'gn': 0, 'gc': 0.33722, 'Gn': 0.0, 'Gc': 0.0, 'crossingsN': '', 'crossingsC': ''}
REF: (8, 42) {'gn': 0, 'gc': 0.30263, 'Gn': 0.0, 'Gc': 0.0, 'crossingsN': '', 'crossingsC': ''}
REF: (8, 44) {'gn': 0, 'gc': 0.25864, 'Gn': 0.0, 'Gc': 0.0, 'crossingsN': '', 'crossingsC': ''}
REF: (8, 45) {'gn': 0, 'gc': 0.24947, 'Gn': 0.0, 'Gc': 0.0, 'crossingsN': '', 'crossingsC': ''}
REF: (8, 204) {'gn': 0, 'gc': -0.19631, 'Gn': 0.0, 'Gc': -0.0, 'crossingsN': '', 'crossingsC': ''}
REF: (8, 207) {'gn': 0, 'gc': -0.08243, 'Gn': 0.0, 'Gc': -0.0, 'crossingsN': '', 'crossingsC': ''}
REF: (9, 40) {'gn': 0, 'gc': 0.17657, 'Gn': 0.0, 'Gc': 0.0, 'crossingsN': '', 'crossingsC': ''}
REF: (9, 41) {'gn': 0, 'gc': 0.25905, 'Gn': 0.0, 'Gc': 0.0, 'crossingsN': '', 'crossingsC': ''}
REF: (9, 44) {'gn': 0, 'gc': 0.17667, 'Gn': 0.0, 'Gc': 0.0, 'crossingsN': '', 'crossingsC': ''}
REF: (9, 45) {'gn': 0, 'gc': 0.16676, 'Gn': 0.0, 'Gc': 0.0, 'crossingsN': '', 'crossingsC': ''}
REF: (9, 46) {'gn': 0, 'gc': 0.23001, 'Gn': 0.0, 'Gc': 0.0, 'crossingsN': '', 'crossingsC': ''}
REF: (9, 207) {'gn': 0, 'gc': -0.12199, 'Gn': 0.0, 'Gc': -0.0, 'crossingsN': '', 'crossingsC': ''}
REF: (9, 248) {'gn': 0, 'gc': -0.06768, 'Gn': 0.0, 'Gc': -0.0, 'crossingsN': '', 'crossingsC': ''}
REF: (9, 251) {'gn': 0, 'gc': 0.04523, 'Gn': 0.0, 'Gc': 0.0, 'crossingsN': '', 'crossingsC': ''}
REF: (9, 252) {'gn': 0, 'gc': 0.08816, 'Gn': 0.0, 'Gc': 0.0, 'crossingsN': '', 'crossingsC': ''}
REF: (10, 18) {'gn': 0, 'gc': -0.09098, 'Gn': 0.0, 'Gc': -0.0, 'crossingsN': '', 'crossingsC': ''}
REF: (10, 19) {'gn': 0, 'gc': -0.13533, 'Gn': 0.0, 'Gc': -0.0, 'crossingsN': '', 'crossingsC': ''}
REF: (10, 23) {'gn': 0, 'gc': -0.12246, 'Gn': 0.0, 'Gc': -0.0, 'crossingsN': '', 'crossingsC': ''}
REF: (10, 41) {'gn': 0, 'gc': 0.23716, 'Gn': 0.0, 'Gc': 0.0, 'crossingsN': '', 'crossingsC': ''}
REF: (10, 44) {'gn': 0, 'gc': 0.16153, 'Gn': 0.0, 'Gc': 0.0, 'crossingsN': '', 'crossingsC': ''}
REF: (10, 45) {'gn': 0, 'gc': 0.14933, 'Gn': 0.0, 'Gc': 0.0, 'crossingsN': '', 'crossingsC': ''}
REF: (10, 46) {'gn': 0, 'gc': 0.20882, 'Gn': 0.0, 'Gc': 0.0, 'crossingsN': '', 'crossingsC': ''}
REF: (10, 58) {'gn': 0, 'gc': 0.20436, 'Gn': 0.0, 'Gc': 0.0, 'crossingsN': '', 'crossingsC': ''}
REF: (11, 18) {'gn': -0.00047, 'gc': -0.01959, 'Gn': -0.0, 'Gc': -0.0, 'crossingsN': '', 'crossingsC': ''}
REF: (11, 19) {'gn': -0.00205, 'gc': -0.07243, 'Gn': -0.0, 'Gc': -0.0, 'crossingsN': '', 'crossingsC': ''}
REF: (11, 20) {'gn': -0.00263, 'gc': -0.08603, 'Gn': -0.0, 'Gc': -0.0, 'crossingsN': '', 'crossingsC': ''}
REF: (11, 22) {'gn': -0.00519, 'gc': -0.12856, 'Gn': -0.0, 'Gc': -0.0, 'crossingsN': '', 'crossingsC': ''}
REF: (11, 23) {'gn': -0.00365, 'gc': -0.06616, 'Gn': -0.0, 'Gc': -0.0, 'crossingsN': '', 'crossingsC': ''}
REF: (11, 252) {'gn': 0.1982, 'gc': 0.1055, 'Gn': 0.0, 'Gc': 0.0, 'crossingsN': '', 'crossingsC': ''}
REF: (11, 261) {'gn': 0.20481, 'gc': 0.13524, 'Gn': 0.0, 'Gc': 0.0, 'crossingsN': '', 'crossingsC': ''}
REF: (11, 262) {'gn': 0.20506, 'gc': 0.1614, 'Gn': 0.0, 'Gc': 0.0, 'crossingsN': '', 'crossingsC': ''}
REF: (11, 263) {'gn': 0.20512, 'gc': 0.1675, 'Gn': 0.0, 'Gc': 0.0, 'crossingsN': '', 'crossingsC': ''}
REF: (11, 264) {'gn': 0.20503, 'gc': 0.13728, 'Gn': 0.0, 'Gc': 0.0, 'crossingsN': '', 'crossingsC': ''}
REF: (11, 265) {'gn': 0.20508, 'gc': 0.13648, 'Gn': 0.0, 'Gc': 0.0, 'crossingsN': '', 'crossingsC': ''}
REF: (12, 16) {'gn': 0.00022, 'gc': -0.05058, 'Gn': 0.0, 'Gc': -0.0, 'crossingsN': '', 'crossingsC': ''}
REF: (12, 17) {'gn': 0.00163, 'gc': -0.01736, 'Gn': 0.0, 'Gc': -0.0, 'crossingsN': '', 'crossingsC': ''}
REF: (12, 18) {'gn': 0.00177, 'gc': 0.02567, 'Gn': 0.0, 'Gc': 0.0, 'crossingsN': '', 'crossingsC': ''}
REF: (12, 19) {'gn': -0.00131, 'gc': -0.03369, 'Gn': -0.0, 'Gc': -0.0, 'crossingsN': '', 'crossingsC': ''}
REF: (12, 22) {'gn': -0.00691, 'gc': -0.08864, 'Gn': -0.0, 'Gc': -0.0, 'crossingsN': '', 'crossingsC': ''}
REF: (12, 263) {'gn': 0.42303, 'gc': 0.14386, 'Gn': 0.0, 'Gc': 0.0, 'crossingsN': '', 'crossingsC': ''}
REF: (12, 264) {'gn': 0.4206, 'gc': 0.11674, 'Gn': 0.0, 'Gc': 0.0, 'crossingsN': '', 'crossingsC': ''}
REF: (12, 265) {'gn': 0.42204, 'gc': 0.12167, 'Gn': 0.0, 'Gc': 0.0, 'crossingsN': '', 'crossingsC': ''}
REF: (12, 266) {'gn': 0.42192, 'gc': 0.08396, 'Gn': 0.0, 'Gc': 0.0, 'crossingsN': '', 'crossingsC': ''}
REF: (13, 17) {'gn': -0.00118, 'gc': 0.0695, 'Gn': -0.0, 'Gc': 0.0, 'crossingsN': '', 'crossingsC': ''}
REF: (13, 18) {'gn': -0.00243, 'gc': 0.11285, 'Gn': -0.0, 'Gc': 0.0, 'crossingsN': '', 'crossingsC': ''}
REF: (13, 19) {'gn': -0.00549, 'gc': 0.04719, 'Gn': -0.0, 'Gc': 0.0, 'crossingsN': '', 'crossingsC': ''}
REF: (13, 262) {'gn': 0.54849, 'gc': 0.11029, 'Gn': 0.0, 'Gc': 0.0, 'crossingsN': '', 'crossingsC': ''}
REF: (13, 263) {'gn': 0.54588, 'gc': 0.11833, 'Gn': 0.0, 'Gc': 0.0, 'crossingsN': '', 'crossingsC': ''}
REF: (13, 265) {'gn': 0.54142, 'gc': 0.10258, 'Gn': 0.0, 'Gc': 0.0, 'crossingsN': '', 'crossingsC': ''}
REF: (14, 263) {'gn': 0.60025, 'gc': 0.09512, 'Gn': 1.0, 'Gc': 0.0, 'crossingsN': '', 'crossingsC': ''}
REF: (14, 265) {'gn': 0.59383, 'gc': 0.08669, 'Gn': 0.0, 'Gc': 0.0, 'crossingsN': '', 'crossingsC': ''}
REF: (15, 265) {'gn': 0.70395, 'gc': 0.09075, 'Gn': 1.0, 'Gc': 0.0, 'crossingsN': '', 'crossingsC': ''}
REF: (16, 265) {'gn': 0.53931, 'gc': 0.10512, 'Gn': 0.0, 'Gc': 0.0, 'crossingsN': '', 'crossingsC': ''}
REF: (16, 266) {'gn': 0.525, 'gc': 0.07365, 'Gn': 0.0, 'Gc': 0.0, 'crossingsN': '', 'crossingsC': ''}
REF: (16, 267) {'gn': 0.50607, 'gc': 0.05332, 'Gn': 0.0, 'Gc': 0.0, 'crossingsN': '', 'crossingsC': ''}
REF: (18, 23) {'gn': -0.15505, 'gc': -0.04982, 'Gn': -0.0, 'Gc': -0.0, 'crossingsN': '', 'crossingsC': ''}
REF: (18, 58) {'gn': -0.01243, 'gc': 0.2433, 'Gn': -0.0, 'Gc': 0.0, 'crossingsN': '', 'crossingsC': ''}
REF: (19, 23) {'gn': -0.04005, 'gc': 0.01121, 'Gn': -0.0, 'Gc': 0.0, 'crossingsN': '', 'crossingsC': ''}
REF: (20, 24) {'gn': -0.03687, 'gc': -0.0251, 'Gn': -0.0, 'Gc': -0.0, 'crossingsN': '', 'crossingsC': ''}
REF: (20, 61) {'gn': 0.04622, 'gc': 0.24109, 'Gn': 0.0, 'Gc': 0.0, 'crossingsN': '', 'crossingsC': ''}
REF: (21, 25) {'gn': -0.02784, 'gc': -0.03138, 'Gn': -0.0, 'Gc': -0.0, 'crossingsN': '', 'crossingsC': ''}
REF: (22, 26) {'gn': 0.00134, 'gc': -0.02583, 'Gn': 0.0, 'Gc': -0.0, 'crossingsN': '', 'crossingsC': ''}
REF: (22, 260) {'gn': 0.76669, 'gc': 0.10157, 'Gn': 1.0, 'Gc': 0.0, 'crossingsN': '', 'crossingsC': ''}
REF: (22, 261) {'gn': 0.76255, 'gc': 0.09102, 'Gn': 1.0, 'Gc': 0.0, 'crossingsN': '', 'crossingsC': ''}
REF: (22, 262) {'gn': 0.75681, 'gc': 0.13138, 'Gn': 1.0, 'Gc': 0.0, 'crossingsN': '', 'crossingsC': ''}
REF: (23, 27) {'gn': -0.0051, 'gc': -0.03602, 'Gn': -0.0, 'Gc': -0.0, 'crossingsN': '', 'crossingsC': ''}
REF: (23, 62) {'gn': 0.14511, 'gc': 0.22293, 'Gn': 0.0, 'Gc': 0.0, 'crossingsN': '', 'crossingsC': ''}
REF: (23, 261) {'gn': 0.72054, 'gc': 0.10971, 'Gn': 1.0, 'Gc': 0.0, 'crossingsN': '', 'crossingsC': ''}
REF: (24, 28) {'gn': -0.01979, 'gc': -0.05767, 'Gn': -0.0, 'Gc': -0.0, 'crossingsN': '', 'crossingsC': ''}
REF: (24, 62) {'gn': 0.12565, 'gc': 0.26621, 'Gn': 0.0, 'Gc': 0.0, 'crossingsN': '', 'crossingsC': ''}
REF: (24, 65) {'gn': 0.09869, 'gc': 0.23887, 'Gn': 0.0, 'Gc': 0.0, 'crossingsN': '', 'crossingsC': ''}
REF: (25, 29) {'gn': 0.0031, 'gc': -0.05464, 'Gn': 0.0, 'Gc': -0.0, 'crossingsN': '', 'crossingsC': ''}
REF: (25, 260) {'gn': 0.73049, 'gc': 0.11104, 'Gn': 1.0, 'Gc': 0.0, 'crossingsN': '', 'crossingsC': ''}
REF: (25, 261) {'gn': 0.72104, 'gc': 0.103, 'Gn': 1.0, 'Gc': 0.0, 'crossingsN': '', 'crossingsC': ''}
REF: (26, 30) {'gn': 0.02729, 'gc': -0.10755, 'Gn': 0.0, 'Gc': -0.0, 'crossingsN': '', 'crossingsC': ''}
REF: (26, 260) {'gn': 0.69746, 'gc': 0.12662, 'Gn': 1.0, 'Gc': 0.0, 'crossingsN': '', 'crossingsC': ''}
REF: (26, 261) {'gn': 0.68064, 'gc': 0.12063, 'Gn': 1.0, 'Gc': 0.0, 'crossingsN': '', 'crossingsC': ''}
REF: (27, 31) {'gn': -0.00505, 'gc': -0.12851, 'Gn': -0.0, 'Gc': -0.0, 'crossingsN': '', 'crossingsC': ''}
REF: (27, 62) {'gn': 0.12673, 'gc': 0.31209, 'Gn': 0.0, 'Gc': 0.0, 'crossingsN': '', 'crossingsC': ''}
REF: (27, 65) {'gn': 0.11407, 'gc': 0.28078, 'Gn': 0.0, 'Gc': 0.0, 'crossingsN': '', 'crossingsC': ''}
REF: (27, 66) {'gn': 0.1067, 'gc': 0.27925, 'Gn': 0.0, 'Gc': 0.0, 'crossingsN': '', 'crossingsC': ''}
REF: (28, 32) {'gn': -0.00761, 'gc': -0.08852, 'Gn': -0.0, 'Gc': -0.0, 'crossingsN': '', 'crossingsC': ''}
REF: (28, 66) {'gn': 0.1692, 'gc': 0.31024, 'Gn': 0.0, 'Gc': 0.0, 'crossingsN': '', 'crossingsC': ''}
REF: (29, 33) {'gn': 0.01011, 'gc': -0.07982, 'Gn': 0.0, 'Gc': -0.0, 'crossingsN': '', 'crossingsC': ''}
REF: (30, 34) {'gn': 0.0079, 'gc': -0.11103, 'Gn': 0.0, 'Gc': -0.0, 'crossingsN': '', 'crossingsC': ''}
REF: (30, 35) {'gn': 0.01084, 'gc': -0.10961, 'Gn': 0.0, 'Gc': -0.0, 'crossingsN': '', 'crossingsC': ''}
REF: (30, 210) {'gn': 0.59306, 'gc': 0.00519, 'Gn': 0.0, 'Gc': 0.0, 'crossingsN': '', 'crossingsC': ''}
REF: (31, 35) {'gn': -0.0155, 'gc': -0.09256, 'Gn': -0.0, 'Gc': -0.0, 'crossingsN': '', 'crossingsC': ''}
REF: (31, 69) {'gn': 0.15173, 'gc': 0.16094, 'Gn': 0.0, 'Gc': 0.0, 'crossingsN': '', 'crossingsC': ''}
REF: (31, 70) {'gn': 0.14729, 'gc': 0.14135, 'Gn': 0.0, 'Gc': 0.0, 'crossingsN': '', 'crossingsC': ''}
REF: (33, 210) {'gn': 0.60568, 'gc': 0.02277, 'Gn': 1.0, 'Gc': 0.0, 'crossingsN': '', 'crossingsC': ''}
REF: (33, 211) {'gn': 0.60655, 'gc': 0.02305, 'Gn': 1.0, 'Gc': 0.0, 'crossingsN': '', 'crossingsC': ''}
REF: (33, 214) {'gn': 0.61601, 'gc': 0.12753, 'Gn': 1.0, 'Gc': 0.0, 'crossingsN': '', 'crossingsC': ''}
REF: (34, 210) {'gn': 0.51876, 'gc': 0.01084, 'Gn': 0.0, 'Gc': 0.0, 'crossingsN': '', 'crossingsC': ''}
REF: (34, 211) {'gn': 0.52465, 'gc': 0.01487, 'Gn': 0.0, 'Gc': 0.0, 'crossingsN': '', 'crossingsC': ''}
REF: (34, 214) {'gn': 0.5331, 'gc': 0.11557, 'Gn': 0.0, 'Gc': 0.0, 'crossingsN': '', 'crossingsC': ''}
REF: (35, 206) {'gn': 0.5004, 'gc': -0.04671, 'Gn': 0.0, 'Gc': -0.0, 'crossingsN': '', 'crossingsC': ''}
REF: (35, 210) {'gn': 0.50441, 'gc': -0.00053, 'Gn': 0.0, 'Gc': -0.0, 'crossingsN': '', 'crossingsC': ''}
REF: (35, 211) {'gn': 0.49375, 'gc': -0.00537, 'Gn': 0.0, 'Gc': -0.0, 'crossingsN': '', 'crossingsC': ''}
REF: (35, 213) {'gn': 0.48234, 'gc': 0.04387, 'Gn': 0.0, 'Gc': 0.0, 'crossingsN': '', 'crossingsC': ''}
REF: (35, 214) {'gn': 0.50413, 'gc': 0.09238, 'Gn': 0.0, 'Gc': 0.0, 'crossingsN': '', 'crossingsC': ''}
REF: (36, 70) {'gn': 0.15997, 'gc': 0.23083, 'Gn': 0.0, 'Gc': 0.0, 'crossingsN': '', 'crossingsC': ''}
REF: (36, 71) {'gn': 0.1816, 'gc': 0.21728, 'Gn': 0.0, 'Gc': 0.0, 'crossingsN': '', 'crossingsC': ''}
REF: (36, 214) {'gn': 0.48917, 'gc': 0.08082, 'Gn': 0.0, 'Gc': 0.0, 'crossingsN': '', 'crossingsC': ''}
REF: (37, 70) {'gn': 0.07902, 'gc': 0.14733, 'Gn': 0.0, 'Gc': 0.0, 'crossingsN': '', 'crossingsC': ''}
REF: (37, 71) {'gn': 0.09928, 'gc': 0.13433, 'Gn': 0.0, 'Gc': 0.0, 'crossingsN': '', 'crossingsC': ''}
REF: (37, 72) {'gn': 0.11374, 'gc': 0.22056, 'Gn': 0.0, 'Gc': 0.0, 'crossingsN': '', 'crossingsC': ''}
REF: (37, 73) {'gn': 0.14334, 'gc': 0.30162, 'Gn': 0.0, 'Gc': 0.0, 'crossingsN': '', 'crossingsC': ''}
REF: (38, 70) {'gn': 0.06923, 'gc': 0.04992, 'Gn': 0.0, 'Gc': 0.0, 'crossingsN': '', 'crossingsC': ''}
REF: (38, 71) {'gn': 0.08864, 'gc': 0.03985, 'Gn': 0.0, 'Gc': 0.0, 'crossingsN': '', 'crossingsC': ''}
REF: (38, 72) {'gn': 0.09842, 'gc': 0.12597, 'Gn': 0.0, 'Gc': 0.0, 'crossingsN': '', 'crossingsC': ''}
REF: (38, 73) {'gn': 0.12799, 'gc': 0.20784, 'Gn': 0.0, 'Gc': 0.0, 'crossingsN': '', 'crossingsC': ''}
REF: (39, 72) {'gn': -0.00125, 'gc': 0.01986, 'Gn': -0.0, 'Gc': 0.0, 'crossingsN': '', 'crossingsC': ''}
REF: (39, 73) {'gn': 0.02504, 'gc': 0.10185, 'Gn': 0.0, 'Gc': 0.0, 'crossingsN': '', 'crossingsC': ''}
REF: (39, 74) {'gn': 0.0449, 'gc': 0.24907, 'Gn': 0.0, 'Gc': 0.0, 'crossingsN': '', 'crossingsC': ''}
REF: (39, 75) {'gn': 0.06773, 'gc': 0.33594, 'Gn': 0.0, 'Gc': 0.0, 'crossingsN': '', 'crossingsC': ''}
REF: (39, 100) {'gn': 0.069, 'gc': 0.23306, 'Gn': 0.0, 'Gc': 0.0, 'crossingsN': '', 'crossingsC': ''}
REF: (39, 202) {'gn': 0.09012, 'gc': -0.05936, 'Gn': 0.0, 'Gc': -0.0, 'crossingsN': '', 'crossingsC': ''}
REF: (40, 45) {'gn': 0.08583, 'gc': 0.00759, 'Gn': 0.0, 'Gc': 0.0, 'crossingsN': '', 'crossingsC': ''}
REF: (40, 58) {'gn': 0.0408, 'gc': 0.09633, 'Gn': 0.0, 'Gc': 0.0, 'crossingsN': '', 'crossingsC': ''}
REF: (40, 59) {'gn': 0.04351, 'gc': 0.1548, 'Gn': 0.0, 'Gc': 0.0, 'crossingsN': '', 'crossingsC': ''}
REF: (40, 62) {'gn': -0.00128, 'gc': 0.02672, 'Gn': -0.0, 'Gc': 0.0, 'crossingsN': '', 'crossingsC': ''}
REF: (40, 72) {'gn': 0.01066, 'gc': -0.04, 'Gn': 0.0, 'Gc': -0.0, 'crossingsN': '', 'crossingsC': ''}
REF: (40, 73) {'gn': 0.03869, 'gc': 0.0432, 'Gn': 0.0, 'Gc': 0.0, 'crossingsN': '', 'crossingsC': ''}
REF: (40, 74) {'gn': 0.05731, 'gc': 0.18823, 'Gn': 0.0, 'Gc': 0.0, 'crossingsN': '', 'crossingsC': ''}
REF: (40, 75) {'gn': 0.07992, 'gc': 0.27279, 'Gn': 0.0, 'Gc': 0.0, 'crossingsN': '', 'crossingsC': ''}
REF: (41, 45) {'gn': 0.02793, 'gc': -0.06553, 'Gn': 0.0, 'Gc': -0.0, 'crossingsN': '', 'crossingsC': ''}
REF: (41, 46) {'gn': 0.05244, 'gc': -0.00107, 'Gn': 0.0, 'Gc': -0.0, 'crossingsN': '', 'crossingsC': ''}
REF: (41, 47) {'gn': 0.04351, 'gc': 0.06276, 'Gn': 0.0, 'Gc': 0.0, 'crossingsN': '', 'crossingsC': ''}
REF: (41, 55) {'gn': 0.02777, 'gc': 0.09486, 'Gn': 0.0, 'Gc': 0.0, 'crossingsN': '', 'crossingsC': ''}
REF: (41, 58) {'gn': -0.01102, 'gc': 0.01416, 'Gn': -0.0, 'Gc': 0.0, 'crossingsN': '', 'crossingsC': ''}
REF: (41, 59) {'gn': -0.00784, 'gc': 0.06788, 'Gn': -0.0, 'Gc': 0.0, 'crossingsN': '', 'crossingsC': ''}
REF: (41, 74) {'gn': -0.00787, 'gc': 0.11402, 'Gn': -0.0, 'Gc': 0.0, 'crossingsN': '', 'crossingsC': ''}
REF: (41, 75) {'gn': 0.01132, 'gc': 0.19832, 'Gn': 0.0, 'Gc': 0.0, 'crossingsN': '', 'crossingsC': ''}
REF: (42, 46) {'gn': 0.0213, 'gc': 0.03608, 'Gn': 0.0, 'Gc': 0.0, 'crossingsN': '', 'crossingsC': ''}
REF: (42, 47) {'gn': 0.01142, 'gc': 0.10005, 'Gn': 0.0, 'Gc': 0.0, 'crossingsN': '', 'crossingsC': ''}
REF: (42, 74) {'gn': -0.00638, 'gc': 0.076, 'Gn': -0.0, 'Gc': 0.0, 'crossingsN': '', 'crossingsC': ''}
REF: (42, 75) {'gn': 0.01362, 'gc': 0.16379, 'Gn': 0.0, 'Gc': 0.0, 'crossingsN': '', 'crossingsC': ''}
REF: (42, 76) {'gn': 0.02787, 'gc': 0.33938, 'Gn': 0.0, 'Gc': 0.0, 'crossingsN': '', 'crossingsC': ''}
REF: (42, 100) {'gn': 0.02576, 'gc': 0.09404, 'Gn': 0.0, 'Gc': 0.0, 'crossingsN': '', 'crossingsC': ''}
REF: (43, 47) {'gn': -0.02211, 'gc': 0.07815, 'Gn': -0.0, 'Gc': 0.0, 'crossingsN': '', 'crossingsC': ''}
REF: (43, 48) {'gn': -0.00472, 'gc': 0.09804, 'Gn': -0.0, 'Gc': 0.0, 'crossingsN': '', 'crossingsC': ''}
REF: (44, 204) {'gn': 0.40575, 'gc': -0.12177, 'Gn': 0.0, 'Gc': -0.0, 'crossingsN': '', 'crossingsC': ''}
REF: (44, 247) {'gn': 0.39013, 'gc': -0.03644, 'Gn': 0.0, 'Gc': -0.0, 'crossingsN': '', 'crossingsC': ''}
REF: (44, 248) {'gn': 0.4021, 'gc': -0.00345, 'Gn': 0.0, 'Gc': -0.0, 'crossingsN': '', 'crossingsC': ''}
REF: (45, 248) {'gn': 0.59768, 'gc': 0.00446, 'Gn': 0.0, 'Gc': 0.0, 'crossingsN': '', 'crossingsC': ''}
REF: (46, 50) {'gn': -0.01035, 'gc': 0.01716, 'Gn': -0.0, 'Gc': 0.0, 'crossingsN': '', 'crossingsC': ''}
REF: (46, 248) {'gn': 0.64488, 'gc': 0.00207, 'Gn': 1.0, 'Gc': 0.0, 'crossingsN': '', 'crossingsC': ''}
REF: (46, 267) {'gn': 0.6141, 'gc': 0.08851, 'Gn': 1.0, 'Gc': 0.0, 'crossingsN': '', 'crossingsC': ''}
REF: (47, 51) {'gn': 0.02546, 'gc': 0.01365, 'Gn': 0.0, 'Gc': 0.0, 'crossingsN': '', 'crossingsC': ''}
REF: (47, 55) {'gn': -0.00177, 'gc': 0.03003, 'Gn': -0.0, 'Gc': 0.0, 'crossingsN': '', 'crossingsC': ''}
REF: (47, 75) {'gn': 0.18181, 'gc': 0.11974, 'Gn': 0.0, 'Gc': 0.0, 'crossingsN': '', 'crossingsC': ''}
REF: (49, 267) {'gn': 0.54329, 'gc': 0.08997, 'Gn': 0.0, 'Gc': 0.0, 'crossingsN': '', 'crossingsC': ''}
REF: (49, 268) {'gn': 0.56207, 'gc': 0.08148, 'Gn': 0.0, 'Gc': 0.0, 'crossingsN': '', 'crossingsC': ''}
REF: (50, 54) {'gn': -0.01198, 'gc': -0.0115, 'Gn': -0.0, 'Gc': -0.0, 'crossingsN': '', 'crossingsC': ''}
REF: (50, 55) {'gn': -0.02181, 'gc': 0.03951, 'Gn': -0.0, 'Gc': 0.0, 'crossingsN': '', 'crossingsC': ''}
REF: (51, 55) {'gn': -0.03996, 'gc': 0.01337, 'Gn': -0.0, 'Gc': 0.0, 'crossingsN': '', 'crossingsC': ''}
REF: (52, 56) {'gn': -0.01891, 'gc': -0.00884, 'Gn': -0.0, 'Gc': -0.0, 'crossingsN': '', 'crossingsC': ''}
REF: (52, 87) {'gn': 0.16328, 'gc': 0.24742, 'Gn': 0.0, 'Gc': 0.0, 'crossingsN': '', 'crossingsC': ''}
REF: (53, 57) {'gn': -0.04228, 'gc': -0.03325, 'Gn': -0.0, 'Gc': -0.0, 'crossingsN': '', 'crossingsC': ''}
REF: (54, 58) {'gn': -0.07932, 'gc': -0.02913, 'Gn': -0.0, 'Gc': -0.0, 'crossingsN': '', 'crossingsC': ''}
REF: (55, 59) {'gn': -0.03671, 'gc': -0.02599, 'Gn': -0.0, 'Gc': -0.0, 'crossingsN': '', 'crossingsC': ''}
REF: (56, 60) {'gn': -0.04149, 'gc': -0.06857, 'Gn': -0.0, 'Gc': -0.0, 'crossingsN': '', 'crossingsC': ''}
REF: (56, 90) {'gn': 0.16723, 'gc': 0.33493, 'Gn': 0.0, 'Gc': 0.0, 'crossingsN': '', 'crossingsC': ''}
REF: (56, 91) {'gn': 0.15813, 'gc': 0.21322, 'Gn': 0.0, 'Gc': 0.0, 'crossingsN': '', 'crossingsC': ''}
REF: (57, 61) {'gn': -0.03557, 'gc': -0.06716, 'Gn': -0.0, 'Gc': -0.0, 'crossingsN': '', 'crossingsC': ''}
REF: (58, 62) {'gn': -0.0278, 'gc': -0.06888, 'Gn': -0.0, 'Gc': -0.0, 'crossingsN': '', 'crossingsC': ''}
REF: (59, 63) {'gn': -0.00714, 'gc': -0.06846, 'Gn': -0.0, 'Gc': -0.0, 'crossingsN': '', 'crossingsC': ''}
REF: (59, 74) {'gn': 0.17057, 'gc': 0.15817, 'Gn': 0.0, 'Gc': 0.0, 'crossingsN': '', 'crossingsC': ''}
REF: (60, 64) {'gn': -0.01337, 'gc': -0.07935, 'Gn': -0.0, 'Gc': -0.0, 'crossingsN': '', 'crossingsC': ''}
REF: (60, 94) {'gn': 0.22226, 'gc': 0.0924, 'Gn': 0.0, 'Gc': 0.0, 'crossingsN': '', 'crossingsC': ''}
REF: (61, 65) {'gn': -0.00273, 'gc': -0.06449, 'Gn': -0.0, 'Gc': -0.0, 'crossingsN': '', 'crossingsC': ''}
REF: (62, 66) {'gn': 0.04247, 'gc': -0.06645, 'Gn': 0.0, 'Gc': -0.0, 'crossingsN': '', 'crossingsC': ''}
REF: (62, 72) {'gn': 0.1305, 'gc': -0.0093, 'Gn': 0.0, 'Gc': -0.0, 'crossingsN': '', 'crossingsC': ''}
REF: (63, 67) {'gn': 0.02109, 'gc': -0.0868, 'Gn': 0.0, 'Gc': -0.0, 'crossingsN': '', 'crossingsC': ''}
REF: (63, 68) {'gn': 0.03414, 'gc': -0.10987, 'Gn': 0.0, 'Gc': -0.0, 'crossingsN': '', 'crossingsC': ''}
REF: (63, 72) {'gn': 0.03668, 'gc': 0.00998, 'Gn': 0.0, 'Gc': 0.0, 'crossingsN': '', 'crossingsC': ''}
REF: (63, 95) {'gn': 0.23462, 'gc': 0.10918, 'Gn': 0.0, 'Gc': 0.0, 'crossingsN': '', 'crossingsC': ''}
REF: (63, 96) {'gn': 0.23067, 'gc': 0.07317, 'Gn': 0.0, 'Gc': 0.0, 'crossingsN': '', 'crossingsC': ''}
REF: (64, 68) {'gn': 0.02681, 'gc': -0.07824, 'Gn': 0.0, 'Gc': -0.0, 'crossingsN': '', 'crossingsC': ''}
REF: (66, 70) {'gn': 0.00269, 'gc': -0.05404, 'Gn': 0.0, 'Gc': -0.0, 'crossingsN': '', 'crossingsC': ''}
REF: (66, 71) {'gn': 0.08761, 'gc': -0.03269, 'Gn': 0.0, 'Gc': -0.0, 'crossingsN': '', 'crossingsC': ''}
REF: (66, 72) {'gn': 0.08883, 'gc': 0.07011, 'Gn': 0.0, 'Gc': 0.0, 'crossingsN': '', 'crossingsC': ''}
REF: (71, 96) {'gn': 0.19265, 'gc': 0.13228, 'Gn': 0.0, 'Gc': 0.0, 'crossingsN': '', 'crossingsC': ''}
REF: (71, 97) {'gn': 0.2166, 'gc': 0.09605, 'Gn': 0.0, 'Gc': 0.0, 'crossingsN': '', 'crossingsC': ''}
REF: (72, 95) {'gn': 0.23218, 'gc': 0.11793, 'Gn': 0.0, 'Gc': 0.0, 'crossingsN': '', 'crossingsC': ''}
REF: (72, 96) {'gn': 0.19442, 'gc': 0.07977, 'Gn': 0.0, 'Gc': 0.0, 'crossingsN': '', 'crossingsC': ''}
REF: (72, 97) {'gn': 0.21112, 'gc': 0.04307, 'Gn': 0.0, 'Gc': 0.0, 'crossingsN': '', 'crossingsC': ''}
REF: (72, 98) {'gn': 0.24911, 'gc': 0.11384, 'Gn': 0.0, 'Gc': 0.0, 'crossingsN': '', 'crossingsC': ''}
REF: (73, 96) {'gn': 0.05869, 'gc': 0.03169, 'Gn': 0.0, 'Gc': 0.0, 'crossingsN': '', 'crossingsC': ''}
REF: (73, 97) {'gn': 0.07348, 'gc': -0.00498, 'Gn': 0.0, 'Gc': -0.0, 'crossingsN': '', 'crossingsC': ''}
REF: (73, 98) {'gn': 0.11017, 'gc': 0.06626, 'Gn': 0.0, 'Gc': 0.0, 'crossingsN': '', 'crossingsC': ''}
REF: (73, 99) {'gn': 0.1311, 'gc': 0.15746, 'Gn': 0.0, 'Gc': 0.0, 'crossingsN': '', 'crossingsC': ''}
REF: (73, 100) {'gn': 0.16346, 'gc': 0.20854, 'Gn': 0.0, 'Gc': 0.0, 'crossingsN': '', 'crossingsC': ''}
REF: (74, 96) {'gn': 0.03218, 'gc': -0.03502, 'Gn': 0.0, 'Gc': -0.0, 'crossingsN': '', 'crossingsC': ''}
REF: (74, 98) {'gn': 0.08804, 'gc': -0.00223, 'Gn': 0.0, 'Gc': -0.0, 'crossingsN': '', 'crossingsC': ''}
REF: (74, 99) {'gn': 0.1061, 'gc': 0.09138, 'Gn': 0.0, 'Gc': 0.0, 'crossingsN': '', 'crossingsC': ''}
REF: (74, 100) {'gn': 0.13755, 'gc': 0.14279, 'Gn': 0.0, 'Gc': 0.0, 'crossingsN': '', 'crossingsC': ''}
REF: (75, 99) {'gn': 0.03976, 'gc': 0.01582, 'Gn': 0.0, 'Gc': 0.0, 'crossingsN': '', 'crossingsC': ''}
REF: (75, 100) {'gn': 0.07053, 'gc': 0.06698, 'Gn': 0.0, 'Gc': 0.0, 'crossingsN': '', 'crossingsC': ''}
REF: (75, 101) {'gn': 0.09323, 'gc': 0.21833, 'Gn': 0.0, 'Gc': 0.0, 'crossingsN': '', 'crossingsC': ''}
REF: (76, 84) {'gn': 0.06752, 'gc': 0.10121, 'Gn': 0.0, 'Gc': 0.0, 'crossingsN': '', 'crossingsC': ''}
REF: (76, 87) {'gn': 0.04031, 'gc': -0.02995, 'Gn': 0.0, 'Gc': -0.0, 'crossingsN': '', 'crossingsC': ''}
REF: (76, 88) {'gn': 0.03813, 'gc': 0.04346, 'Gn': 0.0, 'Gc': 0.0, 'crossingsN': '', 'crossingsC': ''}
REF: (76, 99) {'gn': 0.0061, 'gc': -0.01985, 'Gn': 0.0, 'Gc': -0.0, 'crossingsN': '', 'crossingsC': ''}
REF: (76, 100) {'gn': 0.03567, 'gc': 0.03339, 'Gn': 0.0, 'Gc': 0.0, 'crossingsN': '', 'crossingsC': ''}
REF: (76, 101) {'gn': 0.05882, 'gc': 0.18345, 'Gn': 0.0, 'Gc': 0.0, 'crossingsN': '', 'crossingsC': ''}
REF: (76, 102) {'gn': 0.08614, 'gc': 0.28513, 'Gn': 0.0, 'Gc': 0.0, 'crossingsN': '', 'crossingsC': ''}
REF: (77, 84) {'gn': 0.02286, 'gc': 0.02428, 'Gn': 0.0, 'Gc': 0.0, 'crossingsN': '', 'crossingsC': ''}
REF: (77, 100) {'gn': 0.04347, 'gc': -0.04389, 'Gn': 0.0, 'Gc': -0.0, 'crossingsN': '', 'crossingsC': ''}
REF: (77, 101) {'gn': 0.06548, 'gc': 0.10733, 'Gn': 0.0, 'Gc': 0.0, 'crossingsN': '', 'crossingsC': ''}
REF: (77, 102) {'gn': 0.09464, 'gc': 0.20975, 'Gn': 0.0, 'Gc': 0.0, 'crossingsN': '', 'crossingsC': ''}
REF: (77, 103) {'gn': 0.11077, 'gc': 0.32805, 'Gn': 0.0, 'Gc': 0.0, 'crossingsN': '', 'crossingsC': ''}
REF: (77, 104) {'gn': 0.114, 'gc': 0.16909, 'Gn': 0.0, 'Gc': 0.0, 'crossingsN': '', 'crossingsC': ''}
REF: (78, 83) {'gn': 0.01624, 'gc': -0.05692, 'Gn': 0.0, 'Gc': -0.0, 'crossingsN': '', 'crossingsC': ''}
REF: (78, 84) {'gn': -0.0006, 'gc': 0.02517, 'Gn': -0.0, 'Gc': 0.0, 'crossingsN': '', 'crossingsC': ''}
REF: (78, 101) {'gn': 0.09684, 'gc': 0.13936, 'Gn': 0.0, 'Gc': 0.0, 'crossingsN': '', 'crossingsC': ''}
REF: (78, 102) {'gn': 0.12535, 'gc': 0.23987, 'Gn': 0.0, 'Gc': 0.0, 'crossingsN': '', 'crossingsC': ''}
REF: (78, 103) {'gn': 0.14151, 'gc': 0.35241, 'Gn': 0.0, 'Gc': 0.0, 'crossingsN': '', 'crossingsC': ''}
REF: (78, 104) {'gn': 0.14522, 'gc': 0.1921, 'Gn': 0.0, 'Gc': 0.0, 'crossingsN': '', 'crossingsC': ''}
REF: (78, 105) {'gn': 0.15649, 'gc': 0.16683, 'Gn': 0.0, 'Gc': 0.0, 'crossingsN': '', 'crossingsC': ''}
REF: (79, 83) {'gn': -0.01634, 'gc': -0.11811, 'Gn': -0.0, 'Gc': -0.0, 'crossingsN': '', 'crossingsC': ''}
REF: (79, 84) {'gn': -0.03257, 'gc': -0.03794, 'Gn': -0.0, 'Gc': -0.0, 'crossingsN': '', 'crossingsC': ''}
REF: (79, 103) {'gn': 0.19686, 'gc': 0.33446, 'Gn': 0.0, 'Gc': 0.0, 'crossingsN': '', 'crossingsC': ''}
REF: (79, 104) {'gn': 0.20042, 'gc': 0.17368, 'Gn': 0.0, 'Gc': 0.0, 'crossingsN': '', 'crossingsC': ''}
REF: (79, 105) {'gn': 0.2141, 'gc': 0.14836, 'Gn': 0.0, 'Gc': 0.0, 'crossingsN': '', 'crossingsC': ''}
REF: (79, 106) {'gn': 0.22678, 'gc': 0.09323, 'Gn': 0.0, 'Gc': 0.0, 'crossingsN': '', 'crossingsC': ''}
REF: (79, 107) {'gn': 0.22389, 'gc': 0.11492, 'Gn': 0.0, 'Gc': 0.0, 'crossingsN': '', 'crossingsC': ''}
REF: (80, 84) {'gn': -0.03512, 'gc': 0.0152, 'Gn': -0.0, 'Gc': 0.0, 'crossingsN': '', 'crossingsC': ''}
REF: (80, 104) {'gn': 0.20841, 'gc': 0.23572, 'Gn': 0.0, 'Gc': 0.0, 'crossingsN': '', 'crossingsC': ''}
REF: (81, 85) {'gn': -0.02559, 'gc': -0.03678, 'Gn': -0.0, 'Gc': -0.0, 'crossingsN': '', 'crossingsC': ''}
REF: (81, 117) {'gn': 0.33272, 'gc': 0.23979, 'Gn': 0.0, 'Gc': 0.0, 'crossingsN': '', 'crossingsC': ''}
REF: (81, 120) {'gn': 0.31113, 'gc': 0.22578, 'Gn': 0.0, 'Gc': 0.0, 'crossingsN': '', 'crossingsC': ''}
REF: (81, 121) {'gn': 0.29564, 'gc': 0.27853, 'Gn': 0.0, 'Gc': 0.0, 'crossingsN': '', 'crossingsC': ''}
REF: (82, 86) {'gn': -0.03533, 'gc': -0.03976, 'Gn': -0.0, 'Gc': -0.0, 'crossingsN': '', 'crossingsC': ''}
REF: (83, 87) {'gn': -0.07098, 'gc': -0.03758, 'Gn': -0.0, 'Gc': -0.0, 'crossingsN': '', 'crossingsC': ''}
REF: (84, 88) {'gn': -0.02965, 'gc': -0.0461, 'Gn': -0.0, 'Gc': -0.0, 'crossingsN': '', 'crossingsC': ''}
REF: (84, 121) {'gn': 0.32423, 'gc': 0.30988, 'Gn': 0.0, 'Gc': 0.0, 'crossingsN': '', 'crossingsC': ''}
REF: (85, 89) {'gn': -0.04352, 'gc': -0.09204, 'Gn': -0.0, 'Gc': -0.0, 'crossingsN': '', 'crossingsC': ''}
REF: (85, 120) {'gn': 0.29517, 'gc': 0.27042, 'Gn': 0.0, 'Gc': 0.0, 'crossingsN': '', 'crossingsC': ''}
REF: (85, 121) {'gn': 0.27075, 'gc': 0.31787, 'Gn': 0.0, 'Gc': 0.0, 'crossingsN': '', 'crossingsC': ''}
REF: (85, 124) {'gn': 0.24224, 'gc': 0.14883, 'Gn': 0.0, 'Gc': 0.0, 'crossingsN': '', 'crossingsC': ''}
REF: (86, 90) {'gn': -0.0323, 'gc': -0.06352, 'Gn': -0.0, 'Gc': -0.0, 'crossingsN': '', 'crossingsC': ''}
REF: (87, 91) {'gn': 0.02137, 'gc': -0.06682, 'Gn': 0.0, 'Gc': -0.0, 'crossingsN': '', 'crossingsC': ''}
REF: (88, 92) {'gn': 0.0179, 'gc': -0.1099, 'Gn': 0.0, 'Gc': -0.0, 'crossingsN': '', 'crossingsC': ''}
REF: (88, 99) {'gn': 0.14473, 'gc': 0.03536, 'Gn': 0.0, 'Gc': 0.0, 'crossingsN': '', 'crossingsC': ''}
REF: (88, 121) {'gn': 0.30055, 'gc': 0.36391, 'Gn': 0.0, 'Gc': 0.0, 'crossingsN': '', 'crossingsC': ''}
REF: (88, 125) {'gn': 0.26642, 'gc': 0.1714, 'Gn': 0.0, 'Gc': 0.0, 'crossingsN': '', 'crossingsC': ''}
REF: (89, 124) {'gn': 0.32959, 'gc': 0.19411, 'Gn': 0.0, 'Gc': 0.0, 'crossingsN': '', 'crossingsC': ''}
REF: (89, 125) {'gn': 0.31675, 'gc': 0.19277, 'Gn': 0.0, 'Gc': 0.0, 'crossingsN': '', 'crossingsC': ''}
REF: (90, 94) {'gn': -0.00943, 'gc': -0.04828, 'Gn': -0.0, 'Gc': -0.0, 'crossingsN': '', 'crossingsC': ''}
REF: (91, 95) {'gn': -0.01729, 'gc': -0.0751, 'Gn': -0.0, 'Gc': -0.0, 'crossingsN': '', 'crossingsC': ''}
REF: (91, 96) {'gn': -0.04875, 'gc': -0.05007, 'Gn': -0.0, 'Gc': -0.0, 'crossingsN': '', 'crossingsC': ''}
REF: (92, 125) {'gn': 0.26143, 'gc': 0.22074, 'Gn': 0.0, 'Gc': 0.0, 'crossingsN': '', 'crossingsC': ''}
REF: (92, 126) {'gn': 0.269, 'gc': 0.11626, 'Gn': 0.0, 'Gc': 0.0, 'crossingsN': '', 'crossingsC': ''}
REF: (92, 127) {'gn': 0.2457, 'gc': 0.10191, 'Gn': 0.0, 'Gc': 0.0, 'crossingsN': '', 'crossingsC': ''}
REF: (97, 127) {'gn': 0.24635, 'gc': 0.13908, 'Gn': 0.0, 'Gc': 0.0, 'crossingsN': '', 'crossingsC': ''}
REF: (97, 128) {'gn': 0.29139, 'gc': 0.09608, 'Gn': 0.0, 'Gc': 0.0, 'crossingsN': '', 'crossingsC': ''}
REF: (98, 127) {'gn': 0.13099, 'gc': 0.10313, 'Gn': 0.0, 'Gc': 0.0, 'crossingsN': '', 'crossingsC': ''}
REF: (98, 128) {'gn': 0.17306, 'gc': 0.06102, 'Gn': 0.0, 'Gc': 0.0, 'crossingsN': '', 'crossingsC': ''}
REF: (98, 129) {'gn': 0.2059, 'gc': 0.17009, 'Gn': 0.0, 'Gc': 0.0, 'crossingsN': '', 'crossingsC': ''}
REF: (98, 130) {'gn': 0.25578, 'gc': 0.21795, 'Gn': 0.0, 'Gc': 0.0, 'crossingsN': '', 'crossingsC': ''}
REF: (99, 127) {'gn': 0.10364, 'gc': 0.04686, 'Gn': 0.0, 'Gc': 0.0, 'crossingsN': '', 'crossingsC': ''}
REF: (99, 128) {'gn': 0.14745, 'gc': 0.00688, 'Gn': 0.0, 'Gc': 0.0, 'crossingsN': '', 'crossingsC': ''}
REF: (99, 129) {'gn': 0.17531, 'gc': 0.11507, 'Gn': 0.0, 'Gc': 0.0, 'crossingsN': '', 'crossingsC': ''}
REF: (99, 130) {'gn': 0.22586, 'gc': 0.16414, 'Gn': 0.0, 'Gc': 0.0, 'crossingsN': '', 'crossingsC': ''}
REF: (100, 129) {'gn': 0.01719, 'gc': 0.05913, 'Gn': 0.0, 'Gc': 0.0, 'crossingsN': '', 'crossingsC': ''}
REF: (100, 130) {'gn': 0.06431, 'gc': 0.1075, 'Gn': 0.0, 'Gc': 0.0, 'crossingsN': '', 'crossingsC': ''}
REF: (100, 131) {'gn': 0.10761, 'gc': 0.24238, 'Gn': 0.0, 'Gc': 0.0, 'crossingsN': '', 'crossingsC': ''}
REF: (100, 132) {'gn': 0.15, 'gc': 0.30903, 'Gn': 0.0, 'Gc': 0.0, 'crossingsN': '', 'crossingsC': ''}
REF: (101, 129) {'gn': 0.01212, 'gc': 0.01431, 'Gn': 0.0, 'Gc': 0.0, 'crossingsN': '', 'crossingsC': ''}
REF: (101, 130) {'gn': 0.06022, 'gc': 0.06596, 'Gn': 0.0, 'Gc': 0.0, 'crossingsN': '', 'crossingsC': ''}
REF: (101, 131) {'gn': 0.10264, 'gc': 0.20445, 'Gn': 0.0, 'Gc': 0.0, 'crossingsN': '', 'crossingsC': ''}
REF: (101, 132) {'gn': 0.14452, 'gc': 0.27001, 'Gn': 0.0, 'Gc': 0.0, 'crossingsN': '', 'crossingsC': ''}
REF: (102, 131) {'gn': 0.00385, 'gc': 0.14518, 'Gn': 0.0, 'Gc': 0.0, 'crossingsN': '', 'crossingsC': ''}
REF: (102, 132) {'gn': 0.04264, 'gc': 0.212, 'Gn': 0.0, 'Gc': 0.0, 'crossingsN': '', 'crossingsC': ''}
REF: (102, 133) {'gn': 0.07615, 'gc': 0.33696, 'Gn': 0.0, 'Gc': 0.0, 'crossingsN': '', 'crossingsC': ''}
REF: (102, 134) {'gn': 0.10578, 'gc': 0.35802, 'Gn': 0.0, 'Gc': 0.0, 'crossingsN': '', 'crossingsC': ''}
REF: (103, 114) {'gn': 0.01586, 'gc': -0.01488, 'Gn': 0.0, 'Gc': -0.0, 'crossingsN': '', 'crossingsC': ''}
REF: (103, 131) {'gn': 0.02205, 'gc': 0.14321, 'Gn': 0.0, 'Gc': 0.0, 'crossingsN': '', 'crossingsC': ''}
REF: (103, 132) {'gn': 0.06253, 'gc': 0.21444, 'Gn': 0.0, 'Gc': 0.0, 'crossingsN': '', 'crossingsC': ''}
REF: (103, 133) {'gn': 0.09584, 'gc': 0.33659, 'Gn': 0.0, 'Gc': 0.0, 'crossingsN': '', 'crossingsC': ''}
REF: (103, 134) {'gn': 0.12635, 'gc': 0.35215, 'Gn': 0.0, 'Gc': 0.0, 'crossingsN': '', 'crossingsC': ''}
REF: (103, 138) {'gn': 0.13618, 'gc': 0.12259, 'Gn': 0.0, 'Gc': 0.0, 'crossingsN': '', 'crossingsC': ''}
REF: (103, 140) {'gn': 0.12705, 'gc': 0.19964, 'Gn': 0.0, 'Gc': 0.0, 'crossingsN': '', 'crossingsC': ''}
REF: (103, 141) {'gn': 0.11896, 'gc': 0.25247, 'Gn': 0.0, 'Gc': 0.0, 'crossingsN': '', 'crossingsC': ''}
REF: (103, 142) {'gn': 0.1011, 'gc': 0.23971, 'Gn': 0.0, 'Gc': 0.0, 'crossingsN': '', 'crossingsC': ''}
REF: (104, 108) {'gn': 0.05369, 'gc': -0.04067, 'Gn': 0.0, 'Gc': -0.0, 'crossingsN': '', 'crossingsC': ''}
REF: (104, 109) {'gn': 0.04091, 'gc': -0.02326, 'Gn': 0.0, 'Gc': -0.0, 'crossingsN': '', 'crossingsC': ''}
REF: (104, 114) {'gn': 0.00362, 'gc': 0.09606, 'Gn': 0.0, 'Gc': 0.0, 'crossingsN': '', 'crossingsC': ''}
REF: (104, 138) {'gn': 0.19922, 'gc': 0.15989, 'Gn': 0.0, 'Gc': 0.0, 'crossingsN': '', 'crossingsC': ''}
REF: (104, 140) {'gn': 0.18895, 'gc': 0.23309, 'Gn': 0.0, 'Gc': 0.0, 'crossingsN': '', 'crossingsC': ''}
REF: (105, 137) {'gn': 0.17126, 'gc': 0.19045, 'Gn': 0.0, 'Gc': 0.0, 'crossingsN': '', 'crossingsC': ''}
REF: (105, 138) {'gn': 0.15453, 'gc': 0.15398, 'Gn': 0.0, 'Gc': 0.0, 'crossingsN': '', 'crossingsC': ''}
REF: (105, 139) {'gn': 0.16161, 'gc': 0.15916, 'Gn': 0.0, 'Gc': 0.0, 'crossingsN': '', 'crossingsC': ''}
REF: (105, 140) {'gn': 0.14665, 'gc': 0.22446, 'Gn': 0.0, 'Gc': 0.0, 'crossingsN': '', 'crossingsC': ''}
REF: (106, 138) {'gn': 0.24338, 'gc': 0.16133, 'Gn': 0.0, 'Gc': 0.0, 'crossingsN': '', 'crossingsC': ''}
REF: (106, 139) {'gn': 0.24876, 'gc': 0.16461, 'Gn': 0.0, 'Gc': 0.0, 'crossingsN': '', 'crossingsC': ''}
REF: (108, 138) {'gn': 0.41438, 'gc': 0.14816, 'Gn': 0.0, 'Gc': 0.0, 'crossingsN': '', 'crossingsC': ''}
REF: (108, 139) {'gn': 0.41746, 'gc': 0.15005, 'Gn': 0.0, 'Gc': 0.0, 'crossingsN': '', 'crossingsC': ''}
REF: (108, 140) {'gn': 0.39503, 'gc': 0.21183, 'Gn': 0.0, 'Gc': 0.0, 'crossingsN': '', 'crossingsC': ''}
REF: (109, 113) {'gn': -0.03923, 'gc': 0.02642, 'Gn': -0.0, 'Gc': 0.0, 'crossingsN': '', 'crossingsC': ''}
REF: (109, 114) {'gn': -0.05064, 'gc': 0.10061, 'Gn': -0.0, 'Gc': 0.0, 'crossingsN': '', 'crossingsC': ''}
REF: (109, 140) {'gn': 0.30119, 'gc': 0.21706, 'Gn': 0.0, 'Gc': 0.0, 'crossingsN': '', 'crossingsC': ''}
REF: (110, 114) {'gn': -0.04943, 'gc': 0.08208, 'Gn': -0.0, 'Gc': 0.0, 'crossingsN': '', 'crossingsC': ''}
REF: (111, 115) {'gn': -0.05763, 'gc': 0.0416, 'Gn': -0.0, 'Gc': 0.0, 'crossingsN': '', 'crossingsC': ''}
REF: (111, 142) {'gn': 0.15063, 'gc': 0.21794, 'Gn': 0.0, 'Gc': 0.0, 'crossingsN': '', 'crossingsC': ''}
REF: (111, 143) {'gn': 0.15448, 'gc': 0.27188, 'Gn': 0.0, 'Gc': 0.0, 'crossingsN': '', 'crossingsC': ''}
REF: (111, 146) {'gn': 0.10746, 'gc': 0.21249, 'Gn': 0.0, 'Gc': 0.0, 'crossingsN': '', 'crossingsC': ''}
REF: (112, 116) {'gn': -0.06941, 'gc': 0.00053, 'Gn': -0.0, 'Gc': 0.0, 'crossingsN': '', 'crossingsC': ''}
REF: (113, 117) {'gn': -0.08784, 'gc': 0.00543, 'Gn': -0.0, 'Gc': 0.0, 'crossingsN': '', 'crossingsC': ''}
REF: (114, 118) {'gn': -0.0929, 'gc': -0.00582, 'Gn': -0.0, 'Gc': -0.0, 'crossingsN': '', 'crossingsC': ''}
REF: (114, 142) {'gn': 0.25502, 'gc': 0.23084, 'Gn': 0.0, 'Gc': 0.0, 'crossingsN': '', 'crossingsC': ''}
REF: (115, 119) {'gn': -0.06617, 'gc': -0.03264, 'Gn': -0.0, 'Gc': -0.0, 'crossingsN': '', 'crossingsC': ''}
REF: (115, 146) {'gn': 0.21644, 'gc': 0.23064, 'Gn': 0.0, 'Gc': 0.0, 'crossingsN': '', 'crossingsC': ''}
REF: (115, 149) {'gn': 0.18212, 'gc': 0.31875, 'Gn': 0.0, 'Gc': 0.0, 'crossingsN': '', 'crossingsC': ''}
REF: (115, 150) {'gn': 0.1537, 'gc': 0.32697, 'Gn': 0.0, 'Gc': 0.0, 'crossingsN': '', 'crossingsC': ''}
REF: (116, 120) {'gn': -0.05274, 'gc': -0.03524, 'Gn': -0.0, 'Gc': -0.0, 'crossingsN': '', 'crossingsC': ''}
REF: (117, 121) {'gn': -0.07985, 'gc': -0.04109, 'Gn': -0.0, 'Gc': -0.0, 'crossingsN': '', 'crossingsC': ''}
REF: (118, 122) {'gn': -0.03471, 'gc': -0.0634, 'Gn': -0.0, 'Gc': -0.0, 'crossingsN': '', 'crossingsC': ''}
REF: (118, 150) {'gn': 0.27283, 'gc': 0.35942, 'Gn': 0.0, 'Gc': 0.0, 'crossingsN': '', 'crossingsC': ''}
REF: (119, 123) {'gn': -0.03169, 'gc': -0.07846, 'Gn': -0.0, 'Gc': -0.0, 'crossingsN': '', 'crossingsC': ''}
REF: (119, 150) {'gn': 0.30451, 'gc': 0.36278, 'Gn': 0.0, 'Gc': 0.0, 'crossingsN': '', 'crossingsC': ''}
REF: (119, 153) {'gn': 0.27629, 'gc': 0.17122, 'Gn': 0.0, 'Gc': 0.0, 'crossingsN': '', 'crossingsC': ''}
REF: (120, 124) {'gn': -0.03295, 'gc': -0.04401, 'Gn': -0.0, 'Gc': -0.0, 'crossingsN': '', 'crossingsC': ''}
REF: (121, 125) {'gn': 0.003, 'gc': -0.0589, 'Gn': 0.0, 'Gc': -0.0, 'crossingsN': '', 'crossingsC': ''}
REF: (122, 126) {'gn': -0.0198, 'gc': -0.08635, 'Gn': -0.0, 'Gc': -0.0, 'crossingsN': '', 'crossingsC': ''}
REF: (122, 127) {'gn': -0.09421, 'gc': -0.07594, 'Gn': -0.0, 'Gc': -0.0, 'crossingsN': '', 'crossingsC': ''}
REF: (122, 129) {'gn': 0.04812, 'gc': 0.03601, 'Gn': 0.0, 'Gc': 0.0, 'crossingsN': '', 'crossingsC': ''}
REF: (122, 153) {'gn': 0.31461, 'gc': 0.18883, 'Gn': 0.0, 'Gc': 0.0, 'crossingsN': '', 'crossingsC': ''}
REF: (122, 155) {'gn': 0.25607, 'gc': 0.09525, 'Gn': 0.0, 'Gc': 0.0, 'crossingsN': '', 'crossingsC': ''}
REF: (122, 156) {'gn': 0.2917, 'gc': 0.06852, 'Gn': 0.0, 'Gc': 0.0, 'crossingsN': '', 'crossingsC': ''}
REF: (123, 155) {'gn': 0.29161, 'gc': 0.10457, 'Gn': 0.0, 'Gc': 0.0, 'crossingsN': '', 'crossingsC': ''}
REF: (126, 155) {'gn': 0.26793, 'gc': 0.12213, 'Gn': 0.0, 'Gc': 0.0, 'crossingsN': '', 'crossingsC': ''}
REF: (127, 155) {'gn': 0.39288, 'gc': 0.11958, 'Gn': 0.0, 'Gc': 0.0, 'crossingsN': '', 'crossingsC': ''}
REF: (128, 155) {'gn': 0.21278, 'gc': 0.11711, 'Gn': 0.0, 'Gc': 0.0, 'crossingsN': '', 'crossingsC': ''}
REF: (128, 156) {'gn': 0.25174, 'gc': 0.08575, 'Gn': 0.0, 'Gc': 0.0, 'crossingsN': '', 'crossingsC': ''}
REF: (128, 157) {'gn': 0.29283, 'gc': 0.10173, 'Gn': 0.0, 'Gc': 0.0, 'crossingsN': '', 'crossingsC': ''}
REF: (129, 155) {'gn': 0.1909, 'gc': 0.08829, 'Gn': 0.0, 'Gc': 0.0, 'crossingsN': '', 'crossingsC': ''}
REF: (129, 156) {'gn': 0.22088, 'gc': 0.05887, 'Gn': 0.0, 'Gc': 0.0, 'crossingsN': '', 'crossingsC': ''}
REF: (129, 157) {'gn': 0.26423, 'gc': 0.07375, 'Gn': 0.0, 'Gc': 0.0, 'crossingsN': '', 'crossingsC': ''}
REF: (129, 158) {'gn': 0.31774, 'gc': 0.11758, 'Gn': 0.0, 'Gc': 0.0, 'crossingsN': '', 'crossingsC': ''}
REF: (130, 156) {'gn': 0.06903, 'gc': 0.03142, 'Gn': 0.0, 'Gc': 0.0, 'crossingsN': '', 'crossingsC': ''}
REF: (130, 157) {'gn': 0.11221, 'gc': 0.04719, 'Gn': 0.0, 'Gc': 0.0, 'crossingsN': '', 'crossingsC': ''}
REF: (130, 158) {'gn': 0.16274, 'gc': 0.0912, 'Gn': 0.0, 'Gc': 0.0, 'crossingsN': '', 'crossingsC': ''}
REF: (130, 159) {'gn': 0.20489, 'gc': 0.16083, 'Gn': 0.0, 'Gc': 0.0, 'crossingsN': '', 'crossingsC': ''}
REF: (130, 160) {'gn': 0.27289, 'gc': 0.17462, 'Gn': 0.0, 'Gc': 0.0, 'crossingsN': '', 'crossingsC': ''}
REF: (131, 156) {'gn': 0.02607, 'gc': -0.00478, 'Gn': 0.0, 'Gc': -0.0, 'crossingsN': '', 'crossingsC': ''}
REF: (131, 158) {'gn': 0.11272, 'gc': 0.05168, 'Gn': 0.0, 'Gc': 0.0, 'crossingsN': '', 'crossingsC': ''}
REF: (131, 159) {'gn': 0.15373, 'gc': 0.1182, 'Gn': 0.0, 'Gc': 0.0, 'crossingsN': '', 'crossingsC': ''}
REF: (131, 160) {'gn': 0.21902, 'gc': 0.13037, 'Gn': 0.0, 'Gc': 0.0, 'crossingsN': '', 'crossingsC': ''}
REF: (132, 159) {'gn': 0.03481, 'gc': 0.08728, 'Gn': 0.0, 'Gc': 0.0, 'crossingsN': '', 'crossingsC': ''}
REF: (132, 160) {'gn': 0.09921, 'gc': 0.10234, 'Gn': 0.0, 'Gc': 0.0, 'crossingsN': '', 'crossingsC': ''}
REF: (132, 161) {'gn': 0.13691, 'gc': 0.23423, 'Gn': 0.0, 'Gc': 0.0, 'crossingsN': '', 'crossingsC': ''}
REF: (132, 162) {'gn': 0.18404, 'gc': 0.27462, 'Gn': 0.0, 'Gc': 0.0, 'crossingsN': '', 'crossingsC': ''}
REF: (133, 141) {'gn': 0.03123, 'gc': -0.02, 'Gn': 0.0, 'Gc': -0.0, 'crossingsN': '', 'crossingsC': ''}
REF: (133, 142) {'gn': -0.01485, 'gc': 0.00835, 'Gn': -0.0, 'Gc': 0.0, 'crossingsN': '', 'crossingsC': ''}
REF: (133, 159) {'gn': -0.02393, 'gc': 0.05148, 'Gn': -0.0, 'Gc': 0.0, 'crossingsN': '', 'crossingsC': ''}
REF: (133, 160) {'gn': 0.03842, 'gc': 0.06487, 'Gn': 0.0, 'Gc': 0.0, 'crossingsN': '', 'crossingsC': ''}
REF: (133, 161) {'gn': 0.0771, 'gc': 0.19287, 'Gn': 0.0, 'Gc': 0.0, 'crossingsN': '', 'crossingsC': ''}
REF: (133, 162) {'gn': 0.12375, 'gc': 0.23096, 'Gn': 0.0, 'Gc': 0.0, 'crossingsN': '', 'crossingsC': ''}
REF: (133, 163) {'gn': 0.12993, 'gc': 0.21514, 'Gn': 0.0, 'Gc': 0.0, 'crossingsN': '', 'crossingsC': ''}
REF: (134, 138) {'gn': 0.01129, 'gc': -0.07016, 'Gn': 0.0, 'Gc': -0.0, 'crossingsN': '', 'crossingsC': ''}
REF: (134, 140) {'gn': -0.0518, 'gc': -0.02689, 'Gn': -0.0, 'Gc': -0.0, 'crossingsN': '', 'crossingsC': ''}
REF: (134, 141) {'gn': -0.04236, 'gc': 0.02502, 'Gn': -0.0, 'Gc': 0.0, 'crossingsN': '', 'crossingsC': ''}
REF: (134, 161) {'gn': 0.07942, 'gc': 0.17751, 'Gn': 0.0, 'Gc': 0.0, 'crossingsN': '', 'crossingsC': ''}
REF: (134, 162) {'gn': 0.12802, 'gc': 0.21539, 'Gn': 0.0, 'Gc': 0.0, 'crossingsN': '', 'crossingsC': ''}
REF: (134, 163) {'gn': 0.13308, 'gc': 0.20528, 'Gn': 0.0, 'Gc': 0.0, 'crossingsN': '', 'crossingsC': ''}
REF: (135, 139) {'gn': 0.00771, 'gc': -0.05732, 'Gn': 0.0, 'Gc': -0.0, 'crossingsN': '', 'crossingsC': ''}
REF: (135, 140) {'gn': -0.05301, 'gc': -0.03289, 'Gn': -0.0, 'Gc': -0.0, 'crossingsN': '', 'crossingsC': ''}
REF: (135, 141) {'gn': -0.04115, 'gc': 0.02072, 'Gn': -0.0, 'Gc': 0.0, 'crossingsN': '', 'crossingsC': ''}
REF: (135, 142) {'gn': -0.08514, 'gc': 0.05085, 'Gn': -0.0, 'Gc': 0.0, 'crossingsN': '', 'crossingsC': ''}
REF: (135, 162) {'gn': 0.17092, 'gc': 0.21508, 'Gn': 0.0, 'Gc': 0.0, 'crossingsN': '', 'crossingsC': ''}
REF: (135, 163) {'gn': 0.17689, 'gc': 0.20486, 'Gn': 0.0, 'Gc': 0.0, 'crossingsN': '', 'crossingsC': ''}
REF: (136, 140) {'gn': -0.09405, 'gc': -0.00313, 'Gn': -0.0, 'Gc': -0.0, 'crossingsN': '', 'crossingsC': ''}
REF: (136, 163) {'gn': 0.23961, 'gc': 0.20213, 'Gn': 0.0, 'Gc': 0.0, 'crossingsN': '', 'crossingsC': ''}
REF: (142, 146) {'gn': 0.04314, 'gc': 0.0145, 'Gn': 0.0, 'Gc': 0.0, 'crossingsN': '', 'crossingsC': ''}
REF: (142, 147) {'gn': 0.0386, 'gc': 0.07814, 'Gn': 0.0, 'Gc': 0.0, 'crossingsN': '', 'crossingsC': ''}
REF: (143, 147) {'gn': -0.05203, 'gc': 0.03425, 'Gn': -0.0, 'Gc': 0.0, 'crossingsN': '', 'crossingsC': ''}
REF: (144, 148) {'gn': -0.03847, 'gc': -0.0211, 'Gn': -0.0, 'Gc': -0.0, 'crossingsN': '', 'crossingsC': ''}
REF: (144, 168) {'gn': 0.20061, 'gc': 0.21484, 'Gn': 0.0, 'Gc': 0.0, 'crossingsN': '', 'crossingsC': ''}
REF: (144, 171) {'gn': 0.17492, 'gc': 0.20536, 'Gn': 0.0, 'Gc': 0.0, 'crossingsN': '', 'crossingsC': ''}
REF: (144, 172) {'gn': 0.14627, 'gc': 0.16174, 'Gn': 0.0, 'Gc': 0.0, 'crossingsN': '', 'crossingsC': ''}
REF: (144, 175) {'gn': 0.12889, 'gc': 0.18465, 'Gn': 0.0, 'Gc': 0.0, 'crossingsN': '', 'crossingsC': ''}
REF: (145, 149) {'gn': -0.06018, 'gc': -0.01805, 'Gn': -0.0, 'Gc': -0.0, 'crossingsN': '', 'crossingsC': ''}
REF: (145, 172) {'gn': 0.1794, 'gc': 0.17819, 'Gn': 0.0, 'Gc': 0.0, 'crossingsN': '', 'crossingsC': ''}
REF: (145, 175) {'gn': 0.16206, 'gc': 0.19308, 'Gn': 0.0, 'Gc': 0.0, 'crossingsN': '', 'crossingsC': ''}
REF: (146, 150) {'gn': -0.06491, 'gc': -0.00067, 'Gn': -0.0, 'Gc': -0.0, 'crossingsN': '', 'crossingsC': ''}
REF: (147, 151) {'gn': -0.00669, 'gc': -0.0185, 'Gn': -0.0, 'Gc': -0.0, 'crossingsN': '', 'crossingsC': ''}
REF: (147, 172) {'gn': 0.32017, 'gc': 0.19668, 'Gn': 0.0, 'Gc': 0.0, 'crossingsN': '', 'crossingsC': ''}
REF: (147, 176) {'gn': 0.28613, 'gc': 0.23341, 'Gn': 0.0, 'Gc': 0.0, 'crossingsN': '', 'crossingsC': ''}
REF: (148, 152) {'gn': -0.03685, 'gc': -0.06316, 'Gn': -0.0, 'Gc': -0.0, 'crossingsN': '', 'crossingsC': ''}
REF: (148, 172) {'gn': 0.30325, 'gc': 0.19355, 'Gn': 0.0, 'Gc': 0.0, 'crossingsN': '', 'crossingsC': ''}
REF: (148, 175) {'gn': 0.28203, 'gc': 0.20172, 'Gn': 0.0, 'Gc': 0.0, 'crossingsN': '', 'crossingsC': ''}
REF: (148, 176) {'gn': 0.2637, 'gc': 0.23594, 'Gn': 0.0, 'Gc': 0.0, 'crossingsN': '', 'crossingsC': ''}
REF: (149, 153) {'gn': -0.04994, 'gc': -0.01899, 'Gn': -0.0, 'Gc': -0.0, 'crossingsN': '', 'crossingsC': ''}
REF: (150, 156) {'gn': -0.05363, 'gc': -0.00716, 'Gn': -0.0, 'Gc': -0.0, 'crossingsN': '', 'crossingsC': ''}
REF: (151, 156) {'gn': -0.13003, 'gc': -0.02604, 'Gn': -0.0, 'Gc': -0.0, 'crossingsN': '', 'crossingsC': ''}
REF: (151, 157) {'gn': 0.03639, 'gc': -0.02447, 'Gn': 0.0, 'Gc': -0.0, 'crossingsN': '', 'crossingsC': ''}
REF: (151, 158) {'gn': 0.12634, 'gc': 0.03972, 'Gn': 0.0, 'Gc': 0.0, 'crossingsN': '', 'crossingsC': ''}
REF: (151, 176) {'gn': 0.31002, 'gc': 0.25085, 'Gn': 0.0, 'Gc': 0.0, 'crossingsN': '', 'crossingsC': ''}
REF: (151, 180) {'gn': 0.2994, 'gc': 0.04651, 'Gn': 0.0, 'Gc': 0.0, 'crossingsN': '', 'crossingsC': ''}
REF: (152, 156) {'gn': -0.1296, 'gc': 0.01886, 'Gn': -0.0, 'Gc': 0.0, 'crossingsN': '', 'crossingsC': ''}
REF: (152, 176) {'gn': 0.36189, 'gc': 0.25431, 'Gn': 0.0, 'Gc': 0.0, 'crossingsN': '', 'crossingsC': ''}
REF: (157, 179) {'gn': 0.30125, 'gc': 0.05365, 'Gn': 0.0, 'Gc': 0.0, 'crossingsN': '', 'crossingsC': ''}
REF: (157, 180) {'gn': 0.27934, 'gc': 0.04986, 'Gn': 0.0, 'Gc': 0.0, 'crossingsN': '', 'crossingsC': ''}
REF: (157, 181) {'gn': 0.31683, 'gc': 0.03441, 'Gn': 0.0, 'Gc': 0.0, 'crossingsN': '', 'crossingsC': ''}
REF: (158, 180) {'gn': 0.1717, 'gc': 0.04273, 'Gn': 0.0, 'Gc': 0.0, 'crossingsN': '', 'crossingsC': ''}
REF: (158, 181) {'gn': 0.20606, 'gc': 0.02657, 'Gn': 0.0, 'Gc': 0.0, 'crossingsN': '', 'crossingsC': ''}
REF: (158, 182) {'gn': 0.2635, 'gc': 0.0553, 'Gn': 0.0, 'Gc': 0.0, 'crossingsN': '', 'crossingsC': ''}
REF: (158, 183) {'gn': 0.32592, 'gc': 0.13977, 'Gn': 0.0, 'Gc': 0.0, 'crossingsN': '', 'crossingsC': ''}
REF: (159, 181) {'gn': 0.14018, 'gc': 0.00598, 'Gn': 0.0, 'Gc': 0.0, 'crossingsN': '', 'crossingsC': ''}
REF: (159, 182) {'gn': 0.19706, 'gc': 0.03301, 'Gn': 0.0, 'Gc': 0.0, 'crossingsN': '', 'crossingsC': ''}
REF: (159, 183) {'gn': 0.25634, 'gc': 0.11553, 'Gn': 0.0, 'Gc': 0.0, 'crossingsN': '', 'crossingsC': ''}
REF: (160, 182) {'gn': 0.03213, 'gc': 0.00572, 'Gn': 0.0, 'Gc': 0.0, 'crossingsN': '', 'crossingsC': ''}
REF: (160, 183) {'gn': 0.09167, 'gc': 0.08819, 'Gn': 0.0, 'Gc': 0.0, 'crossingsN': '', 'crossingsC': ''}
REF: (160, 184) {'gn': 0.16074, 'gc': 0.19653, 'Gn': 0.0, 'Gc': 0.0, 'crossingsN': '', 'crossingsC': ''}
REF: (160, 185) {'gn': 0.20572, 'gc': 0.14024, 'Gn': 0.0, 'Gc': 0.0, 'crossingsN': '', 'crossingsC': ''}
REF: (160, 201) {'gn': 0.23032, 'gc': -0.02786, 'Gn': 0.0, 'Gc': -0.0, 'crossingsN': '', 'crossingsC': ''}
REF: (160, 202) {'gn': 0.26072, 'gc': -0.01599, 'Gn': 0.0, 'Gc': -0.0, 'crossingsN': '', 'crossingsC': ''}
REF: (161, 182) {'gn': 0.02449, 'gc': -0.01026, 'Gn': 0.0, 'Gc': -0.0, 'crossingsN': '', 'crossingsC': ''}
REF: (161, 183) {'gn': 0.08693, 'gc': 0.06703, 'Gn': 0.0, 'Gc': 0.0, 'crossingsN': '', 'crossingsC': ''}
REF: (161, 184) {'gn': 0.15682, 'gc': 0.17208, 'Gn': 0.0, 'Gc': 0.0, 'crossingsN': '', 'crossingsC': ''}
REF: (161, 185) {'gn': 0.20347, 'gc': 0.1117, 'Gn': 0.0, 'Gc': 0.0, 'crossingsN': '', 'crossingsC': ''}
REF: (161, 186) {'gn': 0.24719, 'gc': 0.1736, 'Gn': 0.0, 'Gc': 0.0, 'crossingsN': '', 'crossingsC': ''}
REF: (162, 184) {'gn': 0.06264, 'gc': 0.16075, 'Gn': 0.0, 'Gc': 0.0, 'crossingsN': '', 'crossingsC': ''}
REF: (162, 185) {'gn': 0.10736, 'gc': 0.09818, 'Gn': 0.0, 'Gc': 0.0, 'crossingsN': '', 'crossingsC': ''}
REF: (162, 186) {'gn': 0.15183, 'gc': 0.15304, 'Gn': 0.0, 'Gc': 0.0, 'crossingsN': '', 'crossingsC': ''}
REF: (163, 185) {'gn': 0.17505, 'gc': 0.09626, 'Gn': 0.0, 'Gc': 0.0, 'crossingsN': '', 'crossingsC': ''}
REF: (163, 186) {'gn': 0.21926, 'gc': 0.14881, 'Gn': 0.0, 'Gc': 0.0, 'crossingsN': '', 'crossingsC': ''}
REF: (164, 185) {'gn': 0.17812, 'gc': 0.0746, 'Gn': 0.0, 'Gc': 0.0, 'crossingsN': '', 'crossingsC': ''}
REF: (164, 186) {'gn': 0.22071, 'gc': 0.1235, 'Gn': 0.0, 'Gc': 0.0, 'crossingsN': '', 'crossingsC': ''}
REF: (164, 189) {'gn': 0.21362, 'gc': 0.16363, 'Gn': 0.0, 'Gc': 0.0, 'crossingsN': '', 'crossingsC': ''}
REF: (166, 192) {'gn': 0.29925, 'gc': 0.30424, 'Gn': 0.0, 'Gc': 0.0, 'crossingsN': '', 'crossingsC': ''}
REF: (166, 193) {'gn': 0.2696, 'gc': 0.16687, 'Gn': 0.0, 'Gc': 0.0, 'crossingsN': '', 'crossingsC': ''}
REF: (166, 196) {'gn': 0.24685, 'gc': 0.04336, 'Gn': 0.0, 'Gc': 0.0, 'crossingsN': '', 'crossingsC': ''}
REF: (167, 171) {'gn': -0.05081, 'gc': -0.02293, 'Gn': -0.0, 'Gc': -0.0, 'crossingsN': '', 'crossingsC': ''}
REF: (168, 172) {'gn': -0.0713, 'gc': -0.02654, 'Gn': -0.0, 'Gc': -0.0, 'crossingsN': '', 'crossingsC': ''}
REF: (169, 173) {'gn': -0.03815, 'gc': -0.04179, 'Gn': -0.0, 'Gc': -0.0, 'crossingsN': '', 'crossingsC': ''}
REF: (169, 182) {'gn': 0.02844, 'gc': 0.00354, 'Gn': 0.0, 'Gc': 0.0, 'crossingsN': '', 'crossingsC': ''}
REF: (169, 193) {'gn': 0.33735, 'gc': 0.17572, 'Gn': 0.0, 'Gc': 0.0, 'crossingsN': '', 'crossingsC': ''}
REF: (169, 196) {'gn': 0.30456, 'gc': 0.03473, 'Gn': 0.0, 'Gc': 0.0, 'crossingsN': '', 'crossingsC': ''}
REF: (169, 197) {'gn': 0.28373, 'gc': 0.03702, 'Gn': 0.0, 'Gc': 0.0, 'crossingsN': '', 'crossingsC': ''}
REF: (169, 198) {'gn': 0.29331, 'gc': -0.00369, 'Gn': 0.0, 'Gc': -0.0, 'crossingsN': '', 'crossingsC': ''}
REF: (170, 174) {'gn': -0.0273, 'gc': -0.01866, 'Gn': -0.0, 'Gc': -0.0, 'crossingsN': '', 'crossingsC': ''}
REF: (170, 196) {'gn': 0.28267, 'gc': 0.02524, 'Gn': 0.0, 'Gc': 0.0, 'crossingsN': '', 'crossingsC': ''}
REF: (170, 197) {'gn': 0.25591, 'gc': 0.02833, 'Gn': 0.0, 'Gc': 0.0, 'crossingsN': '', 'crossingsC': ''}
REF: (171, 175) {'gn': -0.02803, 'gc': -0.01008, 'Gn': -0.0, 'Gc': -0.0, 'crossingsN': '', 'crossingsC': ''}
REF: (172, 176) {'gn': 0.00352, 'gc': -0.00938, 'Gn': 0.0, 'Gc': -0.0, 'crossingsN': '', 'crossingsC': ''}
REF: (173, 177) {'gn': -0.01357, 'gc': -0.01162, 'Gn': -0.0, 'Gc': -0.0, 'crossingsN': '', 'crossingsC': ''}
REF: (173, 178) {'gn': 0.03978, 'gc': -0.02001, 'Gn': 0.0, 'Gc': -0.0, 'crossingsN': '', 'crossingsC': ''}
REF: (176, 180) {'gn': 0.01412, 'gc': 0.00173, 'Gn': 0.0, 'Gc': 0.0, 'crossingsN': '', 'crossingsC': ''}
REF: (181, 198) {'gn': 0.26788, 'gc': -0.01861, 'Gn': 0.0, 'Gc': -0.0, 'crossingsN': '', 'crossingsC': ''}
REF: (181, 199) {'gn': 0.28258, 'gc': -0.00807, 'Gn': 0.0, 'Gc': -0.0, 'crossingsN': '', 'crossingsC': ''}
REF: (182, 197) {'gn': 0.29037, 'gc': 0.03802, 'Gn': 0.0, 'Gc': 0.0, 'crossingsN': '', 'crossingsC': ''}
REF: (182, 198) {'gn': 0.24134, 'gc': -0.00474, 'Gn': 0.0, 'Gc': -0.0, 'crossingsN': '', 'crossingsC': ''}
REF: (182, 199) {'gn': 0.25155, 'gc': 0.0033, 'Gn': 0.0, 'Gc': 0.0, 'crossingsN': '', 'crossingsC': ''}
REF: (182, 200) {'gn': 0.32156, 'gc': -0.0072, 'Gn': 0.0, 'Gc': -0.0, 'crossingsN': '', 'crossingsC': ''}
REF: (183, 198) {'gn': 0.09178, 'gc': 0.00695, 'Gn': 0.0, 'Gc': 0.0, 'crossingsN': '', 'crossingsC': ''}
REF: (183, 199) {'gn': 0.09623, 'gc': 0.01524, 'Gn': 0.0, 'Gc': 0.0, 'crossingsN': '', 'crossingsC': ''}
REF: (183, 200) {'gn': 0.16546, 'gc': 0.00551, 'Gn': 0.0, 'Gc': 0.0, 'crossingsN': '', 'crossingsC': ''}
REF: (183, 201) {'gn': 0.2367, 'gc': -0.02165, 'Gn': 0.0, 'Gc': -0.0, 'crossingsN': '', 'crossingsC': ''}
REF: (183, 202) {'gn': 0.29713, 'gc': -0.00753, 'Gn': 0.0, 'Gc': -0.0, 'crossingsN': '', 'crossingsC': ''}
REF: (184, 189) {'gn': 0.19048, 'gc': 0.07999, 'Gn': 0.0, 'Gc': 0.0, 'crossingsN': '', 'crossingsC': ''}
REF: (184, 190) {'gn': 0.15848, 'gc': 0.10716, 'Gn': 0.0, 'Gc': 0.0, 'crossingsN': '', 'crossingsC': ''}
REF: (184, 193) {'gn': 0.08645, 'gc': 0.09804, 'Gn': 0.0, 'Gc': 0.0, 'crossingsN': '', 'crossingsC': ''}
REF: (184, 194) {'gn': 0.10157, 'gc': 0.09508, 'Gn': 0.0, 'Gc': 0.0, 'crossingsN': '', 'crossingsC': ''}
REF: (184, 198) {'gn': -0.00638, 'gc': 0.02891, 'Gn': -0.0, 'Gc': 0.0, 'crossingsN': '', 'crossingsC': ''}
REF: (184, 199) {'gn': 0.00389, 'gc': 0.03184, 'Gn': 0.0, 'Gc': 0.0, 'crossingsN': '', 'crossingsC': ''}
REF: (184, 200) {'gn': 0.07149, 'gc': 0.02093, 'Gn': 0.0, 'Gc': 0.0, 'crossingsN': '', 'crossingsC': ''}
REF: (184, 201) {'gn': 0.13962, 'gc': -0.00275, 'Gn': 0.0, 'Gc': -0.0, 'crossingsN': '', 'crossingsC': ''}
REF: (184, 202) {'gn': 0.1982, 'gc': 0.00918, 'Gn': 0.0, 'Gc': 0.0, 'crossingsN': '', 'crossingsC': ''}
REF: (184, 203) {'gn': 0.34435, 'gc': -0.02155, 'Gn': 0.0, 'Gc': -0.0, 'crossingsN': '', 'crossingsC': ''}
REF: (185, 190) {'gn': 0.02887, 'gc': 0.13054, 'Gn': 0.0, 'Gc': 0.0, 'crossingsN': '', 'crossingsC': ''}
REF: (185, 201) {'gn': 0.02421, 'gc': -0.00151, 'Gn': 0.0, 'Gc': -0.0, 'crossingsN': '', 'crossingsC': ''}
REF: (185, 202) {'gn': 0.08587, 'gc': 0.0074, 'Gn': 0.0, 'Gc': 0.0, 'crossingsN': '', 'crossingsC': ''}
REF: (185, 203) {'gn': 0.23113, 'gc': -0.02436, 'Gn': 0.0, 'Gc': -0.0, 'crossingsN': '', 'crossingsC': ''}
REF: (186, 190) {'gn': -0.02684, 'gc': 0.08613, 'Gn': -0.0, 'Gc': 0.0, 'crossingsN': '', 'crossingsC': ''}
REF: (186, 201) {'gn': -0.02173, 'gc': 0.01791, 'Gn': -0.0, 'Gc': 0.0, 'crossingsN': '', 'crossingsC': ''}
REF: (186, 202) {'gn': 0.03889, 'gc': 0.02554, 'Gn': 0.0, 'Gc': 0.0, 'crossingsN': '', 'crossingsC': ''}
REF: (186, 203) {'gn': 0.18448, 'gc': -0.01062, 'Gn': 0.0, 'Gc': -0.0, 'crossingsN': '', 'crossingsC': ''}
REF: (187, 191) {'gn': -0.0663, 'gc': 0.07612, 'Gn': -0.0, 'Gc': 0.0, 'crossingsN': '', 'crossingsC': ''}
REF: (187, 201) {'gn': -0.03097, 'gc': 0.06183, 'Gn': -0.0, 'Gc': 0.0, 'crossingsN': '', 'crossingsC': ''}
REF: (187, 203) {'gn': 0.18158, 'gc': 0.03316, 'Gn': 0.0, 'Gc': 0.0, 'crossingsN': '', 'crossingsC': ''}
REF: (187, 204) {'gn': 0.27106, 'gc': 0.00363, 'Gn': 0.0, 'Gc': 0.0, 'crossingsN': '', 'crossingsC': ''}
REF: (187, 205) {'gn': 0.26285, 'gc': -0.07054, 'Gn': 0.0, 'Gc': -0.0, 'crossingsN': '', 'crossingsC': ''}
REF: (187, 239) {'gn': 0.21426, 'gc': -0.00052, 'Gn': 0.0, 'Gc': -0.0, 'crossingsN': '', 'crossingsC': ''}
REF: (187, 240) {'gn': 0.21861, 'gc': -0.03935, 'Gn': 0.0, 'Gc': -0.0, 'crossingsN': '', 'crossingsC': ''}
REF: (188, 236) {'gn': 0.25656, 'gc': -0.04521, 'Gn': 0.0, 'Gc': -0.0, 'crossingsN': '', 'crossingsC': ''}
REF: (188, 239) {'gn': 0.26778, 'gc': 0.02497, 'Gn': 0.0, 'Gc': 0.0, 'crossingsN': '', 'crossingsC': ''}
REF: (188, 240) {'gn': 0.27113, 'gc': -0.01036, 'Gn': 0.0, 'Gc': -0.0, 'crossingsN': '', 'crossingsC': ''}
REF: (189, 193) {'gn': -0.12335, 'gc': 0.02579, 'Gn': -0.0, 'Gc': 0.0, 'crossingsN': '', 'crossingsC': ''}
REF: (190, 194) {'gn': -0.05607, 'gc': 0.02848, 'Gn': -0.0, 'Gc': 0.0, 'crossingsN': '', 'crossingsC': ''}
REF: (190, 200) {'gn': 0.05244, 'gc': 0.04366, 'Gn': 0.0, 'Gc': 0.0, 'crossingsN': '', 'crossingsC': ''}
REF: (190, 201) {'gn': 0.16482, 'gc': 0.03173, 'Gn': 0.0, 'Gc': 0.0, 'crossingsN': '', 'crossingsC': ''}
REF: (191, 195) {'gn': -0.05368, 'gc': 0.04776, 'Gn': -0.0, 'Gc': 0.0, 'crossingsN': '', 'crossingsC': ''}
REF: (191, 217) {'gn': 0.36272, 'gc': -0.06116, 'Gn': 0.0, 'Gc': -0.0, 'crossingsN': '', 'crossingsC': ''}
REF: (191, 220) {'gn': 0.31334, 'gc': -0.04237, 'Gn': 0.0, 'Gc': -0.0, 'crossingsN': '', 'crossingsC': ''}
REF: (191, 228) {'gn': 0.34903, 'gc': -0.04684, 'Gn': 0.0, 'Gc': -0.0, 'crossingsN': '', 'crossingsC': ''}
REF: (191, 229) {'gn': 0.34978, 'gc': -0.07865, 'Gn': 0.0, 'Gc': -0.0, 'crossingsN': '', 'crossingsC': ''}
REF: (191, 232) {'gn': 0.37602, 'gc': -0.05399, 'Gn': 0.0, 'Gc': -0.0, 'crossingsN': '', 'crossingsC': ''}
REF: (192, 196) {'gn': -0.05754, 'gc': 0.0375, 'Gn': -0.0, 'Gc': 0.0, 'crossingsN': '', 'crossingsC': ''}
REF: (193, 197) {'gn': -0.00998, 'gc': 0.0303, 'Gn': -0.0, 'Gc': 0.0, 'crossingsN': '', 'crossingsC': ''}
REF: (193, 198) {'gn': -0.04601, 'gc': 0.02348, 'Gn': -0.0, 'Gc': 0.0, 'crossingsN': '', 'crossingsC': ''}
REF: (194, 198) {'gn': -0.125, 'gc': 0.03705, 'Gn': -0.0, 'Gc': 0.0, 'crossingsN': '', 'crossingsC': ''}
REF: (194, 199) {'gn': 0.00655, 'gc': 0.04159, 'Gn': 0.0, 'Gc': 0.0, 'crossingsN': '', 'crossingsC': ''}
REF: (194, 200) {'gn': 0.13345, 'gc': 0.01967, 'Gn': 0.0, 'Gc': 0.0, 'crossingsN': '', 'crossingsC': ''}
REF: (194, 220) {'gn': 0.42244, 'gc': -0.03436, 'Gn': 0.0, 'Gc': -0.0, 'crossingsN': '', 'crossingsC': ''}
REF: (194, 221) {'gn': 0.40078, 'gc': -0.0385, 'Gn': 0.0, 'Gc': -0.0, 'crossingsN': '', 'crossingsC': ''}
REF: (195, 220) {'gn': 0.45921, 'gc': -0.05139, 'Gn': 0.0, 'Gc': -0.0, 'crossingsN': '', 'crossingsC': ''}
REF: (195, 223) {'gn': 0.44375, 'gc': -0.07667, 'Gn': 0.0, 'Gc': -0.0, 'crossingsN': '', 'crossingsC': ''}
REF: (195, 225) {'gn': 0.46355, 'gc': -0.0643, 'Gn': 0.0, 'Gc': -0.0, 'crossingsN': '', 'crossingsC': ''}
REF: (199, 221) {'gn': 0.45452, 'gc': -0.02328, 'Gn': 0.0, 'Gc': -0.0, 'crossingsN': '', 'crossingsC': ''}
REF: (200, 217) {'gn': 0.36319, 'gc': -0.03661, 'Gn': 0.0, 'Gc': -0.0, 'crossingsN': '', 'crossingsC': ''}
REF: (203, 207) {'gn': 0.26923, 'gc': -0.04162, 'Gn': 0.0, 'Gc': -0.0, 'crossingsN': '', 'crossingsC': ''}
REF: (204, 242) {'gn': -0.00343, 'gc': 0.00861, 'Gn': -0.0, 'Gc': 0.0, 'crossingsN': '', 'crossingsC': ''}
REF: (204, 251) {'gn': 0.05588, 'gc': 0.13489, 'Gn': 0.0, 'Gc': 0.0, 'crossingsN': '', 'crossingsC': ''}
REF: (205, 209) {'gn': 0.03469, 'gc': -0.05829, 'Gn': 0.0, 'Gc': -0.0, 'crossingsN': '', 'crossingsC': ''}
REF: (205, 210) {'gn': 0.07643, 'gc': -0.01722, 'Gn': 0.0, 'Gc': -0.0, 'crossingsN': '', 'crossingsC': ''}
REF: (205, 213) {'gn': -0.05224, 'gc': 0.00332, 'Gn': -0.0, 'Gc': 0.0, 'crossingsN': '', 'crossingsC': ''}
REF: (205, 238) {'gn': -0.04151, 'gc': -0.02683, 'Gn': -0.0, 'Gc': -0.0, 'crossingsN': '', 'crossingsC': ''}
REF: (205, 239) {'gn': -0.06591, 'gc': -0.01556, 'Gn': -0.0, 'Gc': -0.0, 'crossingsN': '', 'crossingsC': ''}
REF: (205, 242) {'gn': -0.01801, 'gc': 0.02362, 'Gn': -0.0, 'Gc': 0.0, 'crossingsN': '', 'crossingsC': ''}
REF: (205, 251) {'gn': 0.03907, 'gc': 0.12896, 'Gn': 0.0, 'Gc': 0.0, 'crossingsN': '', 'crossingsC': ''}
REF: (206, 210) {'gn': 0.02414, 'gc': -0.0311, 'Gn': 0.0, 'Gc': -0.0, 'crossingsN': '', 'crossingsC': ''}
REF: (206, 211) {'gn': -0.04951, 'gc': -0.07263, 'Gn': -0.0, 'Gc': -0.0, 'crossingsN': '', 'crossingsC': ''}
REF: (206, 213) {'gn': -0.1125, 'gc': -0.00641, 'Gn': -0.0, 'Gc': -0.0, 'crossingsN': '', 'crossingsC': ''}
REF: (206, 214) {'gn': -0.11277, 'gc': -0.01408, 'Gn': -0.0, 'Gc': -0.0, 'crossingsN': '', 'crossingsC': ''}
REF: (207, 251) {'gn': -0.12987, 'gc': 0.10032, 'Gn': -0.0, 'Gc': 0.0, 'crossingsN': '', 'crossingsC': ''}
REF: (207, 255) {'gn': -0.07233, 'gc': 0.20786, 'Gn': -0.0, 'Gc': 0.0, 'crossingsN': '', 'crossingsC': ''}
REF: (208, 251) {'gn': -0.10198, 'gc': 0.07754, 'Gn': -0.0, 'Gc': 0.0, 'crossingsN': '', 'crossingsC': ''}
REF: (208, 254) {'gn': -0.10303, 'gc': 0.206, 'Gn': -0.0, 'Gc': 0.0, 'crossingsN': '', 'crossingsC': ''}
REF: (208, 255) {'gn': -0.04764, 'gc': 0.17952, 'Gn': -0.0, 'Gc': 0.0, 'crossingsN': '', 'crossingsC': ''}
REF: (208, 258) {'gn': -0.09746, 'gc': 0.21061, 'Gn': -0.0, 'Gc': 0.0, 'crossingsN': '', 'crossingsC': ''}
REF: (209, 213) {'gn': -0.09737, 'gc': 0.06377, 'Gn': -0.0, 'Gc': 0.0, 'crossingsN': '', 'crossingsC': ''}
REF: (209, 290) {'gn': -0.09638, 'gc': 0, 'Gn': -0.0, 'Gc': 0.0, 'crossingsN': '', 'crossingsC': ''}
REF: (210, 214) {'gn': -0.1459, 'gc': 0.02272, 'Gn': -0.0, 'Gc': 0.0, 'crossingsN': '', 'crossingsC': ''}
REF: (211, 215) {'gn': -0.08939, 'gc': 0.02012, 'Gn': -0.0, 'Gc': 0.0, 'crossingsN': '', 'crossingsC': ''}
REF: (212, 216) {'gn': -0.07499, 'gc': 0.0782, 'Gn': -0.0, 'Gc': 0.0, 'crossingsN': '', 'crossingsC': ''}
REF: (212, 231) {'gn': -0.06261, 'gc': 0.00069, 'Gn': -0.0, 'Gc': 0.0, 'crossingsN': '', 'crossingsC': ''}
REF: (213, 217) {'gn': -0.09743, 'gc': 0.04667, 'Gn': -0.0, 'Gc': 0.0, 'crossingsN': '', 'crossingsC': ''}
REF: (213, 231) {'gn': -0.05747, 'gc': -0.01178, 'Gn': -0.0, 'Gc': -0.0, 'crossingsN': '', 'crossingsC': ''}
REF: (214, 218) {'gn': -0.10672, 'gc': 0.02116, 'Gn': -0.0, 'Gc': 0.0, 'crossingsN': '', 'crossingsC': ''}
REF: (215, 219) {'gn': -0.06333, 'gc': 0.03277, 'Gn': -0.0, 'Gc': 0.0, 'crossingsN': '', 'crossingsC': ''}
REF: (215, 228) {'gn': -0.06912, 'gc': 0.01866, 'Gn': -0.0, 'Gc': 0.0, 'crossingsN': '', 'crossingsC': ''}
REF: (216, 220) {'gn': -0.0603, 'gc': 0.04878, 'Gn': -0.0, 'Gc': 0.0, 'crossingsN': '', 'crossingsC': ''}
REF: (216, 227) {'gn': -0.00099, 'gc': -0.00052, 'Gn': -0.0, 'Gc': -0.0, 'crossingsN': '', 'crossingsC': ''}
REF: (216, 228) {'gn': -0.0144, 'gc': 0.01151, 'Gn': -0.0, 'Gc': 0.0, 'crossingsN': '', 'crossingsC': ''}
REF: (216, 229) {'gn': -0.01974, 'gc': 0.00378, 'Gn': -0.0, 'Gc': 0.0, 'crossingsN': '', 'crossingsC': ''}
REF: (216, 231) {'gn': 0.0046, 'gc': -0.00634, 'Gn': 0.0, 'Gc': -0.0, 'crossingsN': '', 'crossingsC': ''}
REF: (216, 232) {'gn': -0.01616, 'gc': -0.00232, 'Gn': -0.0, 'Gc': -0.0, 'crossingsN': '', 'crossingsC': ''}
REF: (217, 221) {'gn': -0.02563, 'gc': 0.01739, 'Gn': -0.0, 'Gc': 0.0, 'crossingsN': '', 'crossingsC': ''}
REF: (217, 228) {'gn': 0.01256, 'gc': 0.00309, 'Gn': 0.0, 'Gc': 0.0, 'crossingsN': '', 'crossingsC': ''}
REF: (218, 222) {'gn': -0.02038, 'gc': 0.00547, 'Gn': -0.0, 'Gc': 0.0, 'crossingsN': '', 'crossingsC': ''}
REF: (219, 223) {'gn': -0.02022, 'gc': 0.0093, 'Gn': -0.0, 'Gc': 0.0, 'crossingsN': '', 'crossingsC': ''}
REF: (219, 224) {'gn': 0.00079, 'gc': 0.01258, 'Gn': 0.0, 'Gc': 0.0, 'crossingsN': '', 'crossingsC': ''}
REF: (219, 225) {'gn': -0.01402, 'gc': 0.012, 'Gn': -0.0, 'Gc': 0.0, 'crossingsN': '', 'crossingsC': ''}
REF: (219, 227) {'gn': 0.01517, 'gc': -0.00145, 'Gn': 0.0, 'Gc': -0.0, 'crossingsN': '', 'crossingsC': ''}
REF: (219, 228) {'gn': 0.00495, 'gc': 0.00671, 'Gn': 0.0, 'Gc': 0.0, 'crossingsN': '', 'crossingsC': ''}
REF: (220, 224) {'gn': 0.05446, 'gc': -0.00463, 'Gn': 0.0, 'Gc': -0.0, 'crossingsN': '', 'crossingsC': ''}
REF: (220, 225) {'gn': 0.0347, 'gc': 0.00508, 'Gn': 0.0, 'Gc': 0.0, 'crossingsN': '', 'crossingsC': ''}
REF: (220, 228) {'gn': 0.0495, 'gc': 0.00049, 'Gn': 0.0, 'Gc': 0.0, 'crossingsN': '', 'crossingsC': ''}
REF: (224, 228) {'gn': 0.00027, 'gc': 0.00273, 'Gn': 0.0, 'Gc': 0.0, 'crossingsN': '', 'crossingsC': ''}
REF: (225, 229) {'gn': 0.06024, 'gc': 0.00218, 'Gn': 0.0, 'Gc': 0.0, 'crossingsN': '', 'crossingsC': ''}
REF: (226, 230) {'gn': 0.03097, 'gc': -0.00443, 'Gn': 0.0, 'Gc': -0.0, 'crossingsN': '', 'crossingsC': ''}
REF: (227, 231) {'gn': 0.04899, 'gc': 0.00089, 'Gn': 0.0, 'Gc': 0.0, 'crossingsN': '', 'crossingsC': ''}
REF: (228, 232) {'gn': 0.05776, 'gc': 0.00033, 'Gn': 0.0, 'Gc': 0.0, 'crossingsN': '', 'crossingsC': ''}
REF: (229, 233) {'gn': 0.02621, 'gc': -0.01349, 'Gn': 0.0, 'Gc': -0.0, 'crossingsN': '', 'crossingsC': ''}
REF: (230, 234) {'gn': 0.04804, 'gc': -0.01321, 'Gn': 0.0, 'Gc': -0.0, 'crossingsN': '', 'crossingsC': ''}
REF: (231, 235) {'gn': 0.07206, 'gc': -0.00138, 'Gn': 0.0, 'Gc': -0.0, 'crossingsN': '', 'crossingsC': ''}
REF: (232, 236) {'gn': 0.02967, 'gc': -0.0169, 'Gn': 0.0, 'Gc': -0.0, 'crossingsN': '', 'crossingsC': ''}
REF: (234, 287) {'gn': -0.0042, 'gc': 0, 'Gn': -0.0, 'Gc': 0.0, 'crossingsN': '', 'crossingsC': ''}
REF: (234, 288) {'gn': 0.00918, 'gc': 0, 'Gn': 0.0, 'Gc': 0.0, 'crossingsN': '', 'crossingsC': ''}
REF: (235, 239) {'gn': 0.03008, 'gc': 0.02232, 'Gn': 0.0, 'Gc': 0.0, 'crossingsN': '', 'crossingsC': ''}
REF: (235, 284) {'gn': -0.02016, 'gc': 0, 'Gn': -0.0, 'Gc': 0.0, 'crossingsN': '', 'crossingsC': ''}
REF: (235, 287) {'gn': -0.04369, 'gc': 0, 'Gn': -0.0, 'Gc': 0.0, 'crossingsN': '', 'crossingsC': ''}
REF: (235, 288) {'gn': -0.03494, 'gc': 0, 'Gn': -0.0, 'Gc': 0.0, 'crossingsN': '', 'crossingsC': ''}
REF: (236, 240) {'gn': 0.0219, 'gc': 0.00278, 'Gn': 0.0, 'Gc': 0.0, 'crossingsN': '', 'crossingsC': ''}
REF: (237, 241) {'gn': 0.02171, 'gc': 0.02577, 'Gn': 0.0, 'Gc': 0.0, 'crossingsN': '', 'crossingsC': ''}
REF: (237, 284) {'gn': -0.01653, 'gc': 0, 'Gn': -0.0, 'Gc': 0.0, 'crossingsN': '', 'crossingsC': ''}
REF: (237, 287) {'gn': -0.0409, 'gc': 0, 'Gn': -0.0, 'Gc': 0.0, 'crossingsN': '', 'crossingsC': ''}
REF: (237, 288) {'gn': -0.02308, 'gc': 0, 'Gn': -0.0, 'Gc': 0.0, 'crossingsN': '', 'crossingsC': ''}
REF: (238, 242) {'gn': 0.01703, 'gc': 0.04341, 'Gn': 0.0, 'Gc': 0.0, 'crossingsN': '', 'crossingsC': ''}
REF: (238, 281) {'gn': -0.02928, 'gc': 0, 'Gn': -0.0, 'Gc': 0.0, 'crossingsN': '', 'crossingsC': ''}
REF: (238, 284) {'gn': -0.04036, 'gc': 0, 'Gn': -0.0, 'Gc': 0.0, 'crossingsN': '', 'crossingsC': ''}
REF: (238, 285) {'gn': -0.0406, 'gc': 0, 'Gn': -0.0, 'Gc': 0.0, 'crossingsN': '', 'crossingsC': ''}
REF: (238, 288) {'gn': -0.05932, 'gc': 0, 'Gn': -0.0, 'Gc': 0.0, 'crossingsN': '', 'crossingsC': ''}
REF: (239, 243) {'gn': 0.00383, 'gc': 0.00717, 'Gn': 0.0, 'Gc': 0.0, 'crossingsN': '', 'crossingsC': ''}
REF: (240, 244) {'gn': 0.0036, 'gc': 0.02147, 'Gn': 0.0, 'Gc': 0.0, 'crossingsN': '', 'crossingsC': ''}
REF: (241, 250) {'gn': 0.01587, 'gc': 0.1422, 'Gn': 0.0, 'Gc': 0.0, 'crossingsN': '', 'crossingsC': ''}
REF: (241, 280) {'gn': -0.04524, 'gc': 0, 'Gn': -0.0, 'Gc': 0.0, 'crossingsN': '', 'crossingsC': ''}
REF: (241, 281) {'gn': -0.03205, 'gc': 0, 'Gn': -0.0, 'Gc': 0.0, 'crossingsN': '', 'crossingsC': ''}
REF: (241, 284) {'gn': -0.05142, 'gc': 0, 'Gn': -0.0, 'Gc': 0.0, 'crossingsN': '', 'crossingsC': ''}
REF: (242, 247) {'gn': 0.00037, 'gc': -0.01542, 'Gn': 0.0, 'Gc': -0.0, 'crossingsN': '', 'crossingsC': ''}
REF: (242, 248) {'gn': 0.00502, 'gc': 0.01595, 'Gn': 0.0, 'Gc': 0.0, 'crossingsN': '', 'crossingsC': ''}
REF: (242, 250) {'gn': 0.00248, 'gc': 0.09427, 'Gn': 0.0, 'Gc': 0.0, 'crossingsN': '', 'crossingsC': ''}
REF: (242, 251) {'gn': 0.02179, 'gc': 0.08666, 'Gn': 0.0, 'Gc': 0.0, 'crossingsN': '', 'crossingsC': ''}
REF: (242, 281) {'gn': -0.05032, 'gc': 0, 'Gn': -0.0, 'Gc': 0.0, 'crossingsN': '', 'crossingsC': ''}
REF: (243, 247) {'gn': -0.00281, 'gc': 0.02356, 'Gn': -0.0, 'Gc': 0.0, 'crossingsN': '', 'crossingsC': ''}
REF: (243, 248) {'gn': 0.00315, 'gc': 0.05476, 'Gn': 0.0, 'Gc': 0.0, 'crossingsN': '', 'crossingsC': ''}
REF: (243, 250) {'gn': 0.00547, 'gc': 0.13444, 'Gn': 0.0, 'Gc': 0.0, 'crossingsN': '', 'crossingsC': ''}
REF: (244, 250) {'gn': 0.01564, 'gc': 0.14932, 'Gn': 0.0, 'Gc': 0.0, 'crossingsN': '', 'crossingsC': ''}
REF: (244, 277) {'gn': -0.02948, 'gc': 0.02279, 'Gn': -0.0, 'Gc': 0.0, 'crossingsN': '', 'crossingsC': ''}
REF: (244, 280) {'gn': -0.03933, 'gc': 0, 'Gn': -0.0, 'Gc': 0.0, 'crossingsN': '', 'crossingsC': ''}
REF: (245, 249) {'gn': 0.00574, 'gc': 0.12159, 'Gn': 0.0, 'Gc': 0.0, 'crossingsN': '', 'crossingsC': ''}
REF: (245, 250) {'gn': -0.00028, 'gc': 0.1352, 'Gn': -0.0, 'Gc': 0.0, 'crossingsN': '', 'crossingsC': ''}
REF: (245, 273) {'gn': -0.0365, 'gc': 0.05141, 'Gn': -0.0, 'Gc': 0.0, 'crossingsN': '', 'crossingsC': ''}
REF: (245, 277) {'gn': -0.05351, 'gc': 0.01966, 'Gn': -0.0, 'Gc': 0.0, 'crossingsN': '', 'crossingsC': ''}
REF: (246, 250) {'gn': -0.02266, 'gc': 0.14098, 'Gn': -0.0, 'Gc': 0.0, 'crossingsN': '', 'crossingsC': ''}
REF: (246, 270) {'gn': -0.04079, 'gc': 0.04895, 'Gn': -0.0, 'Gc': 0.0, 'crossingsN': '', 'crossingsC': ''}
REF: (247, 251) {'gn': 0.03689, 'gc': 0.09964, 'Gn': 0.0, 'Gc': 0.0, 'crossingsN': '', 'crossingsC': ''}
REF: (248, 252) {'gn': 0.03447, 'gc': 0.11632, 'Gn': 0.0, 'Gc': 0.0, 'crossingsN': '', 'crossingsC': ''}
REF: (249, 253) {'gn': -0.01804, 'gc': 0.17435, 'Gn': -0.0, 'Gc': 0.0, 'crossingsN': '', 'crossingsC': ''}
REF: (249, 266) {'gn': -0.02894, 'gc': 0.10006, 'Gn': -0.0, 'Gc': 0.0, 'crossingsN': '', 'crossingsC': ''}
REF: (249, 270) {'gn': -0.02328, 'gc': 0.01986, 'Gn': -0.0, 'Gc': 0.0, 'crossingsN': '', 'crossingsC': ''}
REF: (249, 271) {'gn': -0.036, 'gc': 0.03765, 'Gn': -0.0, 'Gc': 0.0, 'crossingsN': '', 'crossingsC': ''}
REF: (249, 272) {'gn': -0.04558, 'gc': 0.04395, 'Gn': -0.0, 'Gc': 0.0, 'crossingsN': '', 'crossingsC': ''}
REF: (249, 273) {'gn': -0.0578, 'gc': 0.03015, 'Gn': -0.0, 'Gc': 0.0, 'crossingsN': '', 'crossingsC': ''}
REF: (250, 254) {'gn': 0.01106, 'gc': 0.12884, 'Gn': 0.0, 'Gc': 0.0, 'crossingsN': '', 'crossingsC': ''}
REF: (250, 273) {'gn': -0.02633, 'gc': 0.02776, 'Gn': -0.0, 'Gc': 0.0, 'crossingsN': '', 'crossingsC': ''}
REF: (250, 277) {'gn': -0.06231, 'gc': 0.01299, 'Gn': -0.0, 'Gc': 0.0, 'crossingsN': '', 'crossingsC': ''}
REF: (250, 278) {'gn': -0.03728, 'gc': 0.00926, 'Gn': -0.0, 'Gc': 0.0, 'crossingsN': '', 'crossingsC': ''}
REF: (250, 281) {'gn': -0.01883, 'gc': 0, 'Gn': -0.0, 'Gc': 0.0, 'crossingsN': '', 'crossingsC': ''}
REF: (251, 255) {'gn': -0.00369, 'gc': 0.10715, 'Gn': -0.0, 'Gc': 0.0, 'crossingsN': '', 'crossingsC': ''}
REF: (252, 256) {'gn': -0.03843, 'gc': 0.12798, 'Gn': -0.0, 'Gc': 0.0, 'crossingsN': '', 'crossingsC': ''}
REF: (252, 264) {'gn': -0.05271, 'gc': 0.06839, 'Gn': -0.0, 'Gc': 0.0, 'crossingsN': '', 'crossingsC': ''}
REF: (252, 265) {'gn': -0.09957, 'gc': 0.07231, 'Gn': -0.0, 'Gc': 0.0, 'crossingsN': '', 'crossingsC': ''}
REF: (253, 257) {'gn': -0.01809, 'gc': 0.04907, 'Gn': -0.0, 'Gc': 0.0, 'crossingsN': '', 'crossingsC': ''}
REF: (253, 263) {'gn': 0.03006, 'gc': 0.06171, 'Gn': 0.0, 'Gc': 0.0, 'crossingsN': '', 'crossingsC': ''}
REF: (253, 264) {'gn': 0.01391, 'gc': 0.03234, 'Gn': 0.0, 'Gc': 0.0, 'crossingsN': '', 'crossingsC': ''}
REF: (253, 273) {'gn': -0.00111, 'gc': -0.00263, 'Gn': -0.0, 'Gc': -0.0, 'crossingsN': '', 'crossingsC': ''}
REF: (253, 278) {'gn': 0.00211, 'gc': 0.00714, 'Gn': 0.0, 'Gc': 0.0, 'crossingsN': '', 'crossingsC': ''}
REF: (254, 258) {'gn': -0.00964, 'gc': 0.03946, 'Gn': -0.0, 'Gc': 0.0, 'crossingsN': '', 'crossingsC': ''}
REF: (254, 281) {'gn': 0.08945, 'gc': 0, 'Gn': 0.0, 'Gc': 0.0, 'crossingsN': '', 'crossingsC': ''}
REF: (254, 282) {'gn': 0.0841, 'gc': 0, 'Gn': 0.0, 'Gc': 0.0, 'crossingsN': '', 'crossingsC': ''}
REF: (254, 285) {'gn': 0.13603, 'gc': 0, 'Gn': 0.0, 'Gc': 0.0, 'crossingsN': '', 'crossingsC': ''}
REF: (255, 259) {'gn': -0.0479, 'gc': 0.05692, 'Gn': -0.0, 'Gc': 0.0, 'crossingsN': '', 'crossingsC': ''}
REF: (255, 260) {'gn': 0.01789, 'gc': 0.03171, 'Gn': 0.0, 'Gc': 0.0, 'crossingsN': '', 'crossingsC': ''}
REF: (255, 261) {'gn': 0.06966, 'gc': 0.04193, 'Gn': 0.0, 'Gc': 0.0, 'crossingsN': '', 'crossingsC': ''}
REF: (255, 264) {'gn': -0.02476, 'gc': 0.03949, 'Gn': -0.0, 'Gc': 0.0, 'crossingsN': '', 'crossingsC': ''}
REF: (256, 260) {'gn': 0.05345, 'gc': -0.01711, 'Gn': 0.0, 'Gc': -0.0, 'crossingsN': '', 'crossingsC': ''}
REF: (256, 261) {'gn': 0.10021, 'gc': -0.00759, 'Gn': 0.0, 'Gc': -0.0, 'crossingsN': '', 'crossingsC': ''}
REF: (256, 262) {'gn': 0.04628, 'gc': 0.02088, 'Gn': 0.0, 'Gc': 0.0, 'crossingsN': '', 'crossingsC': ''}
REF: (256, 263) {'gn': 0.01708, 'gc': 0.02417, 'Gn': 0.0, 'Gc': 0.0, 'crossingsN': '', 'crossingsC': ''}
REF: (256, 264) {'gn': -0.0013, 'gc': -0.0045, 'Gn': -0.0, 'Gc': -0.0, 'crossingsN': '', 'crossingsC': ''}
REF: (258, 290) {'gn': 0.35556, 'gc': 0, 'Gn': 0.0, 'Gc': 0.0, 'crossingsN': '', 'crossingsC': ''}
REF: (258, 291) {'gn': 0.3147, 'gc': 0, 'Gn': 0.0, 'Gc': 0.0, 'crossingsN': '', 'crossingsC': ''}
REF: (264, 272) {'gn': 0.02409, 'gc': -0.00883, 'Gn': 0.0, 'Gc': -0.0, 'crossingsN': '', 'crossingsC': ''}
REF: (265, 272) {'gn': 0.06315, 'gc': -0.00507, 'Gn': 0.0, 'Gc': -0.0, 'crossingsN': '', 'crossingsC': ''}
REF: (266, 270) {'gn': 0.02034, 'gc': -0.01051, 'Gn': 0.0, 'Gc': -0.0, 'crossingsN': '', 'crossingsC': ''}
REF: (266, 271) {'gn': 0.04088, 'gc': 0.00167, 'Gn': 0.0, 'Gc': 0.0, 'crossingsN': '', 'crossingsC': ''}
REF: (266, 272) {'gn': 0.06469, 'gc': 0.00253, 'Gn': 0.0, 'Gc': 0.0, 'crossingsN': '', 'crossingsC': ''}
REF: (267, 271) {'gn': 0.04251, 'gc': 0.0041, 'Gn': 0.0, 'Gc': 0.0, 'crossingsN': '', 'crossingsC': ''}
REF: (273, 277) {'gn': 0.01843, 'gc': 0.00378, 'Gn': 0.0, 'Gc': 0.0, 'crossingsN': '', 'crossingsC': ''}
REF: (273, 278) {'gn': 0.0469, 'gc': 0.00744, 'Gn': 0.0, 'Gc': 0.0, 'crossingsN': '', 'crossingsC': ''}
REF: (274, 278) {'gn': 0.04494, 'gc': 0.00222, 'Gn': 0.0, 'Gc': 0.0, 'crossingsN': '', 'crossingsC': ''}
REF: (275, 279) {'gn': 0.02381, 'gc': 0.00355, 'Gn': 0.0, 'Gc': 0.0, 'crossingsN': '', 'crossingsC': ''}
REF: (276, 280) {'gn': 0.03545, 'gc': 0, 'Gn': 0.0, 'Gc': 0.0, 'crossingsN': '', 'crossingsC': ''}
REF: (277, 281) {'gn': 0.09583, 'gc': 0, 'Gn': 0.0, 'Gc': 0.0, 'crossingsN': '', 'crossingsC': ''}
REF: (278, 282) {'gn': 0.0591, 'gc': 0, 'Gn': 0.0, 'Gc': 0.0, 'crossingsN': '', 'crossingsC': ''}
REF: (279, 283) {'gn': 0.03661, 'gc': 0, 'Gn': 0.0, 'Gc': 0.0, 'crossingsN': '', 'crossingsC': ''}
REF: (280, 284) {'gn': 0.09801, 'gc': 0, 'Gn': 0.0, 'Gc': 0.0, 'crossingsN': '', 'crossingsC': ''}
REF: (281, 285) {'gn': 0.08789, 'gc': 0, 'Gn': 0.0, 'Gc': 0.0, 'crossingsN': '', 'crossingsC': ''}
REF: (282, 286) {'gn': 0.02239, 'gc': 0, 'Gn': 0.0, 'Gc': 0.0, 'crossingsN': '', 'crossingsC': ''}
REF: (282, 291) {'gn': 0.06007, 'gc': 0, 'Gn': 0.0, 'Gc': 0.0, 'crossingsN': '', 'crossingsC': ''}
REF: (283, 287) {'gn': 0.03611, 'gc': 0, 'Gn': 0.0, 'Gc': 0.0, 'crossingsN': '', 'crossingsC': ''}
REF: (284, 288) {'gn': 0.08466, 'gc': 0, 'Gn': 0.0, 'Gc': 0.0, 'crossingsN': '', 'crossingsC': ''}
REF: (285, 289) {'gn': -0.00391, 'gc': 0, 'Gn': -0.0, 'Gc': 0.0, 'crossingsN': '', 'crossingsC': ''}
REF: (285, 290) {'gn': 0.04028, 'gc': 0, 'Gn': 0.0, 'Gc': 0.0, 'crossingsN': '', 'crossingsC': ''}
REF: (285, 291) {'gn': 1e-05, 'gc': 0, 'Gn': 0.0, 'Gc': 0.0, 'crossingsN': '', 'crossingsC': ''}
REF: (286, 290) {'gn': 0.0894, 'gc': 0, 'Gn': 0.0, 'Gc': 0.0, 'crossingsN': '', 'crossingsC': ''}
REF: (286, 291) {'gn': 0.0446, 'gc': 0, 'Gn': 0.0, 'Gc': 0.0, 'crossingsN': '', 'crossingsC': ''}
REF: (287, 291) {'gn': 0.07746, 'gc': 0, 'Gn': 0.0, 'Gc': 0.0, 'crossingsN': '', 'crossingsC': ''}
Step 2: loop through the frames and calculate the changes in entanglement
Number of available CPU cores: 40
/storage/group/epo2/default/ims86/miniconda3/envs/FtoF/lib/python3.11/multiprocessing/reduction.py:51: UserWarning: Reader has no dt information, set to 1.0 ps
  cls(buf, protocol).dump(obj)
Step 4: Save both the detailed entanglment info file .EntInfo and the stats summary file .G
SAVED: /storage/group/epo2/default/ims86/git_slugs/Failure-to-Form_Native_Entanglements_slug/Simulations_of_Native_Entanglement_Misfolding/Trajectory_Analysis_setID3Full/P0A6L2_1DHP_A/G/P0A6L2_1DHP_A_t45.EntInfo
SAVED: /storage/group/epo2/default/ims86/git_slugs/Failure-to-Form_Native_Entanglements_slug/Simulations_of_Native_Entanglement_Misfolding/Trajectory_Analysis_setID3Full/P0A6L2_1DHP_A/G/P0A6L2_1DHP_A_t45.G
NORMAL TERMINATION: 1390.9628219604492
