
CondaError: Run 'conda init' before 'conda activate'

/storage/group/epo2/default/ims86/miniconda3/envs/FtoF/lib/python3.11/site-packages/MDAnalysis/topology/TPRParser.py:161: DeprecationWarning: 'xdrlib' is deprecated and slated for removal in Python 3.13
  import xdrlib
/storage/group/epo2/default/ims86/miniconda3/envs/FtoF/lib/python3.11/site-packages/MDAnalysis/coordinates/DCD.py:165: DeprecationWarning: DCDReader currently makes independent timesteps by copying self.ts while other readers update self.ts inplace. This behavior will be changed in 3.0 to be the same as other readers. Read more at https://github.com/MDAnalysis/mdanalysis/issues/3889 to learn if this change in behavior might affect you.
  warnings.warn("DCDReader currently makes independent timesteps"
logfile: /storage/group/epo2/default/ims86/git_slugs/Failure-to-Form_Native_Entanglements_slug/Simulations_of_Native_Entanglement_Misfolding/Trajectory_Analysis_setID3Full/P60546_2ANB_A/logs/P60546_2ANB_A_t2.log
ref_universe: <Universe with 207 atoms>
traj_universe: <Universe with 207 atoms>
START: 0 | END: None | STRIDE: 1
User topoly False
Calculating the fraction of native contacts (Q)
Step 1: Get the secondary structure information
Step 2: Get the native distance map for the native state cordinates
NumNativeContacts: 176
Step 3: Analyze each frame of the traj_universe and calc Q
Step 4: save Q output
SAVED: /storage/group/epo2/default/ims86/git_slugs/Failure-to-Form_Native_Entanglements_slug/Simulations_of_Native_Entanglement_Misfolding/Trajectory_Analysis_setID3Full/P60546_2ANB_A/Q/P60546_2ANB_A_t2.Q
Calculating the fraction of native contacts with a change in Gauss Linking Number (G)
Step 1: load the reference structure and topology and get reference state GaussLinking numbers
Nnative: 414
REF: (0, 94) {'gn': 0, 'gc': 0.39137, 'Gn': 0.0, 'Gc': 0.0, 'crossingsN': '', 'crossingsC': ''}
REF: (0, 95) {'gn': 0, 'gc': 0.32973, 'Gn': 0.0, 'Gc': 0.0, 'crossingsN': '', 'crossingsC': ''}
REF: (0, 194) {'gn': 0, 'gc': 0.00116, 'Gn': 0.0, 'Gc': 0.0, 'crossingsN': '', 'crossingsC': ''}
REF: (0, 195) {'gn': 0, 'gc': 0, 'Gn': 0.0, 'Gc': 0.0, 'crossingsN': '', 'crossingsC': ''}
REF: (1, 93) {'gn': 0, 'gc': 0.56209, 'Gn': 0.0, 'Gc': 0.0, 'crossingsN': '', 'crossingsC': ''}
REF: (1, 94) {'gn': 0, 'gc': 0.41946, 'Gn': 0.0, 'Gc': 0.0, 'crossingsN': '', 'crossingsC': ''}
REF: (1, 95) {'gn': 0, 'gc': 0.35761, 'Gn': 0.0, 'Gc': 0.0, 'crossingsN': '', 'crossingsC': ''}
REF: (1, 194) {'gn': 0, 'gc': 0.00449, 'Gn': 0.0, 'Gc': 0.0, 'crossingsN': '', 'crossingsC': ''}
REF: (2, 92) {'gn': 0, 'gc': 0.70265, 'Gn': 0.0, 'Gc': 1.0, 'crossingsN': '', 'crossingsC': ''}
REF: (2, 93) {'gn': 0, 'gc': 0.56097, 'Gn': 0.0, 'Gc': 0.0, 'crossingsN': '', 'crossingsC': ''}
REF: (2, 94) {'gn': 0, 'gc': 0.41869, 'Gn': 0.0, 'Gc': 0.0, 'crossingsN': '', 'crossingsC': ''}
REF: (2, 95) {'gn': 0, 'gc': 0.35671, 'Gn': 0.0, 'Gc': 0.0, 'crossingsN': '', 'crossingsC': ''}
REF: (2, 96) {'gn': 0, 'gc': 0.2692, 'Gn': 0.0, 'Gc': 0.0, 'crossingsN': '', 'crossingsC': ''}
REF: (3, 92) {'gn': 0, 'gc': 0.66175, 'Gn': 0.0, 'Gc': 1.0, 'crossingsN': '', 'crossingsC': ''}
REF: (3, 93) {'gn': 0, 'gc': 0.52184, 'Gn': 0.0, 'Gc': 0.0, 'crossingsN': '', 'crossingsC': ''}
REF: (3, 94) {'gn': 0, 'gc': 0.38046, 'Gn': 0.0, 'Gc': 0.0, 'crossingsN': '', 'crossingsC': ''}
REF: (3, 95) {'gn': 0, 'gc': 0.31845, 'Gn': 0.0, 'Gc': 0.0, 'crossingsN': '', 'crossingsC': ''}
REF: (3, 96) {'gn': 0, 'gc': 0.23181, 'Gn': 0.0, 'Gc': 0.0, 'crossingsN': '', 'crossingsC': ''}
REF: (3, 97) {'gn': 0, 'gc': 0.16605, 'Gn': 0.0, 'Gc': 0.0, 'crossingsN': '', 'crossingsC': ''}
REF: (3, 98) {'gn': 0, 'gc': 0.16013, 'Gn': 0.0, 'Gc': 0.0, 'crossingsN': '', 'crossingsC': ''}
REF: (4, 92) {'gn': 0, 'gc': 0.66128, 'Gn': 0.0, 'Gc': 1.0, 'crossingsN': '', 'crossingsC': ''}
REF: (4, 95) {'gn': 0, 'gc': 0.32012, 'Gn': 0.0, 'Gc': 0.0, 'crossingsN': '', 'crossingsC': ''}
REF: (4, 96) {'gn': 0, 'gc': 0.23598, 'Gn': 0.0, 'Gc': 0.0, 'crossingsN': '', 'crossingsC': ''}
REF: (4, 97) {'gn': 0, 'gc': 0.17083, 'Gn': 0.0, 'Gc': 0.0, 'crossingsN': '', 'crossingsC': ''}
REF: (4, 98) {'gn': 0, 'gc': 0.16588, 'Gn': 0.0, 'Gc': 0.0, 'crossingsN': '', 'crossingsC': ''}
REF: (4, 116) {'gn': 0, 'gc': -0.18468, 'Gn': 0.0, 'Gc': -0.0, 'crossingsN': '', 'crossingsC': ''}
REF: (4, 117) {'gn': 0, 'gc': -0.10893, 'Gn': 0.0, 'Gc': -0.0, 'crossingsN': '', 'crossingsC': ''}
REF: (4, 118) {'gn': 0, 'gc': -0.10138, 'Gn': 0.0, 'Gc': -0.0, 'crossingsN': '', 'crossingsC': ''}
REF: (5, 92) {'gn': 0, 'gc': 0.61192, 'Gn': 0.0, 'Gc': 1.0, 'crossingsN': '', 'crossingsC': ''}
REF: (5, 97) {'gn': 0, 'gc': 0.10306, 'Gn': 0.0, 'Gc': 0.0, 'crossingsN': '', 'crossingsC': ''}
REF: (5, 98) {'gn': 0, 'gc': 0.09723, 'Gn': 0.0, 'Gc': 0.0, 'crossingsN': '', 'crossingsC': ''}
REF: (5, 99) {'gn': 0, 'gc': 0.15201, 'Gn': 0.0, 'Gc': 0.0, 'crossingsN': '', 'crossingsC': ''}
REF: (5, 100) {'gn': 0, 'gc': 0.21299, 'Gn': 0.0, 'Gc': 0.0, 'crossingsN': '', 'crossingsC': ''}
REF: (5, 116) {'gn': 0, 'gc': -0.18895, 'Gn': 0.0, 'Gc': -0.0, 'crossingsN': '', 'crossingsC': ''}
REF: (5, 117) {'gn': 0, 'gc': -0.11366, 'Gn': 0.0, 'Gc': -0.0, 'crossingsN': '', 'crossingsC': ''}
REF: (5, 118) {'gn': 0, 'gc': -0.10513, 'Gn': 0.0, 'Gc': -0.0, 'crossingsN': '', 'crossingsC': ''}
REF: (6, 97) {'gn': 0, 'gc': 0.05803, 'Gn': 0.0, 'Gc': 0.0, 'crossingsN': '', 'crossingsC': ''}
REF: (6, 98) {'gn': 0, 'gc': 0.05746, 'Gn': 0.0, 'Gc': 0.0, 'crossingsN': '', 'crossingsC': ''}
REF: (6, 99) {'gn': 0, 'gc': 0.11124, 'Gn': 0.0, 'Gc': 0.0, 'crossingsN': '', 'crossingsC': ''}
REF: (6, 100) {'gn': 0, 'gc': 0.16945, 'Gn': 0.0, 'Gc': 0.0, 'crossingsN': '', 'crossingsC': ''}
REF: (6, 117) {'gn': 0, 'gc': -0.12714, 'Gn': 0.0, 'Gc': -0.0, 'crossingsN': '', 'crossingsC': ''}
REF: (6, 118) {'gn': 0, 'gc': -0.11895, 'Gn': 0.0, 'Gc': -0.0, 'crossingsN': '', 'crossingsC': ''}
REF: (6, 119) {'gn': 0, 'gc': -0.03063, 'Gn': 0.0, 'Gc': -0.0, 'crossingsN': '', 'crossingsC': ''}
REF: (6, 120) {'gn': 0, 'gc': 0.05103, 'Gn': 0.0, 'Gc': 0.0, 'crossingsN': '', 'crossingsC': ''}
REF: (7, 99) {'gn': 0, 'gc': -0.02681, 'Gn': 0.0, 'Gc': -0.0, 'crossingsN': '', 'crossingsC': ''}
REF: (7, 100) {'gn': 0, 'gc': 0.02991, 'Gn': 0.0, 'Gc': 0.0, 'crossingsN': '', 'crossingsC': ''}
REF: (7, 101) {'gn': 0, 'gc': 0.07292, 'Gn': 0.0, 'Gc': 0.0, 'crossingsN': '', 'crossingsC': ''}
REF: (7, 102) {'gn': 0, 'gc': 0.11065, 'Gn': 0.0, 'Gc': 0.0, 'crossingsN': '', 'crossingsC': ''}
REF: (7, 107) {'gn': 0, 'gc': 0.19075, 'Gn': 0.0, 'Gc': 0.0, 'crossingsN': '', 'crossingsC': ''}
REF: (7, 117) {'gn': 0, 'gc': -0.14348, 'Gn': 0.0, 'Gc': -0.0, 'crossingsN': '', 'crossingsC': ''}
REF: (7, 118) {'gn': 0, 'gc': -0.13341, 'Gn': 0.0, 'Gc': -0.0, 'crossingsN': '', 'crossingsC': ''}
REF: (7, 119) {'gn': 0, 'gc': -0.04612, 'Gn': 0.0, 'Gc': -0.0, 'crossingsN': '', 'crossingsC': ''}
REF: (7, 120) {'gn': 0, 'gc': 0.03577, 'Gn': 0.0, 'Gc': 0.0, 'crossingsN': '', 'crossingsC': ''}
REF: (8, 16) {'gn': 0, 'gc': 0.22226, 'Gn': 0.0, 'Gc': 0.0, 'crossingsN': '', 'crossingsC': ''}
REF: (8, 99) {'gn': 0, 'gc': -0.06767, 'Gn': 0.0, 'Gc': -0.0, 'crossingsN': '', 'crossingsC': ''}
REF: (8, 100) {'gn': 0, 'gc': -0.01757, 'Gn': 0.0, 'Gc': -0.0, 'crossingsN': '', 'crossingsC': ''}
REF: (8, 101) {'gn': 0, 'gc': 0.03778, 'Gn': 0.0, 'Gc': 0.0, 'crossingsN': '', 'crossingsC': ''}
REF: (8, 102) {'gn': 0, 'gc': 0.08019, 'Gn': 0.0, 'Gc': 0.0, 'crossingsN': '', 'crossingsC': ''}
REF: (8, 103) {'gn': 0, 'gc': 0.17833, 'Gn': 0.0, 'Gc': 0.0, 'crossingsN': '', 'crossingsC': ''}
REF: (8, 119) {'gn': 0, 'gc': -0.09519, 'Gn': 0.0, 'Gc': -0.0, 'crossingsN': '', 'crossingsC': ''}
REF: (8, 120) {'gn': 0, 'gc': -0.01428, 'Gn': 0.0, 'Gc': -0.0, 'crossingsN': '', 'crossingsC': ''}
REF: (8, 121) {'gn': 0, 'gc': 0.10967, 'Gn': 0.0, 'Gc': 0.0, 'crossingsN': '', 'crossingsC': ''}
REF: (8, 122) {'gn': 0, 'gc': 0.15301, 'Gn': 0.0, 'Gc': 0.0, 'crossingsN': '', 'crossingsC': ''}
REF: (9, 16) {'gn': 0, 'gc': 0.01602, 'Gn': 0.0, 'Gc': 0.0, 'crossingsN': '', 'crossingsC': ''}
REF: (9, 101) {'gn': 0, 'gc': -0.09521, 'Gn': 0.0, 'Gc': -0.0, 'crossingsN': '', 'crossingsC': ''}
REF: (9, 102) {'gn': 0, 'gc': -0.04804, 'Gn': 0.0, 'Gc': -0.0, 'crossingsN': '', 'crossingsC': ''}
REF: (9, 103) {'gn': 0, 'gc': 0.04376, 'Gn': 0.0, 'Gc': 0.0, 'crossingsN': '', 'crossingsC': ''}
REF: (9, 104) {'gn': 0, 'gc': 0.06865, 'Gn': 0.0, 'Gc': 0.0, 'crossingsN': '', 'crossingsC': ''}
REF: (9, 107) {'gn': 0, 'gc': 0.02519, 'Gn': 0.0, 'Gc': 0.0, 'crossingsN': '', 'crossingsC': ''}
REF: (9, 119) {'gn': 0, 'gc': -0.14208, 'Gn': 0.0, 'Gc': -0.0, 'crossingsN': '', 'crossingsC': ''}
REF: (9, 120) {'gn': 0, 'gc': -0.0609, 'Gn': 0.0, 'Gc': -0.0, 'crossingsN': '', 'crossingsC': ''}
REF: (9, 121) {'gn': 0, 'gc': 0.06409, 'Gn': 0.0, 'Gc': 0.0, 'crossingsN': '', 'crossingsC': ''}
REF: (9, 122) {'gn': 0, 'gc': 0.10846, 'Gn': 0.0, 'Gc': 0.0, 'crossingsN': '', 'crossingsC': ''}
REF: (10, 14) {'gn': 0, 'gc': 0.00636, 'Gn': 0.0, 'Gc': 0.0, 'crossingsN': '', 'crossingsC': ''}
REF: (10, 16) {'gn': 0, 'gc': -0.15654, 'Gn': 0.0, 'Gc': -0.0, 'crossingsN': '', 'crossingsC': ''}
REF: (10, 103) {'gn': 0, 'gc': -0.06156, 'Gn': 0.0, 'Gc': -0.0, 'crossingsN': '', 'crossingsC': ''}
REF: (10, 121) {'gn': 0, 'gc': -0.02139, 'Gn': 0.0, 'Gc': -0.0, 'crossingsN': '', 'crossingsC': ''}
REF: (10, 122) {'gn': 0, 'gc': 0.02315, 'Gn': 0.0, 'Gc': 0.0, 'crossingsN': '', 'crossingsC': ''}
REF: (10, 123) {'gn': 0, 'gc': 0.16702, 'Gn': 0.0, 'Gc': 0.0, 'crossingsN': '', 'crossingsC': ''}
REF: (10, 155) {'gn': 0, 'gc': 0.2056, 'Gn': 0.0, 'Gc': 0.0, 'crossingsN': '', 'crossingsC': ''}
REF: (10, 156) {'gn': 0, 'gc': 0.23293, 'Gn': 0.0, 'Gc': 0.0, 'crossingsN': '', 'crossingsC': ''}
REF: (11, 122) {'gn': 0.15705, 'gc': -0.04918, 'Gn': 0.0, 'Gc': -0.0, 'crossingsN': '', 'crossingsC': ''}
REF: (11, 123) {'gn': 0.15711, 'gc': 0.09807, 'Gn': 0.0, 'Gc': 0.0, 'crossingsN': '', 'crossingsC': ''}
REF: (11, 130) {'gn': 0.1561, 'gc': 0.21599, 'Gn': 0.0, 'Gc': 0.0, 'crossingsN': '', 'crossingsC': ''}
REF: (11, 151) {'gn': 0.16054, 'gc': 0.13848, 'Gn': 0.0, 'Gc': 0.0, 'crossingsN': '', 'crossingsC': ''}
REF: (11, 152) {'gn': 0.16056, 'gc': 0.17692, 'Gn': 0.0, 'Gc': 0.0, 'crossingsN': '', 'crossingsC': ''}
REF: (11, 153) {'gn': 0.16177, 'gc': 0.1784, 'Gn': 0.0, 'Gc': 0.0, 'crossingsN': '', 'crossingsC': ''}
REF: (11, 155) {'gn': 0.1614, 'gc': 0.17755, 'Gn': 0.0, 'Gc': 0.0, 'crossingsN': '', 'crossingsC': ''}
REF: (11, 156) {'gn': 0.16275, 'gc': 0.20634, 'Gn': 0.0, 'Gc': 0.0, 'crossingsN': '', 'crossingsC': ''}
REF: (12, 130) {'gn': 0.31181, 'gc': 0.22519, 'Gn': 0.0, 'Gc': 0.0, 'crossingsN': '', 'crossingsC': ''}
REF: (12, 134) {'gn': 0.31412, 'gc': 0.17955, 'Gn': 0.0, 'Gc': 0.0, 'crossingsN': '', 'crossingsC': ''}
REF: (12, 148) {'gn': 0.31961, 'gc': 0.1473, 'Gn': 0.0, 'Gc': 0.0, 'crossingsN': '', 'crossingsC': ''}
REF: (12, 149) {'gn': 0.31921, 'gc': 0.19286, 'Gn': 0.0, 'Gc': 0.0, 'crossingsN': '', 'crossingsC': ''}
REF: (12, 152) {'gn': 0.3197, 'gc': 0.18031, 'Gn': 0.0, 'Gc': 0.0, 'crossingsN': '', 'crossingsC': ''}
REF: (13, 130) {'gn': 0.44406, 'gc': 0.15071, 'Gn': 0.0, 'Gc': 0.0, 'crossingsN': '', 'crossingsC': ''}
REF: (13, 131) {'gn': 0.44437, 'gc': 0.19356, 'Gn': 0.0, 'Gc': 0.0, 'crossingsN': '', 'crossingsC': ''}
REF: (13, 133) {'gn': 0.44358, 'gc': 0.12811, 'Gn': 0.0, 'Gc': 0.0, 'crossingsN': '', 'crossingsC': ''}
REF: (13, 134) {'gn': 0.44552, 'gc': 0.10643, 'Gn': 0.0, 'Gc': 0.0, 'crossingsN': '', 'crossingsC': ''}
REF: (14, 122) {'gn': 0.62071, 'gc': -0.05065, 'Gn': 1.0, 'Gc': -0.0, 'crossingsN': '', 'crossingsC': ''}
REF: (14, 123) {'gn': 0.61813, 'gc': 0.09688, 'Gn': 1.0, 'Gc': 0.0, 'crossingsN': '', 'crossingsC': ''}
REF: (14, 124) {'gn': 0.62448, 'gc': 0.1432, 'Gn': 1.0, 'Gc': 0.0, 'crossingsN': '', 'crossingsC': ''}
REF: (14, 130) {'gn': 0.62621, 'gc': 0.16423, 'Gn': 1.0, 'Gc': 0.0, 'crossingsN': '', 'crossingsC': ''}
REF: (14, 133) {'gn': 0.6281, 'gc': 0.1297, 'Gn': 1.0, 'Gc': 0.0, 'crossingsN': '', 'crossingsC': ''}
REF: (14, 168) {'gn': 0.77739, 'gc': -0.1815, 'Gn': 1.0, 'Gc': -0.0, 'crossingsN': '', 'crossingsC': ''}
REF: (15, 19) {'gn': -0.00491, 'gc': -0.12976, 'Gn': -0.0, 'Gc': -0.0, 'crossingsN': '', 'crossingsC': ''}
REF: (15, 133) {'gn': 0.71072, 'gc': 0.16452, 'Gn': 1.0, 'Gc': 0.0, 'crossingsN': '', 'crossingsC': ''}
REF: (15, 168) {'gn': 0.94839, 'gc': -0.19632, 'Gn': 1.0, 'Gc': -0.0, 'crossingsN': '', 'crossingsC': ''}
REF: (15, 171) {'gn': 0.96469, 'gc': -0.13871, 'Gn': 1.0, 'Gc': -0.0, 'crossingsN': '', 'crossingsC': ''}
REF: (16, 20) {'gn': 0.01373, 'gc': -0.07735, 'Gn': 0.0, 'Gc': -0.0, 'crossingsN': '', 'crossingsC': ''}
REF: (16, 101) {'gn': 0.26013, 'gc': -0.00801, 'Gn': 0.0, 'Gc': -0.0, 'crossingsN': '', 'crossingsC': ''}
REF: (16, 122) {'gn': 0.76155, 'gc': 0.06725, 'Gn': 1.0, 'Gc': 0.0, 'crossingsN': '', 'crossingsC': ''}
REF: (17, 21) {'gn': -0.01937, 'gc': -0.03821, 'Gn': -0.0, 'Gc': -0.0, 'crossingsN': '', 'crossingsC': ''}
REF: (17, 101) {'gn': 0.23698, 'gc': 0.00137, 'Gn': 0.0, 'Gc': 0.0, 'crossingsN': '', 'crossingsC': ''}
REF: (18, 22) {'gn': -0.01482, 'gc': -0.0562, 'Gn': -0.0, 'Gc': -0.0, 'crossingsN': '', 'crossingsC': ''}
REF: (19, 23) {'gn': 0.00886, 'gc': -0.01886, 'Gn': 0.0, 'Gc': -0.0, 'crossingsN': '', 'crossingsC': ''}
REF: (19, 171) {'gn': 0.97411, 'gc': -0.16252, 'Gn': 1.0, 'Gc': -0.0, 'crossingsN': '', 'crossingsC': ''}
REF: (19, 174) {'gn': 0.95535, 'gc': -0.12271, 'Gn': 1.0, 'Gc': -0.0, 'crossingsN': '', 'crossingsC': ''}
REF: (19, 175) {'gn': 0.97803, 'gc': -0.12758, 'Gn': 1.0, 'Gc': -0.0, 'crossingsN': '', 'crossingsC': ''}
REF: (20, 24) {'gn': 0.01002, 'gc': 0.03649, 'Gn': 0.0, 'Gc': 0.0, 'crossingsN': '', 'crossingsC': ''}
REF: (20, 99) {'gn': 0.19117, 'gc': -0.02086, 'Gn': 0.0, 'Gc': -0.0, 'crossingsN': '', 'crossingsC': ''}
REF: (21, 25) {'gn': -0.00478, 'gc': -0.00814, 'Gn': -0.0, 'Gc': -0.0, 'crossingsN': '', 'crossingsC': ''}
REF: (22, 26) {'gn': 0.00826, 'gc': -0.01112, 'Gn': 0.0, 'Gc': -0.0, 'crossingsN': '', 'crossingsC': ''}
REF: (22, 175) {'gn': 0.8318, 'gc': -0.13697, 'Gn': 1.0, 'Gc': -0.0, 'crossingsN': '', 'crossingsC': ''}
REF: (23, 27) {'gn': 0.02291, 'gc': -0.00293, 'Gn': 0.0, 'Gc': -0.0, 'crossingsN': '', 'crossingsC': ''}
REF: (23, 175) {'gn': 0.81087, 'gc': -0.13902, 'Gn': 1.0, 'Gc': -0.0, 'crossingsN': '', 'crossingsC': ''}
REF: (23, 178) {'gn': 0.81837, 'gc': -0.06707, 'Gn': 1.0, 'Gc': -0.0, 'crossingsN': '', 'crossingsC': ''}
REF: (23, 179) {'gn': 0.83101, 'gc': -0.05758, 'Gn': 1.0, 'Gc': -0.0, 'crossingsN': '', 'crossingsC': ''}
REF: (24, 28) {'gn': 0.00756, 'gc': -0.03421, 'Gn': 0.0, 'Gc': -0.0, 'crossingsN': '', 'crossingsC': ''}
REF: (24, 32) {'gn': 0.00862, 'gc': -0.03512, 'Gn': 0.0, 'Gc': -0.0, 'crossingsN': '', 'crossingsC': ''}
REF: (24, 33) {'gn': 0.04028, 'gc': 0.04864, 'Gn': 0.0, 'Gc': 0.0, 'crossingsN': '', 'crossingsC': ''}
REF: (27, 31) {'gn': 0.01157, 'gc': -0.05389, 'Gn': 0.0, 'Gc': -0.0, 'crossingsN': '', 'crossingsC': ''}
REF: (27, 32) {'gn': 0.0225, 'gc': -0.00523, 'Gn': 0.0, 'Gc': -0.0, 'crossingsN': '', 'crossingsC': ''}
REF: (28, 32) {'gn': -0.00737, 'gc': 0.0073, 'Gn': -0.0, 'Gc': 0.0, 'crossingsN': '', 'crossingsC': ''}
REF: (28, 33) {'gn': 0.03197, 'gc': 0.09178, 'Gn': 0.0, 'Gc': 0.0, 'crossingsN': '', 'crossingsC': ''}
REF: (29, 33) {'gn': 0.04075, 'gc': 0.0881, 'Gn': 0.0, 'Gc': 0.0, 'crossingsN': '', 'crossingsC': ''}
REF: (29, 96) {'gn': 0.13531, 'gc': -0.05953, 'Gn': 0.0, 'Gc': -0.0, 'crossingsN': '', 'crossingsC': ''}
REF: (30, 95) {'gn': 0.14015, 'gc': -0.06194, 'Gn': 0.0, 'Gc': -0.0, 'crossingsN': '', 'crossingsC': ''}
REF: (30, 96) {'gn': 0.14637, 'gc': -0.04368, 'Gn': 0.0, 'Gc': -0.0, 'crossingsN': '', 'crossingsC': ''}
REF: (31, 95) {'gn': 0.14952, 'gc': -0.06746, 'Gn': 0.0, 'Gc': -0.0, 'crossingsN': '', 'crossingsC': ''}
REF: (31, 96) {'gn': 0.15498, 'gc': -0.04765, 'Gn': 0.0, 'Gc': -0.0, 'crossingsN': '', 'crossingsC': ''}
REF: (31, 97) {'gn': 0.13827, 'gc': -0.05386, 'Gn': 0.0, 'Gc': -0.0, 'crossingsN': '', 'crossingsC': ''}
REF: (32, 96) {'gn': 0.14653, 'gc': -0.0494, 'Gn': 0.0, 'Gc': -0.0, 'crossingsN': '', 'crossingsC': ''}
REF: (32, 97) {'gn': 0.12938, 'gc': -0.05521, 'Gn': 0.0, 'Gc': -0.0, 'crossingsN': '', 'crossingsC': ''}
REF: (32, 98) {'gn': 0.19074, 'gc': -0.00556, 'Gn': 0.0, 'Gc': -0.0, 'crossingsN': '', 'crossingsC': ''}
REF: (32, 99) {'gn': 0.19335, 'gc': 0.04211, 'Gn': 0.0, 'Gc': 0.0, 'crossingsN': '', 'crossingsC': ''}
REF: (33, 96) {'gn': 0.07514, 'gc': -0.05377, 'Gn': 0.0, 'Gc': -0.0, 'crossingsN': '', 'crossingsC': ''}
REF: (33, 97) {'gn': 0.06093, 'gc': -0.05935, 'Gn': 0.0, 'Gc': -0.0, 'crossingsN': '', 'crossingsC': ''}
REF: (33, 98) {'gn': 0.13155, 'gc': -0.01086, 'Gn': 0.0, 'Gc': -0.0, 'crossingsN': '', 'crossingsC': ''}
REF: (33, 99) {'gn': 0.1383, 'gc': 0.03526, 'Gn': 0.0, 'Gc': 0.0, 'crossingsN': '', 'crossingsC': ''}
REF: (34, 98) {'gn': 0.11263, 'gc': -0.0256, 'Gn': 0.0, 'Gc': -0.0, 'crossingsN': '', 'crossingsC': ''}
REF: (34, 99) {'gn': 0.12487, 'gc': 0.01897, 'Gn': 0.0, 'Gc': 0.0, 'crossingsN': '', 'crossingsC': ''}
REF: (34, 100) {'gn': 0.24342, 'gc': 0.05587, 'Gn': 0.0, 'Gc': 0.0, 'crossingsN': '', 'crossingsC': ''}
REF: (35, 83) {'gn': 0.06298, 'gc': 0.03981, 'Gn': 0.0, 'Gc': 0.0, 'crossingsN': '', 'crossingsC': ''}
REF: (35, 87) {'gn': 0.05217, 'gc': -0.00505, 'Gn': 0.0, 'Gc': -0.0, 'crossingsN': '', 'crossingsC': ''}
REF: (35, 88) {'gn': 0.03107, 'gc': 0.04731, 'Gn': 0.0, 'Gc': 0.0, 'crossingsN': '', 'crossingsC': ''}
REF: (35, 98) {'gn': 0.04343, 'gc': -0.02037, 'Gn': 0.0, 'Gc': -0.0, 'crossingsN': '', 'crossingsC': ''}
REF: (35, 99) {'gn': 0.0518, 'gc': 0.02358, 'Gn': 0.0, 'Gc': 0.0, 'crossingsN': '', 'crossingsC': ''}
REF: (35, 100) {'gn': 0.17277, 'gc': 0.05925, 'Gn': 0.0, 'Gc': 0.0, 'crossingsN': '', 'crossingsC': ''}
REF: (35, 101) {'gn': 0.17707, 'gc': 0.11155, 'Gn': 0.0, 'Gc': 0.0, 'crossingsN': '', 'crossingsC': ''}
REF: (36, 50) {'gn': 0.04529, 'gc': 0.0169, 'Gn': 0.0, 'Gc': 0.0, 'crossingsN': '', 'crossingsC': ''}
REF: (36, 51) {'gn': 0.03431, 'gc': -0.02344, 'Gn': 0.0, 'Gc': -0.0, 'crossingsN': '', 'crossingsC': ''}
REF: (36, 52) {'gn': 0.02948, 'gc': -0.0126, 'Gn': 0.0, 'Gc': -0.0, 'crossingsN': '', 'crossingsC': ''}
REF: (36, 53) {'gn': 0.03759, 'gc': -0.00036, 'Gn': 0.0, 'Gc': -0.0, 'crossingsN': '', 'crossingsC': ''}
REF: (36, 54) {'gn': 0.04935, 'gc': -0.03026, 'Gn': 0.0, 'Gc': -0.0, 'crossingsN': '', 'crossingsC': ''}
REF: (36, 83) {'gn': 0.02328, 'gc': 0.06886, 'Gn': 0.0, 'Gc': 0.0, 'crossingsN': '', 'crossingsC': ''}
REF: (37, 52) {'gn': 0.00582, 'gc': -0.0695, 'Gn': 0.0, 'Gc': -0.0, 'crossingsN': '', 'crossingsC': ''}
REF: (37, 53) {'gn': 0.01512, 'gc': -0.05561, 'Gn': 0.0, 'Gc': -0.0, 'crossingsN': '', 'crossingsC': ''}
REF: (37, 54) {'gn': 0.0274, 'gc': -0.08434, 'Gn': 0.0, 'Gc': -0.0, 'crossingsN': '', 'crossingsC': ''}
REF: (37, 81) {'gn': 0.0347, 'gc': -0.02438, 'Gn': 0.0, 'Gc': -0.0, 'crossingsN': '', 'crossingsC': ''}
REF: (37, 82) {'gn': 0.0258, 'gc': -0.00791, 'Gn': 0.0, 'Gc': -0.0, 'crossingsN': '', 'crossingsC': ''}
REF: (37, 83) {'gn': 0.00738, 'gc': 0.03701, 'Gn': 0.0, 'Gc': 0.0, 'crossingsN': '', 'crossingsC': ''}
REF: (37, 84) {'gn': 0.01247, 'gc': 0.00556, 'Gn': 0.0, 'Gc': 0.0, 'crossingsN': '', 'crossingsC': ''}
REF: (38, 53) {'gn': -0.00705, 'gc': 0.02641, 'Gn': -0.0, 'Gc': 0.0, 'crossingsN': '', 'crossingsC': ''}
REF: (38, 54) {'gn': 0.00506, 'gc': -0.0032, 'Gn': 0.0, 'Gc': -0.0, 'crossingsN': '', 'crossingsC': ''}
REF: (38, 55) {'gn': 0.01956, 'gc': -0.01596, 'Gn': 0.0, 'Gc': -0.0, 'crossingsN': '', 'crossingsC': ''}
REF: (38, 56) {'gn': 0.02555, 'gc': -0.05584, 'Gn': 0.0, 'Gc': -0.0, 'crossingsN': '', 'crossingsC': ''}
REF: (38, 61) {'gn': 0.02826, 'gc': -0.04837, 'Gn': 0.0, 'Gc': -0.0, 'crossingsN': '', 'crossingsC': ''}
REF: (38, 81) {'gn': 0.01887, 'gc': -0.01058, 'Gn': 0.0, 'Gc': -0.0, 'crossingsN': '', 'crossingsC': ''}
REF: (38, 82) {'gn': 0.0086, 'gc': 0.01135, 'Gn': 0.0, 'Gc': 0.0, 'crossingsN': '', 'crossingsC': ''}
REF: (38, 83) {'gn': -0.01102, 'gc': 0.05698, 'Gn': -0.0, 'Gc': 0.0, 'crossingsN': '', 'crossingsC': ''}
REF: (38, 84) {'gn': -0.00858, 'gc': 0.02153, 'Gn': -0.0, 'Gc': 0.0, 'crossingsN': '', 'crossingsC': ''}
REF: (39, 53) {'gn': -0.01992, 'gc': -0.02119, 'Gn': -0.0, 'Gc': -0.0, 'crossingsN': '', 'crossingsC': ''}
REF: (39, 54) {'gn': -0.00531, 'gc': -0.05288, 'Gn': -0.0, 'Gc': -0.0, 'crossingsN': '', 'crossingsC': ''}
REF: (39, 55) {'gn': 0.00858, 'gc': -0.05203, 'Gn': 0.0, 'Gc': -0.0, 'crossingsN': '', 'crossingsC': ''}
REF: (39, 56) {'gn': 0.01582, 'gc': -0.0865, 'Gn': 0.0, 'Gc': -0.0, 'crossingsN': '', 'crossingsC': ''}
REF: (39, 61) {'gn': 0.02041, 'gc': -0.07537, 'Gn': 0.0, 'Gc': -0.0, 'crossingsN': '', 'crossingsC': ''}
REF: (39, 79) {'gn': 0.04598, 'gc': -0.039, 'Gn': 0.0, 'Gc': -0.0, 'crossingsN': '', 'crossingsC': ''}
REF: (39, 80) {'gn': 0.03754, 'gc': -0.02013, 'Gn': 0.0, 'Gc': -0.0, 'crossingsN': '', 'crossingsC': ''}
REF: (39, 81) {'gn': 0.02018, 'gc': -0.00865, 'Gn': 0.0, 'Gc': -0.0, 'crossingsN': '', 'crossingsC': ''}
REF: (39, 82) {'gn': 0.01025, 'gc': 0.01351, 'Gn': 0.0, 'Gc': 0.0, 'crossingsN': '', 'crossingsC': ''}
REF: (40, 55) {'gn': -0.00448, 'gc': -0.03515, 'Gn': -0.0, 'Gc': -0.0, 'crossingsN': '', 'crossingsC': ''}
REF: (40, 56) {'gn': 0.00284, 'gc': -0.06134, 'Gn': 0.0, 'Gc': -0.0, 'crossingsN': '', 'crossingsC': ''}
REF: (40, 57) {'gn': 0.01052, 'gc': -0.0551, 'Gn': 0.0, 'Gc': -0.0, 'crossingsN': '', 'crossingsC': ''}
REF: (40, 58) {'gn': 0.01272, 'gc': -0.04902, 'Gn': 0.0, 'Gc': -0.0, 'crossingsN': '', 'crossingsC': ''}
REF: (40, 61) {'gn': 0.00592, 'gc': -0.05427, 'Gn': 0.0, 'Gc': -0.0, 'crossingsN': '', 'crossingsC': ''}
REF: (40, 79) {'gn': 0.04467, 'gc': -0.02211, 'Gn': 0.0, 'Gc': -0.0, 'crossingsN': '', 'crossingsC': ''}
REF: (40, 80) {'gn': 0.0357, 'gc': -0.00537, 'Gn': 0.0, 'Gc': -0.0, 'crossingsN': '', 'crossingsC': ''}
REF: (40, 81) {'gn': 0.01807, 'gc': 0.00487, 'Gn': 0.0, 'Gc': 0.0, 'crossingsN': '', 'crossingsC': ''}
REF: (41, 55) {'gn': -0.01761, 'gc': -0.0729, 'Gn': -0.0, 'Gc': -0.0, 'crossingsN': '', 'crossingsC': ''}
REF: (41, 79) {'gn': 0.05372, 'gc': -0.02881, 'Gn': 0.0, 'Gc': -0.0, 'crossingsN': '', 'crossingsC': ''}
REF: (41, 80) {'gn': 0.04199, 'gc': -0.00999, 'Gn': 0.0, 'Gc': -0.0, 'crossingsN': '', 'crossingsC': ''}
REF: (42, 55) {'gn': 0.01348, 'gc': -0.0347, 'Gn': 0.0, 'Gc': -0.0, 'crossingsN': '', 'crossingsC': ''}
REF: (43, 47) {'gn': 0.00545, 'gc': -0.00697, 'Gn': 0.0, 'Gc': -0.0, 'crossingsN': '', 'crossingsC': ''}
REF: (43, 48) {'gn': 0.02475, 'gc': -0.03134, 'Gn': 0.0, 'Gc': -0.0, 'crossingsN': '', 'crossingsC': ''}
REF: (43, 55) {'gn': 0.04035, 'gc': -0.02175, 'Gn': 0.0, 'Gc': -0.0, 'crossingsN': '', 'crossingsC': ''}
REF: (44, 139) {'gn': 0.71643, 'gc': 0.23331, 'Gn': 1.0, 'Gc': 0.0, 'crossingsN': '', 'crossingsC': ''}
REF: (44, 140) {'gn': 0.71026, 'gc': 0.18807, 'Gn': 1.0, 'Gc': 0.0, 'crossingsN': '', 'crossingsC': ''}
REF: (45, 139) {'gn': 0.79247, 'gc': 0.22279, 'Gn': 1.0, 'Gc': 0.0, 'crossingsN': '', 'crossingsC': ''}
REF: (47, 51) {'gn': -0.00143, 'gc': -0.01517, 'Gn': -0.0, 'Gc': -0.0, 'crossingsN': '', 'crossingsC': ''}
REF: (47, 52) {'gn': -0.08206, 'gc': 0.03835, 'Gn': -0.0, 'Gc': 0.0, 'crossingsN': '', 'crossingsC': ''}
REF: (48, 52) {'gn': -0.13493, 'gc': 0.06546, 'Gn': -0.0, 'Gc': 0.0, 'crossingsN': '', 'crossingsC': ''}
REF: (48, 53) {'gn': -0.08369, 'gc': 0.0726, 'Gn': -0.0, 'Gc': 0.0, 'crossingsN': '', 'crossingsC': ''}
REF: (49, 53) {'gn': -0.13185, 'gc': 0.07883, 'Gn': -0.0, 'Gc': 0.0, 'crossingsN': '', 'crossingsC': ''}
REF: (49, 54) {'gn': 0.02842, 'gc': 0.02918, 'Gn': 0.0, 'Gc': 0.0, 'crossingsN': '', 'crossingsC': ''}
REF: (49, 55) {'gn': 0.06197, 'gc': 0.03069, 'Gn': 0.0, 'Gc': 0.0, 'crossingsN': '', 'crossingsC': ''}
REF: (50, 54) {'gn': 0.03771, 'gc': 0.03357, 'Gn': 0.0, 'Gc': 0.0, 'crossingsN': '', 'crossingsC': ''}
REF: (50, 55) {'gn': 0.07614, 'gc': 0.03053, 'Gn': 0.0, 'Gc': 0.0, 'crossingsN': '', 'crossingsC': ''}
REF: (56, 60) {'gn': 0.08673, 'gc': -0.02198, 'Gn': 0.0, 'Gc': -0.0, 'crossingsN': '', 'crossingsC': ''}
REF: (56, 61) {'gn': 0.10036, 'gc': -0.0071, 'Gn': 0.0, 'Gc': -0.0, 'crossingsN': '', 'crossingsC': ''}
REF: (57, 61) {'gn': 0.03592, 'gc': -0.00534, 'Gn': 0.0, 'Gc': -0.0, 'crossingsN': '', 'crossingsC': ''}
REF: (58, 62) {'gn': 0.01829, 'gc': -0.00423, 'Gn': 0.0, 'Gc': -0.0, 'crossingsN': '', 'crossingsC': ''}
REF: (58, 80) {'gn': 0.13204, 'gc': 0.01142, 'Gn': 0.0, 'Gc': 0.0, 'crossingsN': '', 'crossingsC': ''}
REF: (59, 63) {'gn': -0.00175, 'gc': 0.00637, 'Gn': -0.0, 'Gc': 0.0, 'crossingsN': '', 'crossingsC': ''}
REF: (60, 64) {'gn': 0.01974, 'gc': -0.00684, 'Gn': 0.0, 'Gc': -0.0, 'crossingsN': '', 'crossingsC': ''}
REF: (61, 65) {'gn': 0.03033, 'gc': -0.02011, 'Gn': 0.0, 'Gc': -0.0, 'crossingsN': '', 'crossingsC': ''}
REF: (61, 80) {'gn': 0.17978, 'gc': -0.00087, 'Gn': 0.0, 'Gc': -0.0, 'crossingsN': '', 'crossingsC': ''}
REF: (62, 66) {'gn': -0.01033, 'gc': -0.01515, 'Gn': -0.0, 'Gc': -0.0, 'crossingsN': '', 'crossingsC': ''}
REF: (63, 67) {'gn': 0.00781, 'gc': -0.01554, 'Gn': 0.0, 'Gc': -0.0, 'crossingsN': '', 'crossingsC': ''}
REF: (64, 68) {'gn': 0.03255, 'gc': -0.04933, 'Gn': 0.0, 'Gc': -0.0, 'crossingsN': '', 'crossingsC': ''}
REF: (64, 69) {'gn': 0.00498, 'gc': -0.01067, 'Gn': 0.0, 'Gc': -0.0, 'crossingsN': '', 'crossingsC': ''}
REF: (64, 70) {'gn': 0.04848, 'gc': -0.06064, 'Gn': 0.0, 'Gc': -0.0, 'crossingsN': '', 'crossingsC': ''}
REF: (65, 69) {'gn': -0.04507, 'gc': 0.03489, 'Gn': -0.0, 'Gc': 0.0, 'crossingsN': '', 'crossingsC': ''}
REF: (65, 70) {'gn': -0.0055, 'gc': -0.01643, 'Gn': -0.0, 'Gc': -0.0, 'crossingsN': '', 'crossingsC': ''}
REF: (65, 73) {'gn': 0.09359, 'gc': -0.11069, 'Gn': 0.0, 'Gc': -0.0, 'crossingsN': '', 'crossingsC': ''}
REF: (69, 84) {'gn': -0.08892, 'gc': 0.01699, 'Gn': -0.0, 'Gc': 0.0, 'crossingsN': '', 'crossingsC': ''}
REF: (69, 85) {'gn': -0.089, 'gc': 0.02716, 'Gn': -0.0, 'Gc': 0.0, 'crossingsN': '', 'crossingsC': ''}
REF: (69, 86) {'gn': -0.14535, 'gc': 0.00229, 'Gn': -0.0, 'Gc': 0.0, 'crossingsN': '', 'crossingsC': ''}
REF: (70, 82) {'gn': 0.05571, 'gc': -0.00308, 'Gn': 0.0, 'Gc': -0.0, 'crossingsN': '', 'crossingsC': ''}
REF: (70, 83) {'gn': -0.04008, 'gc': 0.03138, 'Gn': -0.0, 'Gc': 0.0, 'crossingsN': '', 'crossingsC': ''}
REF: (70, 84) {'gn': -0.14735, 'gc': -0.00859, 'Gn': -0.0, 'Gc': -0.0, 'crossingsN': '', 'crossingsC': ''}
REF: (70, 85) {'gn': -0.15673, 'gc': 0.00414, 'Gn': -0.0, 'Gc': 0.0, 'crossingsN': '', 'crossingsC': ''}
REF: (71, 82) {'gn': 0.04998, 'gc': -0.03711, 'Gn': 0.0, 'Gc': -0.0, 'crossingsN': '', 'crossingsC': ''}
REF: (71, 83) {'gn': -0.04464, 'gc': -0.01326, 'Gn': -0.0, 'Gc': -0.0, 'crossingsN': '', 'crossingsC': ''}
REF: (71, 84) {'gn': -0.1531, 'gc': -0.05162, 'Gn': -0.0, 'Gc': -0.0, 'crossingsN': '', 'crossingsC': ''}
REF: (71, 85) {'gn': -0.15783, 'gc': -0.03388, 'Gn': -0.0, 'Gc': -0.0, 'crossingsN': '', 'crossingsC': ''}
REF: (71, 110) {'gn': 0.32809, 'gc': 0.10544, 'Gn': 0.0, 'Gc': 0.0, 'crossingsN': '', 'crossingsC': ''}
REF: (71, 113) {'gn': 0.31619, 'gc': 0.05609, 'Gn': 0.0, 'Gc': 0.0, 'crossingsN': '', 'crossingsC': ''}
REF: (72, 82) {'gn': -0.02288, 'gc': -0.05039, 'Gn': -0.0, 'Gc': -0.0, 'crossingsN': '', 'crossingsC': ''}
REF: (72, 83) {'gn': -0.11464, 'gc': -0.02919, 'Gn': -0.0, 'Gc': -0.0, 'crossingsN': '', 'crossingsC': ''}
REF: (72, 84) {'gn': -0.22373, 'gc': -0.06577, 'Gn': -0.0, 'Gc': -0.0, 'crossingsN': '', 'crossingsC': ''}
REF: (72, 106) {'gn': 0.3005, 'gc': 0.12508, 'Gn': 0.0, 'Gc': 0.0, 'crossingsN': '', 'crossingsC': ''}
REF: (72, 109) {'gn': 0.29327, 'gc': 0.10212, 'Gn': 0.0, 'Gc': 0.0, 'crossingsN': '', 'crossingsC': ''}
REF: (72, 110) {'gn': 0.26828, 'gc': 0.08882, 'Gn': 0.0, 'Gc': 0.0, 'crossingsN': '', 'crossingsC': ''}
REF: (73, 80) {'gn': 0.09659, 'gc': -0.06142, 'Gn': 0.0, 'Gc': -0.0, 'crossingsN': '', 'crossingsC': ''}
REF: (73, 81) {'gn': 0.06303, 'gc': -0.03633, 'Gn': 0.0, 'Gc': -0.0, 'crossingsN': '', 'crossingsC': ''}
REF: (73, 82) {'gn': -0.07061, 'gc': -0.01164, 'Gn': -0.0, 'Gc': -0.0, 'crossingsN': '', 'crossingsC': ''}
REF: (73, 83) {'gn': -0.16842, 'gc': 0.01203, 'Gn': -0.0, 'Gc': 0.0, 'crossingsN': '', 'crossingsC': ''}
REF: (73, 106) {'gn': 0.24169, 'gc': 0.11327, 'Gn': 0.0, 'Gc': 0.0, 'crossingsN': '', 'crossingsC': ''}
REF: (74, 80) {'gn': 0.01766, 'gc': -0.04375, 'Gn': 0.0, 'Gc': -0.0, 'crossingsN': '', 'crossingsC': ''}
REF: (74, 81) {'gn': -0.01238, 'gc': -0.01911, 'Gn': -0.0, 'Gc': -0.0, 'crossingsN': '', 'crossingsC': ''}
REF: (74, 82) {'gn': -0.14185, 'gc': 0.00388, 'Gn': -0.0, 'Gc': 0.0, 'crossingsN': '', 'crossingsC': ''}
REF: (74, 105) {'gn': 0.23704, 'gc': 0.13007, 'Gn': 0.0, 'Gc': 0.0, 'crossingsN': '', 'crossingsC': ''}
REF: (74, 106) {'gn': 0.19226, 'gc': 0.09404, 'Gn': 0.0, 'Gc': 0.0, 'crossingsN': '', 'crossingsC': ''}
REF: (75, 79) {'gn': 0.03547, 'gc': -0.02243, 'Gn': 0.0, 'Gc': -0.0, 'crossingsN': '', 'crossingsC': ''}
REF: (75, 80) {'gn': -0.03054, 'gc': -0.01423, 'Gn': -0.0, 'Gc': -0.0, 'crossingsN': '', 'crossingsC': ''}
REF: (75, 81) {'gn': -0.06567, 'gc': 0.0088, 'Gn': -0.0, 'Gc': 0.0, 'crossingsN': '', 'crossingsC': ''}
REF: (76, 80) {'gn': -0.0564, 'gc': -0.0283, 'Gn': -0.0, 'Gc': -0.0, 'crossingsN': '', 'crossingsC': ''}
REF: (76, 81) {'gn': -0.09679, 'gc': -0.00487, 'Gn': -0.0, 'Gc': -0.0, 'crossingsN': '', 'crossingsC': ''}
REF: (76, 103) {'gn': -0.0147, 'gc': 0.13802, 'Gn': -0.0, 'Gc': 0.0, 'crossingsN': '', 'crossingsC': ''}
REF: (77, 147) {'gn': 0.03718, 'gc': 0.23684, 'Gn': 0.0, 'Gc': 0.0, 'crossingsN': '', 'crossingsC': ''}
REF: (77, 148) {'gn': 0.03382, 'gc': 0.23907, 'Gn': 0.0, 'Gc': 0.0, 'crossingsN': '', 'crossingsC': ''}
REF: (84, 88) {'gn': -0.13171, 'gc': 0.02682, 'Gn': -0.0, 'Gc': 0.0, 'crossingsN': '', 'crossingsC': ''}
REF: (85, 89) {'gn': -0.0523, 'gc': 0.01118, 'Gn': -0.0, 'Gc': 0.0, 'crossingsN': '', 'crossingsC': ''}
REF: (86, 90) {'gn': -0.03821, 'gc': 0.01408, 'Gn': -0.0, 'Gc': 0.0, 'crossingsN': '', 'crossingsC': ''}
REF: (87, 91) {'gn': -0.03195, 'gc': 0.01169, 'Gn': -0.0, 'Gc': 0.0, 'crossingsN': '', 'crossingsC': ''}
REF: (88, 92) {'gn': -0.03827, 'gc': -0.01155, 'Gn': -0.0, 'Gc': -0.0, 'crossingsN': '', 'crossingsC': ''}
REF: (88, 98) {'gn': 0.09568, 'gc': 0.03268, 'Gn': 0.0, 'Gc': 0.0, 'crossingsN': '', 'crossingsC': ''}
REF: (89, 93) {'gn': -0.03712, 'gc': -0.01271, 'Gn': -0.0, 'Gc': -0.0, 'crossingsN': '', 'crossingsC': ''}
REF: (90, 94) {'gn': -0.00929, 'gc': 0.00572, 'Gn': -0.0, 'Gc': 0.0, 'crossingsN': '', 'crossingsC': ''}
REF: (91, 95) {'gn': 0.02345, 'gc': -0.01023, 'Gn': 0.0, 'Gc': -0.0, 'crossingsN': '', 'crossingsC': ''}
REF: (91, 96) {'gn': 0.00865, 'gc': 0.01824, 'Gn': 0.0, 'Gc': 0.0, 'crossingsN': '', 'crossingsC': ''}
REF: (91, 97) {'gn': 0.0884, 'gc': 0.01679, 'Gn': 0.0, 'Gc': 0.0, 'crossingsN': '', 'crossingsC': ''}
REF: (91, 98) {'gn': 0.17489, 'gc': 0.03878, 'Gn': 0.0, 'Gc': 0.0, 'crossingsN': '', 'crossingsC': ''}
REF: (92, 96) {'gn': -0.03481, 'gc': 0.03855, 'Gn': -0.0, 'Gc': 0.0, 'crossingsN': '', 'crossingsC': ''}
REF: (92, 97) {'gn': 0.04079, 'gc': 0.03772, 'Gn': 0.0, 'Gc': 0.0, 'crossingsN': '', 'crossingsC': ''}
REF: (92, 98) {'gn': 0.12378, 'gc': 0.06023, 'Gn': 0.0, 'Gc': 0.0, 'crossingsN': '', 'crossingsC': ''}
REF: (102, 106) {'gn': 0.07387, 'gc': 0.00696, 'Gn': 0.0, 'Gc': 0.0, 'crossingsN': '', 'crossingsC': ''}
REF: (102, 107) {'gn': 0.07784, 'gc': 0.03544, 'Gn': 0.0, 'Gc': 0.0, 'crossingsN': '', 'crossingsC': ''}
REF: (103, 107) {'gn': 0.00799, 'gc': -0.02304, 'Gn': 0.0, 'Gc': -0.0, 'crossingsN': '', 'crossingsC': ''}
REF: (103, 155) {'gn': 0.05123, 'gc': 0.23999, 'Gn': 0.0, 'Gc': 0.0, 'crossingsN': '', 'crossingsC': ''}
REF: (104, 108) {'gn': -0.01057, 'gc': -0.04296, 'Gn': -0.0, 'Gc': -0.0, 'crossingsN': '', 'crossingsC': ''}
REF: (104, 155) {'gn': 0.05475, 'gc': 0.24364, 'Gn': 0.0, 'Gc': 0.0, 'crossingsN': '', 'crossingsC': ''}
REF: (104, 158) {'gn': 0.06626, 'gc': 0.10949, 'Gn': 0.0, 'Gc': 0.0, 'crossingsN': '', 'crossingsC': ''}
REF: (105, 109) {'gn': -0.03208, 'gc': -0.03356, 'Gn': -0.0, 'Gc': -0.0, 'crossingsN': '', 'crossingsC': ''}
REF: (106, 110) {'gn': -0.01643, 'gc': -0.02443, 'Gn': -0.0, 'Gc': -0.0, 'crossingsN': '', 'crossingsC': ''}
REF: (107, 111) {'gn': 0.01004, 'gc': -0.02094, 'Gn': 0.0, 'Gc': -0.0, 'crossingsN': '', 'crossingsC': ''}
REF: (107, 119) {'gn': 0.15922, 'gc': 0.00729, 'Gn': 0.0, 'Gc': 0.0, 'crossingsN': '', 'crossingsC': ''}
REF: (108, 112) {'gn': -0.00953, 'gc': -0.03351, 'Gn': -0.0, 'Gc': -0.0, 'crossingsN': '', 'crossingsC': ''}
REF: (109, 113) {'gn': 0.02267, 'gc': -0.01832, 'Gn': 0.0, 'Gc': -0.0, 'crossingsN': '', 'crossingsC': ''}
REF: (110, 114) {'gn': 0.03525, 'gc': -0.02029, 'Gn': 0.0, 'Gc': -0.0, 'crossingsN': '', 'crossingsC': ''}
REF: (110, 115) {'gn': 0.09009, 'gc': -0.05364, 'Gn': 0.0, 'Gc': -0.0, 'crossingsN': '', 'crossingsC': ''}
REF: (110, 117) {'gn': 0.1025, 'gc': -0.0154, 'Gn': 0.0, 'Gc': -0.0, 'crossingsN': '', 'crossingsC': ''}
REF: (111, 115) {'gn': 0.01592, 'gc': -0.02543, 'Gn': 0.0, 'Gc': -0.0, 'crossingsN': '', 'crossingsC': ''}
REF: (111, 116) {'gn': 0.03357, 'gc': -0.01733, 'Gn': 0.0, 'Gc': -0.0, 'crossingsN': '', 'crossingsC': ''}
REF: (111, 117) {'gn': 0.0226, 'gc': 0.01459, 'Gn': 0.0, 'Gc': 0.0, 'crossingsN': '', 'crossingsC': ''}
REF: (118, 162) {'gn': 0.09023, 'gc': -0.07473, 'Gn': 0.0, 'Gc': -0.0, 'crossingsN': '', 'crossingsC': ''}
REF: (118, 163) {'gn': 0.09764, 'gc': -0.08198, 'Gn': 0.0, 'Gc': -0.0, 'crossingsN': '', 'crossingsC': ''}
REF: (119, 162) {'gn': 0.04481, 'gc': -0.07146, 'Gn': 0.0, 'Gc': -0.0, 'crossingsN': '', 'crossingsC': ''}
REF: (119, 163) {'gn': 0.05417, 'gc': -0.07938, 'Gn': 0.0, 'Gc': -0.0, 'crossingsN': '', 'crossingsC': ''}
REF: (119, 164) {'gn': 0.10118, 'gc': -0.0883, 'Gn': 0.0, 'Gc': -0.0, 'crossingsN': '', 'crossingsC': ''}
REF: (120, 162) {'gn': -0.07894, 'gc': -0.06288, 'Gn': -0.0, 'Gc': -0.0, 'crossingsN': '', 'crossingsC': ''}
REF: (120, 163) {'gn': -0.07457, 'gc': -0.07075, 'Gn': -0.0, 'Gc': -0.0, 'crossingsN': '', 'crossingsC': ''}
REF: (120, 164) {'gn': -0.02896, 'gc': -0.07976, 'Gn': -0.0, 'Gc': -0.0, 'crossingsN': '', 'crossingsC': ''}
REF: (120, 165) {'gn': 0.00276, 'gc': -0.09589, 'Gn': 0.0, 'Gc': -0.0, 'crossingsN': '', 'crossingsC': ''}
REF: (120, 166) {'gn': 0.03831, 'gc': -0.0699, 'Gn': 0.0, 'Gc': -0.0, 'crossingsN': '', 'crossingsC': ''}
REF: (121, 159) {'gn': -0.05276, 'gc': 0.09132, 'Gn': -0.0, 'Gc': 0.0, 'crossingsN': '', 'crossingsC': ''}
REF: (121, 162) {'gn': -0.10571, 'gc': -0.05737, 'Gn': -0.0, 'Gc': -0.0, 'crossingsN': '', 'crossingsC': ''}
REF: (121, 164) {'gn': -0.05387, 'gc': -0.07416, 'Gn': -0.0, 'Gc': -0.0, 'crossingsN': '', 'crossingsC': ''}
REF: (121, 165) {'gn': -0.02342, 'gc': -0.0866, 'Gn': -0.0, 'Gc': -0.0, 'crossingsN': '', 'crossingsC': ''}
REF: (121, 166) {'gn': 0.01043, 'gc': -0.0623, 'Gn': 0.0, 'Gc': -0.0, 'crossingsN': '', 'crossingsC': ''}
REF: (122, 165) {'gn': -0.09301, 'gc': -0.08868, 'Gn': -0.0, 'Gc': -0.0, 'crossingsN': '', 'crossingsC': ''}
REF: (122, 166) {'gn': -0.05752, 'gc': -0.06533, 'Gn': -0.0, 'Gc': -0.0, 'crossingsN': '', 'crossingsC': ''}
REF: (122, 167) {'gn': -0.06263, 'gc': -0.05543, 'Gn': -0.0, 'Gc': -0.0, 'crossingsN': '', 'crossingsC': ''}
REF: (122, 168) {'gn': -0.04028, 'gc': -0.06504, 'Gn': -0.0, 'Gc': -0.0, 'crossingsN': '', 'crossingsC': ''}
REF: (123, 156) {'gn': -0.06734, 'gc': 0.0246, 'Gn': -0.0, 'Gc': 0.0, 'crossingsN': '', 'crossingsC': ''}
REF: (123, 165) {'gn': -0.03556, 'gc': -0.06893, 'Gn': -0.0, 'Gc': -0.0, 'crossingsN': '', 'crossingsC': ''}
REF: (123, 166) {'gn': -0.00139, 'gc': -0.04985, 'Gn': -0.0, 'Gc': -0.0, 'crossingsN': '', 'crossingsC': ''}
REF: (123, 167) {'gn': -0.00633, 'gc': -0.04604, 'Gn': -0.0, 'Gc': -0.0, 'crossingsN': '', 'crossingsC': ''}
REF: (123, 168) {'gn': 0.01509, 'gc': -0.05402, 'Gn': 0.0, 'Gc': -0.0, 'crossingsN': '', 'crossingsC': ''}
REF: (124, 129) {'gn': -0.03951, 'gc': 0.07331, 'Gn': -0.0, 'Gc': 0.0, 'crossingsN': '', 'crossingsC': ''}
REF: (124, 130) {'gn': -0.02315, 'gc': 0.02514, 'Gn': -0.0, 'Gc': 0.0, 'crossingsN': '', 'crossingsC': ''}
REF: (124, 167) {'gn': 0.06321, 'gc': -0.05143, 'Gn': 0.0, 'Gc': -0.0, 'crossingsN': '', 'crossingsC': ''}
REF: (124, 168) {'gn': 0.08722, 'gc': -0.05495, 'Gn': 0.0, 'Gc': -0.0, 'crossingsN': '', 'crossingsC': ''}
REF: (124, 169) {'gn': 0.05456, 'gc': -0.06575, 'Gn': 0.0, 'Gc': -0.0, 'crossingsN': '', 'crossingsC': ''}
REF: (125, 129) {'gn': -0.01119, 'gc': -0.01638, 'Gn': -0.0, 'Gc': -0.0, 'crossingsN': '', 'crossingsC': ''}
REF: (125, 167) {'gn': 0.17656, 'gc': -0.0405, 'Gn': 0.0, 'Gc': -0.0, 'crossingsN': '', 'crossingsC': ''}
REF: (125, 168) {'gn': 0.20031, 'gc': -0.04636, 'Gn': 0.0, 'Gc': -0.0, 'crossingsN': '', 'crossingsC': ''}
REF: (125, 169) {'gn': 0.16769, 'gc': -0.05525, 'Gn': 0.0, 'Gc': -0.0, 'crossingsN': '', 'crossingsC': ''}
REF: (126, 130) {'gn': 0.01594, 'gc': -0.08409, 'Gn': 0.0, 'Gc': -0.0, 'crossingsN': '', 'crossingsC': ''}
REF: (127, 131) {'gn': -0.00817, 'gc': -0.03118, 'Gn': -0.0, 'Gc': -0.0, 'crossingsN': '', 'crossingsC': ''}
REF: (127, 152) {'gn': 0.00735, 'gc': -0.04379, 'Gn': 0.0, 'Gc': -0.0, 'crossingsN': '', 'crossingsC': ''}
REF: (128, 132) {'gn': -0.0049, 'gc': -0.04323, 'Gn': -0.0, 'Gc': -0.0, 'crossingsN': '', 'crossingsC': ''}
REF: (129, 133) {'gn': -0.01774, 'gc': -0.05848, 'Gn': -0.0, 'Gc': -0.0, 'crossingsN': '', 'crossingsC': ''}
REF: (130, 134) {'gn': -0.04302, 'gc': -0.03733, 'Gn': -0.0, 'Gc': -0.0, 'crossingsN': '', 'crossingsC': ''}
REF: (131, 135) {'gn': -0.02653, 'gc': -0.02781, 'Gn': -0.0, 'Gc': -0.0, 'crossingsN': '', 'crossingsC': ''}
REF: (131, 145) {'gn': 0.00267, 'gc': -0.04495, 'Gn': 0.0, 'Gc': -0.0, 'crossingsN': '', 'crossingsC': ''}
REF: (131, 149) {'gn': 0.03414, 'gc': -0.02291, 'Gn': 0.0, 'Gc': -0.0, 'crossingsN': '', 'crossingsC': ''}
REF: (132, 136) {'gn': -0.00414, 'gc': -0.05136, 'Gn': -0.0, 'Gc': -0.0, 'crossingsN': '', 'crossingsC': ''}
REF: (133, 137) {'gn': 0.00362, 'gc': -0.03234, 'Gn': 0.0, 'Gc': -0.0, 'crossingsN': '', 'crossingsC': ''}
REF: (134, 138) {'gn': -0.00054, 'gc': -0.0012, 'Gn': -0.0, 'Gc': -0.0, 'crossingsN': '', 'crossingsC': ''}
REF: (134, 139) {'gn': 0.02289, 'gc': -0.03167, 'Gn': 0.0, 'Gc': -0.0, 'crossingsN': '', 'crossingsC': ''}
REF: (134, 140) {'gn': 0.02858, 'gc': -0.04818, 'Gn': 0.0, 'Gc': -0.0, 'crossingsN': '', 'crossingsC': ''}
REF: (134, 145) {'gn': 0.0365, 'gc': -0.00811, 'Gn': 0.0, 'Gc': -0.0, 'crossingsN': '', 'crossingsC': ''}
REF: (135, 139) {'gn': 0.03348, 'gc': -0.05643, 'Gn': 0.0, 'Gc': -0.0, 'crossingsN': '', 'crossingsC': ''}
REF: (135, 140) {'gn': 0.03518, 'gc': -0.06305, 'Gn': 0.0, 'Gc': -0.0, 'crossingsN': '', 'crossingsC': ''}
REF: (135, 141) {'gn': 0.02809, 'gc': -0.04016, 'Gn': 0.0, 'Gc': -0.0, 'crossingsN': '', 'crossingsC': ''}
REF: (135, 145) {'gn': 0.03338, 'gc': -0.02086, 'Gn': 0.0, 'Gc': -0.0, 'crossingsN': '', 'crossingsC': ''}
REF: (140, 144) {'gn': 0.021, 'gc': -0.0007, 'Gn': 0.0, 'Gc': -0.0, 'crossingsN': '', 'crossingsC': ''}
REF: (140, 145) {'gn': 0.03029, 'gc': 0.01811, 'Gn': 0.0, 'Gc': 0.0, 'crossingsN': '', 'crossingsC': ''}
REF: (141, 145) {'gn': 0.01439, 'gc': 0.00893, 'Gn': 0.0, 'Gc': 0.0, 'crossingsN': '', 'crossingsC': ''}
REF: (142, 146) {'gn': 0.00829, 'gc': 0.00401, 'Gn': 0.0, 'Gc': 0.0, 'crossingsN': '', 'crossingsC': ''}
REF: (143, 147) {'gn': -0.00643, 'gc': -0.00156, 'Gn': -0.0, 'Gc': -0.0, 'crossingsN': '', 'crossingsC': ''}
REF: (144, 148) {'gn': -0.01679, 'gc': 0.00548, 'Gn': -0.0, 'Gc': 0.0, 'crossingsN': '', 'crossingsC': ''}
REF: (145, 149) {'gn': 0.02168, 'gc': 0.01049, 'Gn': 0.0, 'Gc': 0.0, 'crossingsN': '', 'crossingsC': ''}
REF: (146, 150) {'gn': 0.00159, 'gc': 7e-05, 'Gn': 0.0, 'Gc': 0.0, 'crossingsN': '', 'crossingsC': ''}
REF: (147, 151) {'gn': 0.01529, 'gc': 0.00192, 'Gn': 0.0, 'Gc': 0.0, 'crossingsN': '', 'crossingsC': ''}
REF: (148, 152) {'gn': 0.04563, 'gc': 0.01029, 'Gn': 0.0, 'Gc': 0.0, 'crossingsN': '', 'crossingsC': ''}
REF: (149, 153) {'gn': 0.03481, 'gc': 0.00517, 'Gn': 0.0, 'Gc': 0.0, 'crossingsN': '', 'crossingsC': ''}
REF: (151, 155) {'gn': -0.0069, 'gc': -0.00551, 'Gn': -0.0, 'Gc': -0.0, 'crossingsN': '', 'crossingsC': ''}
REF: (152, 156) {'gn': 0.04211, 'gc': 0.00201, 'Gn': 0.0, 'Gc': 0.0, 'crossingsN': '', 'crossingsC': ''}
REF: (153, 157) {'gn': 0.01945, 'gc': 0.00105, 'Gn': 0.0, 'Gc': 0.0, 'crossingsN': '', 'crossingsC': ''}
REF: (154, 158) {'gn': 0.01244, 'gc': -0.00562, 'Gn': 0.0, 'Gc': -0.0, 'crossingsN': '', 'crossingsC': ''}
REF: (155, 159) {'gn': 0.10067, 'gc': -0.00982, 'Gn': 0.0, 'Gc': -0.0, 'crossingsN': '', 'crossingsC': ''}
REF: (158, 162) {'gn': 0.02852, 'gc': -0.00224, 'Gn': 0.0, 'Gc': -0.0, 'crossingsN': '', 'crossingsC': ''}
REF: (159, 165) {'gn': 0.25056, 'gc': -0.02551, 'Gn': 0.0, 'Gc': -0.0, 'crossingsN': '', 'crossingsC': ''}
REF: (166, 174) {'gn': 0.10642, 'gc': 0.00872, 'Gn': 0.0, 'Gc': 0.0, 'crossingsN': '', 'crossingsC': ''}
REF: (166, 177) {'gn': 0.06334, 'gc': 0.00785, 'Gn': 0.0, 'Gc': 0.0, 'crossingsN': '', 'crossingsC': ''}
REF: (166, 178) {'gn': 0.12823, 'gc': 0.00997, 'Gn': 0.0, 'Gc': 0.0, 'crossingsN': '', 'crossingsC': ''}
REF: (167, 174) {'gn': 0.09175, 'gc': 0.01193, 'Gn': 0.0, 'Gc': 0.0, 'crossingsN': '', 'crossingsC': ''}
REF: (168, 173) {'gn': -0.06872, 'gc': -0.00382, 'Gn': -0.0, 'Gc': -0.0, 'crossingsN': '', 'crossingsC': ''}
REF: (168, 174) {'gn': -0.02817, 'gc': 0.00796, 'Gn': -0.0, 'Gc': 0.0, 'crossingsN': '', 'crossingsC': ''}
REF: (169, 173) {'gn': -0.03002, 'gc': 0.00237, 'Gn': -0.0, 'Gc': 0.0, 'crossingsN': '', 'crossingsC': ''}
REF: (169, 174) {'gn': 0.01102, 'gc': 0.01061, 'Gn': 0.0, 'Gc': 0.0, 'crossingsN': '', 'crossingsC': ''}
REF: (170, 174) {'gn': 0.01901, 'gc': 0.00964, 'Gn': 0.0, 'Gc': 0.0, 'crossingsN': '', 'crossingsC': ''}
REF: (171, 175) {'gn': 0.01396, 'gc': 0.00756, 'Gn': 0.0, 'Gc': 0.0, 'crossingsN': '', 'crossingsC': ''}
REF: (172, 176) {'gn': -0.01888, 'gc': 0.01034, 'Gn': -0.0, 'Gc': 0.0, 'crossingsN': '', 'crossingsC': ''}
REF: (173, 177) {'gn': 0.01246, 'gc': 0.01046, 'Gn': 0.0, 'Gc': 0.0, 'crossingsN': '', 'crossingsC': ''}
REF: (174, 178) {'gn': 0.03898, 'gc': 0.00669, 'Gn': 0.0, 'Gc': 0.0, 'crossingsN': '', 'crossingsC': ''}
REF: (175, 179) {'gn': -0.03028, 'gc': 0.00766, 'Gn': -0.0, 'Gc': 0.0, 'crossingsN': '', 'crossingsC': ''}
REF: (176, 180) {'gn': -0.02628, 'gc': 0.01126, 'Gn': -0.0, 'Gc': 0.0, 'crossingsN': '', 'crossingsC': ''}
REF: (177, 181) {'gn': -0.0059, 'gc': 0.00724, 'Gn': -0.0, 'Gc': 0.0, 'crossingsN': '', 'crossingsC': ''}
REF: (178, 182) {'gn': -0.06454, 'gc': 0.00578, 'Gn': -0.0, 'Gc': 0.0, 'crossingsN': '', 'crossingsC': ''}
REF: (179, 183) {'gn': -0.09111, 'gc': 0.01482, 'Gn': -0.0, 'Gc': 0.0, 'crossingsN': '', 'crossingsC': ''}
REF: (180, 184) {'gn': -0.05347, 'gc': 0.01805, 'Gn': -0.0, 'Gc': 0.0, 'crossingsN': '', 'crossingsC': ''}
REF: (181, 185) {'gn': -0.05171, 'gc': 0.01691, 'Gn': -0.0, 'Gc': 0.0, 'crossingsN': '', 'crossingsC': ''}
REF: (182, 186) {'gn': -0.09194, 'gc': 0.01665, 'Gn': -0.0, 'Gc': 0.0, 'crossingsN': '', 'crossingsC': ''}
REF: (183, 187) {'gn': -0.07103, 'gc': 0.02079, 'Gn': -0.0, 'Gc': 0.0, 'crossingsN': '', 'crossingsC': ''}
REF: (184, 188) {'gn': -0.03712, 'gc': 0.0241, 'Gn': -0.0, 'Gc': 0.0, 'crossingsN': '', 'crossingsC': ''}
REF: (186, 191) {'gn': -0.04325, 'gc': 0.01548, 'Gn': -0.0, 'Gc': 0.0, 'crossingsN': '', 'crossingsC': ''}
REF: (186, 192) {'gn': -0.03582, 'gc': 0.00798, 'Gn': -0.0, 'Gc': 0.0, 'crossingsN': '', 'crossingsC': ''}
REF: (187, 191) {'gn': -0.00751, 'gc': 0.01413, 'Gn': -0.0, 'Gc': 0.0, 'crossingsN': '', 'crossingsC': ''}
REF: (187, 192) {'gn': -0.00508, 'gc': 0.01067, 'Gn': -0.0, 'Gc': 0.0, 'crossingsN': '', 'crossingsC': ''}
REF: (188, 192) {'gn': 0.02401, 'gc': 0.00585, 'Gn': 0.0, 'Gc': 0.0, 'crossingsN': '', 'crossingsC': ''}
REF: (189, 193) {'gn': 0.02564, 'gc': 0.01226, 'Gn': 0.0, 'Gc': 0.0, 'crossingsN': '', 'crossingsC': ''}
REF: (190, 194) {'gn': 0.02771, 'gc': 0.00927, 'Gn': 0.0, 'Gc': 0.0, 'crossingsN': '', 'crossingsC': ''}
REF: (191, 195) {'gn': 0.01902, 'gc': 0, 'Gn': 0.0, 'Gc': 0.0, 'crossingsN': '', 'crossingsC': ''}
REF: (192, 196) {'gn': 0.02533, 'gc': 0, 'Gn': 0.0, 'Gc': 0.0, 'crossingsN': '', 'crossingsC': ''}
REF: (193, 197) {'gn': 0.02537, 'gc': 0, 'Gn': 0.0, 'Gc': 0.0, 'crossingsN': '', 'crossingsC': ''}
REF: (196, 200) {'gn': 0.01214, 'gc': 0, 'Gn': 0.0, 'Gc': 0.0, 'crossingsN': '', 'crossingsC': ''}
REF: (197, 201) {'gn': 0.01231, 'gc': 0, 'Gn': 0.0, 'Gc': 0.0, 'crossingsN': '', 'crossingsC': ''}
REF: (198, 202) {'gn': 0.01895, 'gc': 0, 'Gn': 0.0, 'Gc': 0.0, 'crossingsN': '', 'crossingsC': ''}
REF: (199, 203) {'gn': 0.01978, 'gc': 0, 'Gn': 0.0, 'Gc': 0.0, 'crossingsN': '', 'crossingsC': ''}
REF: (200, 204) {'gn': 0.01671, 'gc': 0, 'Gn': 0.0, 'Gc': 0.0, 'crossingsN': '', 'crossingsC': ''}
REF: (201, 205) {'gn': 0.00739, 'gc': 0, 'Gn': 0.0, 'Gc': 0.0, 'crossingsN': '', 'crossingsC': ''}
Step 2: loop through the frames and calculate the changes in entanglement
Number of available CPU cores: 40
/storage/group/epo2/default/ims86/miniconda3/envs/FtoF/lib/python3.11/multiprocessing/reduction.py:51: UserWarning: Reader has no dt information, set to 1.0 ps
  cls(buf, protocol).dump(obj)
Step 4: Save both the detailed entanglment info file .EntInfo and the stats summary file .G
SAVED: /storage/group/epo2/default/ims86/git_slugs/Failure-to-Form_Native_Entanglements_slug/Simulations_of_Native_Entanglement_Misfolding/Trajectory_Analysis_setID3Full/P60546_2ANB_A/G/P60546_2ANB_A_t2.EntInfo
SAVED: /storage/group/epo2/default/ims86/git_slugs/Failure-to-Form_Native_Entanglements_slug/Simulations_of_Native_Entanglement_Misfolding/Trajectory_Analysis_setID3Full/P60546_2ANB_A/G/P60546_2ANB_A_t2.G
NORMAL TERMINATION: 2113.313714981079
