
CondaError: Run 'conda init' before 'conda activate'

/storage/group/epo2/default/ims86/miniconda3/envs/FtoF/lib/python3.11/site-packages/MDAnalysis/topology/TPRParser.py:161: DeprecationWarning: 'xdrlib' is deprecated and slated for removal in Python 3.13
  import xdrlib
/storage/group/epo2/default/ims86/miniconda3/envs/FtoF/lib/python3.11/site-packages/MDAnalysis/coordinates/DCD.py:165: DeprecationWarning: DCDReader currently makes independent timesteps by copying self.ts while other readers update self.ts inplace. This behavior will be changed in 3.0 to be the same as other readers. Read more at https://github.com/MDAnalysis/mdanalysis/issues/3889 to learn if this change in behavior might affect you.
  warnings.warn("DCDReader currently makes independent timesteps"
logfile: /storage/group/epo2/default/ims86/git_slugs/Failure-to-Form_Native_Entanglements_slug/Simulations_of_Native_Entanglement_Misfolding/Trajectory_Analysis_setID3Full/P0ACP7_1QPZ_A/logs/P0ACP7_1QPZ_A_t16.log
ref_universe: <Universe with 341 atoms>
traj_universe: <Universe with 341 atoms>
START: 0 | END: None | STRIDE: 1
User topoly False
Calculating the fraction of native contacts (Q)
Step 1: Get the secondary structure information
Step 2: Get the native distance map for the native state cordinates
NumNativeContacts: 346
Step 3: Analyze each frame of the traj_universe and calc Q
Step 4: save Q output
SAVED: /storage/group/epo2/default/ims86/git_slugs/Failure-to-Form_Native_Entanglements_slug/Simulations_of_Native_Entanglement_Misfolding/Trajectory_Analysis_setID3Full/P0ACP7_1QPZ_A/Q/P0ACP7_1QPZ_A_t16.Q
Calculating the fraction of native contacts with a change in Gauss Linking Number (G)
Step 1: load the reference structure and topology and get reference state GaussLinking numbers
Nnative: 845
REF: (0, 42) {'gn': 0, 'gc': 0.02774, 'Gn': 0.0, 'Gc': 0.0, 'crossingsN': '', 'crossingsC': ''}
REF: (0, 43) {'gn': 0, 'gc': 0.01442, 'Gn': 0.0, 'Gc': 0.0, 'crossingsN': '', 'crossingsC': ''}
REF: (0, 44) {'gn': 0, 'gc': 0.00859, 'Gn': 0.0, 'Gc': 0.0, 'crossingsN': '', 'crossingsC': ''}
REF: (0, 45) {'gn': 0, 'gc': 0.01488, 'Gn': 0.0, 'Gc': 0.0, 'crossingsN': '', 'crossingsC': ''}
REF: (1, 5) {'gn': 0, 'gc': 0.05039, 'Gn': 0.0, 'Gc': 0.0, 'crossingsN': '', 'crossingsC': ''}
REF: (1, 6) {'gn': 0, 'gc': 0.07264, 'Gn': 0.0, 'Gc': 0.0, 'crossingsN': '', 'crossingsC': ''}
REF: (1, 42) {'gn': 0, 'gc': 0.02606, 'Gn': 0.0, 'Gc': 0.0, 'crossingsN': '', 'crossingsC': ''}
REF: (1, 43) {'gn': 0, 'gc': 0.01768, 'Gn': 0.0, 'Gc': 0.0, 'crossingsN': '', 'crossingsC': ''}
REF: (1, 44) {'gn': 0, 'gc': 0.01141, 'Gn': 0.0, 'Gc': 0.0, 'crossingsN': '', 'crossingsC': ''}
REF: (1, 45) {'gn': 0, 'gc': 0.01395, 'Gn': 0.0, 'Gc': 0.0, 'crossingsN': '', 'crossingsC': ''}
REF: (2, 6) {'gn': 0, 'gc': 0.00531, 'Gn': 0.0, 'Gc': 0.0, 'crossingsN': '', 'crossingsC': ''}
REF: (2, 44) {'gn': 0, 'gc': 0.01386, 'Gn': 0.0, 'Gc': 0.0, 'crossingsN': '', 'crossingsC': ''}
REF: (2, 46) {'gn': 0, 'gc': 0.01169, 'Gn': 0.0, 'Gc': 0.0, 'crossingsN': '', 'crossingsC': ''}
REF: (3, 7) {'gn': 0, 'gc': -0.08424, 'Gn': 0.0, 'Gc': -0.0, 'crossingsN': '', 'crossingsC': ''}
REF: (3, 14) {'gn': 0, 'gc': -0.01783, 'Gn': 0.0, 'Gc': -0.0, 'crossingsN': '', 'crossingsC': ''}
REF: (3, 17) {'gn': 0, 'gc': 0.09976, 'Gn': 0.0, 'Gc': 0.0, 'crossingsN': '', 'crossingsC': ''}
REF: (3, 18) {'gn': 0, 'gc': 0.13154, 'Gn': 0.0, 'Gc': 0.0, 'crossingsN': '', 'crossingsC': ''}
REF: (3, 44) {'gn': 0, 'gc': 0.02464, 'Gn': 0.0, 'Gc': 0.0, 'crossingsN': '', 'crossingsC': ''}
REF: (3, 46) {'gn': 0, 'gc': 0.01819, 'Gn': 0.0, 'Gc': 0.0, 'crossingsN': '', 'crossingsC': ''}
REF: (4, 8) {'gn': 0, 'gc': -0.08102, 'Gn': 0.0, 'Gc': -0.0, 'crossingsN': '', 'crossingsC': ''}
REF: (4, 14) {'gn': 0, 'gc': 0.03721, 'Gn': 0.0, 'Gc': 0.0, 'crossingsN': '', 'crossingsC': ''}
REF: (5, 9) {'gn': 0, 'gc': -0.05276, 'Gn': 0.0, 'Gc': -0.0, 'crossingsN': '', 'crossingsC': ''}
REF: (5, 42) {'gn': 0, 'gc': 0.02969, 'Gn': 0.0, 'Gc': 0.0, 'crossingsN': '', 'crossingsC': ''}
REF: (6, 10) {'gn': 0, 'gc': -0.07219, 'Gn': 0.0, 'Gc': -0.0, 'crossingsN': '', 'crossingsC': ''}
REF: (6, 14) {'gn': 0, 'gc': 0.00866, 'Gn': 0.0, 'Gc': 0.0, 'crossingsN': '', 'crossingsC': ''}
REF: (6, 17) {'gn': 0, 'gc': 0.12411, 'Gn': 0.0, 'Gc': 0.0, 'crossingsN': '', 'crossingsC': ''}
REF: (6, 35) {'gn': 0, 'gc': 0.08491, 'Gn': 0.0, 'Gc': 0.0, 'crossingsN': '', 'crossingsC': ''}
REF: (6, 38) {'gn': 0, 'gc': 0.07393, 'Gn': 0.0, 'Gc': 0.0, 'crossingsN': '', 'crossingsC': ''}
REF: (6, 39) {'gn': 0, 'gc': 0.06043, 'Gn': 0.0, 'Gc': 0.0, 'crossingsN': '', 'crossingsC': ''}
REF: (6, 42) {'gn': 0, 'gc': 0.02973, 'Gn': 0.0, 'Gc': 0.0, 'crossingsN': '', 'crossingsC': ''}
REF: (6, 44) {'gn': 0, 'gc': 0.03088, 'Gn': 0.0, 'Gc': 0.0, 'crossingsN': '', 'crossingsC': ''}
REF: (7, 11) {'gn': 0, 'gc': -0.07908, 'Gn': 0.0, 'Gc': -0.0, 'crossingsN': '', 'crossingsC': ''}
REF: (7, 12) {'gn': 0, 'gc': -0.04087, 'Gn': 0.0, 'Gc': -0.0, 'crossingsN': '', 'crossingsC': ''}
REF: (7, 13) {'gn': 0, 'gc': -0.02506, 'Gn': 0.0, 'Gc': -0.0, 'crossingsN': '', 'crossingsC': ''}
REF: (7, 14) {'gn': 0, 'gc': 0.01241, 'Gn': 0.0, 'Gc': 0.0, 'crossingsN': '', 'crossingsC': ''}
REF: (7, 16) {'gn': 0, 'gc': 0.07435, 'Gn': 0.0, 'Gc': 0.0, 'crossingsN': '', 'crossingsC': ''}
REF: (7, 17) {'gn': 0, 'gc': 0.13221, 'Gn': 0.0, 'Gc': 0.0, 'crossingsN': '', 'crossingsC': ''}
REF: (7, 35) {'gn': 0, 'gc': 0.08091, 'Gn': 0.0, 'Gc': 0.0, 'crossingsN': '', 'crossingsC': ''}
REF: (8, 12) {'gn': 0, 'gc': 0.02023, 'Gn': 0.0, 'Gc': 0.0, 'crossingsN': '', 'crossingsC': ''}
REF: (8, 13) {'gn': 0, 'gc': 0.03564, 'Gn': 0.0, 'Gc': 0.0, 'crossingsN': '', 'crossingsC': ''}
REF: (9, 38) {'gn': 0, 'gc': 0.0791, 'Gn': 0.0, 'Gc': 0.0, 'crossingsN': '', 'crossingsC': ''}
REF: (10, 34) {'gn': 0, 'gc': 0.07751, 'Gn': 0.0, 'Gc': 0.0, 'crossingsN': '', 'crossingsC': ''}
REF: (10, 35) {'gn': 0, 'gc': 0.07175, 'Gn': 0.0, 'Gc': 0.0, 'crossingsN': '', 'crossingsC': ''}
REF: (10, 37) {'gn': 0, 'gc': 0.08166, 'Gn': 0.0, 'Gc': 0.0, 'crossingsN': '', 'crossingsC': ''}
REF: (10, 38) {'gn': 0, 'gc': 0.07274, 'Gn': 0.0, 'Gc': 0.0, 'crossingsN': '', 'crossingsC': ''}
REF: (12, 16) {'gn': -0.03184, 'gc': 0.10111, 'Gn': -0.0, 'Gc': 0.0, 'crossingsN': '', 'crossingsC': ''}
REF: (12, 17) {'gn': -0.03533, 'gc': 0.15616, 'Gn': -0.0, 'Gc': 0.0, 'crossingsN': '', 'crossingsC': ''}
REF: (13, 17) {'gn': -0.02456, 'gc': 0.14861, 'Gn': -0.0, 'Gc': 0.0, 'crossingsN': '', 'crossingsC': ''}
REF: (14, 18) {'gn': -0.02679, 'gc': 0.14904, 'Gn': -0.0, 'Gc': 0.0, 'crossingsN': '', 'crossingsC': ''}
REF: (15, 19) {'gn': -0.02829, 'gc': 0.14959, 'Gn': -0.0, 'Gc': 0.0, 'crossingsN': '', 'crossingsC': ''}
REF: (16, 20) {'gn': -0.03119, 'gc': 0.18316, 'Gn': -0.0, 'Gc': 0.0, 'crossingsN': '', 'crossingsC': ''}
REF: (16, 27) {'gn': -0.02934, 'gc': 0.07443, 'Gn': -0.0, 'Gc': 0.0, 'crossingsN': '', 'crossingsC': ''}
REF: (17, 21) {'gn': -0.01905, 'gc': 0.14956, 'Gn': -0.0, 'Gc': 0.0, 'crossingsN': '', 'crossingsC': ''}
REF: (17, 35) {'gn': -0.00812, 'gc': 0.03824, 'Gn': -0.0, 'Gc': 0.0, 'crossingsN': '', 'crossingsC': ''}
REF: (18, 22) {'gn': -0.02275, 'gc': 0.11117, 'Gn': -0.0, 'Gc': 0.0, 'crossingsN': '', 'crossingsC': ''}
REF: (19, 23) {'gn': -0.00517, 'gc': 0.08005, 'Gn': -0.0, 'Gc': 0.0, 'crossingsN': '', 'crossingsC': ''}
REF: (19, 24) {'gn': -0.00462, 'gc': 0.03376, 'Gn': -0.0, 'Gc': 0.0, 'crossingsN': '', 'crossingsC': ''}
REF: (19, 25) {'gn': -0.01006, 'gc': 0.02298, 'Gn': -0.0, 'Gc': 0.0, 'crossingsN': '', 'crossingsC': ''}
REF: (19, 26) {'gn': -0.01446, 'gc': 0.02444, 'Gn': -0.0, 'Gc': 0.0, 'crossingsN': '', 'crossingsC': ''}
REF: (19, 27) {'gn': -0.01247, 'gc': 0.01198, 'Gn': -0.0, 'Gc': 0.0, 'crossingsN': '', 'crossingsC': ''}
REF: (20, 24) {'gn': 0.00931, 'gc': -0.01205, 'Gn': 0.0, 'Gc': -0.0, 'crossingsN': '', 'crossingsC': ''}
REF: (20, 25) {'gn': -0.00119, 'gc': -0.01981, 'Gn': -0.0, 'Gc': -0.0, 'crossingsN': '', 'crossingsC': ''}
REF: (20, 26) {'gn': -0.00896, 'gc': -0.01931, 'Gn': -0.0, 'Gc': -0.0, 'crossingsN': '', 'crossingsC': ''}
REF: (20, 27) {'gn': -0.0092, 'gc': -0.02922, 'Gn': -0.0, 'Gc': -0.0, 'crossingsN': '', 'crossingsC': ''}
REF: (20, 32) {'gn': 0.01054, 'gc': 0.00613, 'Gn': 0.0, 'Gc': 0.0, 'crossingsN': '', 'crossingsC': ''}
REF: (20, 35) {'gn': 0.04407, 'gc': -0.00777, 'Gn': 0.0, 'Gc': -0.0, 'crossingsN': '', 'crossingsC': ''}
REF: (27, 31) {'gn': 0.04206, 'gc': 0.00258, 'Gn': 0.0, 'Gc': 0.0, 'crossingsN': '', 'crossingsC': ''}
REF: (27, 32) {'gn': 0.06641, 'gc': 0.02523, 'Gn': 0.0, 'Gc': 0.0, 'crossingsN': '', 'crossingsC': ''}
REF: (28, 32) {'gn': 0.06433, 'gc': 0.02202, 'Gn': 0.0, 'Gc': 0.0, 'crossingsN': '', 'crossingsC': ''}
REF: (29, 33) {'gn': 0.04477, 'gc': 0.01765, 'Gn': 0.0, 'Gc': 0.0, 'crossingsN': '', 'crossingsC': ''}
REF: (30, 34) {'gn': 0.04507, 'gc': 0.00657, 'Gn': 0.0, 'Gc': 0.0, 'crossingsN': '', 'crossingsC': ''}
REF: (31, 35) {'gn': 0.10192, 'gc': 0.01236, 'Gn': 0.0, 'Gc': 0.0, 'crossingsN': '', 'crossingsC': ''}
REF: (32, 36) {'gn': 0.0729, 'gc': 0.02811, 'Gn': 0.0, 'Gc': 0.0, 'crossingsN': '', 'crossingsC': ''}
REF: (33, 37) {'gn': 0.03287, 'gc': 0.01118, 'Gn': 0.0, 'Gc': 0.0, 'crossingsN': '', 'crossingsC': ''}
REF: (34, 38) {'gn': 0.06873, 'gc': 0.0148, 'Gn': 0.0, 'Gc': 0.0, 'crossingsN': '', 'crossingsC': ''}
REF: (35, 39) {'gn': 0.06841, 'gc': 0.01496, 'Gn': 0.0, 'Gc': 0.0, 'crossingsN': '', 'crossingsC': ''}
REF: (36, 40) {'gn': 0.03046, 'gc': 0.00984, 'Gn': 0.0, 'Gc': 0.0, 'crossingsN': '', 'crossingsC': ''}
REF: (37, 41) {'gn': 0.03586, 'gc': 0.01388, 'Gn': 0.0, 'Gc': 0.0, 'crossingsN': '', 'crossingsC': ''}
REF: (38, 42) {'gn': 0.04625, 'gc': 0.01203, 'Gn': 0.0, 'Gc': 0.0, 'crossingsN': '', 'crossingsC': ''}
REF: (38, 43) {'gn': 0.06938, 'gc': 0.01857, 'Gn': 0.0, 'Gc': 0.0, 'crossingsN': '', 'crossingsC': ''}
REF: (39, 43) {'gn': 0.01849, 'gc': 0.01413, 'Gn': 0.0, 'Gc': 0.0, 'crossingsN': '', 'crossingsC': ''}
REF: (39, 44) {'gn': 0.03809, 'gc': 0.01716, 'Gn': 0.0, 'Gc': 0.0, 'crossingsN': '', 'crossingsC': ''}
REF: (40, 44) {'gn': 0.04844, 'gc': 0.01373, 'Gn': 0.0, 'Gc': 0.0, 'crossingsN': '', 'crossingsC': ''}
REF: (47, 51) {'gn': 0.02747, 'gc': 0.0052, 'Gn': 0.0, 'Gc': 0.0, 'crossingsN': '', 'crossingsC': ''}
REF: (48, 52) {'gn': 0.01806, 'gc': 0.00669, 'Gn': 0.0, 'Gc': 0.0, 'crossingsN': '', 'crossingsC': ''}
REF: (48, 58) {'gn': 0.01831, 'gc': 0.03491, 'Gn': 0.0, 'Gc': 0.0, 'crossingsN': '', 'crossingsC': ''}
REF: (49, 53) {'gn': 0.01904, 'gc': -0.00597, 'Gn': 0.0, 'Gc': -0.0, 'crossingsN': '', 'crossingsC': ''}
REF: (49, 58) {'gn': 0.01791, 'gc': 0.03276, 'Gn': 0.0, 'Gc': 0.0, 'crossingsN': '', 'crossingsC': ''}
REF: (50, 54) {'gn': 0.02981, 'gc': -0.00762, 'Gn': 0.0, 'Gc': -0.0, 'crossingsN': '', 'crossingsC': ''}
REF: (51, 55) {'gn': 0.02118, 'gc': -0.00739, 'Gn': 0.0, 'Gc': -0.0, 'crossingsN': '', 'crossingsC': ''}
REF: (51, 56) {'gn': 0.01732, 'gc': -0.02324, 'Gn': 0.0, 'Gc': -0.0, 'crossingsN': '', 'crossingsC': ''}
REF: (52, 56) {'gn': 0.01667, 'gc': -0.02555, 'Gn': 0.0, 'Gc': -0.0, 'crossingsN': '', 'crossingsC': ''}
REF: (52, 57) {'gn': 0.01702, 'gc': -0.00623, 'Gn': 0.0, 'Gc': -0.0, 'crossingsN': '', 'crossingsC': ''}
REF: (52, 58) {'gn': 0.01533, 'gc': 0.04464, 'Gn': 0.0, 'Gc': 0.0, 'crossingsN': '', 'crossingsC': ''}
REF: (53, 57) {'gn': 0.03049, 'gc': 0.00545, 'Gn': 0.0, 'Gc': 0.0, 'crossingsN': '', 'crossingsC': ''}
REF: (57, 114) {'gn': 0.05362, 'gc': 0.03503, 'Gn': 0.0, 'Gc': 0.0, 'crossingsN': '', 'crossingsC': ''}
REF: (57, 115) {'gn': 0.04379, 'gc': -0.01508, 'Gn': 0.0, 'Gc': -0.0, 'crossingsN': '', 'crossingsC': ''}
REF: (57, 116) {'gn': 0.03583, 'gc': 0.03472, 'Gn': 0.0, 'Gc': 0.0, 'crossingsN': '', 'crossingsC': ''}
REF: (58, 114) {'gn': 0.04112, 'gc': 0.01677, 'Gn': 0.0, 'Gc': 0.0, 'crossingsN': '', 'crossingsC': ''}
REF: (58, 115) {'gn': 0.03033, 'gc': -0.033, 'Gn': 0.0, 'Gc': -0.0, 'crossingsN': '', 'crossingsC': ''}
REF: (58, 116) {'gn': 0.01549, 'gc': 0.01515, 'Gn': 0.0, 'Gc': 0.0, 'crossingsN': '', 'crossingsC': ''}
REF: (59, 88) {'gn': -0.00901, 'gc': 0.19661, 'Gn': -0.0, 'Gc': 0.0, 'crossingsN': '', 'crossingsC': ''}
REF: (59, 89) {'gn': 0.01032, 'gc': 0.19149, 'Gn': 0.0, 'Gc': 0.0, 'crossingsN': '', 'crossingsC': ''}
REF: (59, 90) {'gn': 0.02871, 'gc': 0.11937, 'Gn': 0.0, 'Gc': 0.0, 'crossingsN': '', 'crossingsC': ''}
REF: (59, 115) {'gn': 0.04647, 'gc': -0.03538, 'Gn': 0.0, 'Gc': -0.0, 'crossingsN': '', 'crossingsC': ''}
REF: (59, 116) {'gn': 0.03182, 'gc': 0.01251, 'Gn': 0.0, 'Gc': 0.0, 'crossingsN': '', 'crossingsC': ''}
REF: (60, 89) {'gn': -0.01513, 'gc': 0.12654, 'Gn': -0.0, 'Gc': 0.0, 'crossingsN': '', 'crossingsC': ''}
REF: (60, 90) {'gn': 0.00399, 'gc': 0.05421, 'Gn': 0.0, 'Gc': 0.0, 'crossingsN': '', 'crossingsC': ''}
REF: (60, 91) {'gn': 0.01924, 'gc': 0.06866, 'Gn': 0.0, 'Gc': 0.0, 'crossingsN': '', 'crossingsC': ''}
REF: (60, 92) {'gn': 0.03487, 'gc': 0.09761, 'Gn': 0.0, 'Gc': 0.0, 'crossingsN': '', 'crossingsC': ''}
REF: (60, 115) {'gn': 0.02739, 'gc': -0.04961, 'Gn': 0.0, 'Gc': -0.0, 'crossingsN': '', 'crossingsC': ''}
REF: (60, 116) {'gn': 0.01442, 'gc': -0.0026, 'Gn': 0.0, 'Gc': -0.0, 'crossingsN': '', 'crossingsC': ''}
REF: (60, 117) {'gn': 0.02089, 'gc': -0.02666, 'Gn': 0.0, 'Gc': -0.0, 'crossingsN': '', 'crossingsC': ''}
REF: (61, 84) {'gn': -0.02068, 'gc': 0.18752, 'Gn': -0.0, 'Gc': 0.0, 'crossingsN': '', 'crossingsC': ''}
REF: (61, 89) {'gn': -0.024, 'gc': 0.04181, 'Gn': -0.0, 'Gc': 0.0, 'crossingsN': '', 'crossingsC': ''}
REF: (61, 90) {'gn': -0.00063, 'gc': -0.02812, 'Gn': -0.0, 'Gc': -0.0, 'crossingsN': '', 'crossingsC': ''}
REF: (61, 91) {'gn': 0.01474, 'gc': -0.01468, 'Gn': 0.0, 'Gc': -0.0, 'crossingsN': '', 'crossingsC': ''}
REF: (61, 92) {'gn': 0.03241, 'gc': 0.01525, 'Gn': 0.0, 'Gc': 0.0, 'crossingsN': '', 'crossingsC': ''}
REF: (61, 115) {'gn': 0.01817, 'gc': -0.06036, 'Gn': 0.0, 'Gc': -0.0, 'crossingsN': '', 'crossingsC': ''}
REF: (61, 116) {'gn': -0.00041, 'gc': -0.01286, 'Gn': -0.0, 'Gc': -0.0, 'crossingsN': '', 'crossingsC': ''}
REF: (61, 117) {'gn': 0.00509, 'gc': -0.03724, 'Gn': 0.0, 'Gc': -0.0, 'crossingsN': '', 'crossingsC': ''}
REF: (61, 118) {'gn': 0.01234, 'gc': 0.07921, 'Gn': 0.0, 'Gc': 0.0, 'crossingsN': '', 'crossingsC': ''}
REF: (61, 119) {'gn': 0.01006, 'gc': 0.08213, 'Gn': 0.0, 'Gc': 0.0, 'crossingsN': '', 'crossingsC': ''}
REF: (62, 91) {'gn': 0.00389, 'gc': -0.15041, 'Gn': 0.0, 'Gc': -0.0, 'crossingsN': '', 'crossingsC': ''}
REF: (62, 92) {'gn': 0.02232, 'gc': -0.12139, 'Gn': 0.0, 'Gc': -0.0, 'crossingsN': '', 'crossingsC': ''}
REF: (62, 93) {'gn': 0.02621, 'gc': -0.06766, 'Gn': 0.0, 'Gc': -0.0, 'crossingsN': '', 'crossingsC': ''}
REF: (62, 94) {'gn': 0.036, 'gc': 0.00398, 'Gn': 0.0, 'Gc': 0.0, 'crossingsN': '', 'crossingsC': ''}
REF: (62, 110) {'gn': 0.03758, 'gc': 0.08338, 'Gn': 0.0, 'Gc': 0.0, 'crossingsN': '', 'crossingsC': ''}
REF: (62, 115) {'gn': 0.01134, 'gc': -0.09749, 'Gn': 0.0, 'Gc': -0.0, 'crossingsN': '', 'crossingsC': ''}
REF: (62, 117) {'gn': 0.00827, 'gc': -0.07483, 'Gn': 0.0, 'Gc': -0.0, 'crossingsN': '', 'crossingsC': ''}
REF: (62, 118) {'gn': 0.01368, 'gc': 0.04016, 'Gn': 0.0, 'Gc': 0.0, 'crossingsN': '', 'crossingsC': ''}
REF: (62, 119) {'gn': 0.01181, 'gc': 0.04138, 'Gn': 0.0, 'Gc': 0.0, 'crossingsN': '', 'crossingsC': ''}
REF: (63, 91) {'gn': 0.00392, 'gc': -0.17334, 'Gn': 0.0, 'Gc': -0.0, 'crossingsN': '', 'crossingsC': ''}
REF: (63, 92) {'gn': 0.01832, 'gc': -0.14078, 'Gn': 0.0, 'Gc': -0.0, 'crossingsN': '', 'crossingsC': ''}
REF: (63, 93) {'gn': 0.02223, 'gc': -0.08782, 'Gn': 0.0, 'Gc': -0.0, 'crossingsN': '', 'crossingsC': ''}
REF: (63, 94) {'gn': 0.03027, 'gc': -0.01352, 'Gn': 0.0, 'Gc': -0.0, 'crossingsN': '', 'crossingsC': ''}
REF: (63, 118) {'gn': 0.04503, 'gc': 0.01059, 'Gn': 0.0, 'Gc': 0.0, 'crossingsN': '', 'crossingsC': ''}
REF: (63, 119) {'gn': 0.0461, 'gc': 0.01283, 'Gn': 0.0, 'Gc': 0.0, 'crossingsN': '', 'crossingsC': ''}
REF: (63, 120) {'gn': 0.04945, 'gc': 0.15058, 'Gn': 0.0, 'Gc': 0.0, 'crossingsN': '', 'crossingsC': ''}
REF: (63, 121) {'gn': 0.05029, 'gc': 0.16519, 'Gn': 0.0, 'Gc': 0.0, 'crossingsN': '', 'crossingsC': ''}
REF: (64, 93) {'gn': 0.0226, 'gc': -0.25889, 'Gn': 0.0, 'Gc': -0.0, 'crossingsN': '', 'crossingsC': ''}
REF: (64, 94) {'gn': 0.03289, 'gc': -0.18378, 'Gn': 0.0, 'Gc': -0.0, 'crossingsN': '', 'crossingsC': ''}
REF: (64, 95) {'gn': 0.03521, 'gc': -0.14028, 'Gn': 0.0, 'Gc': -0.0, 'crossingsN': '', 'crossingsC': ''}
REF: (64, 96) {'gn': 0.04162, 'gc': -0.04367, 'Gn': 0.0, 'Gc': -0.0, 'crossingsN': '', 'crossingsC': ''}
REF: (64, 103) {'gn': 0.04707, 'gc': 0.06287, 'Gn': 0.0, 'Gc': 0.0, 'crossingsN': '', 'crossingsC': ''}
REF: (64, 106) {'gn': 0.04036, 'gc': -0.01842, 'Gn': 0.0, 'Gc': -0.0, 'crossingsN': '', 'crossingsC': ''}
REF: (64, 107) {'gn': 0.04709, 'gc': 0.06203, 'Gn': 0.0, 'Gc': 0.0, 'crossingsN': '', 'crossingsC': ''}
REF: (64, 118) {'gn': 0.07207, 'gc': -0.04212, 'Gn': 0.0, 'Gc': -0.0, 'crossingsN': '', 'crossingsC': ''}
REF: (64, 119) {'gn': 0.07099, 'gc': -0.04333, 'Gn': 0.0, 'Gc': -0.0, 'crossingsN': '', 'crossingsC': ''}
REF: (64, 120) {'gn': 0.07379, 'gc': 0.09368, 'Gn': 0.0, 'Gc': 0.0, 'crossingsN': '', 'crossingsC': ''}
REF: (64, 121) {'gn': 0.073, 'gc': 0.10677, 'Gn': 0.0, 'Gc': 0.0, 'crossingsN': '', 'crossingsC': ''}
REF: (64, 122) {'gn': 0.07571, 'gc': 0.17592, 'Gn': 0.0, 'Gc': 0.0, 'crossingsN': '', 'crossingsC': ''}
REF: (65, 93) {'gn': 0.06349, 'gc': -0.16995, 'Gn': 0.0, 'Gc': -0.0, 'crossingsN': '', 'crossingsC': ''}
REF: (65, 94) {'gn': 0.07372, 'gc': -0.09106, 'Gn': 0.0, 'Gc': -0.0, 'crossingsN': '', 'crossingsC': ''}
REF: (65, 95) {'gn': 0.0761, 'gc': -0.05394, 'Gn': 0.0, 'Gc': -0.0, 'crossingsN': '', 'crossingsC': ''}
REF: (65, 96) {'gn': 0.08231, 'gc': 0.03775, 'Gn': 0.0, 'Gc': 0.0, 'crossingsN': '', 'crossingsC': ''}
REF: (65, 97) {'gn': 0.08196, 'gc': -0.01692, 'Gn': 0.0, 'Gc': -0.0, 'crossingsN': '', 'crossingsC': ''}
REF: (65, 120) {'gn': 0.16419, 'gc': 0.07998, 'Gn': 0.0, 'Gc': 0.0, 'crossingsN': '', 'crossingsC': ''}
REF: (65, 121) {'gn': 0.16461, 'gc': 0.0937, 'Gn': 0.0, 'Gc': 0.0, 'crossingsN': '', 'crossingsC': ''}
REF: (65, 122) {'gn': 0.16644, 'gc': 0.15932, 'Gn': 0.0, 'Gc': 0.0, 'crossingsN': '', 'crossingsC': ''}
REF: (66, 95) {'gn': 0.14846, 'gc': -0.0762, 'Gn': 0.0, 'Gc': -0.0, 'crossingsN': '', 'crossingsC': ''}
REF: (66, 96) {'gn': 0.15706, 'gc': 0.01073, 'Gn': 0.0, 'Gc': 0.0, 'crossingsN': '', 'crossingsC': ''}
REF: (66, 97) {'gn': 0.15571, 'gc': -0.03387, 'Gn': 0.0, 'Gc': -0.0, 'crossingsN': '', 'crossingsC': ''}
REF: (66, 98) {'gn': 0.15999, 'gc': 0.05775, 'Gn': 0.0, 'Gc': 0.0, 'crossingsN': '', 'crossingsC': ''}
REF: (66, 121) {'gn': 0.31095, 'gc': 0.05476, 'Gn': 0.0, 'Gc': 0.0, 'crossingsN': '', 'crossingsC': ''}
REF: (66, 122) {'gn': 0.31327, 'gc': 0.11636, 'Gn': 0.0, 'Gc': 0.0, 'crossingsN': '', 'crossingsC': ''}
REF: (66, 123) {'gn': 0.31377, 'gc': 0.19256, 'Gn': 0.0, 'Gc': 0.0, 'crossingsN': '', 'crossingsC': ''}
REF: (67, 73) {'gn': -0.01699, 'gc': -0.10396, 'Gn': -0.0, 'Gc': -0.0, 'crossingsN': '', 'crossingsC': ''}
REF: (67, 95) {'gn': 0.16523, 'gc': 0.00037, 'Gn': 0.0, 'Gc': 0.0, 'crossingsN': '', 'crossingsC': ''}
REF: (67, 96) {'gn': 0.17333, 'gc': 0.08441, 'Gn': 0.0, 'Gc': 0.0, 'crossingsN': '', 'crossingsC': ''}
REF: (67, 97) {'gn': 0.17191, 'gc': 0.03552, 'Gn': 0.0, 'Gc': 0.0, 'crossingsN': '', 'crossingsC': ''}
REF: (68, 73) {'gn': -0.01352, 'gc': -0.06779, 'Gn': -0.0, 'Gc': -0.0, 'crossingsN': '', 'crossingsC': ''}
REF: (68, 74) {'gn': -0.01152, 'gc': -0.05297, 'Gn': -0.0, 'Gc': -0.0, 'crossingsN': '', 'crossingsC': ''}
REF: (68, 77) {'gn': -0.01989, 'gc': -0.14475, 'Gn': -0.0, 'Gc': -0.0, 'crossingsN': '', 'crossingsC': ''}
REF: (68, 95) {'gn': 0.25943, 'gc': 0.06318, 'Gn': 0.0, 'Gc': 0.0, 'crossingsN': '', 'crossingsC': ''}
REF: (69, 73) {'gn': -0.02228, 'gc': -0.09033, 'Gn': -0.0, 'Gc': -0.0, 'crossingsN': '', 'crossingsC': ''}
REF: (69, 74) {'gn': -0.01496, 'gc': -0.07484, 'Gn': -0.0, 'Gc': -0.0, 'crossingsN': '', 'crossingsC': ''}
REF: (70, 74) {'gn': -0.0048, 'gc': -0.08008, 'Gn': -0.0, 'Gc': -0.0, 'crossingsN': '', 'crossingsC': ''}
REF: (71, 75) {'gn': -0.01334, 'gc': -0.09967, 'Gn': -0.0, 'Gc': -0.0, 'crossingsN': '', 'crossingsC': ''}
REF: (71, 248) {'gn': 0.91235, 'gc': 0.15323, 'Gn': 1.0, 'Gc': 0.0, 'crossingsN': '', 'crossingsC': ''}
REF: (71, 276) {'gn': 0.92, 'gc': 0.19633, 'Gn': 1.0, 'Gc': 0.0, 'crossingsN': '', 'crossingsC': ''}
REF: (71, 277) {'gn': 0.92493, 'gc': 0.23301, 'Gn': 1.0, 'Gc': 0.0, 'crossingsN': '', 'crossingsC': ''}
REF: (72, 76) {'gn': 0.00205, 'gc': -0.13312, 'Gn': 0.0, 'Gc': -0.0, 'crossingsN': '', 'crossingsC': ''}
REF: (72, 274) {'gn': 0.97361, 'gc': 0.08776, 'Gn': 1.0, 'Gc': 0.0, 'crossingsN': '', 'crossingsC': ''}
REF: (72, 276) {'gn': 0.98996, 'gc': 0.2088, 'Gn': 1.0, 'Gc': 0.0, 'crossingsN': '', 'crossingsC': ''}
REF: (72, 293) {'gn': 0.99331, 'gc': -0.15563, 'Gn': 1.0, 'Gc': -0.0, 'crossingsN': '', 'crossingsC': ''}
REF: (73, 77) {'gn': 0.04057, 'gc': -0.07489, 'Gn': 0.0, 'Gc': -0.0, 'crossingsN': '', 'crossingsC': ''}
REF: (74, 78) {'gn': 0.02838, 'gc': -0.06782, 'Gn': 0.0, 'Gc': -0.0, 'crossingsN': '', 'crossingsC': ''}
REF: (75, 79) {'gn': 0.00343, 'gc': -0.0765, 'Gn': 0.0, 'Gc': -0.0, 'crossingsN': '', 'crossingsC': ''}
REF: (75, 276) {'gn': 0.94844, 'gc': 0.17962, 'Gn': 1.0, 'Gc': 0.0, 'crossingsN': '', 'crossingsC': ''}
REF: (75, 293) {'gn': 0.97295, 'gc': -0.12367, 'Gn': 1.0, 'Gc': -0.0, 'crossingsN': '', 'crossingsC': ''}
REF: (75, 294) {'gn': 0.98693, 'gc': -0.23054, 'Gn': 1.0, 'Gc': -0.0, 'crossingsN': '', 'crossingsC': ''}
REF: (76, 80) {'gn': 0.03081, 'gc': -0.05998, 'Gn': 0.0, 'Gc': -0.0, 'crossingsN': '', 'crossingsC': ''}
REF: (76, 293) {'gn': 0.98353, 'gc': -0.12814, 'Gn': 1.0, 'Gc': -0.0, 'crossingsN': '', 'crossingsC': ''}
REF: (76, 294) {'gn': 1.00155, 'gc': -0.23563, 'Gn': 1.0, 'Gc': -0.0, 'crossingsN': '', 'crossingsC': ''}
REF: (76, 296) {'gn': 0.962, 'gc': -0.105, 'Gn': 1.0, 'Gc': -0.0, 'crossingsN': '', 'crossingsC': ''}
REF: (76, 297) {'gn': 0.99107, 'gc': -0.05921, 'Gn': 1.0, 'Gc': -0.0, 'crossingsN': '', 'crossingsC': ''}
REF: (77, 81) {'gn': 0.03589, 'gc': -0.03424, 'Gn': 0.0, 'Gc': -0.0, 'crossingsN': '', 'crossingsC': ''}
REF: (77, 297) {'gn': 0.88733, 'gc': -0.05851, 'Gn': 1.0, 'Gc': -0.0, 'crossingsN': '', 'crossingsC': ''}
REF: (78, 82) {'gn': -0.0083, 'gc': -0.05701, 'Gn': -0.0, 'Gc': -0.0, 'crossingsN': '', 'crossingsC': ''}
REF: (79, 83) {'gn': 0.0004, 'gc': -0.04781, 'Gn': 0.0, 'Gc': -0.0, 'crossingsN': '', 'crossingsC': ''}
REF: (79, 293) {'gn': 0.90216, 'gc': -0.11284, 'Gn': 1.0, 'Gc': -0.0, 'crossingsN': '', 'crossingsC': ''}
REF: (79, 294) {'gn': 0.91593, 'gc': -0.20932, 'Gn': 1.0, 'Gc': -0.0, 'crossingsN': '', 'crossingsC': ''}
REF: (79, 297) {'gn': 0.91731, 'gc': -0.02721, 'Gn': 1.0, 'Gc': -0.0, 'crossingsN': '', 'crossingsC': ''}
REF: (79, 298) {'gn': 0.91464, 'gc': -0.11606, 'Gn': 1.0, 'Gc': -0.0, 'crossingsN': '', 'crossingsC': ''}
REF: (80, 84) {'gn': 0.03177, 'gc': -0.02726, 'Gn': 0.0, 'Gc': -0.0, 'crossingsN': '', 'crossingsC': ''}
REF: (80, 294) {'gn': 0.88239, 'gc': -0.21058, 'Gn': 1.0, 'Gc': -0.0, 'crossingsN': '', 'crossingsC': ''}
REF: (80, 297) {'gn': 0.88759, 'gc': -0.03597, 'Gn': 1.0, 'Gc': -0.0, 'crossingsN': '', 'crossingsC': ''}
REF: (80, 298) {'gn': 0.88828, 'gc': -0.12544, 'Gn': 1.0, 'Gc': -0.0, 'crossingsN': '', 'crossingsC': ''}
REF: (80, 300) {'gn': 0.84878, 'gc': -0.00181, 'Gn': 1.0, 'Gc': -0.0, 'crossingsN': '', 'crossingsC': ''}
REF: (80, 301) {'gn': 0.87653, 'gc': 0.01822, 'Gn': 1.0, 'Gc': 0.0, 'crossingsN': '', 'crossingsC': ''}
REF: (81, 85) {'gn': 0.00446, 'gc': -0.05263, 'Gn': 0.0, 'Gc': -0.0, 'crossingsN': '', 'crossingsC': ''}
REF: (81, 91) {'gn': 0.13184, 'gc': 0.02173, 'Gn': 0.0, 'Gc': 0.0, 'crossingsN': '', 'crossingsC': ''}
REF: (82, 86) {'gn': -0.01067, 'gc': -0.04845, 'Gn': -0.0, 'Gc': -0.0, 'crossingsN': '', 'crossingsC': ''}
REF: (83, 87) {'gn': 0.00128, 'gc': -0.04196, 'Gn': 0.0, 'Gc': -0.0, 'crossingsN': '', 'crossingsC': ''}
REF: (83, 298) {'gn': 0.86929, 'gc': -0.09319, 'Gn': 1.0, 'Gc': -0.0, 'crossingsN': '', 'crossingsC': ''}
REF: (83, 301) {'gn': 0.8735, 'gc': 0.05251, 'Gn': 1.0, 'Gc': 0.0, 'crossingsN': '', 'crossingsC': ''}
REF: (84, 88) {'gn': 0.0176, 'gc': -0.03324, 'Gn': 0.0, 'Gc': -0.0, 'crossingsN': '', 'crossingsC': ''}
REF: (84, 89) {'gn': 0.03429, 'gc': -0.01872, 'Gn': 0.0, 'Gc': -0.0, 'crossingsN': '', 'crossingsC': ''}
REF: (84, 90) {'gn': 0.15395, 'gc': 0.01511, 'Gn': 0.0, 'Gc': 0.0, 'crossingsN': '', 'crossingsC': ''}
REF: (84, 91) {'gn': 0.1748, 'gc': 0.06152, 'Gn': 0.0, 'Gc': 0.0, 'crossingsN': '', 'crossingsC': ''}
REF: (84, 301) {'gn': 0.80269, 'gc': 0.04148, 'Gn': 1.0, 'Gc': 0.0, 'crossingsN': '', 'crossingsC': ''}
REF: (85, 89) {'gn': -0.0042, 'gc': -0.01527, 'Gn': -0.0, 'Gc': -0.0, 'crossingsN': '', 'crossingsC': ''}
REF: (85, 90) {'gn': 0.10991, 'gc': 0.01802, 'Gn': 0.0, 'Gc': 0.0, 'crossingsN': '', 'crossingsC': ''}
REF: (94, 106) {'gn': 0.13575, 'gc': 0.10415, 'Gn': 0.0, 'Gc': 0.0, 'crossingsN': '', 'crossingsC': ''}
REF: (96, 100) {'gn': 0.05005, 'gc': 0.08888, 'Gn': 0.0, 'Gc': 0.0, 'crossingsN': '', 'crossingsC': ''}
REF: (96, 102) {'gn': 0.02028, 'gc': 0.02099, 'Gn': 0.0, 'Gc': 0.0, 'crossingsN': '', 'crossingsC': ''}
REF: (96, 103) {'gn': 0.03679, 'gc': 0.09281, 'Gn': 0.0, 'Gc': 0.0, 'crossingsN': '', 'crossingsC': ''}
REF: (96, 106) {'gn': -0.00254, 'gc': 0.01133, 'Gn': -0.0, 'Gc': 0.0, 'crossingsN': '', 'crossingsC': ''}
REF: (96, 122) {'gn': 0.22838, 'gc': 0.16111, 'Gn': 0.0, 'Gc': 0.0, 'crossingsN': '', 'crossingsC': ''}
REF: (97, 102) {'gn': -0.01687, 'gc': 0.03695, 'Gn': -0.0, 'Gc': 0.0, 'crossingsN': '', 'crossingsC': ''}
REF: (97, 122) {'gn': 0.22996, 'gc': 0.13492, 'Gn': 0.0, 'Gc': 0.0, 'crossingsN': '', 'crossingsC': ''}
REF: (98, 102) {'gn': -0.0459, 'gc': -0.03005, 'Gn': -0.0, 'Gc': -0.0, 'crossingsN': '', 'crossingsC': ''}
REF: (98, 103) {'gn': -0.02564, 'gc': 0.04118, 'Gn': -0.0, 'Gc': 0.0, 'crossingsN': '', 'crossingsC': ''}
REF: (98, 122) {'gn': 0.21641, 'gc': 0.10126, 'Gn': 0.0, 'Gc': 0.0, 'crossingsN': '', 'crossingsC': ''}
REF: (98, 123) {'gn': 0.21714, 'gc': 0.19076, 'Gn': 0.0, 'Gc': 0.0, 'crossingsN': '', 'crossingsC': ''}
REF: (98, 124) {'gn': 0.18489, 'gc': 0.18733, 'Gn': 0.0, 'Gc': 0.0, 'crossingsN': '', 'crossingsC': ''}
REF: (99, 103) {'gn': -0.0082, 'gc': 0.0499, 'Gn': -0.0, 'Gc': 0.0, 'crossingsN': '', 'crossingsC': ''}
REF: (100, 104) {'gn': -0.0107, 'gc': 0.00096, 'Gn': -0.0, 'Gc': 0.0, 'crossingsN': '', 'crossingsC': ''}
REF: (100, 128) {'gn': 0.19545, 'gc': 0.19225, 'Gn': 0.0, 'Gc': 0.0, 'crossingsN': '', 'crossingsC': ''}
REF: (100, 129) {'gn': 0.20369, 'gc': 0.18878, 'Gn': 0.0, 'Gc': 0.0, 'crossingsN': '', 'crossingsC': ''}
REF: (101, 105) {'gn': -0.02311, 'gc': -0.01131, 'Gn': -0.0, 'Gc': -0.0, 'crossingsN': '', 'crossingsC': ''}
REF: (102, 106) {'gn': -0.0005, 'gc': -0.00715, 'Gn': -0.0, 'Gc': -0.0, 'crossingsN': '', 'crossingsC': ''}
REF: (103, 107) {'gn': 0.01055, 'gc': 0.00261, 'Gn': 0.0, 'Gc': 0.0, 'crossingsN': '', 'crossingsC': ''}
REF: (103, 129) {'gn': 0.24705, 'gc': 0.21416, 'Gn': 0.0, 'Gc': 0.0, 'crossingsN': '', 'crossingsC': ''}
REF: (104, 108) {'gn': -0.01475, 'gc': -0.0314, 'Gn': -0.0, 'Gc': -0.0, 'crossingsN': '', 'crossingsC': ''}
REF: (104, 132) {'gn': 0.2358, 'gc': 0.1846, 'Gn': 0.0, 'Gc': 0.0, 'crossingsN': '', 'crossingsC': ''}
REF: (105, 109) {'gn': -0.00406, 'gc': -0.02271, 'Gn': -0.0, 'Gc': -0.0, 'crossingsN': '', 'crossingsC': ''}
REF: (106, 110) {'gn': 0.03979, 'gc': -0.01822, 'Gn': 0.0, 'Gc': -0.0, 'crossingsN': '', 'crossingsC': ''}
REF: (107, 111) {'gn': 0.00162, 'gc': -0.05869, 'Gn': 0.0, 'Gc': -0.0, 'crossingsN': '', 'crossingsC': ''}
REF: (108, 112) {'gn': -0.01597, 'gc': -0.04248, 'Gn': -0.0, 'Gc': -0.0, 'crossingsN': '', 'crossingsC': ''}
REF: (109, 113) {'gn': -0.001, 'gc': -0.01924, 'Gn': -0.0, 'Gc': -0.0, 'crossingsN': '', 'crossingsC': ''}
REF: (110, 114) {'gn': 0.03425, 'gc': -0.04061, 'Gn': 0.0, 'Gc': -0.0, 'crossingsN': '', 'crossingsC': ''}
REF: (110, 115) {'gn': 0.07805, 'gc': -0.03089, 'Gn': 0.0, 'Gc': -0.0, 'crossingsN': '', 'crossingsC': ''}
REF: (111, 115) {'gn': 0.02224, 'gc': -0.02226, 'Gn': 0.0, 'Gc': -0.0, 'crossingsN': '', 'crossingsC': ''}
REF: (111, 139) {'gn': 0.28278, 'gc': 0.04705, 'Gn': 0.0, 'Gc': 0.0, 'crossingsN': '', 'crossingsC': ''}
REF: (115, 139) {'gn': 0.27258, 'gc': 0.05686, 'Gn': 0.0, 'Gc': 0.0, 'crossingsN': '', 'crossingsC': ''}
REF: (116, 139) {'gn': 0.14143, 'gc': 0.07661, 'Gn': 0.0, 'Gc': 0.0, 'crossingsN': '', 'crossingsC': ''}
REF: (116, 140) {'gn': 0.19143, 'gc': 0.02354, 'Gn': 0.0, 'Gc': 0.0, 'crossingsN': '', 'crossingsC': ''}
REF: (116, 308) {'gn': 0.21695, 'gc': 0.06922, 'Gn': 0.0, 'Gc': 0.0, 'crossingsN': '', 'crossingsC': ''}
REF: (117, 139) {'gn': 0.0321, 'gc': 0.09857, 'Gn': 0.0, 'Gc': 0.0, 'crossingsN': '', 'crossingsC': ''}
REF: (117, 140) {'gn': 0.07983, 'gc': 0.04546, 'Gn': 0.0, 'Gc': 0.0, 'crossingsN': '', 'crossingsC': ''}
REF: (117, 141) {'gn': 0.11085, 'gc': 0.02693, 'Gn': 0.0, 'Gc': 0.0, 'crossingsN': '', 'crossingsC': ''}
REF: (117, 304) {'gn': 0.15969, 'gc': -0.01699, 'Gn': 0.0, 'Gc': -0.0, 'crossingsN': '', 'crossingsC': ''}
REF: (117, 308) {'gn': 0.10684, 'gc': 0.05949, 'Gn': 0.0, 'Gc': 0.0, 'crossingsN': '', 'crossingsC': ''}
REF: (118, 139) {'gn': 0.00762, 'gc': 0.08101, 'Gn': 0.0, 'Gc': 0.0, 'crossingsN': '', 'crossingsC': ''}
REF: (118, 140) {'gn': 0.05428, 'gc': 0.02568, 'Gn': 0.0, 'Gc': 0.0, 'crossingsN': '', 'crossingsC': ''}
REF: (118, 141) {'gn': 0.08018, 'gc': 0.00754, 'Gn': 0.0, 'Gc': 0.0, 'crossingsN': '', 'crossingsC': ''}
REF: (118, 142) {'gn': 0.122, 'gc': 0.01157, 'Gn': 0.0, 'Gc': 0.0, 'crossingsN': '', 'crossingsC': ''}
REF: (118, 304) {'gn': 0.12777, 'gc': -0.03117, 'Gn': 0.0, 'Gc': -0.0, 'crossingsN': '', 'crossingsC': ''}
REF: (119, 141) {'gn': -0.03877, 'gc': 0.00799, 'Gn': -0.0, 'Gc': 0.0, 'crossingsN': '', 'crossingsC': ''}
REF: (119, 142) {'gn': 0.00201, 'gc': 0.01286, 'Gn': 0.0, 'Gc': 0.0, 'crossingsN': '', 'crossingsC': ''}
REF: (119, 143) {'gn': 0.01712, 'gc': 0.15146, 'Gn': 0.0, 'Gc': 0.0, 'crossingsN': '', 'crossingsC': ''}
REF: (119, 144) {'gn': 0.05459, 'gc': 0.1371, 'Gn': 0.0, 'Gc': 0.0, 'crossingsN': '', 'crossingsC': ''}
REF: (119, 300) {'gn': 0.05407, 'gc': -0.02679, 'Gn': 0.0, 'Gc': -0.0, 'crossingsN': '', 'crossingsC': ''}
REF: (119, 301) {'gn': 0.07361, 'gc': -0.02315, 'Gn': 0.0, 'Gc': -0.0, 'crossingsN': '', 'crossingsC': ''}
REF: (119, 304) {'gn': 0.00214, 'gc': -0.02193, 'Gn': 0.0, 'Gc': -0.0, 'crossingsN': '', 'crossingsC': ''}
REF: (120, 141) {'gn': 0.0048, 'gc': -0.03756, 'Gn': 0.0, 'Gc': -0.0, 'crossingsN': '', 'crossingsC': ''}
REF: (120, 142) {'gn': 0.04436, 'gc': -0.03687, 'Gn': 0.0, 'Gc': -0.0, 'crossingsN': '', 'crossingsC': ''}
REF: (120, 143) {'gn': 0.05705, 'gc': 0.09769, 'Gn': 0.0, 'Gc': 0.0, 'crossingsN': '', 'crossingsC': ''}
REF: (120, 144) {'gn': 0.09385, 'gc': 0.08029, 'Gn': 0.0, 'Gc': 0.0, 'crossingsN': '', 'crossingsC': ''}
REF: (120, 145) {'gn': 0.08663, 'gc': 0.20907, 'Gn': 0.0, 'Gc': 0.0, 'crossingsN': '', 'crossingsC': ''}
REF: (121, 143) {'gn': -0.01257, 'gc': 0.06638, 'Gn': -0.0, 'Gc': 0.0, 'crossingsN': '', 'crossingsC': ''}
REF: (121, 144) {'gn': 0.02055, 'gc': 0.04208, 'Gn': 0.0, 'Gc': 0.0, 'crossingsN': '', 'crossingsC': ''}
REF: (121, 145) {'gn': 0.01435, 'gc': 0.17007, 'Gn': 0.0, 'Gc': 0.0, 'crossingsN': '', 'crossingsC': ''}
REF: (122, 145) {'gn': 0.13278, 'gc': 0.11996, 'Gn': 0.0, 'Gc': 0.0, 'crossingsN': '', 'crossingsC': ''}
REF: (123, 145) {'gn': 0.1695, 'gc': 0.07443, 'Gn': 0.0, 'Gc': 0.0, 'crossingsN': '', 'crossingsC': ''}
REF: (123, 188) {'gn': 0.18982, 'gc': 0.39084, 'Gn': 0.0, 'Gc': 0.0, 'crossingsN': '', 'crossingsC': ''}
REF: (123, 189) {'gn': 0.19446, 'gc': 0.47369, 'Gn': 0.0, 'Gc': 0.0, 'crossingsN': '', 'crossingsC': ''}
REF: (123, 190) {'gn': 0.19407, 'gc': 0.32536, 'Gn': 0.0, 'Gc': 0.0, 'crossingsN': '', 'crossingsC': ''}
REF: (124, 188) {'gn': 0.2163, 'gc': 0.37261, 'Gn': 0.0, 'Gc': 0.0, 'crossingsN': '', 'crossingsC': ''}
REF: (124, 189) {'gn': 0.22131, 'gc': 0.45895, 'Gn': 0.0, 'Gc': 0.0, 'crossingsN': '', 'crossingsC': ''}
REF: (125, 129) {'gn': -0.03216, 'gc': -0.01245, 'Gn': -0.0, 'Gc': -0.0, 'crossingsN': '', 'crossingsC': ''}
REF: (125, 130) {'gn': -0.00119, 'gc': 0.03332, 'Gn': -0.0, 'Gc': 0.0, 'crossingsN': '', 'crossingsC': ''}
REF: (125, 188) {'gn': 0.34833, 'gc': 0.37759, 'Gn': 0.0, 'Gc': 0.0, 'crossingsN': '', 'crossingsC': ''}
REF: (125, 189) {'gn': 0.35349, 'gc': 0.46304, 'Gn': 0.0, 'Gc': 0.0, 'crossingsN': '', 'crossingsC': ''}
REF: (126, 130) {'gn': -0.00338, 'gc': 0.0356, 'Gn': -0.0, 'Gc': 0.0, 'crossingsN': '', 'crossingsC': ''}
REF: (127, 131) {'gn': -0.01645, 'gc': 0.00336, 'Gn': -0.0, 'Gc': 0.0, 'crossingsN': '', 'crossingsC': ''}
REF: (128, 132) {'gn': -0.03181, 'gc': -0.00857, 'Gn': -0.0, 'Gc': -0.0, 'crossingsN': '', 'crossingsC': ''}
REF: (129, 133) {'gn': 0.01468, 'gc': 0.01049, 'Gn': 0.0, 'Gc': 0.0, 'crossingsN': '', 'crossingsC': ''}
REF: (130, 134) {'gn': 0.01494, 'gc': 3e-05, 'Gn': 0.0, 'Gc': 0.0, 'crossingsN': '', 'crossingsC': ''}
REF: (131, 135) {'gn': -0.00916, 'gc': -0.00869, 'Gn': -0.0, 'Gc': -0.0, 'crossingsN': '', 'crossingsC': ''}
REF: (132, 136) {'gn': 0.03926, 'gc': -0.01183, 'Gn': 0.0, 'Gc': -0.0, 'crossingsN': '', 'crossingsC': ''}
REF: (133, 137) {'gn': 0.09559, 'gc': -0.031, 'Gn': 0.0, 'Gc': -0.0, 'crossingsN': '', 'crossingsC': ''}
REF: (134, 153) {'gn': 0.19854, 'gc': 0.014, 'Gn': 0.0, 'Gc': 0.0, 'crossingsN': '', 'crossingsC': ''}
REF: (137, 141) {'gn': 0.08758, 'gc': -0.05256, 'Gn': 0.0, 'Gc': -0.0, 'crossingsN': '', 'crossingsC': ''}
REF: (137, 153) {'gn': 0.17899, 'gc': 0.03442, 'Gn': 0.0, 'Gc': 0.0, 'crossingsN': '', 'crossingsC': ''}
REF: (137, 154) {'gn': 0.19283, 'gc': -0.04334, 'Gn': 0.0, 'Gc': -0.0, 'crossingsN': '', 'crossingsC': ''}
REF: (140, 154) {'gn': 0.14588, 'gc': 0.02042, 'Gn': 0.0, 'Gc': 0.0, 'crossingsN': '', 'crossingsC': ''}
REF: (140, 304) {'gn': 0.24112, 'gc': -0.05428, 'Gn': 0.0, 'Gc': -0.0, 'crossingsN': '', 'crossingsC': ''}
REF: (140, 307) {'gn': 0.17591, 'gc': -0.04633, 'Gn': 0.0, 'Gc': -0.0, 'crossingsN': '', 'crossingsC': ''}
REF: (140, 308) {'gn': 0.16996, 'gc': -0.00577, 'Gn': 0.0, 'Gc': -0.0, 'crossingsN': '', 'crossingsC': ''}
REF: (141, 154) {'gn': 0.1227, 'gc': 0.02821, 'Gn': 0.0, 'Gc': 0.0, 'crossingsN': '', 'crossingsC': ''}
REF: (141, 155) {'gn': 0.18284, 'gc': -0.0928, 'Gn': 0.0, 'Gc': -0.0, 'crossingsN': '', 'crossingsC': ''}
REF: (141, 304) {'gn': 0.21255, 'gc': -0.05115, 'Gn': 0.0, 'Gc': -0.0, 'crossingsN': '', 'crossingsC': ''}
REF: (142, 154) {'gn': 0.0217, 'gc': 0.06735, 'Gn': 0.0, 'Gc': 0.0, 'crossingsN': '', 'crossingsC': ''}
REF: (142, 155) {'gn': 0.07867, 'gc': -0.05409, 'Gn': 0.0, 'Gc': -0.0, 'crossingsN': '', 'crossingsC': ''}
REF: (142, 156) {'gn': 0.11754, 'gc': -0.02228, 'Gn': 0.0, 'Gc': -0.0, 'crossingsN': '', 'crossingsC': ''}
REF: (142, 157) {'gn': 0.16532, 'gc': -0.07733, 'Gn': 0.0, 'Gc': -0.0, 'crossingsN': '', 'crossingsC': ''}
REF: (142, 300) {'gn': 0.18853, 'gc': -0.04089, 'Gn': 0.0, 'Gc': -0.0, 'crossingsN': '', 'crossingsC': ''}
REF: (142, 303) {'gn': 0.11575, 'gc': -0.1123, 'Gn': 0.0, 'Gc': -0.0, 'crossingsN': '', 'crossingsC': ''}
REF: (142, 304) {'gn': 0.0988, 'gc': -0.04101, 'Gn': 0.0, 'Gc': -0.0, 'crossingsN': '', 'crossingsC': ''}
REF: (143, 154) {'gn': -0.00589, 'gc': 0.01746, 'Gn': -0.0, 'Gc': 0.0, 'crossingsN': '', 'crossingsC': ''}
REF: (143, 155) {'gn': 0.04997, 'gc': -0.103, 'Gn': 0.0, 'Gc': -0.0, 'crossingsN': '', 'crossingsC': ''}
REF: (143, 156) {'gn': 0.08666, 'gc': -0.07275, 'Gn': 0.0, 'Gc': -0.0, 'crossingsN': '', 'crossingsC': ''}
REF: (143, 157) {'gn': 0.13354, 'gc': -0.12696, 'Gn': 0.0, 'Gc': -0.0, 'crossingsN': '', 'crossingsC': ''}
REF: (143, 300) {'gn': 0.15732, 'gc': -0.07861, 'Gn': 0.0, 'Gc': -0.0, 'crossingsN': '', 'crossingsC': ''}
REF: (144, 156) {'gn': -0.03269, 'gc': -0.05364, 'Gn': -0.0, 'Gc': -0.0, 'crossingsN': '', 'crossingsC': ''}
REF: (144, 157) {'gn': 0.01465, 'gc': -0.10568, 'Gn': 0.0, 'Gc': -0.0, 'crossingsN': '', 'crossingsC': ''}
REF: (144, 158) {'gn': 0.02694, 'gc': 0.00273, 'Gn': 0.0, 'Gc': 0.0, 'crossingsN': '', 'crossingsC': ''}
REF: (144, 296) {'gn': 0.07598, 'gc': -0.07228, 'Gn': 0.0, 'Gc': -0.0, 'crossingsN': '', 'crossingsC': ''}
REF: (144, 297) {'gn': 0.12097, 'gc': -0.06692, 'Gn': 0.0, 'Gc': -0.0, 'crossingsN': '', 'crossingsC': ''}
REF: (144, 300) {'gn': 0.03857, 'gc': -0.05872, 'Gn': 0.0, 'Gc': -0.0, 'crossingsN': '', 'crossingsC': ''}
REF: (145, 156) {'gn': -0.02451, 'gc': -0.12057, 'Gn': -0.0, 'Gc': -0.0, 'crossingsN': '', 'crossingsC': ''}
REF: (145, 157) {'gn': 0.02085, 'gc': -0.17142, 'Gn': 0.0, 'Gc': -0.0, 'crossingsN': '', 'crossingsC': ''}
REF: (145, 158) {'gn': 0.03382, 'gc': -0.05912, 'Gn': 0.0, 'Gc': -0.0, 'crossingsN': '', 'crossingsC': ''}
REF: (145, 159) {'gn': 0.05708, 'gc': -0.06592, 'Gn': 0.0, 'Gc': -0.0, 'crossingsN': '', 'crossingsC': ''}
REF: (145, 190) {'gn': 0.05861, 'gc': 0.39765, 'Gn': 0.0, 'Gc': 0.0, 'crossingsN': '', 'crossingsC': ''}
REF: (146, 150) {'gn': -0.03283, 'gc': 0.12656, 'Gn': -0.0, 'Gc': 0.0, 'crossingsN': '', 'crossingsC': ''}
REF: (146, 156) {'gn': 0.02062, 'gc': -0.12311, 'Gn': 0.0, 'Gc': -0.0, 'crossingsN': '', 'crossingsC': ''}
REF: (146, 157) {'gn': 0.06938, 'gc': -0.1782, 'Gn': 0.0, 'Gc': -0.0, 'crossingsN': '', 'crossingsC': ''}
REF: (146, 158) {'gn': 0.08114, 'gc': -0.06347, 'Gn': 0.0, 'Gc': -0.0, 'crossingsN': '', 'crossingsC': ''}
REF: (146, 159) {'gn': 0.10526, 'gc': -0.0656, 'Gn': 0.0, 'Gc': -0.0, 'crossingsN': '', 'crossingsC': ''}
REF: (146, 189) {'gn': 0.12283, 'gc': 0.52345, 'Gn': 0.0, 'Gc': 0.0, 'crossingsN': '', 'crossingsC': ''}
REF: (146, 190) {'gn': 0.10742, 'gc': 0.38542, 'Gn': 0.0, 'Gc': 0.0, 'crossingsN': '', 'crossingsC': ''}
REF: (147, 158) {'gn': 0.0858, 'gc': -0.06471, 'Gn': 0.0, 'Gc': -0.0, 'crossingsN': '', 'crossingsC': ''}
REF: (147, 159) {'gn': 0.10976, 'gc': -0.06237, 'Gn': 0.0, 'Gc': -0.0, 'crossingsN': '', 'crossingsC': ''}
REF: (147, 160) {'gn': 0.10923, 'gc': 0.00928, 'Gn': 0.0, 'Gc': 0.0, 'crossingsN': '', 'crossingsC': ''}
REF: (147, 161) {'gn': 0.11958, 'gc': 0.02887, 'Gn': 0.0, 'Gc': 0.0, 'crossingsN': '', 'crossingsC': ''}
REF: (147, 190) {'gn': 0.11443, 'gc': 0.38439, 'Gn': 0.0, 'Gc': 0.0, 'crossingsN': '', 'crossingsC': ''}
REF: (147, 194) {'gn': 0.13138, 'gc': 0.27926, 'Gn': 0.0, 'Gc': 0.0, 'crossingsN': '', 'crossingsC': ''}
REF: (148, 158) {'gn': 0.15831, 'gc': -0.08284, 'Gn': 0.0, 'Gc': -0.0, 'crossingsN': '', 'crossingsC': ''}
REF: (149, 155) {'gn': 0.05719, 'gc': -0.16786, 'Gn': 0.0, 'Gc': -0.0, 'crossingsN': '', 'crossingsC': ''}
REF: (149, 156) {'gn': 0.09418, 'gc': -0.12924, 'Gn': 0.0, 'Gc': -0.0, 'crossingsN': '', 'crossingsC': ''}
REF: (149, 158) {'gn': 0.16266, 'gc': -0.07996, 'Gn': 0.0, 'Gc': -0.0, 'crossingsN': '', 'crossingsC': ''}
REF: (149, 317) {'gn': -0.06044, 'gc': -0.12547, 'Gn': -0.0, 'Gc': -0.0, 'crossingsN': '', 'crossingsC': ''}
REF: (152, 315) {'gn': 0.05756, 'gc': -0.20949, 'Gn': 0.0, 'Gc': -0.0, 'crossingsN': '', 'crossingsC': ''}
REF: (153, 314) {'gn': 0.19472, 'gc': -0.23016, 'Gn': 0.0, 'Gc': -0.0, 'crossingsN': '', 'crossingsC': ''}
REF: (153, 315) {'gn': 0.16988, 'gc': -0.20605, 'Gn': 0.0, 'Gc': -0.0, 'crossingsN': '', 'crossingsC': ''}
REF: (154, 315) {'gn': 0.18229, 'gc': -0.20511, 'Gn': 0.0, 'Gc': -0.0, 'crossingsN': '', 'crossingsC': ''}
REF: (154, 316) {'gn': 0.25245, 'gc': -0.25439, 'Gn': 0.0, 'Gc': -0.0, 'crossingsN': '', 'crossingsC': ''}
REF: (155, 303) {'gn': 0.1907, 'gc': -0.12261, 'Gn': 0.0, 'Gc': -0.0, 'crossingsN': '', 'crossingsC': ''}
REF: (155, 304) {'gn': 0.19618, 'gc': -0.05497, 'Gn': 0.0, 'Gc': -0.0, 'crossingsN': '', 'crossingsC': ''}
REF: (155, 315) {'gn': -0.00206, 'gc': -0.20554, 'Gn': -0.0, 'Gc': -0.0, 'crossingsN': '', 'crossingsC': ''}
REF: (155, 316) {'gn': 0.06546, 'gc': -0.25554, 'Gn': 0.0, 'Gc': -0.0, 'crossingsN': '', 'crossingsC': ''}
REF: (155, 317) {'gn': 0.09194, 'gc': -0.12134, 'Gn': 0.0, 'Gc': -0.0, 'crossingsN': '', 'crossingsC': ''}
REF: (156, 300) {'gn': 0.25965, 'gc': -0.09054, 'Gn': 0.0, 'Gc': -0.0, 'crossingsN': '', 'crossingsC': ''}
REF: (156, 315) {'gn': -0.03462, 'gc': -0.20709, 'Gn': -0.0, 'Gc': -0.0, 'crossingsN': '', 'crossingsC': ''}
REF: (156, 316) {'gn': 0.0331, 'gc': -0.25637, 'Gn': 0.0, 'Gc': -0.0, 'crossingsN': '', 'crossingsC': ''}
REF: (156, 317) {'gn': 0.05879, 'gc': -0.12219, 'Gn': 0.0, 'Gc': -0.0, 'crossingsN': '', 'crossingsC': ''}
REF: (156, 318) {'gn': 0.12904, 'gc': -0.07496, 'Gn': 0.0, 'Gc': -0.0, 'crossingsN': '', 'crossingsC': ''}
REF: (157, 296) {'gn': 0.17257, 'gc': -0.05324, 'Gn': 0.0, 'Gc': -0.0, 'crossingsN': '', 'crossingsC': ''}
REF: (157, 299) {'gn': 0.1107, 'gc': -0.12635, 'Gn': 0.0, 'Gc': -0.0, 'crossingsN': '', 'crossingsC': ''}
REF: (157, 300) {'gn': 0.10934, 'gc': -0.05642, 'Gn': 0.0, 'Gc': -0.0, 'crossingsN': '', 'crossingsC': ''}
REF: (157, 317) {'gn': -0.08534, 'gc': -0.12293, 'Gn': -0.0, 'Gc': -0.0, 'crossingsN': '', 'crossingsC': ''}
REF: (157, 318) {'gn': -0.01544, 'gc': -0.07608, 'Gn': -0.0, 'Gc': -0.0, 'crossingsN': '', 'crossingsC': ''}
REF: (157, 319) {'gn': 0.02742, 'gc': 0.06349, 'Gn': 0.0, 'Gc': 0.0, 'crossingsN': '', 'crossingsC': ''}
REF: (157, 320) {'gn': 0.06823, 'gc': 0.05314, 'Gn': 0.0, 'Gc': 0.0, 'crossingsN': '', 'crossingsC': ''}
REF: (158, 317) {'gn': -0.14532, 'gc': -0.12661, 'Gn': -0.0, 'Gc': -0.0, 'crossingsN': '', 'crossingsC': ''}
REF: (158, 318) {'gn': -0.07649, 'gc': -0.07835, 'Gn': -0.0, 'Gc': -0.0, 'crossingsN': '', 'crossingsC': ''}
REF: (158, 319) {'gn': -0.0363, 'gc': 0.06207, 'Gn': -0.0, 'Gc': 0.0, 'crossingsN': '', 'crossingsC': ''}
REF: (158, 320) {'gn': 0.00344, 'gc': 0.05187, 'Gn': 0.0, 'Gc': 0.0, 'crossingsN': '', 'crossingsC': ''}
REF: (159, 291) {'gn': 0.06282, 'gc': -0.1179, 'Gn': 0.0, 'Gc': -0.0, 'crossingsN': '', 'crossingsC': ''}
REF: (159, 296) {'gn': 0.03645, 'gc': -0.16339, 'Gn': 0.0, 'Gc': -0.0, 'crossingsN': '', 'crossingsC': ''}
REF: (159, 319) {'gn': -0.18979, 'gc': 0.06143, 'Gn': -0.0, 'Gc': 0.0, 'crossingsN': '', 'crossingsC': ''}
REF: (159, 320) {'gn': -0.1506, 'gc': 0.05104, 'Gn': -0.0, 'Gc': 0.0, 'crossingsN': '', 'crossingsC': ''}
REF: (159, 321) {'gn': -0.1262, 'gc': 0.12584, 'Gn': -0.0, 'Gc': 0.0, 'crossingsN': '', 'crossingsC': ''}
REF: (159, 322) {'gn': -0.10487, 'gc': 0.0926, 'Gn': -0.0, 'Gc': 0.0, 'crossingsN': '', 'crossingsC': ''}
REF: (160, 164) {'gn': 0.04039, 'gc': -0.00921, 'Gn': 0.0, 'Gc': -0.0, 'crossingsN': '', 'crossingsC': ''}
REF: (160, 319) {'gn': -0.30922, 'gc': 0.05627, 'Gn': -0.0, 'Gc': 0.0, 'crossingsN': '', 'crossingsC': ''}
REF: (160, 320) {'gn': -0.27193, 'gc': 0.04681, 'Gn': -0.0, 'Gc': 0.0, 'crossingsN': '', 'crossingsC': ''}
REF: (160, 321) {'gn': -0.24731, 'gc': 0.12296, 'Gn': -0.0, 'Gc': 0.0, 'crossingsN': '', 'crossingsC': ''}
REF: (160, 322) {'gn': -0.22671, 'gc': 0.09098, 'Gn': -0.0, 'Gc': 0.0, 'crossingsN': '', 'crossingsC': ''}
REF: (161, 165) {'gn': 0.02341, 'gc': 0.06072, 'Gn': 0.0, 'Gc': 0.0, 'crossingsN': '', 'crossingsC': ''}
REF: (161, 190) {'gn': 0.0407, 'gc': 0.38187, 'Gn': 0.0, 'Gc': 0.0, 'crossingsN': '', 'crossingsC': ''}
REF: (161, 191) {'gn': 0.04218, 'gc': 0.27739, 'Gn': 0.0, 'Gc': 0.0, 'crossingsN': '', 'crossingsC': ''}
REF: (161, 194) {'gn': 0.03727, 'gc': 0.29112, 'Gn': 0.0, 'Gc': 0.0, 'crossingsN': '', 'crossingsC': ''}
REF: (161, 195) {'gn': 0.03748, 'gc': 0.19345, 'Gn': 0.0, 'Gc': 0.0, 'crossingsN': '', 'crossingsC': ''}
REF: (161, 198) {'gn': 0.03291, 'gc': 0.16706, 'Gn': 0.0, 'Gc': 0.0, 'crossingsN': '', 'crossingsC': ''}
REF: (161, 322) {'gn': -0.21824, 'gc': 0.09777, 'Gn': -0.0, 'Gc': 0.0, 'crossingsN': '', 'crossingsC': ''}
REF: (162, 166) {'gn': 0.01295, 'gc': 0.0116, 'Gn': 0.0, 'Gc': 0.0, 'crossingsN': '', 'crossingsC': ''}
REF: (162, 194) {'gn': 0.03386, 'gc': 0.26222, 'Gn': 0.0, 'Gc': 0.0, 'crossingsN': '', 'crossingsC': ''}
REF: (162, 195) {'gn': 0.03337, 'gc': 0.16263, 'Gn': 0.0, 'Gc': 0.0, 'crossingsN': '', 'crossingsC': ''}
REF: (162, 196) {'gn': 0.043, 'gc': 0.19626, 'Gn': 0.0, 'Gc': 0.0, 'crossingsN': '', 'crossingsC': ''}
REF: (162, 197) {'gn': 0.04051, 'gc': 0.2368, 'Gn': 0.0, 'Gc': 0.0, 'crossingsN': '', 'crossingsC': ''}
REF: (162, 198) {'gn': 0.03257, 'gc': 0.13709, 'Gn': 0.0, 'Gc': 0.0, 'crossingsN': '', 'crossingsC': ''}
REF: (162, 199) {'gn': 0.03815, 'gc': 0.07921, 'Gn': 0.0, 'Gc': 0.0, 'crossingsN': '', 'crossingsC': ''}
REF: (163, 167) {'gn': 0.0157, 'gc': -0.04884, 'Gn': 0.0, 'Gc': -0.0, 'crossingsN': '', 'crossingsC': ''}
REF: (163, 195) {'gn': 0.04183, 'gc': 0.18455, 'Gn': 0.0, 'Gc': 0.0, 'crossingsN': '', 'crossingsC': ''}
REF: (163, 198) {'gn': 0.04218, 'gc': 0.15491, 'Gn': 0.0, 'Gc': 0.0, 'crossingsN': '', 'crossingsC': ''}
REF: (163, 322) {'gn': -0.174, 'gc': 0.0867, 'Gn': -0.0, 'Gc': 0.0, 'crossingsN': '', 'crossingsC': ''}
REF: (164, 168) {'gn': 0.01651, 'gc': -0.04866, 'Gn': 0.0, 'Gc': -0.0, 'crossingsN': '', 'crossingsC': ''}
REF: (164, 195) {'gn': 0.03915, 'gc': 0.24267, 'Gn': 0.0, 'Gc': 0.0, 'crossingsN': '', 'crossingsC': ''}
REF: (164, 198) {'gn': 0.04681, 'gc': 0.21789, 'Gn': 0.0, 'Gc': 0.0, 'crossingsN': '', 'crossingsC': ''}
REF: (164, 199) {'gn': 0.05121, 'gc': 0.16633, 'Gn': 0.0, 'Gc': 0.0, 'crossingsN': '', 'crossingsC': ''}
REF: (164, 289) {'gn': 0.00232, 'gc': -0.08141, 'Gn': 0.0, 'Gc': -0.0, 'crossingsN': '', 'crossingsC': ''}
REF: (164, 322) {'gn': -0.18333, 'gc': 0.08936, 'Gn': -0.0, 'Gc': 0.0, 'crossingsN': '', 'crossingsC': ''}
REF: (164, 323) {'gn': -0.17907, 'gc': 0.09019, 'Gn': -0.0, 'Gc': 0.0, 'crossingsN': '', 'crossingsC': ''}
REF: (164, 324) {'gn': -0.16897, 'gc': -0.01182, 'Gn': -0.0, 'Gc': -0.0, 'crossingsN': '', 'crossingsC': ''}
REF: (165, 169) {'gn': 0.00815, 'gc': -0.02995, 'Gn': 0.0, 'Gc': -0.0, 'crossingsN': '', 'crossingsC': ''}
REF: (165, 194) {'gn': 0.04065, 'gc': 0.28816, 'Gn': 0.0, 'Gc': 0.0, 'crossingsN': '', 'crossingsC': ''}
REF: (165, 195) {'gn': 0.02476, 'gc': 0.20343, 'Gn': 0.0, 'Gc': 0.0, 'crossingsN': '', 'crossingsC': ''}
REF: (165, 196) {'gn': 0.03769, 'gc': 0.24873, 'Gn': 0.0, 'Gc': 0.0, 'crossingsN': '', 'crossingsC': ''}
REF: (165, 197) {'gn': 0.04269, 'gc': 0.28541, 'Gn': 0.0, 'Gc': 0.0, 'crossingsN': '', 'crossingsC': ''}
REF: (165, 198) {'gn': 0.03444, 'gc': 0.18697, 'Gn': 0.0, 'Gc': 0.0, 'crossingsN': '', 'crossingsC': ''}
REF: (165, 199) {'gn': 0.03652, 'gc': 0.13645, 'Gn': 0.0, 'Gc': 0.0, 'crossingsN': '', 'crossingsC': ''}
REF: (165, 200) {'gn': 0.04347, 'gc': 0.19512, 'Gn': 0.0, 'Gc': 0.0, 'crossingsN': '', 'crossingsC': ''}
REF: (166, 170) {'gn': 0.01441, 'gc': -0.01551, 'Gn': 0.0, 'Gc': -0.0, 'crossingsN': '', 'crossingsC': ''}
REF: (166, 195) {'gn': 0.04539, 'gc': 0.20602, 'Gn': 0.0, 'Gc': 0.0, 'crossingsN': '', 'crossingsC': ''}
REF: (166, 197) {'gn': 0.06183, 'gc': 0.27121, 'Gn': 0.0, 'Gc': 0.0, 'crossingsN': '', 'crossingsC': ''}
REF: (166, 198) {'gn': 0.06212, 'gc': 0.17941, 'Gn': 0.0, 'Gc': 0.0, 'crossingsN': '', 'crossingsC': ''}
REF: (166, 199) {'gn': 0.0692, 'gc': 0.12867, 'Gn': 0.0, 'Gc': 0.0, 'crossingsN': '', 'crossingsC': ''}
REF: (166, 200) {'gn': 0.07225, 'gc': 0.18306, 'Gn': 0.0, 'Gc': 0.0, 'crossingsN': '', 'crossingsC': ''}
REF: (166, 201) {'gn': 0.0716, 'gc': 0.17329, 'Gn': 0.0, 'Gc': 0.0, 'crossingsN': '', 'crossingsC': ''}
REF: (166, 202) {'gn': 0.07587, 'gc': 0.1717, 'Gn': 0.0, 'Gc': 0.0, 'crossingsN': '', 'crossingsC': ''}
REF: (167, 171) {'gn': 0.02125, 'gc': -0.03615, 'Gn': 0.0, 'Gc': -0.0, 'crossingsN': '', 'crossingsC': ''}
REF: (167, 198) {'gn': 0.04179, 'gc': 0.2256, 'Gn': 0.0, 'Gc': 0.0, 'crossingsN': '', 'crossingsC': ''}
REF: (167, 199) {'gn': 0.0468, 'gc': 0.17936, 'Gn': 0.0, 'Gc': 0.0, 'crossingsN': '', 'crossingsC': ''}
REF: (167, 289) {'gn': -0.01614, 'gc': -0.15291, 'Gn': -0.0, 'Gc': -0.0, 'crossingsN': '', 'crossingsC': ''}
REF: (167, 323) {'gn': -0.08991, 'gc': 0.08151, 'Gn': -0.0, 'Gc': 0.0, 'crossingsN': '', 'crossingsC': ''}
REF: (167, 324) {'gn': -0.07127, 'gc': -0.02004, 'Gn': -0.0, 'Gc': -0.0, 'crossingsN': '', 'crossingsC': ''}
REF: (168, 172) {'gn': 0.01653, 'gc': -0.04708, 'Gn': 0.0, 'Gc': -0.0, 'crossingsN': '', 'crossingsC': ''}
REF: (168, 199) {'gn': 0.03973, 'gc': 0.24218, 'Gn': 0.0, 'Gc': 0.0, 'crossingsN': '', 'crossingsC': ''}
REF: (168, 243) {'gn': 0.02755, 'gc': 0.14452, 'Gn': 0.0, 'Gc': 0.0, 'crossingsN': '', 'crossingsC': ''}
REF: (168, 271) {'gn': 0.001, 'gc': -0.00566, 'Gn': 0.0, 'Gc': -0.0, 'crossingsN': '', 'crossingsC': ''}
REF: (168, 288) {'gn': -0.03247, 'gc': -0.09701, 'Gn': -0.0, 'Gc': -0.0, 'crossingsN': '', 'crossingsC': ''}
REF: (168, 289) {'gn': -0.0474, 'gc': -0.09571, 'Gn': -0.0, 'Gc': -0.0, 'crossingsN': '', 'crossingsC': ''}
REF: (168, 324) {'gn': -0.0943, 'gc': -0.00784, 'Gn': -0.0, 'Gc': -0.0, 'crossingsN': '', 'crossingsC': ''}
REF: (169, 173) {'gn': 0.01331, 'gc': -0.07291, 'Gn': 0.0, 'Gc': -0.0, 'crossingsN': '', 'crossingsC': ''}
REF: (169, 199) {'gn': 0.0545, 'gc': 0.20361, 'Gn': 0.0, 'Gc': 0.0, 'crossingsN': '', 'crossingsC': ''}
REF: (169, 200) {'gn': 0.07039, 'gc': 0.26078, 'Gn': 0.0, 'Gc': 0.0, 'crossingsN': '', 'crossingsC': ''}
REF: (169, 202) {'gn': 0.08668, 'gc': 0.23926, 'Gn': 0.0, 'Gc': 0.0, 'crossingsN': '', 'crossingsC': ''}
REF: (169, 203) {'gn': 0.08664, 'gc': 0.185, 'Gn': 0.0, 'Gc': 0.0, 'crossingsN': '', 'crossingsC': ''}
REF: (169, 243) {'gn': 0.0396, 'gc': 0.12631, 'Gn': 0.0, 'Gc': 0.0, 'crossingsN': '', 'crossingsC': ''}
REF: (170, 174) {'gn': 0.01668, 'gc': -0.02445, 'Gn': 0.0, 'Gc': -0.0, 'crossingsN': '', 'crossingsC': ''}
REF: (170, 202) {'gn': 0.15115, 'gc': 0.22047, 'Gn': 0.0, 'Gc': 0.0, 'crossingsN': '', 'crossingsC': ''}
REF: (170, 203) {'gn': 0.15341, 'gc': 0.16741, 'Gn': 0.0, 'Gc': 0.0, 'crossingsN': '', 'crossingsC': ''}
REF: (171, 175) {'gn': 0.01849, 'gc': -0.00032, 'Gn': 0.0, 'Gc': -0.0, 'crossingsN': '', 'crossingsC': ''}
REF: (172, 176) {'gn': 0.01602, 'gc': 0.018, 'Gn': 0.0, 'Gc': 0.0, 'crossingsN': '', 'crossingsC': ''}
REF: (172, 177) {'gn': 0.01929, 'gc': -0.072, 'Gn': 0.0, 'Gc': -0.0, 'crossingsN': '', 'crossingsC': ''}
REF: (172, 178) {'gn': 0.0263, 'gc': -0.05553, 'Gn': 0.0, 'Gc': -0.0, 'crossingsN': '', 'crossingsC': ''}
REF: (172, 241) {'gn': 0.00622, 'gc': -0.06444, 'Gn': 0.0, 'Gc': -0.0, 'crossingsN': '', 'crossingsC': ''}
REF: (173, 177) {'gn': 0.0165, 'gc': -0.11113, 'Gn': 0.0, 'Gc': -0.0, 'crossingsN': '', 'crossingsC': ''}
REF: (173, 178) {'gn': 0.01867, 'gc': -0.09162, 'Gn': 0.0, 'Gc': -0.0, 'crossingsN': '', 'crossingsC': ''}
REF: (173, 206) {'gn': 0.12132, 'gc': 0.12945, 'Gn': 0.0, 'Gc': 0.0, 'crossingsN': '', 'crossingsC': ''}
REF: (174, 336) {'gn': -0.03111, 'gc': 0, 'Gn': -0.0, 'Gc': 0.0, 'crossingsN': '', 'crossingsC': ''}
REF: (174, 339) {'gn': -0.03854, 'gc': 0, 'Gn': -0.0, 'Gc': 0.0, 'crossingsN': '', 'crossingsC': ''}
REF: (175, 331) {'gn': -0.0776, 'gc': 0, 'Gn': -0.0, 'Gc': 0.0, 'crossingsN': '', 'crossingsC': ''}
REF: (175, 332) {'gn': -0.07969, 'gc': 0, 'Gn': -0.0, 'Gc': 0.0, 'crossingsN': '', 'crossingsC': ''}
REF: (175, 333) {'gn': -0.06849, 'gc': 0, 'Gn': -0.0, 'Gc': 0.0, 'crossingsN': '', 'crossingsC': ''}
REF: (175, 335) {'gn': -0.06444, 'gc': 0, 'Gn': -0.0, 'Gc': 0.0, 'crossingsN': '', 'crossingsC': ''}
REF: (175, 336) {'gn': -0.07085, 'gc': 0, 'Gn': -0.0, 'Gc': 0.0, 'crossingsN': '', 'crossingsC': ''}
REF: (176, 332) {'gn': -0.18042, 'gc': 0, 'Gn': -0.0, 'Gc': 0.0, 'crossingsN': '', 'crossingsC': ''}
REF: (176, 333) {'gn': -0.1718, 'gc': 0, 'Gn': -0.0, 'Gc': 0.0, 'crossingsN': '', 'crossingsC': ''}
REF: (176, 334) {'gn': -0.16415, 'gc': 0, 'Gn': -0.0, 'Gc': 0.0, 'crossingsN': '', 'crossingsC': ''}
REF: (176, 335) {'gn': -0.16181, 'gc': 0, 'Gn': -0.0, 'Gc': 0.0, 'crossingsN': '', 'crossingsC': ''}
REF: (176, 336) {'gn': -0.16326, 'gc': 0, 'Gn': -0.0, 'Gc': 0.0, 'crossingsN': '', 'crossingsC': ''}
REF: (176, 337) {'gn': -0.1608, 'gc': 0, 'Gn': -0.0, 'Gc': 0.0, 'crossingsN': '', 'crossingsC': ''}
REF: (176, 339) {'gn': -0.16049, 'gc': 0, 'Gn': -0.0, 'Gc': 0.0, 'crossingsN': '', 'crossingsC': ''}
REF: (177, 240) {'gn': -0.02241, 'gc': -0.09403, 'Gn': -0.0, 'Gc': -0.0, 'crossingsN': '', 'crossingsC': ''}
REF: (177, 241) {'gn': -0.03166, 'gc': -0.00325, 'Gn': -0.0, 'Gc': -0.0, 'crossingsN': '', 'crossingsC': ''}
REF: (177, 332) {'gn': -0.2016, 'gc': 0, 'Gn': -0.0, 'Gc': 0.0, 'crossingsN': '', 'crossingsC': ''}
REF: (177, 333) {'gn': -0.19828, 'gc': 0, 'Gn': -0.0, 'Gc': 0.0, 'crossingsN': '', 'crossingsC': ''}
REF: (177, 334) {'gn': -0.19415, 'gc': 0, 'Gn': -0.0, 'Gc': 0.0, 'crossingsN': '', 'crossingsC': ''}
REF: (177, 335) {'gn': -0.1958, 'gc': 0, 'Gn': -0.0, 'Gc': 0.0, 'crossingsN': '', 'crossingsC': ''}
REF: (177, 336) {'gn': -0.1927, 'gc': 0, 'Gn': -0.0, 'Gc': 0.0, 'crossingsN': '', 'crossingsC': ''}
REF: (178, 208) {'gn': 0.10511, 'gc': 0.2145, 'Gn': 0.0, 'Gc': 0.0, 'crossingsN': '', 'crossingsC': ''}
REF: (178, 240) {'gn': -0.02501, 'gc': -0.07532, 'Gn': -0.0, 'Gc': -0.0, 'crossingsN': '', 'crossingsC': ''}
REF: (178, 333) {'gn': -0.14225, 'gc': 0, 'Gn': -0.0, 'Gc': 0.0, 'crossingsN': '', 'crossingsC': ''}
REF: (178, 335) {'gn': -0.14026, 'gc': 0, 'Gn': -0.0, 'Gc': 0.0, 'crossingsN': '', 'crossingsC': ''}
REF: (179, 208) {'gn': 0.07451, 'gc': 0.21632, 'Gn': 0.0, 'Gc': 0.0, 'crossingsN': '', 'crossingsC': ''}
REF: (179, 210) {'gn': 0.04787, 'gc': 0.21035, 'Gn': 0.0, 'Gc': 0.0, 'crossingsN': '', 'crossingsC': ''}
REF: (179, 238) {'gn': -0.02493, 'gc': -0.03082, 'Gn': -0.0, 'Gc': -0.0, 'crossingsN': '', 'crossingsC': ''}
REF: (179, 239) {'gn': -0.02918, 'gc': -0.08659, 'Gn': -0.0, 'Gc': -0.0, 'crossingsN': '', 'crossingsC': ''}
REF: (179, 240) {'gn': -0.05, 'gc': -0.04619, 'Gn': -0.0, 'Gc': -0.0, 'crossingsN': '', 'crossingsC': ''}
REF: (179, 241) {'gn': -0.06043, 'gc': 0.04138, 'Gn': -0.0, 'Gc': 0.0, 'crossingsN': '', 'crossingsC': ''}
REF: (180, 210) {'gn': 0.05487, 'gc': 0.10766, 'Gn': 0.0, 'Gc': 0.0, 'crossingsN': '', 'crossingsC': ''}
REF: (180, 214) {'gn': 0.02408, 'gc': 0.02074, 'Gn': 0.0, 'Gc': 0.0, 'crossingsN': '', 'crossingsC': ''}
REF: (180, 239) {'gn': -0.02523, 'gc': -0.11484, 'Gn': -0.0, 'Gc': -0.0, 'crossingsN': '', 'crossingsC': ''}
REF: (180, 240) {'gn': -0.0457, 'gc': -0.07449, 'Gn': -0.0, 'Gc': -0.0, 'crossingsN': '', 'crossingsC': ''}
REF: (180, 241) {'gn': -0.06222, 'gc': 0.01312, 'Gn': -0.0, 'Gc': 0.0, 'crossingsN': '', 'crossingsC': ''}
REF: (180, 242) {'gn': -0.06194, 'gc': 0.10158, 'Gn': -0.0, 'Gc': 0.0, 'crossingsN': '', 'crossingsC': ''}
REF: (180, 243) {'gn': -0.06848, 'gc': 0.22364, 'Gn': -0.0, 'Gc': 0.0, 'crossingsN': '', 'crossingsC': ''}
REF: (181, 210) {'gn': 0.06243, 'gc': 0.01048, 'Gn': 0.0, 'Gc': 0.0, 'crossingsN': '', 'crossingsC': ''}
REF: (181, 214) {'gn': 0.02687, 'gc': -0.07889, 'Gn': 0.0, 'Gc': -0.0, 'crossingsN': '', 'crossingsC': ''}
REF: (181, 215) {'gn': 0.03113, 'gc': -0.05504, 'Gn': 0.0, 'Gc': -0.0, 'crossingsN': '', 'crossingsC': ''}
REF: (181, 232) {'gn': -0.02096, 'gc': 0.08538, 'Gn': -0.0, 'Gc': 0.0, 'crossingsN': '', 'crossingsC': ''}
REF: (181, 239) {'gn': -0.02616, 'gc': -0.1202, 'Gn': -0.0, 'Gc': -0.0, 'crossingsN': '', 'crossingsC': ''}
REF: (181, 241) {'gn': -0.06249, 'gc': 0.00152, 'Gn': -0.0, 'Gc': 0.0, 'crossingsN': '', 'crossingsC': ''}
REF: (181, 242) {'gn': -0.05807, 'gc': 0.08859, 'Gn': -0.0, 'Gc': 0.0, 'crossingsN': '', 'crossingsC': ''}
REF: (181, 243) {'gn': -0.0597, 'gc': 0.21013, 'Gn': -0.0, 'Gc': 0.0, 'crossingsN': '', 'crossingsC': ''}
REF: (182, 214) {'gn': 0.05499, 'gc': -0.10857, 'Gn': 0.0, 'Gc': -0.0, 'crossingsN': '', 'crossingsC': ''}
REF: (182, 215) {'gn': 0.0595, 'gc': -0.08518, 'Gn': 0.0, 'Gc': -0.0, 'crossingsN': '', 'crossingsC': ''}
REF: (182, 216) {'gn': 0.04714, 'gc': -0.05487, 'Gn': 0.0, 'Gc': -0.0, 'crossingsN': '', 'crossingsC': ''}
REF: (182, 242) {'gn': -0.02067, 'gc': 0.06204, 'Gn': -0.0, 'Gc': 0.0, 'crossingsN': '', 'crossingsC': ''}
REF: (182, 243) {'gn': -0.01784, 'gc': 0.18132, 'Gn': -0.0, 'Gc': 0.0, 'crossingsN': '', 'crossingsC': ''}
REF: (182, 244) {'gn': -0.02733, 'gc': 0.20486, 'Gn': -0.0, 'Gc': 0.0, 'crossingsN': '', 'crossingsC': ''}
REF: (182, 245) {'gn': -0.01167, 'gc': 0.14119, 'Gn': -0.0, 'Gc': 0.0, 'crossingsN': '', 'crossingsC': ''}
REF: (183, 215) {'gn': 0.08579, 'gc': -0.14907, 'Gn': 0.0, 'Gc': -0.0, 'crossingsN': '', 'crossingsC': ''}
REF: (183, 216) {'gn': 0.07279, 'gc': -0.12026, 'Gn': 0.0, 'Gc': -0.0, 'crossingsN': '', 'crossingsC': ''}
REF: (183, 217) {'gn': 0.07967, 'gc': -0.11945, 'Gn': 0.0, 'Gc': -0.0, 'crossingsN': '', 'crossingsC': ''}
REF: (183, 218) {'gn': 0.05936, 'gc': -0.05953, 'Gn': 0.0, 'Gc': -0.0, 'crossingsN': '', 'crossingsC': ''}
REF: (183, 225) {'gn': 0.00651, 'gc': 0.10723, 'Gn': 0.0, 'Gc': 0.0, 'crossingsN': '', 'crossingsC': ''}
REF: (183, 228) {'gn': 0.02586, 'gc': 0.01216, 'Gn': 0.0, 'Gc': 0.0, 'crossingsN': '', 'crossingsC': ''}
REF: (183, 229) {'gn': 0.0034, 'gc': 0.11342, 'Gn': 0.0, 'Gc': 0.0, 'crossingsN': '', 'crossingsC': ''}
REF: (183, 242) {'gn': 0.02163, 'gc': 0.04851, 'Gn': 0.0, 'Gc': 0.0, 'crossingsN': '', 'crossingsC': ''}
REF: (183, 243) {'gn': 0.03307, 'gc': 0.16576, 'Gn': 0.0, 'Gc': 0.0, 'crossingsN': '', 'crossingsC': ''}
REF: (183, 244) {'gn': 0.02234, 'gc': 0.1875, 'Gn': 0.0, 'Gc': 0.0, 'crossingsN': '', 'crossingsC': ''}
REF: (183, 245) {'gn': 0.04077, 'gc': 0.12171, 'Gn': 0.0, 'Gc': 0.0, 'crossingsN': '', 'crossingsC': ''}
REF: (184, 192) {'gn': 0.01111, 'gc': 0.04867, 'Gn': 0.0, 'Gc': 0.0, 'crossingsN': '', 'crossingsC': ''}
REF: (184, 193) {'gn': 0.0613, 'gc': 0.05212, 'Gn': 0.0, 'Gc': 0.0, 'crossingsN': '', 'crossingsC': ''}
REF: (184, 195) {'gn': -0.0076, 'gc': -0.0396, 'Gn': -0.0, 'Gc': -0.0, 'crossingsN': '', 'crossingsC': ''}
REF: (184, 196) {'gn': 0.03802, 'gc': -0.00782, 'Gn': 0.0, 'Gc': -0.0, 'crossingsN': '', 'crossingsC': ''}
REF: (184, 215) {'gn': 0.07929, 'gc': -0.05984, 'Gn': 0.0, 'Gc': -0.0, 'crossingsN': '', 'crossingsC': ''}
REF: (184, 216) {'gn': 0.06439, 'gc': -0.02824, 'Gn': 0.0, 'Gc': -0.0, 'crossingsN': '', 'crossingsC': ''}
REF: (184, 217) {'gn': 0.07093, 'gc': -0.03407, 'Gn': 0.0, 'Gc': -0.0, 'crossingsN': '', 'crossingsC': ''}
REF: (184, 218) {'gn': 0.04869, 'gc': 0.02199, 'Gn': 0.0, 'Gc': 0.0, 'crossingsN': '', 'crossingsC': ''}
REF: (184, 219) {'gn': 0.05704, 'gc': -0.04636, 'Gn': 0.0, 'Gc': -0.0, 'crossingsN': '', 'crossingsC': ''}
REF: (184, 244) {'gn': 0.04386, 'gc': 0.19842, 'Gn': 0.0, 'Gc': 0.0, 'crossingsN': '', 'crossingsC': ''}
REF: (184, 245) {'gn': 0.06494, 'gc': 0.12965, 'Gn': 0.0, 'Gc': 0.0, 'crossingsN': '', 'crossingsC': ''}
REF: (184, 246) {'gn': 0.03194, 'gc': 0.25751, 'Gn': 0.0, 'Gc': 0.0, 'crossingsN': '', 'crossingsC': ''}
REF: (185, 189) {'gn': 0.03035, 'gc': 0.04533, 'Gn': 0.0, 'Gc': 0.0, 'crossingsN': '', 'crossingsC': ''}
REF: (185, 191) {'gn': -0.03529, 'gc': -0.03859, 'Gn': -0.0, 'Gc': -0.0, 'crossingsN': '', 'crossingsC': ''}
REF: (185, 192) {'gn': 0.00797, 'gc': 0.00462, 'Gn': 0.0, 'Gc': 0.0, 'crossingsN': '', 'crossingsC': ''}
REF: (185, 193) {'gn': 0.0579, 'gc': 0.00597, 'Gn': 0.0, 'Gc': 0.0, 'crossingsN': '', 'crossingsC': ''}
REF: (185, 217) {'gn': 0.12632, 'gc': -0.02357, 'Gn': 0.0, 'Gc': -0.0, 'crossingsN': '', 'crossingsC': ''}
REF: (185, 218) {'gn': 0.10536, 'gc': 0.02864, 'Gn': 0.0, 'Gc': 0.0, 'crossingsN': '', 'crossingsC': ''}
REF: (185, 219) {'gn': 0.11368, 'gc': -0.02991, 'Gn': 0.0, 'Gc': -0.0, 'crossingsN': '', 'crossingsC': ''}
REF: (185, 220) {'gn': 0.08533, 'gc': 0.05648, 'Gn': 0.0, 'Gc': 0.0, 'crossingsN': '', 'crossingsC': ''}
REF: (185, 245) {'gn': 0.19557, 'gc': 0.1276, 'Gn': 0.0, 'Gc': 0.0, 'crossingsN': '', 'crossingsC': ''}
REF: (185, 246) {'gn': 0.16253, 'gc': 0.24903, 'Gn': 0.0, 'Gc': 0.0, 'crossingsN': '', 'crossingsC': ''}
REF: (186, 192) {'gn': -0.02906, 'gc': -0.05234, 'Gn': -0.0, 'Gc': -0.0, 'crossingsN': '', 'crossingsC': ''}
REF: (186, 193) {'gn': 0.02389, 'gc': -0.04695, 'Gn': 0.0, 'Gc': -0.0, 'crossingsN': '', 'crossingsC': ''}
REF: (186, 217) {'gn': 0.13403, 'gc': 0.03163, 'Gn': 0.0, 'Gc': 0.0, 'crossingsN': '', 'crossingsC': ''}
REF: (186, 218) {'gn': 0.11174, 'gc': 0.0798, 'Gn': 0.0, 'Gc': 0.0, 'crossingsN': '', 'crossingsC': ''}
REF: (186, 219) {'gn': 0.12024, 'gc': 0.01946, 'Gn': 0.0, 'Gc': 0.0, 'crossingsN': '', 'crossingsC': ''}
REF: (186, 220) {'gn': 0.09114, 'gc': 0.10538, 'Gn': 0.0, 'Gc': 0.0, 'crossingsN': '', 'crossingsC': ''}
REF: (187, 192) {'gn': -0.05642, 'gc': -0.04141, 'Gn': -0.0, 'Gc': -0.0, 'crossingsN': '', 'crossingsC': ''}
REF: (187, 193) {'gn': -0.00311, 'gc': -0.0317, 'Gn': -0.0, 'Gc': -0.0, 'crossingsN': '', 'crossingsC': ''}
REF: (187, 194) {'gn': -0.00395, 'gc': -0.06992, 'Gn': -0.0, 'Gc': -0.0, 'crossingsN': '', 'crossingsC': ''}
REF: (188, 192) {'gn': -0.07092, 'gc': -0.04525, 'Gn': -0.0, 'Gc': -0.0, 'crossingsN': '', 'crossingsC': ''}
REF: (188, 193) {'gn': -0.01246, 'gc': -0.0368, 'Gn': -0.0, 'Gc': -0.0, 'crossingsN': '', 'crossingsC': ''}
REF: (189, 193) {'gn': 0.03438, 'gc': -0.01103, 'Gn': 0.0, 'Gc': -0.0, 'crossingsN': '', 'crossingsC': ''}
REF: (189, 194) {'gn': 0.02496, 'gc': -0.0455, 'Gn': 0.0, 'Gc': -0.0, 'crossingsN': '', 'crossingsC': ''}
REF: (190, 194) {'gn': 0.04096, 'gc': -0.00757, 'Gn': 0.0, 'Gc': -0.0, 'crossingsN': '', 'crossingsC': ''}
REF: (190, 195) {'gn': -0.05843, 'gc': -0.04989, 'Gn': -0.0, 'Gc': -0.0, 'crossingsN': '', 'crossingsC': ''}
REF: (191, 195) {'gn': 0.05494, 'gc': -0.03455, 'Gn': 0.0, 'Gc': -0.0, 'crossingsN': '', 'crossingsC': ''}
REF: (191, 245) {'gn': 0.81396, 'gc': 0.16352, 'Gn': 1.0, 'Gc': 0.0, 'crossingsN': '', 'crossingsC': ''}
REF: (192, 196) {'gn': 0.09398, 'gc': -0.04424, 'Gn': 0.0, 'Gc': -0.0, 'crossingsN': '', 'crossingsC': ''}
REF: (192, 245) {'gn': 0.74843, 'gc': 0.15215, 'Gn': 1.0, 'Gc': 0.0, 'crossingsN': '', 'crossingsC': ''}
REF: (193, 197) {'gn': 0.06189, 'gc': -0.02707, 'Gn': 0.0, 'Gc': -0.0, 'crossingsN': '', 'crossingsC': ''}
REF: (194, 198) {'gn': 0.08559, 'gc': -0.03344, 'Gn': 0.0, 'Gc': -0.0, 'crossingsN': '', 'crossingsC': ''}
REF: (195, 199) {'gn': 0.11513, 'gc': -0.03168, 'Gn': 0.0, 'Gc': -0.0, 'crossingsN': '', 'crossingsC': ''}
REF: (195, 245) {'gn': 0.76463, 'gc': 0.16633, 'Gn': 1.0, 'Gc': 0.0, 'crossingsN': '', 'crossingsC': ''}
REF: (196, 200) {'gn': 0.10594, 'gc': -0.01148, 'Gn': 0.0, 'Gc': -0.0, 'crossingsN': '', 'crossingsC': ''}
REF: (196, 245) {'gn': 0.63548, 'gc': 0.16218, 'Gn': 1.0, 'Gc': 0.0, 'crossingsN': '', 'crossingsC': ''}
REF: (197, 201) {'gn': 0.06583, 'gc': -0.01969, 'Gn': 0.0, 'Gc': -0.0, 'crossingsN': '', 'crossingsC': ''}
REF: (198, 202) {'gn': 0.07449, 'gc': -0.01892, 'Gn': 0.0, 'Gc': -0.0, 'crossingsN': '', 'crossingsC': ''}
REF: (199, 203) {'gn': 0.1462, 'gc': -0.01225, 'Gn': 0.0, 'Gc': -0.0, 'crossingsN': '', 'crossingsC': ''}
REF: (200, 204) {'gn': 0.1049, 'gc': -0.01626, 'Gn': 0.0, 'Gc': -0.0, 'crossingsN': '', 'crossingsC': ''}
REF: (201, 205) {'gn': 0.06679, 'gc': -0.02022, 'Gn': 0.0, 'Gc': -0.0, 'crossingsN': '', 'crossingsC': ''}
REF: (202, 206) {'gn': 0.06701, 'gc': -0.02156, 'Gn': 0.0, 'Gc': -0.0, 'crossingsN': '', 'crossingsC': ''}
REF: (203, 207) {'gn': 0.10266, 'gc': -0.01088, 'Gn': 0.0, 'Gc': -0.0, 'crossingsN': '', 'crossingsC': ''}
REF: (203, 208) {'gn': 0.06337, 'gc': -0.01369, 'Gn': 0.0, 'Gc': -0.0, 'crossingsN': '', 'crossingsC': ''}
REF: (203, 209) {'gn': 0.0943, 'gc': -0.01492, 'Gn': 0.0, 'Gc': -0.0, 'crossingsN': '', 'crossingsC': ''}
REF: (203, 210) {'gn': 0.07217, 'gc': 0.01014, 'Gn': 0.0, 'Gc': 0.0, 'crossingsN': '', 'crossingsC': ''}
REF: (204, 208) {'gn': -0.00284, 'gc': -0.023, 'Gn': -0.0, 'Gc': -0.0, 'crossingsN': '', 'crossingsC': ''}
REF: (204, 209) {'gn': 0.02325, 'gc': -0.01955, 'Gn': 0.0, 'Gc': -0.0, 'crossingsN': '', 'crossingsC': ''}
REF: (210, 214) {'gn': 0.0754, 'gc': 0.0855, 'Gn': 0.0, 'Gc': 0.0, 'crossingsN': '', 'crossingsC': ''}
REF: (210, 215) {'gn': 0.04709, 'gc': 0.08295, 'Gn': 0.0, 'Gc': 0.0, 'crossingsN': '', 'crossingsC': ''}
REF: (211, 215) {'gn': -0.02722, 'gc': 0.09696, 'Gn': -0.0, 'Gc': 0.0, 'crossingsN': '', 'crossingsC': ''}
REF: (213, 232) {'gn': 0.0201, 'gc': 0.11581, 'Gn': 0.0, 'Gc': 0.0, 'crossingsN': '', 'crossingsC': ''}
REF: (214, 232) {'gn': 0.05257, 'gc': 0.09202, 'Gn': 0.0, 'Gc': 0.0, 'crossingsN': '', 'crossingsC': ''}
REF: (214, 238) {'gn': 0.03311, 'gc': 0.03245, 'Gn': 0.0, 'Gc': 0.0, 'crossingsN': '', 'crossingsC': ''}
REF: (214, 239) {'gn': 0.04962, 'gc': 0.03391, 'Gn': 0.0, 'Gc': 0.0, 'crossingsN': '', 'crossingsC': ''}
REF: (215, 232) {'gn': 0.06885, 'gc': 0.08622, 'Gn': 0.0, 'Gc': 0.0, 'crossingsN': '', 'crossingsC': ''}
REF: (216, 228) {'gn': 0.03983, 'gc': 0.0666, 'Gn': 0.0, 'Gc': 0.0, 'crossingsN': '', 'crossingsC': ''}
REF: (216, 231) {'gn': 0.01564, 'gc': 0.02824, 'Gn': 0.0, 'Gc': 0.0, 'crossingsN': '', 'crossingsC': ''}
REF: (216, 232) {'gn': 0.00523, 'gc': 0.04893, 'Gn': 0.0, 'Gc': 0.0, 'crossingsN': '', 'crossingsC': ''}
REF: (217, 224) {'gn': 0.04426, 'gc': 0.06987, 'Gn': 0.0, 'Gc': 0.0, 'crossingsN': '', 'crossingsC': ''}
REF: (217, 228) {'gn': 0.01015, 'gc': 0.07707, 'Gn': 0.0, 'Gc': 0.0, 'crossingsN': '', 'crossingsC': ''}
REF: (218, 224) {'gn': -0.01673, 'gc': 0.02412, 'Gn': -0.0, 'Gc': 0.0, 'crossingsN': '', 'crossingsC': ''}
REF: (218, 225) {'gn': -0.03168, 'gc': 0.12749, 'Gn': -0.0, 'Gc': 0.0, 'crossingsN': '', 'crossingsC': ''}
REF: (218, 228) {'gn': -0.05402, 'gc': 0.03291, 'Gn': -0.0, 'Gc': 0.0, 'crossingsN': '', 'crossingsC': ''}
REF: (218, 249) {'gn': 0.10998, 'gc': 0.22723, 'Gn': 0.0, 'Gc': 0.0, 'crossingsN': '', 'crossingsC': ''}
REF: (219, 224) {'gn': -0.06716, 'gc': 0.05376, 'Gn': -0.0, 'Gc': 0.0, 'crossingsN': '', 'crossingsC': ''}
REF: (219, 249) {'gn': 0.11818, 'gc': 0.22299, 'Gn': 0.0, 'Gc': 0.0, 'crossingsN': '', 'crossingsC': ''}
REF: (220, 224) {'gn': -0.07123, 'gc': 0.0078, 'Gn': -0.0, 'Gc': 0.0, 'crossingsN': '', 'crossingsC': ''}
REF: (220, 225) {'gn': -0.07923, 'gc': 0.11104, 'Gn': -0.0, 'Gc': 0.0, 'crossingsN': '', 'crossingsC': ''}
REF: (220, 245) {'gn': 0.26719, 'gc': 0.11655, 'Gn': 0.0, 'Gc': 0.0, 'crossingsN': '', 'crossingsC': ''}
REF: (220, 246) {'gn': 0.1554, 'gc': 0.2273, 'Gn': 0.0, 'Gc': 0.0, 'crossingsN': '', 'crossingsC': ''}
REF: (220, 248) {'gn': 0.07349, 'gc': 0.28778, 'Gn': 0.0, 'Gc': 0.0, 'crossingsN': '', 'crossingsC': ''}
REF: (220, 249) {'gn': 0.09927, 'gc': 0.19338, 'Gn': 0.0, 'Gc': 0.0, 'crossingsN': '', 'crossingsC': ''}
REF: (221, 225) {'gn': -0.03943, 'gc': 0.11567, 'Gn': -0.0, 'Gc': 0.0, 'crossingsN': '', 'crossingsC': ''}
REF: (221, 248) {'gn': 0.13694, 'gc': 0.28223, 'Gn': 0.0, 'Gc': 0.0, 'crossingsN': '', 'crossingsC': ''}
REF: (221, 249) {'gn': 0.16196, 'gc': 0.18708, 'Gn': 0.0, 'Gc': 0.0, 'crossingsN': '', 'crossingsC': ''}
REF: (221, 252) {'gn': 0.09968, 'gc': 0.1735, 'Gn': 0.0, 'Gc': 0.0, 'crossingsN': '', 'crossingsC': ''}
REF: (222, 226) {'gn': -0.03105, 'gc': 0.03361, 'Gn': -0.0, 'Gc': 0.0, 'crossingsN': '', 'crossingsC': ''}
REF: (222, 248) {'gn': 0.15909, 'gc': 0.26089, 'Gn': 0.0, 'Gc': 0.0, 'crossingsN': '', 'crossingsC': ''}
REF: (222, 249) {'gn': 0.18275, 'gc': 0.16498, 'Gn': 0.0, 'Gc': 0.0, 'crossingsN': '', 'crossingsC': ''}
REF: (222, 250) {'gn': 0.15555, 'gc': 0.2349, 'Gn': 0.0, 'Gc': 0.0, 'crossingsN': '', 'crossingsC': ''}
REF: (222, 251) {'gn': 0.11112, 'gc': 0.27537, 'Gn': 0.0, 'Gc': 0.0, 'crossingsN': '', 'crossingsC': ''}
REF: (222, 252) {'gn': 0.11551, 'gc': 0.15225, 'Gn': 0.0, 'Gc': 0.0, 'crossingsN': '', 'crossingsC': ''}
REF: (222, 253) {'gn': 0.11749, 'gc': 0.11638, 'Gn': 0.0, 'Gc': 0.0, 'crossingsN': '', 'crossingsC': ''}
REF: (223, 227) {'gn': -0.03198, 'gc': 0.00654, 'Gn': -0.0, 'Gc': 0.0, 'crossingsN': '', 'crossingsC': ''}
REF: (223, 249) {'gn': 0.24024, 'gc': 0.20051, 'Gn': 0.0, 'Gc': 0.0, 'crossingsN': '', 'crossingsC': ''}
REF: (223, 252) {'gn': 0.16632, 'gc': 0.18245, 'Gn': 0.0, 'Gc': 0.0, 'crossingsN': '', 'crossingsC': ''}
REF: (224, 228) {'gn': -0.0197, 'gc': 0.0124, 'Gn': -0.0, 'Gc': 0.0, 'crossingsN': '', 'crossingsC': ''}
REF: (224, 249) {'gn': 0.20798, 'gc': 0.20644, 'Gn': 0.0, 'Gc': 0.0, 'crossingsN': '', 'crossingsC': ''}
REF: (224, 252) {'gn': 0.12504, 'gc': 0.19384, 'Gn': 0.0, 'Gc': 0.0, 'crossingsN': '', 'crossingsC': ''}
REF: (225, 229) {'gn': -0.03308, 'gc': 0.01154, 'Gn': -0.0, 'Gc': 0.0, 'crossingsN': '', 'crossingsC': ''}
REF: (225, 244) {'gn': 0.28843, 'gc': 0.13458, 'Gn': 0.0, 'Gc': 0.0, 'crossingsN': '', 'crossingsC': ''}
REF: (225, 248) {'gn': 0.15998, 'gc': 0.25448, 'Gn': 0.0, 'Gc': 0.0, 'crossingsN': '', 'crossingsC': ''}
REF: (225, 249) {'gn': 0.18317, 'gc': 0.17283, 'Gn': 0.0, 'Gc': 0.0, 'crossingsN': '', 'crossingsC': ''}
REF: (225, 250) {'gn': 0.16372, 'gc': 0.25253, 'Gn': 0.0, 'Gc': 0.0, 'crossingsN': '', 'crossingsC': ''}
REF: (225, 251) {'gn': 0.10528, 'gc': 0.29043, 'Gn': 0.0, 'Gc': 0.0, 'crossingsN': '', 'crossingsC': ''}
REF: (225, 252) {'gn': 0.09648, 'gc': 0.16892, 'Gn': 0.0, 'Gc': 0.0, 'crossingsN': '', 'crossingsC': ''}
REF: (225, 253) {'gn': 0.11058, 'gc': 0.14004, 'Gn': 0.0, 'Gc': 0.0, 'crossingsN': '', 'crossingsC': ''}
REF: (226, 230) {'gn': -0.02726, 'gc': 0.00015, 'Gn': -0.0, 'Gc': 0.0, 'crossingsN': '', 'crossingsC': ''}
REF: (226, 249) {'gn': 0.22968, 'gc': 0.19284, 'Gn': 0.0, 'Gc': 0.0, 'crossingsN': '', 'crossingsC': ''}
REF: (226, 250) {'gn': 0.21177, 'gc': 0.2606, 'Gn': 0.0, 'Gc': 0.0, 'crossingsN': '', 'crossingsC': ''}
REF: (226, 252) {'gn': 0.14097, 'gc': 0.17907, 'Gn': 0.0, 'Gc': 0.0, 'crossingsN': '', 'crossingsC': ''}
REF: (226, 253) {'gn': 0.15013, 'gc': 0.15, 'Gn': 0.0, 'Gc': 0.0, 'crossingsN': '', 'crossingsC': ''}
REF: (226, 254) {'gn': 0.1281, 'gc': 0.22031, 'Gn': 0.0, 'Gc': 0.0, 'crossingsN': '', 'crossingsC': ''}
REF: (226, 255) {'gn': 0.09948, 'gc': 0.17623, 'Gn': 0.0, 'Gc': 0.0, 'crossingsN': '', 'crossingsC': ''}
REF: (226, 256) {'gn': 0.09055, 'gc': 0.15885, 'Gn': 0.0, 'Gc': 0.0, 'crossingsN': '', 'crossingsC': ''}
REF: (227, 231) {'gn': -0.00925, 'gc': -0.01066, 'Gn': -0.0, 'Gc': -0.0, 'crossingsN': '', 'crossingsC': ''}
REF: (227, 253) {'gn': 0.20176, 'gc': 0.19078, 'Gn': 0.0, 'Gc': 0.0, 'crossingsN': '', 'crossingsC': ''}
REF: (227, 256) {'gn': 0.14386, 'gc': 0.18639, 'Gn': 0.0, 'Gc': 0.0, 'crossingsN': '', 'crossingsC': ''}
REF: (228, 232) {'gn': -0.00196, 'gc': -0.00753, 'Gn': -0.0, 'Gc': -0.0, 'crossingsN': '', 'crossingsC': ''}
REF: (228, 253) {'gn': 0.1635, 'gc': 0.19664, 'Gn': 0.0, 'Gc': 0.0, 'crossingsN': '', 'crossingsC': ''}
REF: (229, 233) {'gn': -0.03747, 'gc': -0.06057, 'Gn': -0.0, 'Gc': -0.0, 'crossingsN': '', 'crossingsC': ''}
REF: (229, 253) {'gn': 0.14211, 'gc': 0.1844, 'Gn': 0.0, 'Gc': 0.0, 'crossingsN': '', 'crossingsC': ''}
REF: (229, 256) {'gn': 0.10629, 'gc': 0.18832, 'Gn': 0.0, 'Gc': 0.0, 'crossingsN': '', 'crossingsC': ''}
REF: (229, 257) {'gn': 0.10577, 'gc': 0.15298, 'Gn': 0.0, 'Gc': 0.0, 'crossingsN': '', 'crossingsC': ''}
REF: (230, 234) {'gn': -0.01543, 'gc': -0.05159, 'Gn': -0.0, 'Gc': -0.0, 'crossingsN': '', 'crossingsC': ''}
REF: (230, 253) {'gn': 0.26504, 'gc': 0.21883, 'Gn': 0.0, 'Gc': 0.0, 'crossingsN': '', 'crossingsC': ''}
REF: (230, 256) {'gn': 0.23702, 'gc': 0.20536, 'Gn': 0.0, 'Gc': 0.0, 'crossingsN': '', 'crossingsC': ''}
REF: (230, 257) {'gn': 0.23948, 'gc': 0.17166, 'Gn': 0.0, 'Gc': 0.0, 'crossingsN': '', 'crossingsC': ''}
REF: (231, 235) {'gn': 0.00589, 'gc': -0.02967, 'Gn': 0.0, 'Gc': -0.0, 'crossingsN': '', 'crossingsC': ''}
REF: (232, 238) {'gn': 0.01592, 'gc': -0.0336, 'Gn': 0.0, 'Gc': -0.0, 'crossingsN': '', 'crossingsC': ''}
REF: (232, 239) {'gn': 0.07452, 'gc': -0.00172, 'Gn': 0.0, 'Gc': -0.0, 'crossingsN': '', 'crossingsC': ''}
REF: (233, 238) {'gn': 0.01095, 'gc': -0.02904, 'Gn': 0.0, 'Gc': -0.0, 'crossingsN': '', 'crossingsC': ''}
REF: (233, 239) {'gn': 0.06683, 'gc': 0.00366, 'Gn': 0.0, 'Gc': 0.0, 'crossingsN': '', 'crossingsC': ''}
REF: (233, 257) {'gn': 0.18119, 'gc': 0.20499, 'Gn': 0.0, 'Gc': 0.0, 'crossingsN': '', 'crossingsC': ''}
REF: (234, 238) {'gn': 0.05269, 'gc': 0.01609, 'Gn': 0.0, 'Gc': 0.0, 'crossingsN': '', 'crossingsC': ''}
REF: (239, 268) {'gn': 0.14493, 'gc': -0.02268, 'Gn': 0.0, 'Gc': -0.0, 'crossingsN': '', 'crossingsC': ''}
REF: (240, 267) {'gn': 0.03957, 'gc': -0.01004, 'Gn': 0.0, 'Gc': -0.0, 'crossingsN': '', 'crossingsC': ''}
REF: (240, 268) {'gn': 0.06645, 'gc': -0.01547, 'Gn': 0.0, 'Gc': -0.0, 'crossingsN': '', 'crossingsC': ''}
REF: (240, 269) {'gn': 0.10465, 'gc': 0.04235, 'Gn': 0.0, 'Gc': 0.0, 'crossingsN': '', 'crossingsC': ''}
REF: (240, 333) {'gn': 0.05458, 'gc': 0, 'Gn': 0.0, 'Gc': 0.0, 'crossingsN': '', 'crossingsC': ''}
REF: (241, 268) {'gn': -0.05082, 'gc': -0.05529, 'Gn': -0.0, 'Gc': -0.0, 'crossingsN': '', 'crossingsC': ''}
REF: (241, 269) {'gn': -0.01532, 'gc': 0.00285, 'Gn': -0.0, 'Gc': 0.0, 'crossingsN': '', 'crossingsC': ''}
REF: (241, 270) {'gn': 0.02445, 'gc': 0.0356, 'Gn': 0.0, 'Gc': 0.0, 'crossingsN': '', 'crossingsC': ''}
REF: (242, 268) {'gn': -0.09866, 'gc': -0.06307, 'Gn': -0.0, 'Gc': -0.0, 'crossingsN': '', 'crossingsC': ''}
REF: (242, 269) {'gn': -0.06459, 'gc': -0.00655, 'Gn': -0.0, 'Gc': -0.0, 'crossingsN': '', 'crossingsC': ''}
REF: (242, 270) {'gn': -0.02748, 'gc': 0.02459, 'Gn': -0.0, 'Gc': 0.0, 'crossingsN': '', 'crossingsC': ''}
REF: (242, 271) {'gn': 0.01206, 'gc': 0.0868, 'Gn': 0.0, 'Gc': 0.0, 'crossingsN': '', 'crossingsC': ''}
REF: (243, 270) {'gn': -0.14366, 'gc': -0.00764, 'Gn': -0.0, 'Gc': -0.0, 'crossingsN': '', 'crossingsC': ''}
REF: (243, 271) {'gn': -0.10387, 'gc': 0.05537, 'Gn': -0.0, 'Gc': 0.0, 'crossingsN': '', 'crossingsC': ''}
REF: (243, 272) {'gn': -0.0819, 'gc': 0.09669, 'Gn': -0.0, 'Gc': 0.0, 'crossingsN': '', 'crossingsC': ''}
REF: (244, 249) {'gn': -0.10784, 'gc': 0.08774, 'Gn': -0.0, 'Gc': 0.0, 'crossingsN': '', 'crossingsC': ''}
REF: (244, 250) {'gn': -0.09478, 'gc': 0.15966, 'Gn': -0.0, 'Gc': 0.0, 'crossingsN': '', 'crossingsC': ''}
REF: (244, 270) {'gn': -0.07451, 'gc': 0.00155, 'Gn': -0.0, 'Gc': 0.0, 'crossingsN': '', 'crossingsC': ''}
REF: (244, 271) {'gn': -0.03709, 'gc': 0.06302, 'Gn': -0.0, 'Gc': 0.0, 'crossingsN': '', 'crossingsC': ''}
REF: (244, 272) {'gn': -0.01703, 'gc': 0.10157, 'Gn': -0.0, 'Gc': 0.0, 'crossingsN': '', 'crossingsC': ''}
REF: (244, 273) {'gn': 0.00369, 'gc': 0.15094, 'Gn': 0.0, 'Gc': 0.0, 'crossingsN': '', 'crossingsC': ''}
REF: (245, 249) {'gn': -0.20429, 'gc': 0.10791, 'Gn': -0.0, 'Gc': 0.0, 'crossingsN': '', 'crossingsC': ''}
REF: (245, 250) {'gn': -0.19104, 'gc': 0.17625, 'Gn': -0.0, 'Gc': 0.0, 'crossingsN': '', 'crossingsC': ''}
REF: (245, 272) {'gn': -0.13094, 'gc': 0.08882, 'Gn': -0.0, 'Gc': 0.0, 'crossingsN': '', 'crossingsC': ''}
REF: (245, 273) {'gn': -0.11201, 'gc': 0.14082, 'Gn': -0.0, 'Gc': 0.0, 'crossingsN': '', 'crossingsC': ''}
REF: (246, 250) {'gn': -0.09751, 'gc': 0.08112, 'Gn': -0.0, 'Gc': 0.0, 'crossingsN': '', 'crossingsC': ''}
REF: (246, 272) {'gn': -0.00246, 'gc': 0.07915, 'Gn': -0.0, 'Gc': 0.0, 'crossingsN': '', 'crossingsC': ''}
REF: (246, 273) {'gn': 0.01641, 'gc': 0.13085, 'Gn': 0.0, 'Gc': 0.0, 'crossingsN': '', 'crossingsC': ''}
REF: (246, 274) {'gn': -0.01447, 'gc': 0.13502, 'Gn': -0.0, 'Gc': 0.0, 'crossingsN': '', 'crossingsC': ''}
REF: (247, 251) {'gn': -0.0325, 'gc': -0.06136, 'Gn': -0.0, 'Gc': -0.0, 'crossingsN': '', 'crossingsC': ''}
REF: (247, 272) {'gn': 0.12014, 'gc': 0.05823, 'Gn': 0.0, 'Gc': 0.0, 'crossingsN': '', 'crossingsC': ''}
REF: (247, 273) {'gn': 0.14199, 'gc': 0.10712, 'Gn': 0.0, 'Gc': 0.0, 'crossingsN': '', 'crossingsC': ''}
REF: (247, 274) {'gn': 0.11029, 'gc': 0.11017, 'Gn': 0.0, 'Gc': 0.0, 'crossingsN': '', 'crossingsC': ''}
REF: (247, 275) {'gn': 0.05044, 'gc': 0.22836, 'Gn': 0.0, 'Gc': 0.0, 'crossingsN': '', 'crossingsC': ''}
REF: (247, 276) {'gn': 0.06274, 'gc': 0.22192, 'Gn': 0.0, 'Gc': 0.0, 'crossingsN': '', 'crossingsC': ''}
REF: (247, 279) {'gn': 0.04373, 'gc': 0.21682, 'Gn': 0.0, 'Gc': 0.0, 'crossingsN': '', 'crossingsC': ''}
REF: (247, 288) {'gn': 0.07779, 'gc': 0.10018, 'Gn': 0.0, 'Gc': 0.0, 'crossingsN': '', 'crossingsC': ''}
REF: (248, 252) {'gn': -0.03983, 'gc': -0.04995, 'Gn': -0.0, 'Gc': -0.0, 'crossingsN': '', 'crossingsC': ''}
REF: (249, 253) {'gn': -0.03248, 'gc': -0.01029, 'Gn': -0.0, 'Gc': -0.0, 'crossingsN': '', 'crossingsC': ''}
REF: (250, 254) {'gn': -0.02138, 'gc': -0.00743, 'Gn': -0.0, 'Gc': -0.0, 'crossingsN': '', 'crossingsC': ''}
REF: (250, 270) {'gn': 0.08637, 'gc': 0.01911, 'Gn': 0.0, 'Gc': 0.0, 'crossingsN': '', 'crossingsC': ''}
REF: (250, 271) {'gn': 0.19031, 'gc': 0.07915, 'Gn': 0.0, 'Gc': 0.0, 'crossingsN': '', 'crossingsC': ''}
REF: (250, 272) {'gn': 0.19798, 'gc': 0.11117, 'Gn': 0.0, 'Gc': 0.0, 'crossingsN': '', 'crossingsC': ''}
REF: (251, 255) {'gn': -0.01896, 'gc': -0.06344, 'Gn': -0.0, 'Gc': -0.0, 'crossingsN': '', 'crossingsC': ''}
REF: (251, 282) {'gn': 0.17063, 'gc': 0.17884, 'Gn': 0.0, 'Gc': 0.0, 'crossingsN': '', 'crossingsC': ''}
REF: (252, 256) {'gn': 0.00491, 'gc': -0.03109, 'Gn': 0.0, 'Gc': -0.0, 'crossingsN': '', 'crossingsC': ''}
REF: (253, 257) {'gn': 0.04884, 'gc': -0.03205, 'Gn': 0.0, 'Gc': -0.0, 'crossingsN': '', 'crossingsC': ''}
REF: (254, 258) {'gn': 0.01698, 'gc': -0.08047, 'Gn': 0.0, 'Gc': -0.0, 'crossingsN': '', 'crossingsC': ''}
REF: (254, 264) {'gn': 0.04071, 'gc': -0.05742, 'Gn': 0.0, 'Gc': -0.0, 'crossingsN': '', 'crossingsC': ''}
REF: (254, 283) {'gn': 0.2227, 'gc': 0.05857, 'Gn': 0.0, 'Gc': 0.0, 'crossingsN': '', 'crossingsC': ''}
REF: (255, 259) {'gn': 0.0149, 'gc': -0.04603, 'Gn': 0.0, 'Gc': -0.0, 'crossingsN': '', 'crossingsC': ''}
REF: (256, 260) {'gn': 0.02044, 'gc': -0.02867, 'Gn': 0.0, 'Gc': -0.0, 'crossingsN': '', 'crossingsC': ''}
REF: (257, 261) {'gn': 0.04166, 'gc': -0.01978, 'Gn': 0.0, 'Gc': -0.0, 'crossingsN': '', 'crossingsC': ''}
REF: (257, 262) {'gn': 0.02644, 'gc': -0.01044, 'Gn': 0.0, 'Gc': -0.0, 'crossingsN': '', 'crossingsC': ''}
REF: (257, 263) {'gn': 0.05442, 'gc': -0.01945, 'Gn': 0.0, 'Gc': -0.0, 'crossingsN': '', 'crossingsC': ''}
REF: (257, 264) {'gn': 0.07146, 'gc': -0.01192, 'Gn': 0.0, 'Gc': -0.0, 'crossingsN': '', 'crossingsC': ''}
REF: (258, 262) {'gn': -0.00706, 'gc': -0.00872, 'Gn': -0.0, 'Gc': -0.0, 'crossingsN': '', 'crossingsC': ''}
REF: (258, 263) {'gn': 0.01589, 'gc': -0.01058, 'Gn': 0.0, 'Gc': -0.0, 'crossingsN': '', 'crossingsC': ''}
REF: (258, 264) {'gn': 0.02776, 'gc': 0.00425, 'Gn': 0.0, 'Gc': 0.0, 'crossingsN': '', 'crossingsC': ''}
REF: (262, 267) {'gn': 0.0032, 'gc': 0.00385, 'Gn': 0.0, 'Gc': 0.0, 'crossingsN': '', 'crossingsC': ''}
REF: (262, 268) {'gn': -0.01392, 'gc': 0.05119, 'Gn': -0.0, 'Gc': 0.0, 'crossingsN': '', 'crossingsC': ''}
REF: (263, 267) {'gn': -0.02292, 'gc': 0.01882, 'Gn': -0.0, 'Gc': 0.0, 'crossingsN': '', 'crossingsC': ''}
REF: (263, 268) {'gn': -0.03168, 'gc': 0.06773, 'Gn': -0.0, 'Gc': 0.0, 'crossingsN': '', 'crossingsC': ''}
REF: (264, 268) {'gn': -0.06905, 'gc': 0.05209, 'Gn': -0.0, 'Gc': 0.0, 'crossingsN': '', 'crossingsC': ''}
REF: (264, 269) {'gn': 0.04271, 'gc': 0.09578, 'Gn': 0.0, 'Gc': 0.0, 'crossingsN': '', 'crossingsC': ''}
REF: (264, 270) {'gn': 0.06259, 'gc': 0.15037, 'Gn': 0.0, 'Gc': 0.0, 'crossingsN': '', 'crossingsC': ''}
REF: (264, 284) {'gn': 0.18188, 'gc': 0.04831, 'Gn': 0.0, 'Gc': 0.0, 'crossingsN': '', 'crossingsC': ''}
REF: (264, 329) {'gn': 0.17759, 'gc': 0, 'Gn': 0.0, 'Gc': 0.0, 'crossingsN': '', 'crossingsC': ''}
REF: (264, 330) {'gn': 0.18607, 'gc': 0, 'Gn': 0.0, 'Gc': 0.0, 'crossingsN': '', 'crossingsC': ''}
REF: (265, 269) {'gn': 0.02236, 'gc': 0.11218, 'Gn': 0.0, 'Gc': 0.0, 'crossingsN': '', 'crossingsC': ''}
REF: (265, 270) {'gn': 0.0386, 'gc': 0.16725, 'Gn': 0.0, 'Gc': 0.0, 'crossingsN': '', 'crossingsC': ''}
REF: (265, 328) {'gn': 0.16141, 'gc': 0.00601, 'Gn': 0.0, 'Gc': 0.0, 'crossingsN': '', 'crossingsC': ''}
REF: (265, 329) {'gn': 0.15316, 'gc': 0, 'Gn': 0.0, 'Gc': 0.0, 'crossingsN': '', 'crossingsC': ''}
REF: (265, 330) {'gn': 0.1616, 'gc': 0, 'Gn': 0.0, 'Gc': 0.0, 'crossingsN': '', 'crossingsC': ''}
REF: (265, 331) {'gn': 0.13288, 'gc': 0, 'Gn': 0.0, 'Gc': 0.0, 'crossingsN': '', 'crossingsC': ''}
REF: (266, 331) {'gn': 0.15305, 'gc': 0, 'Gn': 0.0, 'Gc': 0.0, 'crossingsN': '', 'crossingsC': ''}
REF: (268, 330) {'gn': 0.27562, 'gc': 0, 'Gn': 0.0, 'Gc': 0.0, 'crossingsN': '', 'crossingsC': ''}
REF: (269, 329) {'gn': 0.17307, 'gc': 0, 'Gn': 0.0, 'Gc': 0.0, 'crossingsN': '', 'crossingsC': ''}
REF: (269, 330) {'gn': 0.17576, 'gc': 0, 'Gn': 0.0, 'Gc': 0.0, 'crossingsN': '', 'crossingsC': ''}
REF: (269, 331) {'gn': 0.14015, 'gc': 0, 'Gn': 0.0, 'Gc': 0.0, 'crossingsN': '', 'crossingsC': ''}
REF: (270, 286) {'gn': 0.17988, 'gc': -0.04767, 'Gn': 0.0, 'Gc': -0.0, 'crossingsN': '', 'crossingsC': ''}
REF: (270, 287) {'gn': 0.17539, 'gc': 0.05406, 'Gn': 0.0, 'Gc': 0.0, 'crossingsN': '', 'crossingsC': ''}
REF: (270, 329) {'gn': 0.14011, 'gc': 0, 'Gn': 0.0, 'Gc': 0.0, 'crossingsN': '', 'crossingsC': ''}
REF: (270, 330) {'gn': 0.13527, 'gc': 0, 'Gn': 0.0, 'Gc': 0.0, 'crossingsN': '', 'crossingsC': ''}
REF: (271, 286) {'gn': 0.04258, 'gc': -0.09499, 'Gn': 0.0, 'Gc': -0.0, 'crossingsN': '', 'crossingsC': ''}
REF: (271, 287) {'gn': 0.03617, 'gc': 0.00608, 'Gn': 0.0, 'Gc': 0.0, 'crossingsN': '', 'crossingsC': ''}
REF: (271, 288) {'gn': 0.08045, 'gc': -0.01614, 'Gn': 0.0, 'Gc': -0.0, 'crossingsN': '', 'crossingsC': ''}
REF: (271, 329) {'gn': 0.00673, 'gc': 0, 'Gn': 0.0, 'Gc': 0.0, 'crossingsN': '', 'crossingsC': ''}
REF: (271, 330) {'gn': -0.00607, 'gc': 0, 'Gn': -0.0, 'Gc': 0.0, 'crossingsN': '', 'crossingsC': ''}
REF: (272, 286) {'gn': 0.01436, 'gc': -0.0461, 'Gn': 0.0, 'Gc': -0.0, 'crossingsN': '', 'crossingsC': ''}
REF: (272, 287) {'gn': 0.01297, 'gc': 0.05421, 'Gn': 0.0, 'Gc': 0.0, 'crossingsN': '', 'crossingsC': ''}
REF: (272, 288) {'gn': 0.05784, 'gc': 0.03125, 'Gn': 0.0, 'Gc': 0.0, 'crossingsN': '', 'crossingsC': ''}
REF: (272, 289) {'gn': 0.0897, 'gc': 0.03357, 'Gn': 0.0, 'Gc': 0.0, 'crossingsN': '', 'crossingsC': ''}
REF: (273, 288) {'gn': -0.07074, 'gc': 0.04195, 'Gn': -0.0, 'Gc': 0.0, 'crossingsN': '', 'crossingsC': ''}
REF: (273, 289) {'gn': -0.03824, 'gc': 0.0454, 'Gn': -0.0, 'Gc': 0.0, 'crossingsN': '', 'crossingsC': ''}
REF: (273, 290) {'gn': -0.05151, 'gc': -0.09498, 'Gn': -0.0, 'Gc': -0.0, 'crossingsN': '', 'crossingsC': ''}
REF: (273, 291) {'gn': -0.01269, 'gc': -0.09294, 'Gn': -0.0, 'Gc': -0.0, 'crossingsN': '', 'crossingsC': ''}
REF: (274, 288) {'gn': -0.09049, 'gc': 0.09742, 'Gn': -0.0, 'Gc': 0.0, 'crossingsN': '', 'crossingsC': ''}
REF: (274, 289) {'gn': -0.05927, 'gc': 0.10147, 'Gn': -0.0, 'Gc': 0.0, 'crossingsN': '', 'crossingsC': ''}
REF: (274, 290) {'gn': -0.07174, 'gc': -0.0362, 'Gn': -0.0, 'Gc': -0.0, 'crossingsN': '', 'crossingsC': ''}
REF: (274, 291) {'gn': -0.03343, 'gc': -0.03314, 'Gn': -0.0, 'Gc': -0.0, 'crossingsN': '', 'crossingsC': ''}
REF: (275, 279) {'gn': -0.02041, 'gc': -0.02398, 'Gn': -0.0, 'Gc': -0.0, 'crossingsN': '', 'crossingsC': ''}
REF: (275, 288) {'gn': 0.00193, 'gc': 0.14772, 'Gn': 0.0, 'Gc': 0.0, 'crossingsN': '', 'crossingsC': ''}
REF: (275, 289) {'gn': 0.03643, 'gc': 0.14616, 'Gn': 0.0, 'Gc': 0.0, 'crossingsN': '', 'crossingsC': ''}
REF: (275, 290) {'gn': 0.0222, 'gc': 0.01039, 'Gn': 0.0, 'Gc': 0.0, 'crossingsN': '', 'crossingsC': ''}
REF: (275, 291) {'gn': 0.06125, 'gc': 0.01786, 'Gn': 0.0, 'Gc': 0.0, 'crossingsN': '', 'crossingsC': ''}
REF: (275, 325) {'gn': -0.03487, 'gc': 0.01242, 'Gn': -0.0, 'Gc': 0.0, 'crossingsN': '', 'crossingsC': ''}
REF: (276, 290) {'gn': 0.01093, 'gc': 0.02897, 'Gn': 0.0, 'Gc': 0.0, 'crossingsN': '', 'crossingsC': ''}
REF: (278, 282) {'gn': -0.04174, 'gc': 0.01302, 'Gn': -0.0, 'Gc': 0.0, 'crossingsN': '', 'crossingsC': ''}
REF: (279, 285) {'gn': -0.00744, 'gc': -0.01357, 'Gn': -0.0, 'Gc': -0.0, 'crossingsN': '', 'crossingsC': ''}
REF: (279, 286) {'gn': -0.01993, 'gc': 0.06929, 'Gn': -0.0, 'Gc': 0.0, 'crossingsN': '', 'crossingsC': ''}
REF: (280, 285) {'gn': -0.00565, 'gc': 0.01745, 'Gn': -0.0, 'Gc': 0.0, 'crossingsN': '', 'crossingsC': ''}
REF: (280, 286) {'gn': -0.01642, 'gc': 0.10412, 'Gn': -0.0, 'Gc': 0.0, 'crossingsN': '', 'crossingsC': ''}
REF: (280, 327) {'gn': 0.16688, 'gc': 0.0051, 'Gn': 0.0, 'Gc': 0.0, 'crossingsN': '', 'crossingsC': ''}
REF: (281, 285) {'gn': -0.00428, 'gc': 0.02492, 'Gn': -0.0, 'Gc': 0.0, 'crossingsN': '', 'crossingsC': ''}
REF: (281, 286) {'gn': -0.0217, 'gc': 0.10925, 'Gn': -0.0, 'Gc': 0.0, 'crossingsN': '', 'crossingsC': ''}
REF: (282, 286) {'gn': 0.02464, 'gc': 0.08343, 'Gn': 0.0, 'Gc': 0.0, 'crossingsN': '', 'crossingsC': ''}
REF: (284, 328) {'gn': 0.16223, 'gc': 0.00231, 'Gn': 0.0, 'Gc': 0.0, 'crossingsN': '', 'crossingsC': ''}
REF: (284, 329) {'gn': 0.10455, 'gc': 0, 'Gn': 0.0, 'Gc': 0.0, 'crossingsN': '', 'crossingsC': ''}
REF: (285, 327) {'gn': 0.21634, 'gc': 0.00541, 'Gn': 0.0, 'Gc': 0.0, 'crossingsN': '', 'crossingsC': ''}
REF: (285, 328) {'gn': 0.1699, 'gc': 0.00226, 'Gn': 0.0, 'Gc': 0.0, 'crossingsN': '', 'crossingsC': ''}
REF: (285, 329) {'gn': 0.10981, 'gc': 0, 'Gn': 0.0, 'Gc': 0.0, 'crossingsN': '', 'crossingsC': ''}
REF: (286, 326) {'gn': 0.2567, 'gc': 0.01173, 'Gn': 0.0, 'Gc': 0.0, 'crossingsN': '', 'crossingsC': ''}
REF: (286, 327) {'gn': 0.20377, 'gc': 0.0066, 'Gn': 0.0, 'Gc': 0.0, 'crossingsN': '', 'crossingsC': ''}
REF: (286, 328) {'gn': 0.15561, 'gc': 0.00404, 'Gn': 0.0, 'Gc': 0.0, 'crossingsN': '', 'crossingsC': ''}
REF: (286, 329) {'gn': 0.08614, 'gc': 0, 'Gn': 0.0, 'Gc': 0.0, 'crossingsN': '', 'crossingsC': ''}
REF: (287, 324) {'gn': 0.20558, 'gc': 0.00808, 'Gn': 0.0, 'Gc': 0.0, 'crossingsN': '', 'crossingsC': ''}
REF: (287, 325) {'gn': 0.1631, 'gc': 0.01107, 'Gn': 0.0, 'Gc': 0.0, 'crossingsN': '', 'crossingsC': ''}
REF: (287, 326) {'gn': 0.12904, 'gc': 0.00812, 'Gn': 0.0, 'Gc': 0.0, 'crossingsN': '', 'crossingsC': ''}
REF: (287, 327) {'gn': 0.08092, 'gc': 0.0065, 'Gn': 0.0, 'Gc': 0.0, 'crossingsN': '', 'crossingsC': ''}
REF: (287, 328) {'gn': 0.04221, 'gc': 0.00406, 'Gn': 0.0, 'Gc': 0.0, 'crossingsN': '', 'crossingsC': ''}
REF: (287, 329) {'gn': -0.02974, 'gc': 0, 'Gn': -0.0, 'Gc': 0.0, 'crossingsN': '', 'crossingsC': ''}
REF: (287, 330) {'gn': 0.08677, 'gc': 0, 'Gn': 0.0, 'Gc': 0.0, 'crossingsN': '', 'crossingsC': ''}
REF: (288, 324) {'gn': 0.12544, 'gc': 0.01114, 'Gn': 0.0, 'Gc': 0.0, 'crossingsN': '', 'crossingsC': ''}
REF: (288, 325) {'gn': 0.08551, 'gc': 0.01209, 'Gn': 0.0, 'Gc': 0.0, 'crossingsN': '', 'crossingsC': ''}
REF: (288, 326) {'gn': 0.05208, 'gc': 0.00739, 'Gn': 0.0, 'Gc': 0.0, 'crossingsN': '', 'crossingsC': ''}
REF: (288, 327) {'gn': 0.00664, 'gc': 0.00824, 'Gn': 0.0, 'Gc': 0.0, 'crossingsN': '', 'crossingsC': ''}
REF: (289, 322) {'gn': 0.04375, 'gc': 0.00267, 'Gn': 0.0, 'Gc': 0.0, 'crossingsN': '', 'crossingsC': ''}
REF: (289, 323) {'gn': -0.00825, 'gc': 0.01385, 'Gn': -0.0, 'Gc': 0.0, 'crossingsN': '', 'crossingsC': ''}
REF: (289, 324) {'gn': -0.02529, 'gc': 0.00927, 'Gn': -0.0, 'Gc': 0.0, 'crossingsN': '', 'crossingsC': ''}
REF: (289, 325) {'gn': -0.06349, 'gc': 0.00957, 'Gn': -0.0, 'Gc': 0.0, 'crossingsN': '', 'crossingsC': ''}
REF: (290, 322) {'gn': 0.02432, 'gc': 8e-05, 'Gn': 0.0, 'Gc': 0.0, 'crossingsN': '', 'crossingsC': ''}
REF: (290, 323) {'gn': -0.02917, 'gc': 0.00775, 'Gn': -0.0, 'Gc': 0.0, 'crossingsN': '', 'crossingsC': ''}
REF: (290, 324) {'gn': -0.04732, 'gc': 0.00593, 'Gn': -0.0, 'Gc': 0.0, 'crossingsN': '', 'crossingsC': ''}
REF: (290, 325) {'gn': -0.08658, 'gc': 0.00749, 'Gn': -0.0, 'Gc': 0.0, 'crossingsN': '', 'crossingsC': ''}
REF: (291, 321) {'gn': -0.14972, 'gc': 0.00597, 'Gn': -0.0, 'Gc': 0.0, 'crossingsN': '', 'crossingsC': ''}
REF: (291, 322) {'gn': -0.0824, 'gc': 0.00497, 'Gn': -0.0, 'Gc': 0.0, 'crossingsN': '', 'crossingsC': ''}
REF: (291, 323) {'gn': -0.13396, 'gc': 0.01165, 'Gn': -0.0, 'Gc': 0.0, 'crossingsN': '', 'crossingsC': ''}
REF: (292, 296) {'gn': 0.03452, 'gc': 0.02749, 'Gn': 0.0, 'Gc': 0.0, 'crossingsN': '', 'crossingsC': ''}
REF: (292, 320) {'gn': -0.12517, 'gc': -0.00121, 'Gn': -0.0, 'Gc': -0.0, 'crossingsN': '', 'crossingsC': ''}
REF: (292, 321) {'gn': -0.10378, 'gc': 0.00251, 'Gn': -0.0, 'Gc': 0.0, 'crossingsN': '', 'crossingsC': ''}
REF: (292, 322) {'gn': -0.03697, 'gc': 0.00076, 'Gn': -0.0, 'Gc': 0.0, 'crossingsN': '', 'crossingsC': ''}
REF: (293, 297) {'gn': 0.02002, 'gc': -0.00921, 'Gn': 0.0, 'Gc': -0.0, 'crossingsN': '', 'crossingsC': ''}
REF: (294, 298) {'gn': -0.0295, 'gc': -0.01047, 'Gn': -0.0, 'Gc': -0.0, 'crossingsN': '', 'crossingsC': ''}
REF: (295, 299) {'gn': -0.05118, 'gc': 0.00388, 'Gn': -0.0, 'Gc': 0.0, 'crossingsN': '', 'crossingsC': ''}
REF: (295, 320) {'gn': -0.10399, 'gc': 0.00187, 'Gn': -0.0, 'Gc': 0.0, 'crossingsN': '', 'crossingsC': ''}
REF: (296, 300) {'gn': -0.06136, 'gc': -0.00045, 'Gn': -0.0, 'Gc': -0.0, 'crossingsN': '', 'crossingsC': ''}
REF: (296, 320) {'gn': -0.15731, 'gc': 0.00371, 'Gn': -0.0, 'Gc': 0.0, 'crossingsN': '', 'crossingsC': ''}
REF: (297, 301) {'gn': -0.08821, 'gc': -0.01294, 'Gn': -0.0, 'Gc': -0.0, 'crossingsN': '', 'crossingsC': ''}
REF: (298, 302) {'gn': -0.09438, 'gc': -0.01594, 'Gn': -0.0, 'Gc': -0.0, 'crossingsN': '', 'crossingsC': ''}
REF: (299, 303) {'gn': -0.09662, 'gc': 0.00438, 'Gn': -0.0, 'Gc': 0.0, 'crossingsN': '', 'crossingsC': ''}
REF: (299, 318) {'gn': -0.21318, 'gc': 0.00095, 'Gn': -0.0, 'Gc': 0.0, 'crossingsN': '', 'crossingsC': ''}
REF: (300, 304) {'gn': -0.10702, 'gc': -0.00037, 'Gn': -0.0, 'Gc': -0.0, 'crossingsN': '', 'crossingsC': ''}
REF: (301, 305) {'gn': -0.14209, 'gc': -0.02327, 'Gn': -0.0, 'Gc': -0.0, 'crossingsN': '', 'crossingsC': ''}
REF: (302, 306) {'gn': -0.10107, 'gc': -0.00713, 'Gn': -0.0, 'Gc': -0.0, 'crossingsN': '', 'crossingsC': ''}
REF: (303, 307) {'gn': -0.08059, 'gc': 0.00649, 'Gn': -0.0, 'Gc': 0.0, 'crossingsN': '', 'crossingsC': ''}
REF: (303, 316) {'gn': -0.22125, 'gc': -0.00156, 'Gn': -0.0, 'Gc': -0.0, 'crossingsN': '', 'crossingsC': ''}
REF: (304, 308) {'gn': -0.07703, 'gc': -0.0193, 'Gn': -0.0, 'Gc': -0.0, 'crossingsN': '', 'crossingsC': ''}
REF: (305, 309) {'gn': -0.07226, 'gc': -0.01723, 'Gn': -0.0, 'Gc': -0.0, 'crossingsN': '', 'crossingsC': ''}
REF: (305, 310) {'gn': -0.1039, 'gc': -0.01788, 'Gn': -0.0, 'Gc': -0.0, 'crossingsN': '', 'crossingsC': ''}
REF: (306, 310) {'gn': -0.02961, 'gc': -0.00426, 'Gn': -0.0, 'Gc': -0.0, 'crossingsN': '', 'crossingsC': ''}
REF: (306, 311) {'gn': -0.07001, 'gc': -0.00196, 'Gn': -0.0, 'Gc': -0.0, 'crossingsN': '', 'crossingsC': ''}
REF: (306, 312) {'gn': -0.09305, 'gc': -0.00011, 'Gn': -0.0, 'Gc': -0.0, 'crossingsN': '', 'crossingsC': ''}
REF: (307, 311) {'gn': -0.00574, 'gc': -0.00814, 'Gn': -0.0, 'Gc': -0.0, 'crossingsN': '', 'crossingsC': ''}
REF: (307, 312) {'gn': -0.03426, 'gc': -0.00463, 'Gn': -0.0, 'Gc': -0.0, 'crossingsN': '', 'crossingsC': ''}
REF: (307, 313) {'gn': -0.08696, 'gc': -0.00219, 'Gn': -0.0, 'Gc': -0.0, 'crossingsN': '', 'crossingsC': ''}
REF: (308, 312) {'gn': -0.07296, 'gc': -0.00368, 'Gn': -0.0, 'Gc': -0.0, 'crossingsN': '', 'crossingsC': ''}
REF: (332, 336) {'gn': -0.04618, 'gc': 0, 'Gn': -0.0, 'Gc': 0.0, 'crossingsN': '', 'crossingsC': ''}
REF: (335, 339) {'gn': -0.01189, 'gc': 0, 'Gn': -0.0, 'Gc': 0.0, 'crossingsN': '', 'crossingsC': ''}
Step 2: loop through the frames and calculate the changes in entanglement
Number of available CPU cores: 40
/storage/group/epo2/default/ims86/miniconda3/envs/FtoF/lib/python3.11/multiprocessing/reduction.py:51: UserWarning: Reader has no dt information, set to 1.0 ps
  cls(buf, protocol).dump(obj)
slurmstepd: error: *** JOB 38088407 ON p-mc-3471 CANCELLED AT 2025-05-07T13:40:23 DUE TO PREEMPTION ***
