
CondaError: Run 'conda init' before 'conda activate'

/storage/group/epo2/default/ims86/miniconda3/envs/FtoF/lib/python3.11/site-packages/MDAnalysis/topology/TPRParser.py:161: DeprecationWarning: 'xdrlib' is deprecated and slated for removal in Python 3.13
  import xdrlib
/storage/group/epo2/default/ims86/miniconda3/envs/FtoF/lib/python3.11/site-packages/MDAnalysis/coordinates/DCD.py:165: DeprecationWarning: DCDReader currently makes independent timesteps by copying self.ts while other readers update self.ts inplace. This behavior will be changed in 3.0 to be the same as other readers. Read more at https://github.com/MDAnalysis/mdanalysis/issues/3889 to learn if this change in behavior might affect you.
  warnings.warn("DCDReader currently makes independent timesteps"
logfile: /storage/group/epo2/default/ims86/git_slugs/Failure-to-Form_Native_Entanglements_slug/Simulations_of_Native_Entanglement_Misfolding/Trajectory_Analysis_setID3Full/P31142_1URH_A/logs/P31142_1URH_A_t9.log
ref_universe: <Universe with 281 atoms>
traj_universe: <Universe with 281 atoms>
START: 0 | END: None | STRIDE: 1
User topoly False
Calculating the fraction of native contacts (Q)
Step 1: Get the secondary structure information
Step 2: Get the native distance map for the native state cordinates
NumNativeContacts: 148
Step 3: Analyze each frame of the traj_universe and calc Q
Step 4: save Q output
SAVED: /storage/group/epo2/default/ims86/git_slugs/Failure-to-Form_Native_Entanglements_slug/Simulations_of_Native_Entanglement_Misfolding/Trajectory_Analysis_setID3Full/P31142_1URH_A/Q/P31142_1URH_A_t9.Q
Calculating the fraction of native contacts with a change in Gauss Linking Number (G)
Step 1: load the reference structure and topology and get reference state GaussLinking numbers
Nnative: 652
REF: (1, 215) {'gn': 0, 'gc': 0.93042, 'Gn': 0.0, 'Gc': 1.0, 'crossingsN': '', 'crossingsC': ''}
REF: (1, 252) {'gn': 0, 'gc': 0.90986, 'Gn': 0.0, 'Gc': 1.0, 'crossingsN': '', 'crossingsC': ''}
REF: (1, 253) {'gn': 0, 'gc': 0.76319, 'Gn': 0.0, 'Gc': 1.0, 'crossingsN': '', 'crossingsC': ''}
REF: (1, 254) {'gn': 0, 'gc': 0.5842, 'Gn': 0.0, 'Gc': 0.0, 'crossingsN': '', 'crossingsC': ''}
REF: (2, 252) {'gn': 0, 'gc': 0.90805, 'Gn': 0.0, 'Gc': 1.0, 'crossingsN': '', 'crossingsC': ''}
REF: (2, 253) {'gn': 0, 'gc': 0.76191, 'Gn': 0.0, 'Gc': 1.0, 'crossingsN': '', 'crossingsC': ''}
REF: (2, 254) {'gn': 0, 'gc': 0.58455, 'Gn': 0.0, 'Gc': 0.0, 'crossingsN': '', 'crossingsC': ''}
REF: (3, 252) {'gn': 0, 'gc': 0.91104, 'Gn': 0.0, 'Gc': 1.0, 'crossingsN': '', 'crossingsC': ''}
REF: (4, 115) {'gn': 0, 'gc': 0.17604, 'Gn': 0.0, 'Gc': 0.0, 'crossingsN': '', 'crossingsC': ''}
REF: (4, 116) {'gn': 0, 'gc': 0.01713, 'Gn': 0.0, 'Gc': 0.0, 'crossingsN': '', 'crossingsC': ''}
REF: (4, 117) {'gn': 0, 'gc': 0.03091, 'Gn': 0.0, 'Gc': 0.0, 'crossingsN': '', 'crossingsC': ''}
REF: (4, 252) {'gn': 0, 'gc': 0.90827, 'Gn': 0.0, 'Gc': 1.0, 'crossingsN': '', 'crossingsC': ''}
REF: (5, 116) {'gn': 0, 'gc': -0.02407, 'Gn': 0.0, 'Gc': -0.0, 'crossingsN': '', 'crossingsC': ''}
REF: (5, 117) {'gn': 0, 'gc': -0.0084, 'Gn': 0.0, 'Gc': -0.0, 'crossingsN': '', 'crossingsC': ''}
REF: (5, 118) {'gn': 0, 'gc': 0.04291, 'Gn': 0.0, 'Gc': 0.0, 'crossingsN': '', 'crossingsC': ''}
REF: (5, 119) {'gn': 0, 'gc': 0.05092, 'Gn': 0.0, 'Gc': 0.0, 'crossingsN': '', 'crossingsC': ''}
REF: (5, 211) {'gn': 0, 'gc': 0.92172, 'Gn': 0.0, 'Gc': 1.0, 'crossingsN': '', 'crossingsC': ''}
REF: (6, 10) {'gn': 0, 'gc': 0.09016, 'Gn': 0.0, 'Gc': 0.0, 'crossingsN': '', 'crossingsC': ''}
REF: (6, 11) {'gn': 0, 'gc': 0.20553, 'Gn': 0.0, 'Gc': 0.0, 'crossingsN': '', 'crossingsC': ''}
REF: (6, 116) {'gn': 0, 'gc': -0.03592, 'Gn': 0.0, 'Gc': -0.0, 'crossingsN': '', 'crossingsC': ''}
REF: (6, 117) {'gn': 0, 'gc': -0.01481, 'Gn': 0.0, 'Gc': -0.0, 'crossingsN': '', 'crossingsC': ''}
REF: (6, 118) {'gn': 0, 'gc': 0.04053, 'Gn': 0.0, 'Gc': 0.0, 'crossingsN': '', 'crossingsC': ''}
REF: (6, 119) {'gn': 0, 'gc': 0.04416, 'Gn': 0.0, 'Gc': 0.0, 'crossingsN': '', 'crossingsC': ''}
REF: (7, 11) {'gn': 0, 'gc': 0.12323, 'Gn': 0.0, 'Gc': 0.0, 'crossingsN': '', 'crossingsC': ''}
REF: (7, 118) {'gn': 0, 'gc': 0.03462, 'Gn': 0.0, 'Gc': 0.0, 'crossingsN': '', 'crossingsC': ''}
REF: (7, 119) {'gn': 0, 'gc': 0.02979, 'Gn': 0.0, 'Gc': 0.0, 'crossingsN': '', 'crossingsC': ''}
REF: (7, 120) {'gn': 0, 'gc': 0.04959, 'Gn': 0.0, 'Gc': 0.0, 'crossingsN': '', 'crossingsC': ''}
REF: (8, 12) {'gn': 0, 'gc': 0.01056, 'Gn': 0.0, 'Gc': 0.0, 'crossingsN': '', 'crossingsC': ''}
REF: (8, 118) {'gn': 0, 'gc': 0.02023, 'Gn': 0.0, 'Gc': 0.0, 'crossingsN': '', 'crossingsC': ''}
REF: (8, 119) {'gn': 0, 'gc': 0.01208, 'Gn': 0.0, 'Gc': 0.0, 'crossingsN': '', 'crossingsC': ''}
REF: (8, 124) {'gn': 0, 'gc': 0.08186, 'Gn': 0.0, 'Gc': 0.0, 'crossingsN': '', 'crossingsC': ''}
REF: (8, 125) {'gn': 0, 'gc': 0.04332, 'Gn': 0.0, 'Gc': 0.0, 'crossingsN': '', 'crossingsC': ''}
REF: (8, 128) {'gn': 0, 'gc': 0.11047, 'Gn': 0.0, 'Gc': 0.0, 'crossingsN': '', 'crossingsC': ''}
REF: (9, 13) {'gn': 0, 'gc': 0.01428, 'Gn': 0.0, 'Gc': 0.0, 'crossingsN': '', 'crossingsC': ''}
REF: (9, 128) {'gn': 0, 'gc': 0.1247, 'Gn': 0.0, 'Gc': 0.0, 'crossingsN': '', 'crossingsC': ''}
REF: (10, 14) {'gn': 0, 'gc': 0.06244, 'Gn': 0.0, 'Gc': 0.0, 'crossingsN': '', 'crossingsC': ''}
REF: (11, 15) {'gn': 0.00278, 'gc': 0.03653, 'Gn': 0.0, 'Gc': 0.0, 'crossingsN': '', 'crossingsC': ''}
REF: (11, 118) {'gn': 0.11631, 'gc': 0.04425, 'Gn': 0.0, 'Gc': 0.0, 'crossingsN': '', 'crossingsC': ''}
REF: (12, 130) {'gn': 0.22118, 'gc': 0.07609, 'Gn': 0.0, 'Gc': 0.0, 'crossingsN': '', 'crossingsC': ''}
REF: (14, 20) {'gn': 0.01733, 'gc': 0.13428, 'Gn': 0.0, 'Gc': 0.0, 'crossingsN': '', 'crossingsC': ''}
REF: (15, 20) {'gn': -0.00947, 'gc': 0.07092, 'Gn': -0.0, 'Gc': 0.0, 'crossingsN': '', 'crossingsC': ''}
REF: (15, 47) {'gn': 0.04413, 'gc': 0.27899, 'Gn': 0.0, 'Gc': 0.0, 'crossingsN': '', 'crossingsC': ''}
REF: (15, 48) {'gn': 0.03496, 'gc': 0.25851, 'Gn': 0.0, 'Gc': 0.0, 'crossingsN': '', 'crossingsC': ''}
REF: (16, 20) {'gn': 0.0128, 'gc': 0.13652, 'Gn': 0.0, 'Gc': 0.0, 'crossingsN': '', 'crossingsC': ''}
REF: (19, 87) {'gn': 0.04802, 'gc': -0.02336, 'Gn': 0.0, 'Gc': -0.0, 'crossingsN': '', 'crossingsC': ''}
REF: (19, 88) {'gn': 0.0426, 'gc': -0.03244, 'Gn': 0.0, 'Gc': -0.0, 'crossingsN': '', 'crossingsC': ''}
REF: (20, 87) {'gn': 0.05179, 'gc': -0.08152, 'Gn': 0.0, 'Gc': -0.0, 'crossingsN': '', 'crossingsC': ''}
REF: (20, 88) {'gn': 0.05268, 'gc': -0.09058, 'Gn': 0.0, 'Gc': -0.0, 'crossingsN': '', 'crossingsC': ''}
REF: (20, 89) {'gn': 0.08727, 'gc': 0.09144, 'Gn': 0.0, 'Gc': 0.0, 'crossingsN': '', 'crossingsC': ''}
REF: (20, 90) {'gn': 0.11593, 'gc': 0.12672, 'Gn': 0.0, 'Gc': 0.0, 'crossingsN': '', 'crossingsC': ''}
REF: (21, 48) {'gn': 0.06752, 'gc': 0.0092, 'Gn': 0.0, 'Gc': 0.0, 'crossingsN': '', 'crossingsC': ''}
REF: (21, 49) {'gn': 0.06609, 'gc': 0.2027, 'Gn': 0.0, 'Gc': 0.0, 'crossingsN': '', 'crossingsC': ''}
REF: (21, 83) {'gn': 0.03765, 'gc': 0.3221, 'Gn': 0.0, 'Gc': 0.0, 'crossingsN': '', 'crossingsC': ''}
REF: (21, 84) {'gn': 0.01956, 'gc': 0.11531, 'Gn': 0.0, 'Gc': 0.0, 'crossingsN': '', 'crossingsC': ''}
REF: (21, 87) {'gn': -0.00442, 'gc': -0.16353, 'Gn': -0.0, 'Gc': -0.0, 'crossingsN': '', 'crossingsC': ''}
REF: (21, 88) {'gn': -0.00703, 'gc': -0.17073, 'Gn': -0.0, 'Gc': -0.0, 'crossingsN': '', 'crossingsC': ''}
REF: (21, 89) {'gn': 0.03328, 'gc': 0.01084, 'Gn': 0.0, 'Gc': 0.0, 'crossingsN': '', 'crossingsC': ''}
REF: (21, 90) {'gn': 0.06205, 'gc': 0.04442, 'Gn': 0.0, 'Gc': 0.0, 'crossingsN': '', 'crossingsC': ''}
REF: (22, 46) {'gn': 0.06037, 'gc': 0.07974, 'Gn': 0.0, 'Gc': 0.0, 'crossingsN': '', 'crossingsC': ''}
REF: (22, 48) {'gn': 0.03165, 'gc': -0.09642, 'Gn': 0.0, 'Gc': -0.0, 'crossingsN': '', 'crossingsC': ''}
REF: (22, 49) {'gn': 0.02609, 'gc': 0.09573, 'Gn': 0.0, 'Gc': 0.0, 'crossingsN': '', 'crossingsC': ''}
REF: (22, 50) {'gn': 0.02599, 'gc': 0.21616, 'Gn': 0.0, 'Gc': 0.0, 'crossingsN': '', 'crossingsC': ''}
REF: (22, 89) {'gn': -0.00882, 'gc': -0.06736, 'Gn': -0.0, 'Gc': -0.0, 'crossingsN': '', 'crossingsC': ''}
REF: (22, 90) {'gn': 0.01418, 'gc': -0.03464, 'Gn': 0.0, 'Gc': -0.0, 'crossingsN': '', 'crossingsC': ''}
REF: (22, 91) {'gn': 0.05924, 'gc': 0.16657, 'Gn': 0.0, 'Gc': 0.0, 'crossingsN': '', 'crossingsC': ''}
REF: (22, 92) {'gn': 0.10022, 'gc': 0.24392, 'Gn': 0.0, 'Gc': 0.0, 'crossingsN': '', 'crossingsC': ''}
REF: (23, 49) {'gn': 0.00775, 'gc': -0.1434, 'Gn': 0.0, 'Gc': -0.0, 'crossingsN': '', 'crossingsC': ''}
REF: (23, 50) {'gn': 0.00721, 'gc': -0.02279, 'Gn': 0.0, 'Gc': -0.0, 'crossingsN': '', 'crossingsC': ''}
REF: (23, 51) {'gn': 0.0125, 'gc': 0.09797, 'Gn': 0.0, 'Gc': 0.0, 'crossingsN': '', 'crossingsC': ''}
REF: (23, 52) {'gn': -0.00013, 'gc': 0.18105, 'Gn': -0.0, 'Gc': 0.0, 'crossingsN': '', 'crossingsC': ''}
REF: (23, 89) {'gn': -0.03463, 'gc': -0.18443, 'Gn': -0.0, 'Gc': -0.0, 'crossingsN': '', 'crossingsC': ''}
REF: (23, 90) {'gn': -0.00841, 'gc': -0.15359, 'Gn': -0.0, 'Gc': -0.0, 'crossingsN': '', 'crossingsC': ''}
REF: (23, 91) {'gn': 0.03953, 'gc': 0.04402, 'Gn': 0.0, 'Gc': 0.0, 'crossingsN': '', 'crossingsC': ''}
REF: (23, 92) {'gn': 0.08278, 'gc': 0.12143, 'Gn': 0.0, 'Gc': 0.0, 'crossingsN': '', 'crossingsC': ''}
REF: (24, 41) {'gn': 0.02645, 'gc': 0.2242, 'Gn': 0.0, 'Gc': 0.0, 'crossingsN': '', 'crossingsC': ''}
REF: (24, 45) {'gn': 0.02573, 'gc': 0.02668, 'Gn': 0.0, 'Gc': 0.0, 'crossingsN': '', 'crossingsC': ''}
REF: (24, 46) {'gn': 0.01255, 'gc': -0.21273, 'Gn': 0.0, 'Gc': -0.0, 'crossingsN': '', 'crossingsC': ''}
REF: (24, 49) {'gn': -0.01956, 'gc': -0.18741, 'Gn': -0.0, 'Gc': -0.0, 'crossingsN': '', 'crossingsC': ''}
REF: (24, 50) {'gn': -0.01512, 'gc': -0.07146, 'Gn': -0.0, 'Gc': -0.0, 'crossingsN': '', 'crossingsC': ''}
REF: (24, 51) {'gn': -0.01024, 'gc': 0.05232, 'Gn': -0.0, 'Gc': 0.0, 'crossingsN': '', 'crossingsC': ''}
REF: (24, 52) {'gn': -0.02223, 'gc': 0.13859, 'Gn': -0.0, 'Gc': 0.0, 'crossingsN': '', 'crossingsC': ''}
REF: (24, 91) {'gn': 0.01058, 'gc': -0.02321, 'Gn': 0.0, 'Gc': -0.0, 'crossingsN': '', 'crossingsC': ''}
REF: (24, 92) {'gn': 0.0522, 'gc': 0.04896, 'Gn': 0.0, 'Gc': 0.0, 'crossingsN': '', 'crossingsC': ''}
REF: (24, 93) {'gn': 0.07677, 'gc': 0.21125, 'Gn': 0.0, 'Gc': 0.0, 'crossingsN': '', 'crossingsC': ''}
REF: (25, 51) {'gn': -0.00248, 'gc': -0.12783, 'Gn': -0.0, 'Gc': -0.0, 'crossingsN': '', 'crossingsC': ''}
REF: (25, 52) {'gn': -0.01212, 'gc': -0.04175, 'Gn': -0.0, 'Gc': -0.0, 'crossingsN': '', 'crossingsC': ''}
REF: (25, 53) {'gn': -0.00417, 'gc': -0.03287, 'Gn': -0.0, 'Gc': -0.0, 'crossingsN': '', 'crossingsC': ''}
REF: (25, 54) {'gn': -0.00886, 'gc': 0.00864, 'Gn': -0.0, 'Gc': 0.0, 'crossingsN': '', 'crossingsC': ''}
REF: (25, 91) {'gn': 0.07289, 'gc': -0.08691, 'Gn': 0.0, 'Gc': -0.0, 'crossingsN': '', 'crossingsC': ''}
REF: (25, 92) {'gn': 0.1148, 'gc': -0.0116, 'Gn': 0.0, 'Gc': -0.0, 'crossingsN': '', 'crossingsC': ''}
REF: (25, 93) {'gn': 0.13916, 'gc': 0.14851, 'Gn': 0.0, 'Gc': 0.0, 'crossingsN': '', 'crossingsC': ''}
REF: (25, 99) {'gn': 0.14329, 'gc': 0.23336, 'Gn': 0.0, 'Gc': 0.0, 'crossingsN': '', 'crossingsC': ''}
REF: (25, 100) {'gn': 0.13316, 'gc': 0.24065, 'Gn': 0.0, 'Gc': 0.0, 'crossingsN': '', 'crossingsC': ''}
REF: (25, 103) {'gn': 0.12104, 'gc': 0.16441, 'Gn': 0.0, 'Gc': 0.0, 'crossingsN': '', 'crossingsC': ''}
REF: (26, 37) {'gn': 0.00868, 'gc': 0.06037, 'Gn': 0.0, 'Gc': 0.0, 'crossingsN': '', 'crossingsC': ''}
REF: (26, 52) {'gn': -0.02295, 'gc': -0.04401, 'Gn': -0.0, 'Gc': -0.0, 'crossingsN': '', 'crossingsC': ''}
REF: (26, 53) {'gn': -0.01497, 'gc': -0.03523, 'Gn': -0.0, 'Gc': -0.0, 'crossingsN': '', 'crossingsC': ''}
REF: (26, 92) {'gn': 0.19854, 'gc': -0.06411, 'Gn': 0.0, 'Gc': -0.0, 'crossingsN': '', 'crossingsC': ''}
REF: (26, 93) {'gn': 0.22335, 'gc': 0.08801, 'Gn': 0.0, 'Gc': 0.0, 'crossingsN': '', 'crossingsC': ''}
REF: (26, 94) {'gn': 0.24542, 'gc': 0.17164, 'Gn': 0.0, 'Gc': 0.0, 'crossingsN': '', 'crossingsC': ''}
REF: (26, 99) {'gn': 0.22293, 'gc': 0.18157, 'Gn': 0.0, 'Gc': 0.0, 'crossingsN': '', 'crossingsC': ''}
REF: (26, 100) {'gn': 0.213, 'gc': 0.18465, 'Gn': 0.0, 'Gc': 0.0, 'crossingsN': '', 'crossingsC': ''}
REF: (27, 37) {'gn': 0.00452, 'gc': 0.01967, 'Gn': 0.0, 'Gc': 0.0, 'crossingsN': '', 'crossingsC': ''}
REF: (27, 53) {'gn': 0.02827, 'gc': -0.03826, 'Gn': 0.0, 'Gc': -0.0, 'crossingsN': '', 'crossingsC': ''}
REF: (27, 54) {'gn': 0.02684, 'gc': 0.00017, 'Gn': 0.0, 'Gc': 0.0, 'crossingsN': '', 'crossingsC': ''}
REF: (27, 55) {'gn': 0.03155, 'gc': -0.03321, 'Gn': 0.0, 'Gc': -0.0, 'crossingsN': '', 'crossingsC': ''}
REF: (27, 93) {'gn': 0.29682, 'gc': 0.05493, 'Gn': 0.0, 'Gc': 0.0, 'crossingsN': '', 'crossingsC': ''}
REF: (27, 94) {'gn': 0.31919, 'gc': 0.13278, 'Gn': 0.0, 'Gc': 0.0, 'crossingsN': '', 'crossingsC': ''}
REF: (27, 99) {'gn': 0.29296, 'gc': 0.13041, 'Gn': 0.0, 'Gc': 0.0, 'crossingsN': '', 'crossingsC': ''}
REF: (28, 32) {'gn': 0.00377, 'gc': -0.00241, 'Gn': 0.0, 'Gc': -0.0, 'crossingsN': '', 'crossingsC': ''}
REF: (28, 33) {'gn': 0.00285, 'gc': 0.02104, 'Gn': 0.0, 'Gc': 0.0, 'crossingsN': '', 'crossingsC': ''}
REF: (28, 35) {'gn': 0.00597, 'gc': 0.01855, 'Gn': 0.0, 'Gc': 0.0, 'crossingsN': '', 'crossingsC': ''}
REF: (28, 36) {'gn': 0.00482, 'gc': 0.03484, 'Gn': 0.0, 'Gc': 0.0, 'crossingsN': '', 'crossingsC': ''}
REF: (28, 37) {'gn': -0.00026, 'gc': 0.01249, 'Gn': -0.0, 'Gc': 0.0, 'crossingsN': '', 'crossingsC': ''}
REF: (30, 240) {'gn': 1.32377, 'gc': 1.10689, 'Gn': 1.0, 'Gc': 1.0, 'crossingsN': '', 'crossingsC': ''}
REF: (36, 40) {'gn': -0.04884, 'gc': -0.04633, 'Gn': -0.0, 'Gc': -0.0, 'crossingsN': '', 'crossingsC': ''}
REF: (37, 41) {'gn': -0.03103, 'gc': -0.08079, 'Gn': -0.0, 'Gc': -0.0, 'crossingsN': '', 'crossingsC': ''}
REF: (38, 42) {'gn': -0.04745, 'gc': -0.06985, 'Gn': -0.0, 'Gc': -0.0, 'crossingsN': '', 'crossingsC': ''}
REF: (38, 51) {'gn': 0.04838, 'gc': -0.0987, 'Gn': 0.0, 'Gc': -0.0, 'crossingsN': '', 'crossingsC': ''}
REF: (38, 53) {'gn': 0.15491, 'gc': 0.02296, 'Gn': 0.0, 'Gc': 0.0, 'crossingsN': '', 'crossingsC': ''}
REF: (39, 43) {'gn': -0.04481, 'gc': -0.03465, 'Gn': -0.0, 'Gc': -0.0, 'crossingsN': '', 'crossingsC': ''}
REF: (40, 44) {'gn': -0.02103, 'gc': -0.08894, 'Gn': -0.0, 'Gc': -0.0, 'crossingsN': '', 'crossingsC': ''}
REF: (41, 45) {'gn': -0.05437, 'gc': -0.17805, 'Gn': -0.0, 'Gc': -0.0, 'crossingsN': '', 'crossingsC': ''}
REF: (41, 51) {'gn': 0.12496, 'gc': -0.02347, 'Gn': 0.0, 'Gc': -0.0, 'crossingsN': '', 'crossingsC': ''}
REF: (41, 134) {'gn': 1.15228, 'gc': -0.07857, 'Gn': 1.0, 'Gc': -0.0, 'crossingsN': '', 'crossingsC': ''}
REF: (41, 135) {'gn': 1.1803, 'gc': -0.03085, 'Gn': 1.0, 'Gc': -0.0, 'crossingsN': '', 'crossingsC': ''}
REF: (42, 134) {'gn': 1.14113, 'gc': -0.08671, 'Gn': 1.0, 'Gc': -0.0, 'crossingsN': '', 'crossingsC': ''}
REF: (42, 135) {'gn': 1.16431, 'gc': -0.0371, 'Gn': 1.0, 'Gc': -0.0, 'crossingsN': '', 'crossingsC': ''}
REF: (42, 136) {'gn': 1.18225, 'gc': -0.01653, 'Gn': 1.0, 'Gc': -0.0, 'crossingsN': '', 'crossingsC': ''}
REF: (43, 133) {'gn': 1.17315, 'gc': -0.12899, 'Gn': 1.0, 'Gc': -0.0, 'crossingsN': '', 'crossingsC': ''}
REF: (43, 134) {'gn': 1.19169, 'gc': -0.07985, 'Gn': 1.0, 'Gc': -0.0, 'crossingsN': '', 'crossingsC': ''}
REF: (43, 135) {'gn': 1.21366, 'gc': -0.03083, 'Gn': 1.0, 'Gc': -0.0, 'crossingsN': '', 'crossingsC': ''}
REF: (44, 132) {'gn': 1.14414, 'gc': -0.11337, 'Gn': 1.0, 'Gc': -0.0, 'crossingsN': '', 'crossingsC': ''}
REF: (44, 133) {'gn': 1.1762, 'gc': -0.11764, 'Gn': 1.0, 'Gc': -0.0, 'crossingsN': '', 'crossingsC': ''}
REF: (44, 134) {'gn': 1.19857, 'gc': -0.06915, 'Gn': 1.0, 'Gc': -0.0, 'crossingsN': '', 'crossingsC': ''}
REF: (44, 135) {'gn': 1.22978, 'gc': -0.02223, 'Gn': 1.0, 'Gc': -0.0, 'crossingsN': '', 'crossingsC': ''}
REF: (45, 49) {'gn': 0.03158, 'gc': -0.122, 'Gn': 0.0, 'Gc': -0.0, 'crossingsN': '', 'crossingsC': ''}
REF: (45, 122) {'gn': 1.05003, 'gc': -0.05586, 'Gn': 1.0, 'Gc': -0.0, 'crossingsN': '', 'crossingsC': ''}
REF: (45, 132) {'gn': 1.1326, 'gc': -0.106, 'Gn': 1.0, 'Gc': -0.0, 'crossingsN': '', 'crossingsC': ''}
REF: (45, 133) {'gn': 1.16433, 'gc': -0.10921, 'Gn': 1.0, 'Gc': -0.0, 'crossingsN': '', 'crossingsC': ''}
REF: (45, 134) {'gn': 1.19067, 'gc': -0.06145, 'Gn': 1.0, 'Gc': -0.0, 'crossingsN': '', 'crossingsC': ''}
REF: (46, 122) {'gn': 1.08238, 'gc': 0.07472, 'Gn': 1.0, 'Gc': 0.0, 'crossingsN': '', 'crossingsC': ''}
REF: (46, 131) {'gn': 1.14851, 'gc': -0.09251, 'Gn': 1.0, 'Gc': -0.0, 'crossingsN': '', 'crossingsC': ''}
REF: (46, 132) {'gn': 1.14773, 'gc': -0.08948, 'Gn': 1.0, 'Gc': -0.0, 'crossingsN': '', 'crossingsC': ''}
REF: (46, 133) {'gn': 1.17151, 'gc': -0.09454, 'Gn': 1.0, 'Gc': -0.0, 'crossingsN': '', 'crossingsC': ''}
REF: (47, 132) {'gn': 1.11768, 'gc': -0.08163, 'Gn': 1.0, 'Gc': -0.0, 'crossingsN': '', 'crossingsC': ''}
REF: (47, 133) {'gn': 1.14955, 'gc': -0.09176, 'Gn': 1.0, 'Gc': -0.0, 'crossingsN': '', 'crossingsC': ''}
REF: (48, 133) {'gn': 1.10815, 'gc': -0.09392, 'Gn': 1.0, 'Gc': -0.0, 'crossingsN': '', 'crossingsC': ''}
REF: (48, 137) {'gn': 1.20241, 'gc': 0.00698, 'Gn': 1.0, 'Gc': 0.0, 'crossingsN': '', 'crossingsC': ''}
REF: (49, 137) {'gn': 1.13244, 'gc': 0.00832, 'Gn': 1.0, 'Gc': 0.0, 'crossingsN': '', 'crossingsC': ''}
REF: (50, 81) {'gn': 0.13727, 'gc': 0.2243, 'Gn': 0.0, 'Gc': 0.0, 'crossingsN': '', 'crossingsC': ''}
REF: (50, 83) {'gn': 0.14295, 'gc': 0.067, 'Gn': 0.0, 'Gc': 0.0, 'crossingsN': '', 'crossingsC': ''}
REF: (50, 136) {'gn': 0.86097, 'gc': -0.01308, 'Gn': 1.0, 'Gc': -0.0, 'crossingsN': '', 'crossingsC': ''}
REF: (50, 137) {'gn': 0.85213, 'gc': -0.00687, 'Gn': 1.0, 'Gc': -0.0, 'crossingsN': '', 'crossingsC': ''}
REF: (51, 81) {'gn': 0.11595, 'gc': 0.10133, 'Gn': 0.0, 'Gc': 0.0, 'crossingsN': '', 'crossingsC': ''}
REF: (52, 103) {'gn': 0.2814, 'gc': 0.17603, 'Gn': 0.0, 'Gc': 0.0, 'crossingsN': '', 'crossingsC': ''}
REF: (53, 57) {'gn': 0.06616, 'gc': 0.02926, 'Gn': 0.0, 'Gc': 0.0, 'crossingsN': '', 'crossingsC': ''}
REF: (54, 58) {'gn': 0.03231, 'gc': -0.05611, 'Gn': 0.0, 'Gc': -0.0, 'crossingsN': '', 'crossingsC': ''}
REF: (54, 66) {'gn': 0.04399, 'gc': -0.01445, 'Gn': 0.0, 'Gc': -0.0, 'crossingsN': '', 'crossingsC': ''}
REF: (54, 103) {'gn': 0.28002, 'gc': 0.09538, 'Gn': 0.0, 'Gc': 0.0, 'crossingsN': '', 'crossingsC': ''}
REF: (55, 66) {'gn': 0.0466, 'gc': -0.01587, 'Gn': 0.0, 'Gc': -0.0, 'crossingsN': '', 'crossingsC': ''}
REF: (57, 66) {'gn': 0.02466, 'gc': -0.05683, 'Gn': 0.0, 'Gc': -0.0, 'crossingsN': '', 'crossingsC': ''}
REF: (57, 68) {'gn': 0.02145, 'gc': 0.02465, 'Gn': 0.0, 'Gc': 0.0, 'crossingsN': '', 'crossingsC': ''}
REF: (57, 69) {'gn': 0.00999, 'gc': 0.08262, 'Gn': 0.0, 'Gc': 0.0, 'crossingsN': '', 'crossingsC': ''}
REF: (57, 74) {'gn': -0.00877, 'gc': 0.0998, 'Gn': -0.0, 'Gc': 0.0, 'crossingsN': '', 'crossingsC': ''}
REF: (57, 77) {'gn': -0.03996, 'gc': 0.07616, 'Gn': -0.0, 'Gc': 0.0, 'crossingsN': '', 'crossingsC': ''}
REF: (58, 65) {'gn': 0.02038, 'gc': -0.06713, 'Gn': 0.0, 'Gc': -0.0, 'crossingsN': '', 'crossingsC': ''}
REF: (58, 66) {'gn': 0.01093, 'gc': -0.06453, 'Gn': 0.0, 'Gc': -0.0, 'crossingsN': '', 'crossingsC': ''}
REF: (58, 67) {'gn': 0.01004, 'gc': -0.00319, 'Gn': 0.0, 'Gc': -0.0, 'crossingsN': '', 'crossingsC': ''}
REF: (58, 68) {'gn': 0.00198, 'gc': 0.0238, 'Gn': 0.0, 'Gc': 0.0, 'crossingsN': '', 'crossingsC': ''}
REF: (58, 69) {'gn': -0.01603, 'gc': 0.08148, 'Gn': -0.0, 'Gc': 0.0, 'crossingsN': '', 'crossingsC': ''}
REF: (59, 66) {'gn': -0.00487, 'gc': -0.10898, 'Gn': -0.0, 'Gc': -0.0, 'crossingsN': '', 'crossingsC': ''}
REF: (59, 67) {'gn': -0.0018, 'gc': -0.05445, 'Gn': -0.0, 'Gc': -0.0, 'crossingsN': '', 'crossingsC': ''}
REF: (59, 68) {'gn': -0.00559, 'gc': -0.02038, 'Gn': -0.0, 'Gc': -0.0, 'crossingsN': '', 'crossingsC': ''}
REF: (59, 69) {'gn': -0.02403, 'gc': 0.03653, 'Gn': -0.0, 'Gc': 0.0, 'crossingsN': '', 'crossingsC': ''}
REF: (59, 70) {'gn': -0.02693, 'gc': 0.1353, 'Gn': -0.0, 'Gc': 0.0, 'crossingsN': '', 'crossingsC': ''}
REF: (60, 65) {'gn': 0.02561, 'gc': -0.07272, 'Gn': 0.0, 'Gc': -0.0, 'crossingsN': '', 'crossingsC': ''}
REF: (60, 67) {'gn': 0.00621, 'gc': -0.02765, 'Gn': 0.0, 'Gc': -0.0, 'crossingsN': '', 'crossingsC': ''}
REF: (62, 67) {'gn': -0.03559, 'gc': -0.01134, 'Gn': -0.0, 'Gc': -0.0, 'crossingsN': '', 'crossingsC': ''}
REF: (62, 265) {'gn': 1.11261, 'gc': 0.01473, 'Gn': 1.0, 'Gc': 0.0, 'crossingsN': '', 'crossingsC': ''}
REF: (63, 265) {'gn': 1.06483, 'gc': 0.02792, 'Gn': 1.0, 'Gc': 0.0, 'crossingsN': '', 'crossingsC': ''}
REF: (64, 186) {'gn': 0.98911, 'gc': 1.14982, 'Gn': 1.0, 'Gc': 1.0, 'crossingsN': '', 'crossingsC': ''}
REF: (64, 187) {'gn': 0.97801, 'gc': 1.25207, 'Gn': 1.0, 'Gc': 1.0, 'crossingsN': '', 'crossingsC': ''}
REF: (64, 263) {'gn': 0.96856, 'gc': 0.06552, 'Gn': 1.0, 'Gc': 0.0, 'crossingsN': '', 'crossingsC': ''}
REF: (64, 264) {'gn': 0.96968, 'gc': 0.03072, 'Gn': 1.0, 'Gc': 0.0, 'crossingsN': '', 'crossingsC': ''}
REF: (64, 265) {'gn': 0.95985, 'gc': 0.0273, 'Gn': 1.0, 'Gc': 0.0, 'crossingsN': '', 'crossingsC': ''}
REF: (65, 240) {'gn': 1.02146, 'gc': 1.15469, 'Gn': 1.0, 'Gc': 1.0, 'crossingsN': '', 'crossingsC': ''}
REF: (66, 240) {'gn': 1.03657, 'gc': 1.11357, 'Gn': 1.0, 'Gc': 1.0, 'crossingsN': '', 'crossingsC': ''}
REF: (66, 241) {'gn': 1.01856, 'gc': 1.04844, 'Gn': 1.0, 'Gc': 1.0, 'crossingsN': '', 'crossingsC': ''}
REF: (67, 262) {'gn': 1.01706, 'gc': 0.11949, 'Gn': 1.0, 'Gc': 0.0, 'crossingsN': '', 'crossingsC': ''}
REF: (67, 263) {'gn': 1.0387, 'gc': 0.05288, 'Gn': 1.0, 'Gc': 0.0, 'crossingsN': '', 'crossingsC': ''}
REF: (68, 262) {'gn': 1.12464, 'gc': 0.10485, 'Gn': 1.0, 'Gc': 0.0, 'crossingsN': '', 'crossingsC': ''}
REF: (68, 268) {'gn': 1.06297, 'gc': 0.00293, 'Gn': 1.0, 'Gc': 0.0, 'crossingsN': '', 'crossingsC': ''}
REF: (69, 73) {'gn': -0.09131, 'gc': 0.07728, 'Gn': -0.0, 'Gc': 0.0, 'crossingsN': '', 'crossingsC': ''}
REF: (69, 74) {'gn': -0.05981, 'gc': 0.00596, 'Gn': -0.0, 'Gc': 0.0, 'crossingsN': '', 'crossingsC': ''}
REF: (70, 74) {'gn': -0.0289, 'gc': -0.08729, 'Gn': -0.0, 'Gc': -0.0, 'crossingsN': '', 'crossingsC': ''}
REF: (71, 75) {'gn': -0.03736, 'gc': -0.04844, 'Gn': -0.0, 'Gc': -0.0, 'crossingsN': '', 'crossingsC': ''}
REF: (71, 110) {'gn': 0.22538, 'gc': -0.11895, 'Gn': 0.0, 'Gc': -0.0, 'crossingsN': '', 'crossingsC': ''}
REF: (71, 146) {'gn': 1.05374, 'gc': 0.05694, 'Gn': 1.0, 'Gc': 0.0, 'crossingsN': '', 'crossingsC': ''}
REF: (71, 147) {'gn': 1.07792, 'gc': 0.03973, 'Gn': 1.0, 'Gc': 0.0, 'crossingsN': '', 'crossingsC': ''}
REF: (71, 148) {'gn': 1.10212, 'gc': 0.02737, 'Gn': 1.0, 'Gc': 0.0, 'crossingsN': '', 'crossingsC': ''}
REF: (72, 76) {'gn': -0.04134, 'gc': -0.0538, 'Gn': -0.0, 'Gc': -0.0, 'crossingsN': '', 'crossingsC': ''}
REF: (72, 145) {'gn': 1.07639, 'gc': 0.02991, 'Gn': 1.0, 'Gc': 0.0, 'crossingsN': '', 'crossingsC': ''}
REF: (72, 146) {'gn': 1.09283, 'gc': 0.05858, 'Gn': 1.0, 'Gc': 0.0, 'crossingsN': '', 'crossingsC': ''}
REF: (73, 77) {'gn': -0.02384, 'gc': -0.07692, 'Gn': -0.0, 'Gc': -0.0, 'crossingsN': '', 'crossingsC': ''}
REF: (74, 78) {'gn': -0.02078, 'gc': -0.08391, 'Gn': -0.0, 'Gc': -0.0, 'crossingsN': '', 'crossingsC': ''}
REF: (74, 146) {'gn': 1.09763, 'gc': 0.09826, 'Gn': 1.0, 'Gc': 0.0, 'crossingsN': '', 'crossingsC': ''}
REF: (75, 79) {'gn': -0.04498, 'gc': -0.0416, 'Gn': -0.0, 'Gc': -0.0, 'crossingsN': '', 'crossingsC': ''}
REF: (75, 144) {'gn': 1.08764, 'gc': 0.03248, 'Gn': 1.0, 'Gc': 0.0, 'crossingsN': '', 'crossingsC': ''}
REF: (75, 145) {'gn': 1.09478, 'gc': 0.05624, 'Gn': 1.0, 'Gc': 0.0, 'crossingsN': '', 'crossingsC': ''}
REF: (75, 146) {'gn': 1.11684, 'gc': 0.08172, 'Gn': 1.0, 'Gc': 0.0, 'crossingsN': '', 'crossingsC': ''}
REF: (76, 80) {'gn': -0.02913, 'gc': -0.0699, 'Gn': -0.0, 'Gc': -0.0, 'crossingsN': '', 'crossingsC': ''}
REF: (77, 81) {'gn': -0.0183, 'gc': -0.10388, 'Gn': -0.0, 'Gc': -0.0, 'crossingsN': '', 'crossingsC': ''}
REF: (78, 82) {'gn': -0.04936, 'gc': -0.14028, 'Gn': -0.0, 'Gc': -0.0, 'crossingsN': '', 'crossingsC': ''}
REF: (78, 83) {'gn': 0.01433, 'gc': -0.18406, 'Gn': 0.0, 'Gc': -0.0, 'crossingsN': '', 'crossingsC': ''}
REF: (78, 84) {'gn': 0.04595, 'gc': -0.29466, 'Gn': 0.0, 'Gc': -0.0, 'crossingsN': '', 'crossingsC': ''}
REF: (78, 142) {'gn': 1.05976, 'gc': 0.05294, 'Gn': 1.0, 'Gc': 0.0, 'crossingsN': '', 'crossingsC': ''}
REF: (78, 144) {'gn': 1.11773, 'gc': 0.05742, 'Gn': 1.0, 'Gc': 0.0, 'crossingsN': '', 'crossingsC': ''}
REF: (79, 83) {'gn': 0.04434, 'gc': -0.2496, 'Gn': 0.0, 'Gc': -0.0, 'crossingsN': '', 'crossingsC': ''}
REF: (79, 84) {'gn': 0.07229, 'gc': -0.36313, 'Gn': 0.0, 'Gc': -0.0, 'crossingsN': '', 'crossingsC': ''}
REF: (79, 141) {'gn': 1.05088, 'gc': 0.00508, 'Gn': 1.0, 'Gc': 0.0, 'crossingsN': '', 'crossingsC': ''}
REF: (79, 142) {'gn': 1.08167, 'gc': 0.0424, 'Gn': 1.0, 'Gc': 0.0, 'crossingsN': '', 'crossingsC': ''}
REF: (79, 143) {'gn': 1.1112, 'gc': 0.07683, 'Gn': 1.0, 'Gc': 0.0, 'crossingsN': '', 'crossingsC': ''}
REF: (79, 144) {'gn': 1.13092, 'gc': 0.047, 'Gn': 1.0, 'Gc': 0.0, 'crossingsN': '', 'crossingsC': ''}
REF: (80, 140) {'gn': 1.08896, 'gc': -0.02166, 'Gn': 1.0, 'Gc': -0.0, 'crossingsN': '', 'crossingsC': ''}
REF: (80, 141) {'gn': 1.11096, 'gc': 0.00897, 'Gn': 1.0, 'Gc': 0.0, 'crossingsN': '', 'crossingsC': ''}
REF: (80, 142) {'gn': 1.14766, 'gc': 0.04722, 'Gn': 1.0, 'Gc': 0.0, 'crossingsN': '', 'crossingsC': ''}
REF: (81, 138) {'gn': 1.01436, 'gc': -0.04166, 'Gn': 1.0, 'Gc': -0.0, 'crossingsN': '', 'crossingsC': ''}
REF: (81, 139) {'gn': 1.05947, 'gc': -0.03084, 'Gn': 1.0, 'Gc': -0.0, 'crossingsN': '', 'crossingsC': ''}
REF: (81, 141) {'gn': 1.11849, 'gc': 0.0238, 'Gn': 1.0, 'Gc': 0.0, 'crossingsN': '', 'crossingsC': ''}
REF: (81, 142) {'gn': 1.15353, 'gc': 0.05982, 'Gn': 1.0, 'Gc': 0.0, 'crossingsN': '', 'crossingsC': ''}
REF: (82, 138) {'gn': 0.96432, 'gc': -0.04065, 'Gn': 1.0, 'Gc': -0.0, 'crossingsN': '', 'crossingsC': ''}
REF: (82, 139) {'gn': 1.00552, 'gc': -0.02635, 'Gn': 1.0, 'Gc': -0.0, 'crossingsN': '', 'crossingsC': ''}
REF: (82, 140) {'gn': 1.0407, 'gc': -0.00478, 'Gn': 1.0, 'Gc': -0.0, 'crossingsN': '', 'crossingsC': ''}
REF: (82, 141) {'gn': 1.06328, 'gc': 0.02265, 'Gn': 1.0, 'Gc': 0.0, 'crossingsN': '', 'crossingsC': ''}
REF: (82, 142) {'gn': 1.08545, 'gc': 0.05659, 'Gn': 1.0, 'Gc': 0.0, 'crossingsN': '', 'crossingsC': ''}
REF: (82, 143) {'gn': 1.12074, 'gc': 0.09031, 'Gn': 1.0, 'Gc': 0.0, 'crossingsN': '', 'crossingsC': ''}
REF: (83, 141) {'gn': 0.98283, 'gc': 0.03157, 'Gn': 1.0, 'Gc': 0.0, 'crossingsN': '', 'crossingsC': ''}
REF: (83, 142) {'gn': 1.00198, 'gc': 0.06335, 'Gn': 1.0, 'Gc': 0.0, 'crossingsN': '', 'crossingsC': ''}
REF: (83, 143) {'gn': 1.02909, 'gc': 0.09691, 'Gn': 1.0, 'Gc': 0.0, 'crossingsN': '', 'crossingsC': ''}
REF: (83, 144) {'gn': 1.03436, 'gc': 0.06454, 'Gn': 1.0, 'Gc': 0.0, 'crossingsN': '', 'crossingsC': ''}
REF: (84, 142) {'gn': 0.96428, 'gc': 0.06068, 'Gn': 1.0, 'Gc': 0.0, 'crossingsN': '', 'crossingsC': ''}
REF: (84, 143) {'gn': 1.01198, 'gc': 0.09113, 'Gn': 1.0, 'Gc': 0.0, 'crossingsN': '', 'crossingsC': ''}
REF: (84, 144) {'gn': 1.03392, 'gc': 0.05935, 'Gn': 1.0, 'Gc': 0.0, 'crossingsN': '', 'crossingsC': ''}
REF: (85, 111) {'gn': 0.23975, 'gc': 0.20996, 'Gn': 0.0, 'Gc': 0.0, 'crossingsN': '', 'crossingsC': ''}
REF: (85, 112) {'gn': 0.23203, 'gc': 0.09204, 'Gn': 0.0, 'Gc': 0.0, 'crossingsN': '', 'crossingsC': ''}
REF: (85, 142) {'gn': 0.90927, 'gc': 0.06174, 'Gn': 1.0, 'Gc': 0.0, 'crossingsN': '', 'crossingsC': ''}
REF: (85, 143) {'gn': 0.96248, 'gc': 0.09099, 'Gn': 1.0, 'Gc': 0.0, 'crossingsN': '', 'crossingsC': ''}
REF: (85, 144) {'gn': 0.98356, 'gc': 0.05935, 'Gn': 1.0, 'Gc': 0.0, 'crossingsN': '', 'crossingsC': ''}
REF: (85, 145) {'gn': 1.02759, 'gc': 0.07943, 'Gn': 1.0, 'Gc': 0.0, 'crossingsN': '', 'crossingsC': ''}
REF: (86, 112) {'gn': 0.23111, 'gc': 0.1789, 'Gn': 0.0, 'Gc': 0.0, 'crossingsN': '', 'crossingsC': ''}
REF: (86, 113) {'gn': 0.25019, 'gc': 0.10102, 'Gn': 0.0, 'Gc': 0.0, 'crossingsN': '', 'crossingsC': ''}
REF: (86, 114) {'gn': 0.26575, 'gc': 0.08711, 'Gn': 0.0, 'Gc': 0.0, 'crossingsN': '', 'crossingsC': ''}
REF: (86, 143) {'gn': 0.88435, 'gc': 0.09052, 'Gn': 1.0, 'Gc': 0.0, 'crossingsN': '', 'crossingsC': ''}
REF: (86, 144) {'gn': 0.89375, 'gc': 0.05898, 'Gn': 1.0, 'Gc': 0.0, 'crossingsN': '', 'crossingsC': ''}
REF: (87, 112) {'gn': 0.23818, 'gc': 0.17605, 'Gn': 0.0, 'Gc': 0.0, 'crossingsN': '', 'crossingsC': ''}
REF: (87, 114) {'gn': 0.26809, 'gc': 0.08408, 'Gn': 0.0, 'Gc': 0.0, 'crossingsN': '', 'crossingsC': ''}
REF: (88, 113) {'gn': 0.19718, 'gc': 0.09253, 'Gn': 0.0, 'Gc': 0.0, 'crossingsN': '', 'crossingsC': ''}
REF: (88, 114) {'gn': 0.21032, 'gc': 0.0776, 'Gn': 0.0, 'Gc': 0.0, 'crossingsN': '', 'crossingsC': ''}
REF: (88, 115) {'gn': 0.24779, 'gc': 0.14476, 'Gn': 0.0, 'Gc': 0.0, 'crossingsN': '', 'crossingsC': ''}
REF: (88, 116) {'gn': 0.30875, 'gc': 0.04115, 'Gn': 0.0, 'Gc': 0.0, 'crossingsN': '', 'crossingsC': ''}
REF: (89, 114) {'gn': 0.1638, 'gc': 0.02257, 'Gn': 0.0, 'Gc': 0.0, 'crossingsN': '', 'crossingsC': ''}
REF: (89, 115) {'gn': 0.20069, 'gc': 0.09086, 'Gn': 0.0, 'Gc': 0.0, 'crossingsN': '', 'crossingsC': ''}
REF: (89, 116) {'gn': 0.25787, 'gc': -0.01028, 'Gn': 0.0, 'Gc': -0.0, 'crossingsN': '', 'crossingsC': ''}
REF: (90, 115) {'gn': 0.07107, 'gc': 0.0824, 'Gn': 0.0, 'Gc': 0.0, 'crossingsN': '', 'crossingsC': ''}
REF: (90, 116) {'gn': 0.12867, 'gc': -0.02028, 'Gn': 0.0, 'Gc': -0.0, 'crossingsN': '', 'crossingsC': ''}
REF: (90, 117) {'gn': 0.23984, 'gc': -0.00952, 'Gn': 0.0, 'Gc': -0.0, 'crossingsN': '', 'crossingsC': ''}
REF: (90, 118) {'gn': 0.33675, 'gc': 0.02595, 'Gn': 0.0, 'Gc': 0.0, 'crossingsN': '', 'crossingsC': ''}
REF: (91, 100) {'gn': 0.09363, 'gc': 0.21581, 'Gn': 0.0, 'Gc': 0.0, 'crossingsN': '', 'crossingsC': ''}
REF: (91, 103) {'gn': -0.02588, 'gc': 0.21822, 'Gn': -0.0, 'Gc': 0.0, 'crossingsN': '', 'crossingsC': ''}
REF: (91, 104) {'gn': -0.00745, 'gc': 0.18229, 'Gn': -0.0, 'Gc': 0.0, 'crossingsN': '', 'crossingsC': ''}
REF: (91, 115) {'gn': -0.02189, 'gc': 0.02453, 'Gn': -0.0, 'Gc': 0.0, 'crossingsN': '', 'crossingsC': ''}
REF: (91, 116) {'gn': 0.03182, 'gc': -0.0696, 'Gn': 0.0, 'Gc': -0.0, 'crossingsN': '', 'crossingsC': ''}
REF: (91, 117) {'gn': 0.14094, 'gc': -0.06153, 'Gn': 0.0, 'Gc': -0.0, 'crossingsN': '', 'crossingsC': ''}
REF: (91, 118) {'gn': 0.23477, 'gc': -0.02916, 'Gn': 0.0, 'Gc': -0.0, 'crossingsN': '', 'crossingsC': ''}
REF: (92, 100) {'gn': -0.05945, 'gc': 0.14537, 'Gn': -0.0, 'Gc': 0.0, 'crossingsN': '', 'crossingsC': ''}
REF: (92, 117) {'gn': 0.00186, 'gc': -0.09699, 'Gn': 0.0, 'Gc': -0.0, 'crossingsN': '', 'crossingsC': ''}
REF: (92, 118) {'gn': 0.09501, 'gc': -0.06608, 'Gn': 0.0, 'Gc': -0.0, 'crossingsN': '', 'crossingsC': ''}
REF: (92, 119) {'gn': 0.21234, 'gc': -0.04988, 'Gn': 0.0, 'Gc': -0.0, 'crossingsN': '', 'crossingsC': ''}
REF: (92, 121) {'gn': 0.23967, 'gc': -0.00457, 'Gn': 0.0, 'Gc': -0.0, 'crossingsN': '', 'crossingsC': ''}
REF: (92, 122) {'gn': 0.29742, 'gc': 0.02938, 'Gn': 0.0, 'Gc': 0.0, 'crossingsN': '', 'crossingsC': ''}
REF: (93, 97) {'gn': -0.05795, 'gc': 0.07889, 'Gn': -0.0, 'Gc': 0.0, 'crossingsN': '', 'crossingsC': ''}
REF: (93, 98) {'gn': -0.06721, 'gc': 0.11897, 'Gn': -0.0, 'Gc': 0.0, 'crossingsN': '', 'crossingsC': ''}
REF: (93, 99) {'gn': -0.12553, 'gc': 0.08284, 'Gn': -0.0, 'Gc': 0.0, 'crossingsN': '', 'crossingsC': ''}
REF: (93, 100) {'gn': -0.1379, 'gc': 0.02483, 'Gn': -0.0, 'Gc': 0.0, 'crossingsN': '', 'crossingsC': ''}
REF: (93, 121) {'gn': 0.17239, 'gc': -0.05759, 'Gn': 0.0, 'Gc': -0.0, 'crossingsN': '', 'crossingsC': ''}
REF: (93, 122) {'gn': 0.22897, 'gc': -0.02311, 'Gn': 0.0, 'Gc': -0.0, 'crossingsN': '', 'crossingsC': ''}
REF: (94, 121) {'gn': 0.19377, 'gc': -0.09752, 'Gn': 0.0, 'Gc': -0.0, 'crossingsN': '', 'crossingsC': ''}
REF: (94, 122) {'gn': 0.25282, 'gc': -0.06203, 'Gn': 0.0, 'Gc': -0.0, 'crossingsN': '', 'crossingsC': ''}
REF: (94, 123) {'gn': 0.24774, 'gc': -0.03057, 'Gn': 0.0, 'Gc': -0.0, 'crossingsN': '', 'crossingsC': ''}
REF: (94, 210) {'gn': 0.24337, 'gc': 0.95682, 'Gn': 0.0, 'Gc': 1.0, 'crossingsN': '', 'crossingsC': ''}
REF: (95, 120) {'gn': 0.26497, 'gc': -0.06184, 'Gn': 0.0, 'Gc': -0.0, 'crossingsN': '', 'crossingsC': ''}
REF: (95, 121) {'gn': 0.25585, 'gc': -0.06323, 'Gn': 0.0, 'Gc': -0.0, 'crossingsN': '', 'crossingsC': ''}
REF: (95, 122) {'gn': 0.31336, 'gc': -0.03347, 'Gn': 0.0, 'Gc': -0.0, 'crossingsN': '', 'crossingsC': ''}
REF: (95, 123) {'gn': 0.30846, 'gc': -6e-05, 'Gn': 0.0, 'Gc': -0.0, 'crossingsN': '', 'crossingsC': ''}
REF: (95, 124) {'gn': 0.29261, 'gc': -0.03255, 'Gn': 0.0, 'Gc': -0.0, 'crossingsN': '', 'crossingsC': ''}
REF: (95, 209) {'gn': 0.33617, 'gc': 0.915, 'Gn': 0.0, 'Gc': 1.0, 'crossingsN': '', 'crossingsC': ''}
REF: (95, 210) {'gn': 0.32236, 'gc': 0.95467, 'Gn': 0.0, 'Gc': 1.0, 'crossingsN': '', 'crossingsC': ''}
REF: (95, 211) {'gn': 0.3068, 'gc': 0.97447, 'Gn': 0.0, 'Gc': 1.0, 'crossingsN': '', 'crossingsC': ''}
REF: (96, 120) {'gn': 0.38706, 'gc': -0.05386, 'Gn': 0.0, 'Gc': -0.0, 'crossingsN': '', 'crossingsC': ''}
REF: (96, 121) {'gn': 0.38356, 'gc': -0.05763, 'Gn': 0.0, 'Gc': -0.0, 'crossingsN': '', 'crossingsC': ''}
REF: (96, 209) {'gn': 0.55074, 'gc': 0.91964, 'Gn': 0.0, 'Gc': 1.0, 'crossingsN': '', 'crossingsC': ''}
REF: (96, 210) {'gn': 0.53673, 'gc': 0.96117, 'Gn': 0.0, 'Gc': 1.0, 'crossingsN': '', 'crossingsC': ''}
REF: (97, 101) {'gn': -0.09447, 'gc': -0.04977, 'Gn': -0.0, 'Gc': -0.0, 'crossingsN': '', 'crossingsC': ''}
REF: (97, 120) {'gn': 0.45029, 'gc': -0.00288, 'Gn': 0.0, 'Gc': -0.0, 'crossingsN': '', 'crossingsC': ''}
REF: (97, 121) {'gn': 0.44921, 'gc': -0.00174, 'Gn': 0.0, 'Gc': -0.0, 'crossingsN': '', 'crossingsC': ''}
REF: (97, 207) {'gn': 0.63876, 'gc': 0.92935, 'Gn': 1.0, 'Gc': 1.0, 'crossingsN': '', 'crossingsC': ''}
REF: (97, 209) {'gn': 0.67, 'gc': 0.90305, 'Gn': 1.0, 'Gc': 1.0, 'crossingsN': '', 'crossingsC': ''}
REF: (97, 210) {'gn': 0.65545, 'gc': 0.94591, 'Gn': 1.0, 'Gc': 1.0, 'crossingsN': '', 'crossingsC': ''}
REF: (97, 211) {'gn': 0.63507, 'gc': 0.96824, 'Gn': 1.0, 'Gc': 1.0, 'crossingsN': '', 'crossingsC': ''}
REF: (97, 245) {'gn': 0.59654, 'gc': 1.00287, 'Gn': 0.0, 'Gc': 1.0, 'crossingsN': '', 'crossingsC': ''}
REF: (98, 241) {'gn': 0.66537, 'gc': 0.97161, 'Gn': 1.0, 'Gc': 1.0, 'crossingsN': '', 'crossingsC': ''}
REF: (98, 242) {'gn': 0.71047, 'gc': 0.98867, 'Gn': 1.0, 'Gc': 1.0, 'crossingsN': '', 'crossingsC': ''}
REF: (98, 245) {'gn': 0.7285, 'gc': 1.00784, 'Gn': 1.0, 'Gc': 1.0, 'crossingsN': '', 'crossingsC': ''}
REF: (99, 103) {'gn': -0.16331, 'gc': -0.05242, 'Gn': -0.0, 'Gc': -0.0, 'crossingsN': '', 'crossingsC': ''}
REF: (99, 241) {'gn': 0.82108, 'gc': 0.95644, 'Gn': 1.0, 'Gc': 1.0, 'crossingsN': '', 'crossingsC': ''}
REF: (99, 242) {'gn': 0.87188, 'gc': 0.96533, 'Gn': 1.0, 'Gc': 1.0, 'crossingsN': '', 'crossingsC': ''}
REF: (99, 244) {'gn': 0.8502, 'gc': 1.08185, 'Gn': 1.0, 'Gc': 1.0, 'crossingsN': '', 'crossingsC': ''}
REF: (100, 104) {'gn': -0.0993, 'gc': -0.03056, 'Gn': -0.0, 'Gc': -0.0, 'crossingsN': '', 'crossingsC': ''}
REF: (100, 117) {'gn': 0.20577, 'gc': -0.10604, 'Gn': 0.0, 'Gc': -0.0, 'crossingsN': '', 'crossingsC': ''}
REF: (101, 105) {'gn': -0.09011, 'gc': 0.0068, 'Gn': -0.0, 'Gc': 0.0, 'crossingsN': '', 'crossingsC': ''}
REF: (101, 117) {'gn': 0.20872, 'gc': -0.04354, 'Gn': 0.0, 'Gc': -0.0, 'crossingsN': '', 'crossingsC': ''}
REF: (101, 242) {'gn': 0.90519, 'gc': 0.94877, 'Gn': 1.0, 'Gc': 1.0, 'crossingsN': '', 'crossingsC': ''}
REF: (101, 244) {'gn': 0.89255, 'gc': 1.06486, 'Gn': 1.0, 'Gc': 1.0, 'crossingsN': '', 'crossingsC': ''}
REF: (101, 245) {'gn': 0.94173, 'gc': 0.96725, 'Gn': 1.0, 'Gc': 1.0, 'crossingsN': '', 'crossingsC': ''}
REF: (101, 248) {'gn': 0.94468, 'gc': 1.00172, 'Gn': 1.0, 'Gc': 1.0, 'crossingsN': '', 'crossingsC': ''}
REF: (102, 106) {'gn': -0.08764, 'gc': 0.04973, 'Gn': -0.0, 'Gc': 0.0, 'crossingsN': '', 'crossingsC': ''}
REF: (102, 241) {'gn': 0.8965, 'gc': 0.94442, 'Gn': 1.0, 'Gc': 1.0, 'crossingsN': '', 'crossingsC': ''}
REF: (102, 242) {'gn': 0.94207, 'gc': 0.94159, 'Gn': 1.0, 'Gc': 1.0, 'crossingsN': '', 'crossingsC': ''}
REF: (102, 243) {'gn': 0.94133, 'gc': 1.01978, 'Gn': 1.0, 'Gc': 1.0, 'crossingsN': '', 'crossingsC': ''}
REF: (102, 244) {'gn': 0.92813, 'gc': 1.06032, 'Gn': 1.0, 'Gc': 1.0, 'crossingsN': '', 'crossingsC': ''}
REF: (102, 245) {'gn': 0.97305, 'gc': 0.95641, 'Gn': 1.0, 'Gc': 1.0, 'crossingsN': '', 'crossingsC': ''}
REF: (103, 107) {'gn': -0.02351, 'gc': -0.027, 'Gn': -0.0, 'Gc': -0.0, 'crossingsN': '', 'crossingsC': ''}
REF: (104, 108) {'gn': -0.00775, 'gc': 0.00088, 'Gn': -0.0, 'Gc': 0.0, 'crossingsN': '', 'crossingsC': ''}
REF: (104, 115) {'gn': 0.05075, 'gc': -0.09016, 'Gn': 0.0, 'Gc': -0.0, 'crossingsN': '', 'crossingsC': ''}
REF: (104, 116) {'gn': 0.18629, 'gc': -0.08954, 'Gn': 0.0, 'Gc': -0.0, 'crossingsN': '', 'crossingsC': ''}
REF: (104, 117) {'gn': 0.3128, 'gc': -0.06023, 'Gn': 0.0, 'Gc': -0.0, 'crossingsN': '', 'crossingsC': ''}
REF: (105, 109) {'gn': -0.00817, 'gc': 0.0683, 'Gn': -0.0, 'Gc': 0.0, 'crossingsN': '', 'crossingsC': ''}
REF: (105, 244) {'gn': 0.86845, 'gc': 1.01718, 'Gn': 1.0, 'Gc': 1.0, 'crossingsN': '', 'crossingsC': ''}
REF: (106, 110) {'gn': 0.03134, 'gc': 0.01133, 'Gn': 0.0, 'Gc': 0.0, 'crossingsN': '', 'crossingsC': ''}
REF: (107, 111) {'gn': 0.09634, 'gc': -0.09348, 'Gn': 0.0, 'Gc': -0.0, 'crossingsN': '', 'crossingsC': ''}
REF: (107, 112) {'gn': 0.06114, 'gc': -0.11498, 'Gn': 0.0, 'Gc': -0.0, 'crossingsN': '', 'crossingsC': ''}
REF: (107, 115) {'gn': 0.17337, 'gc': -0.14364, 'Gn': 0.0, 'Gc': -0.0, 'crossingsN': '', 'crossingsC': ''}
REF: (108, 112) {'gn': -0.04155, 'gc': -0.05048, 'Gn': -0.0, 'Gc': -0.0, 'crossingsN': '', 'crossingsC': ''}
REF: (108, 113) {'gn': 0.04055, 'gc': -0.11102, 'Gn': 0.0, 'Gc': -0.0, 'crossingsN': '', 'crossingsC': ''}
REF: (108, 114) {'gn': 0.05649, 'gc': -0.11205, 'Gn': 0.0, 'Gc': -0.0, 'crossingsN': '', 'crossingsC': ''}
REF: (108, 115) {'gn': 0.05933, 'gc': -0.07543, 'Gn': 0.0, 'Gc': -0.0, 'crossingsN': '', 'crossingsC': ''}
REF: (108, 149) {'gn': 0.88477, 'gc': 0.08715, 'Gn': 1.0, 'Gc': 0.0, 'crossingsN': '', 'crossingsC': ''}
REF: (109, 148) {'gn': 0.83542, 'gc': 0.08433, 'Gn': 1.0, 'Gc': 0.0, 'crossingsN': '', 'crossingsC': ''}
REF: (109, 149) {'gn': 0.85633, 'gc': 0.07334, 'Gn': 1.0, 'Gc': 0.0, 'crossingsN': '', 'crossingsC': ''}
REF: (109, 150) {'gn': 0.8786, 'gc': 0.11069, 'Gn': 1.0, 'Gc': 0.0, 'crossingsN': '', 'crossingsC': ''}
REF: (109, 152) {'gn': 0.8725, 'gc': 0.02788, 'Gn': 1.0, 'Gc': 0.0, 'crossingsN': '', 'crossingsC': ''}
REF: (110, 146) {'gn': 0.93035, 'gc': 0.07201, 'Gn': 1.0, 'Gc': 0.0, 'crossingsN': '', 'crossingsC': ''}
REF: (110, 147) {'gn': 0.93919, 'gc': 0.06949, 'Gn': 1.0, 'Gc': 0.0, 'crossingsN': '', 'crossingsC': ''}
REF: (110, 148) {'gn': 0.94621, 'gc': 0.0583, 'Gn': 1.0, 'Gc': 0.0, 'crossingsN': '', 'crossingsC': ''}
REF: (110, 149) {'gn': 0.97118, 'gc': 0.04825, 'Gn': 1.0, 'Gc': 0.0, 'crossingsN': '', 'crossingsC': ''}
REF: (111, 146) {'gn': 0.86502, 'gc': 0.06091, 'Gn': 1.0, 'Gc': 0.0, 'crossingsN': '', 'crossingsC': ''}
REF: (111, 147) {'gn': 0.87552, 'gc': 0.06095, 'Gn': 1.0, 'Gc': 0.0, 'crossingsN': '', 'crossingsC': ''}
REF: (111, 148) {'gn': 0.8883, 'gc': 0.05114, 'Gn': 1.0, 'Gc': 0.0, 'crossingsN': '', 'crossingsC': ''}
REF: (111, 149) {'gn': 0.91612, 'gc': 0.04299, 'Gn': 1.0, 'Gc': 0.0, 'crossingsN': '', 'crossingsC': ''}
REF: (117, 121) {'gn': 0.33147, 'gc': 0.0885, 'Gn': 0.0, 'Gc': 0.0, 'crossingsN': '', 'crossingsC': ''}
REF: (119, 124) {'gn': 0.14178, 'gc': 0.06964, 'Gn': 0.0, 'Gc': 0.0, 'crossingsN': '', 'crossingsC': ''}
REF: (119, 210) {'gn': 0.00653, 'gc': 0.90239, 'Gn': 0.0, 'Gc': 1.0, 'crossingsN': '', 'crossingsC': ''}
REF: (119, 211) {'gn': 0.00253, 'gc': 0.91924, 'Gn': 0.0, 'Gc': 1.0, 'crossingsN': '', 'crossingsC': ''}
REF: (120, 124) {'gn': 0.09429, 'gc': 0.0193, 'Gn': 0.0, 'Gc': 0.0, 'crossingsN': '', 'crossingsC': ''}
REF: (120, 125) {'gn': 0.10326, 'gc': -0.00836, 'Gn': 0.0, 'Gc': -0.0, 'crossingsN': '', 'crossingsC': ''}
REF: (120, 209) {'gn': 0.08904, 'gc': 0.86746, 'Gn': 0.0, 'Gc': 1.0, 'crossingsN': '', 'crossingsC': ''}
REF: (120, 210) {'gn': 0.02062, 'gc': 0.91519, 'Gn': 0.0, 'Gc': 1.0, 'crossingsN': '', 'crossingsC': ''}
REF: (120, 211) {'gn': 0.01579, 'gc': 0.93104, 'Gn': 0.0, 'Gc': 1.0, 'crossingsN': '', 'crossingsC': ''}
REF: (121, 125) {'gn': 0.1423, 'gc': 0.00424, 'Gn': 0.0, 'Gc': 0.0, 'crossingsN': '', 'crossingsC': ''}
REF: (121, 210) {'gn': 0.05744, 'gc': 0.91585, 'Gn': 0.0, 'Gc': 1.0, 'crossingsN': '', 'crossingsC': ''}
REF: (121, 211) {'gn': 0.05498, 'gc': 0.93337, 'Gn': 0.0, 'Gc': 1.0, 'crossingsN': '', 'crossingsC': ''}
REF: (122, 126) {'gn': 0.01761, 'gc': -0.00329, 'Gn': 0.0, 'Gc': -0.0, 'crossingsN': '', 'crossingsC': ''}
REF: (123, 127) {'gn': 0.00132, 'gc': -0.01244, 'Gn': 0.0, 'Gc': -0.0, 'crossingsN': '', 'crossingsC': ''}
REF: (123, 210) {'gn': -0.06984, 'gc': 0.92767, 'Gn': -0.0, 'Gc': 1.0, 'crossingsN': '', 'crossingsC': ''}
REF: (124, 128) {'gn': 0.01737, 'gc': -0.02039, 'Gn': 0.0, 'Gc': -0.0, 'crossingsN': '', 'crossingsC': ''}
REF: (124, 210) {'gn': -0.05554, 'gc': 0.92012, 'Gn': -0.0, 'Gc': 1.0, 'crossingsN': '', 'crossingsC': ''}
REF: (125, 129) {'gn': 0.02129, 'gc': -0.01038, 'Gn': 0.0, 'Gc': -0.0, 'crossingsN': '', 'crossingsC': ''}
REF: (125, 130) {'gn': 0.0143, 'gc': -0.0116, 'Gn': 0.0, 'Gc': -0.0, 'crossingsN': '', 'crossingsC': ''}
REF: (126, 130) {'gn': -0.00543, 'gc': -0.01457, 'Gn': -0.0, 'Gc': -0.0, 'crossingsN': '', 'crossingsC': ''}
REF: (126, 131) {'gn': 0.00147, 'gc': -0.00769, 'Gn': 0.0, 'Gc': -0.0, 'crossingsN': '', 'crossingsC': ''}
REF: (126, 132) {'gn': -0.00699, 'gc': 0.00226, 'Gn': -0.0, 'Gc': 0.0, 'crossingsN': '', 'crossingsC': ''}
REF: (150, 154) {'gn': 0.05175, 'gc': 0.1856, 'Gn': 0.0, 'Gc': 0.0, 'crossingsN': '', 'crossingsC': ''}
REF: (151, 257) {'gn': 0.04092, 'gc': 0.05575, 'Gn': 0.0, 'Gc': 0.0, 'crossingsN': '', 'crossingsC': ''}
REF: (151, 259) {'gn': 0.05232, 'gc': 0.01771, 'Gn': 0.0, 'Gc': 0.0, 'crossingsN': '', 'crossingsC': ''}
REF: (152, 257) {'gn': 0.05173, 'gc': 0.06572, 'Gn': 0.0, 'Gc': 0.0, 'crossingsN': '', 'crossingsC': ''}
REF: (152, 258) {'gn': 0.05723, 'gc': 0.03428, 'Gn': 0.0, 'Gc': 0.0, 'crossingsN': '', 'crossingsC': ''}
REF: (152, 259) {'gn': 0.06384, 'gc': 0.02351, 'Gn': 0.0, 'Gc': 0.0, 'crossingsN': '', 'crossingsC': ''}
REF: (152, 260) {'gn': 0.07482, 'gc': 0.00179, 'Gn': 0.0, 'Gc': 0.0, 'crossingsN': '', 'crossingsC': ''}
REF: (153, 259) {'gn': 0.00793, 'gc': 0.02289, 'Gn': 0.0, 'Gc': 0.0, 'crossingsN': '', 'crossingsC': ''}
REF: (153, 260) {'gn': 0.02032, 'gc': 0.00281, 'Gn': 0.0, 'Gc': 0.0, 'crossingsN': '', 'crossingsC': ''}
REF: (153, 261) {'gn': 0.06268, 'gc': -0.00843, 'Gn': 0.0, 'Gc': -0.0, 'crossingsN': '', 'crossingsC': ''}
REF: (153, 262) {'gn': 0.07642, 'gc': 0.02772, 'Gn': 0.0, 'Gc': 0.0, 'crossingsN': '', 'crossingsC': ''}
REF: (154, 158) {'gn': 0.0305, 'gc': 0.13482, 'Gn': 0.0, 'Gc': 0.0, 'crossingsN': '', 'crossingsC': ''}
REF: (154, 159) {'gn': 0.03072, 'gc': 0.2563, 'Gn': 0.0, 'Gc': 0.0, 'crossingsN': '', 'crossingsC': ''}
REF: (154, 234) {'gn': 0.02483, 'gc': 0.1634, 'Gn': 0.0, 'Gc': 0.0, 'crossingsN': '', 'crossingsC': ''}
REF: (154, 259) {'gn': -0.04064, 'gc': 0.013, 'Gn': -0.0, 'Gc': 0.0, 'crossingsN': '', 'crossingsC': ''}
REF: (154, 260) {'gn': -0.02872, 'gc': 0.00049, 'Gn': -0.0, 'Gc': 0.0, 'crossingsN': '', 'crossingsC': ''}
REF: (154, 261) {'gn': 0.01768, 'gc': -0.00364, 'Gn': 0.0, 'Gc': -0.0, 'crossingsN': '', 'crossingsC': ''}
REF: (154, 262) {'gn': 0.03039, 'gc': 0.02725, 'Gn': 0.0, 'Gc': 0.0, 'crossingsN': '', 'crossingsC': ''}
REF: (155, 159) {'gn': 0.00103, 'gc': 0.19564, 'Gn': 0.0, 'Gc': 0.0, 'crossingsN': '', 'crossingsC': ''}
REF: (155, 261) {'gn': 0.01301, 'gc': 0.00097, 'Gn': 0.0, 'Gc': 0.0, 'crossingsN': '', 'crossingsC': ''}
REF: (155, 264) {'gn': 0.0966, 'gc': -0.00985, 'Gn': 0.0, 'Gc': -0.0, 'crossingsN': '', 'crossingsC': ''}
REF: (155, 267) {'gn': 0.11202, 'gc': 0.00573, 'Gn': 0.0, 'Gc': 0.0, 'crossingsN': '', 'crossingsC': ''}
REF: (156, 160) {'gn': 0.00083, 'gc': 0.08385, 'Gn': 0.0, 'Gc': 0.0, 'crossingsN': '', 'crossingsC': ''}
REF: (156, 261) {'gn': -0.01824, 'gc': 0.00082, 'Gn': -0.0, 'Gc': 0.0, 'crossingsN': '', 'crossingsC': ''}
REF: (156, 263) {'gn': 0.04766, 'gc': 0.00351, 'Gn': 0.0, 'Gc': 0.0, 'crossingsN': '', 'crossingsC': ''}
REF: (156, 264) {'gn': 0.06942, 'gc': -0.00765, 'Gn': 0.0, 'Gc': -0.0, 'crossingsN': '', 'crossingsC': ''}
REF: (156, 265) {'gn': 0.10088, 'gc': -0.00212, 'Gn': 0.0, 'Gc': -0.0, 'crossingsN': '', 'crossingsC': ''}
REF: (157, 161) {'gn': 0.00153, 'gc': 0.06883, 'Gn': 0.0, 'Gc': 0.0, 'crossingsN': '', 'crossingsC': ''}
REF: (158, 162) {'gn': 0.01113, 'gc': 0.12679, 'Gn': 0.0, 'Gc': 0.0, 'crossingsN': '', 'crossingsC': ''}
REF: (159, 163) {'gn': 0.01894, 'gc': 0.0972, 'Gn': 0.0, 'Gc': 0.0, 'crossingsN': '', 'crossingsC': ''}
REF: (159, 234) {'gn': 0.0424, 'gc': 0.04744, 'Gn': 0.0, 'Gc': 0.0, 'crossingsN': '', 'crossingsC': ''}
REF: (159, 261) {'gn': 0.14479, 'gc': 0.00807, 'Gn': 0.0, 'Gc': 0.0, 'crossingsN': '', 'crossingsC': ''}
REF: (160, 164) {'gn': 0.00874, 'gc': 0.00408, 'Gn': 0.0, 'Gc': 0.0, 'crossingsN': '', 'crossingsC': ''}
REF: (161, 165) {'gn': 0.02265, 'gc': 0.01669, 'Gn': 0.0, 'Gc': 0.0, 'crossingsN': '', 'crossingsC': ''}
REF: (161, 166) {'gn': 0.02927, 'gc': 0.04905, 'Gn': 0.0, 'Gc': 0.0, 'crossingsN': '', 'crossingsC': ''}
REF: (161, 167) {'gn': 0.01305, 'gc': 0.02222, 'Gn': 0.0, 'Gc': 0.0, 'crossingsN': '', 'crossingsC': ''}
REF: (162, 166) {'gn': 0.02312, 'gc': 0.01122, 'Gn': 0.0, 'Gc': 0.0, 'crossingsN': '', 'crossingsC': ''}
REF: (162, 167) {'gn': 0.00197, 'gc': -0.01692, 'Gn': 0.0, 'Gc': -0.0, 'crossingsN': '', 'crossingsC': ''}
REF: (162, 168) {'gn': 0.0071, 'gc': 0.05683, 'Gn': 0.0, 'Gc': 0.0, 'crossingsN': '', 'crossingsC': ''}
REF: (162, 169) {'gn': 0.03258, 'gc': 0.20267, 'Gn': 0.0, 'Gc': 0.0, 'crossingsN': '', 'crossingsC': ''}
REF: (162, 170) {'gn': 0.05476, 'gc': 0.29643, 'Gn': 0.0, 'Gc': 0.0, 'crossingsN': '', 'crossingsC': ''}
REF: (163, 167) {'gn': -0.01836, 'gc': -0.07055, 'Gn': -0.0, 'Gc': -0.0, 'crossingsN': '', 'crossingsC': ''}
REF: (163, 168) {'gn': -0.01773, 'gc': 0.00436, 'Gn': -0.0, 'Gc': 0.0, 'crossingsN': '', 'crossingsC': ''}
REF: (163, 169) {'gn': 0.00535, 'gc': 0.14871, 'Gn': 0.0, 'Gc': 0.0, 'crossingsN': '', 'crossingsC': ''}
REF: (163, 170) {'gn': 0.02435, 'gc': 0.24113, 'Gn': 0.0, 'Gc': 0.0, 'crossingsN': '', 'crossingsC': ''}
REF: (163, 195) {'gn': 0.0978, 'gc': 0.22276, 'Gn': 0.0, 'Gc': 0.0, 'crossingsN': '', 'crossingsC': ''}
REF: (163, 196) {'gn': 0.09731, 'gc': 0.15784, 'Gn': 0.0, 'Gc': 0.0, 'crossingsN': '', 'crossingsC': ''}
REF: (163, 197) {'gn': 0.08239, 'gc': 0.09927, 'Gn': 0.0, 'Gc': 0.0, 'crossingsN': '', 'crossingsC': ''}
REF: (163, 198) {'gn': 0.07886, 'gc': 0.16016, 'Gn': 0.0, 'Gc': 0.0, 'crossingsN': '', 'crossingsC': ''}
REF: (166, 197) {'gn': 0.11146, 'gc': 0.11268, 'Gn': 0.0, 'Gc': 0.0, 'crossingsN': '', 'crossingsC': ''}
REF: (167, 231) {'gn': 0.06301, 'gc': -0.05821, 'Gn': 0.0, 'Gc': -0.0, 'crossingsN': '', 'crossingsC': ''}
REF: (167, 232) {'gn': 0.05849, 'gc': -0.11951, 'Gn': 0.0, 'Gc': -0.0, 'crossingsN': '', 'crossingsC': ''}
REF: (168, 231) {'gn': 0.07377, 'gc': -0.07594, 'Gn': 0.0, 'Gc': -0.0, 'crossingsN': '', 'crossingsC': ''}
REF: (168, 232) {'gn': 0.07672, 'gc': -0.13645, 'Gn': 0.0, 'Gc': -0.0, 'crossingsN': '', 'crossingsC': ''}
REF: (168, 233) {'gn': 0.12081, 'gc': -0.03059, 'Gn': 0.0, 'Gc': -0.0, 'crossingsN': '', 'crossingsC': ''}
REF: (168, 234) {'gn': 0.16008, 'gc': 0.03563, 'Gn': 0.0, 'Gc': 0.0, 'crossingsN': '', 'crossingsC': ''}
REF: (169, 198) {'gn': 0.11029, 'gc': 0.00816, 'Gn': 0.0, 'Gc': 0.0, 'crossingsN': '', 'crossingsC': ''}
REF: (169, 199) {'gn': 0.09429, 'gc': 0.07495, 'Gn': 0.0, 'Gc': 0.0, 'crossingsN': '', 'crossingsC': ''}
REF: (169, 227) {'gn': 0.05787, 'gc': 0.15563, 'Gn': 0.0, 'Gc': 0.0, 'crossingsN': '', 'crossingsC': ''}
REF: (169, 231) {'gn': -0.00838, 'gc': -0.10295, 'Gn': -0.0, 'Gc': -0.0, 'crossingsN': '', 'crossingsC': ''}
REF: (169, 232) {'gn': -0.01005, 'gc': -0.16089, 'Gn': -0.0, 'Gc': -0.0, 'crossingsN': '', 'crossingsC': ''}
REF: (169, 233) {'gn': 0.03412, 'gc': -0.05654, 'Gn': 0.0, 'Gc': -0.0, 'crossingsN': '', 'crossingsC': ''}
REF: (169, 234) {'gn': 0.0702, 'gc': 0.00911, 'Gn': 0.0, 'Gc': 0.0, 'crossingsN': '', 'crossingsC': ''}
REF: (170, 195) {'gn': 0.1136, 'gc': 0.03753, 'Gn': 0.0, 'Gc': 0.0, 'crossingsN': '', 'crossingsC': ''}
REF: (170, 197) {'gn': 0.07124, 'gc': -0.08524, 'Gn': 0.0, 'Gc': -0.0, 'crossingsN': '', 'crossingsC': ''}
REF: (170, 198) {'gn': 0.06143, 'gc': -0.02392, 'Gn': 0.0, 'Gc': -0.0, 'crossingsN': '', 'crossingsC': ''}
REF: (170, 199) {'gn': 0.04579, 'gc': 0.04192, 'Gn': 0.0, 'Gc': 0.0, 'crossingsN': '', 'crossingsC': ''}
REF: (170, 233) {'gn': -0.02452, 'gc': -0.08618, 'Gn': -0.0, 'Gc': -0.0, 'crossingsN': '', 'crossingsC': ''}
REF: (170, 234) {'gn': 0.00981, 'gc': -0.01926, 'Gn': 0.0, 'Gc': -0.0, 'crossingsN': '', 'crossingsC': ''}
REF: (170, 235) {'gn': 0.06743, 'gc': 0.12553, 'Gn': 0.0, 'Gc': 0.0, 'crossingsN': '', 'crossingsC': ''}
REF: (170, 236) {'gn': 0.14055, 'gc': 0.17313, 'Gn': 0.0, 'Gc': 0.0, 'crossingsN': '', 'crossingsC': ''}
REF: (171, 198) {'gn': 0.05105, 'gc': -0.17674, 'Gn': 0.0, 'Gc': -0.0, 'crossingsN': '', 'crossingsC': ''}
REF: (171, 199) {'gn': 0.03666, 'gc': -0.11117, 'Gn': 0.0, 'Gc': -0.0, 'crossingsN': '', 'crossingsC': ''}
REF: (171, 200) {'gn': 0.05264, 'gc': -0.07409, 'Gn': 0.0, 'Gc': -0.0, 'crossingsN': '', 'crossingsC': ''}
REF: (171, 201) {'gn': 0.03361, 'gc': -0.00925, 'Gn': 0.0, 'Gc': -0.0, 'crossingsN': '', 'crossingsC': ''}
REF: (171, 233) {'gn': -0.02276, 'gc': -0.11444, 'Gn': -0.0, 'Gc': -0.0, 'crossingsN': '', 'crossingsC': ''}
REF: (171, 234) {'gn': 0.01574, 'gc': -0.05046, 'Gn': 0.0, 'Gc': -0.0, 'crossingsN': '', 'crossingsC': ''}
REF: (171, 235) {'gn': 0.07628, 'gc': 0.09039, 'Gn': 0.0, 'Gc': 0.0, 'crossingsN': '', 'crossingsC': ''}
REF: (171, 236) {'gn': 0.15184, 'gc': 0.13686, 'Gn': 0.0, 'Gc': 0.0, 'crossingsN': '', 'crossingsC': ''}
REF: (172, 179) {'gn': 0.06328, 'gc': 0.16598, 'Gn': 0.0, 'Gc': 0.0, 'crossingsN': '', 'crossingsC': ''}
REF: (172, 194) {'gn': 0.0617, 'gc': -0.02673, 'Gn': 0.0, 'Gc': -0.0, 'crossingsN': '', 'crossingsC': ''}
REF: (172, 198) {'gn': 0.00736, 'gc': -0.18265, 'Gn': 0.0, 'Gc': -0.0, 'crossingsN': '', 'crossingsC': ''}
REF: (172, 199) {'gn': -0.00091, 'gc': -0.12102, 'Gn': -0.0, 'Gc': -0.0, 'crossingsN': '', 'crossingsC': ''}
REF: (172, 200) {'gn': 0.0142, 'gc': -0.07877, 'Gn': 0.0, 'Gc': -0.0, 'crossingsN': '', 'crossingsC': ''}
REF: (172, 201) {'gn': -0.00369, 'gc': -0.01178, 'Gn': -0.0, 'Gc': -0.0, 'crossingsN': '', 'crossingsC': ''}
REF: (172, 202) {'gn': 0.01613, 'gc': -0.02415, 'Gn': 0.0, 'Gc': -0.0, 'crossingsN': '', 'crossingsC': ''}
REF: (172, 235) {'gn': 0.02143, 'gc': 0.07606, 'Gn': 0.0, 'Gc': 0.0, 'crossingsN': '', 'crossingsC': ''}
REF: (172, 236) {'gn': 0.09299, 'gc': 0.11605, 'Gn': 0.0, 'Gc': 0.0, 'crossingsN': '', 'crossingsC': ''}
REF: (172, 237) {'gn': 0.12324, 'gc': 0.21577, 'Gn': 0.0, 'Gc': 0.0, 'crossingsN': '', 'crossingsC': ''}
REF: (172, 238) {'gn': 0.16568, 'gc': 0.17594, 'Gn': 0.0, 'Gc': 0.0, 'crossingsN': '', 'crossingsC': ''}
REF: (172, 243) {'gn': 0.05206, 'gc': 0.34142, 'Gn': 0.0, 'Gc': 0.0, 'crossingsN': '', 'crossingsC': ''}
REF: (173, 200) {'gn': 0.03385, 'gc': -0.17264, 'Gn': 0.0, 'Gc': -0.0, 'crossingsN': '', 'crossingsC': ''}
REF: (173, 201) {'gn': 0.01779, 'gc': -0.10591, 'Gn': 0.0, 'Gc': -0.0, 'crossingsN': '', 'crossingsC': ''}
REF: (173, 202) {'gn': 0.03702, 'gc': -0.11873, 'Gn': 0.0, 'Gc': -0.0, 'crossingsN': '', 'crossingsC': ''}
REF: (173, 203) {'gn': 0.01142, 'gc': -0.05232, 'Gn': 0.0, 'Gc': -0.0, 'crossingsN': '', 'crossingsC': ''}
REF: (173, 235) {'gn': 0.08531, 'gc': 0.0664, 'Gn': 0.0, 'Gc': 0.0, 'crossingsN': '', 'crossingsC': ''}
REF: (173, 236) {'gn': 0.15685, 'gc': 0.10441, 'Gn': 0.0, 'Gc': 0.0, 'crossingsN': '', 'crossingsC': ''}
REF: (173, 237) {'gn': 0.1874, 'gc': 0.19411, 'Gn': 0.0, 'Gc': 0.0, 'crossingsN': '', 'crossingsC': ''}
REF: (173, 238) {'gn': 0.23062, 'gc': 0.14769, 'Gn': 0.0, 'Gc': 0.0, 'crossingsN': '', 'crossingsC': ''}
REF: (173, 239) {'gn': 0.22594, 'gc': 0.23246, 'Gn': 0.0, 'Gc': 0.0, 'crossingsN': '', 'crossingsC': ''}
REF: (173, 242) {'gn': 0.14634, 'gc': 0.23556, 'Gn': 0.0, 'Gc': 0.0, 'crossingsN': '', 'crossingsC': ''}
REF: (173, 243) {'gn': 0.11671, 'gc': 0.29898, 'Gn': 0.0, 'Gc': 0.0, 'crossingsN': '', 'crossingsC': ''}
REF: (173, 245) {'gn': 0.04945, 'gc': 0.22968, 'Gn': 0.0, 'Gc': 0.0, 'crossingsN': '', 'crossingsC': ''}
REF: (173, 246) {'gn': 0.06674, 'gc': 0.18614, 'Gn': 0.0, 'Gc': 0.0, 'crossingsN': '', 'crossingsC': ''}
REF: (174, 178) {'gn': 0.04079, 'gc': 0.02057, 'Gn': 0.0, 'Gc': 0.0, 'crossingsN': '', 'crossingsC': ''}
REF: (174, 179) {'gn': 0.02784, 'gc': 0.02257, 'Gn': 0.0, 'Gc': 0.0, 'crossingsN': '', 'crossingsC': ''}
REF: (174, 200) {'gn': 0.00323, 'gc': -0.08916, 'Gn': 0.0, 'Gc': -0.0, 'crossingsN': '', 'crossingsC': ''}
REF: (174, 201) {'gn': -0.01456, 'gc': -0.01744, 'Gn': -0.0, 'Gc': -0.0, 'crossingsN': '', 'crossingsC': ''}
REF: (174, 202) {'gn': 0.00506, 'gc': -0.03094, 'Gn': 0.0, 'Gc': -0.0, 'crossingsN': '', 'crossingsC': ''}
REF: (174, 203) {'gn': -0.02139, 'gc': 0.03851, 'Gn': -0.0, 'Gc': 0.0, 'crossingsN': '', 'crossingsC': ''}
REF: (174, 237) {'gn': 0.26691, 'gc': 0.21399, 'Gn': 0.0, 'Gc': 0.0, 'crossingsN': '', 'crossingsC': ''}
REF: (174, 238) {'gn': 0.31269, 'gc': 0.16259, 'Gn': 0.0, 'Gc': 0.0, 'crossingsN': '', 'crossingsC': ''}
REF: (174, 239) {'gn': 0.3065, 'gc': 0.23818, 'Gn': 0.0, 'Gc': 0.0, 'crossingsN': '', 'crossingsC': ''}
REF: (174, 242) {'gn': 0.22255, 'gc': 0.23946, 'Gn': 0.0, 'Gc': 0.0, 'crossingsN': '', 'crossingsC': ''}
REF: (174, 243) {'gn': 0.19281, 'gc': 0.29985, 'Gn': 0.0, 'Gc': 0.0, 'crossingsN': '', 'crossingsC': ''}
REF: (175, 179) {'gn': 0.0063, 'gc': -0.02302, 'Gn': 0.0, 'Gc': -0.0, 'crossingsN': '', 'crossingsC': ''}
REF: (175, 200) {'gn': 0.03528, 'gc': -0.03463, 'Gn': 0.0, 'Gc': -0.0, 'crossingsN': '', 'crossingsC': ''}
REF: (175, 201) {'gn': 0.02675, 'gc': 0.04421, 'Gn': 0.0, 'Gc': 0.0, 'crossingsN': '', 'crossingsC': ''}
REF: (175, 202) {'gn': 0.04743, 'gc': 0.03166, 'Gn': 0.0, 'Gc': 0.0, 'crossingsN': '', 'crossingsC': ''}
REF: (175, 203) {'gn': 0.02556, 'gc': 0.10473, 'Gn': 0.0, 'Gc': 0.0, 'crossingsN': '', 'crossingsC': ''}
REF: (175, 204) {'gn': 0.05304, 'gc': 0.02043, 'Gn': 0.0, 'Gc': 0.0, 'crossingsN': '', 'crossingsC': ''}
REF: (176, 180) {'gn': 0.0179, 'gc': -0.02033, 'Gn': 0.0, 'Gc': -0.0, 'crossingsN': '', 'crossingsC': ''}
REF: (176, 200) {'gn': 0.07411, 'gc': 0.01136, 'Gn': 0.0, 'Gc': 0.0, 'crossingsN': '', 'crossingsC': ''}
REF: (176, 201) {'gn': 0.07124, 'gc': 0.09415, 'Gn': 0.0, 'Gc': 0.0, 'crossingsN': '', 'crossingsC': ''}
REF: (176, 202) {'gn': 0.09059, 'gc': 0.08387, 'Gn': 0.0, 'Gc': 0.0, 'crossingsN': '', 'crossingsC': ''}
REF: (177, 181) {'gn': 0.00467, 'gc': -0.02338, 'Gn': 0.0, 'Gc': -0.0, 'crossingsN': '', 'crossingsC': ''}
REF: (178, 182) {'gn': 0.00527, 'gc': -0.03481, 'Gn': 0.0, 'Gc': -0.0, 'crossingsN': '', 'crossingsC': ''}
REF: (178, 183) {'gn': -0.00407, 'gc': -0.04054, 'Gn': -0.0, 'Gc': -0.0, 'crossingsN': '', 'crossingsC': ''}
REF: (179, 192) {'gn': 0.05038, 'gc': -0.10248, 'Gn': 0.0, 'Gc': -0.0, 'crossingsN': '', 'crossingsC': ''}
REF: (179, 193) {'gn': 0.02161, 'gc': -0.09492, 'Gn': 0.0, 'Gc': -0.0, 'crossingsN': '', 'crossingsC': ''}
REF: (179, 194) {'gn': -0.00068, 'gc': -0.10043, 'Gn': -0.0, 'Gc': -0.0, 'crossingsN': '', 'crossingsC': ''}
REF: (179, 200) {'gn': 0.16142, 'gc': 0.02426, 'Gn': 0.0, 'Gc': 0.0, 'crossingsN': '', 'crossingsC': ''}
REF: (180, 192) {'gn': 0.01746, 'gc': -0.08637, 'Gn': 0.0, 'Gc': -0.0, 'crossingsN': '', 'crossingsC': ''}
REF: (180, 193) {'gn': -0.01478, 'gc': -0.06981, 'Gn': -0.0, 'Gc': -0.0, 'crossingsN': '', 'crossingsC': ''}
REF: (180, 194) {'gn': -0.0299, 'gc': -0.06962, 'Gn': -0.0, 'Gc': -0.0, 'crossingsN': '', 'crossingsC': ''}
REF: (181, 192) {'gn': 0.03792, 'gc': -0.07824, 'Gn': 0.0, 'Gc': -0.0, 'crossingsN': '', 'crossingsC': ''}
REF: (181, 193) {'gn': 0.00561, 'gc': -0.06432, 'Gn': 0.0, 'Gc': -0.0, 'crossingsN': '', 'crossingsC': ''}
REF: (182, 192) {'gn': 0.05527, 'gc': -0.06021, 'Gn': 0.0, 'Gc': -0.0, 'crossingsN': '', 'crossingsC': ''}
REF: (182, 193) {'gn': 0.01438, 'gc': -0.04837, 'Gn': 0.0, 'Gc': -0.0, 'crossingsN': '', 'crossingsC': ''}
REF: (183, 193) {'gn': 0.04699, 'gc': -0.06477, 'Gn': 0.0, 'Gc': -0.0, 'crossingsN': '', 'crossingsC': ''}
REF: (184, 188) {'gn': 0.01868, 'gc': -0.08376, 'Gn': 0.0, 'Gc': -0.0, 'crossingsN': '', 'crossingsC': ''}
REF: (184, 189) {'gn': 0.05158, 'gc': -0.07789, 'Gn': 0.0, 'Gc': -0.0, 'crossingsN': '', 'crossingsC': ''}
REF: (184, 193) {'gn': 0.0664, 'gc': -0.05686, 'Gn': 0.0, 'Gc': -0.0, 'crossingsN': '', 'crossingsC': ''}
REF: (184, 238) {'gn': 0.94422, 'gc': 0.16194, 'Gn': 1.0, 'Gc': 0.0, 'crossingsN': '', 'crossingsC': ''}
REF: (185, 189) {'gn': 0.04105, 'gc': -0.0584, 'Gn': 0.0, 'Gc': -0.0, 'crossingsN': '', 'crossingsC': ''}
REF: (185, 193) {'gn': 0.05097, 'gc': -0.0341, 'Gn': 0.0, 'Gc': -0.0, 'crossingsN': '', 'crossingsC': ''}
REF: (187, 263) {'gn': 1.03046, 'gc': 0.00234, 'Gn': 1.0, 'Gc': 0.0, 'crossingsN': '', 'crossingsC': ''}
REF: (187, 264) {'gn': 1.10502, 'gc': -0.00457, 'Gn': 1.0, 'Gc': -0.0, 'crossingsN': '', 'crossingsC': ''}
REF: (188, 193) {'gn': 0.02179, 'gc': 0.0251, 'Gn': 0.0, 'Gc': 0.0, 'crossingsN': '', 'crossingsC': ''}
REF: (188, 194) {'gn': 0.02452, 'gc': 0.01135, 'Gn': 0.0, 'Gc': 0.0, 'crossingsN': '', 'crossingsC': ''}
REF: (188, 195) {'gn': 0.01607, 'gc': -0.03315, 'Gn': 0.0, 'Gc': -0.0, 'crossingsN': '', 'crossingsC': ''}
REF: (188, 238) {'gn': 0.89325, 'gc': 0.21625, 'Gn': 1.0, 'Gc': 0.0, 'crossingsN': '', 'crossingsC': ''}
REF: (188, 263) {'gn': 1.02293, 'gc': 0.01063, 'Gn': 1.0, 'Gc': 0.0, 'crossingsN': '', 'crossingsC': ''}
REF: (188, 264) {'gn': 1.10145, 'gc': 0.00011, 'Gn': 1.0, 'Gc': 0.0, 'crossingsN': '', 'crossingsC': ''}
REF: (189, 193) {'gn': -0.04853, 'gc': 0.0265, 'Gn': -0.0, 'Gc': 0.0, 'crossingsN': '', 'crossingsC': ''}
REF: (189, 194) {'gn': -0.0535, 'gc': 0.01756, 'Gn': -0.0, 'Gc': 0.0, 'crossingsN': '', 'crossingsC': ''}
REF: (189, 195) {'gn': -0.05951, 'gc': -0.02551, 'Gn': -0.0, 'Gc': -0.0, 'crossingsN': '', 'crossingsC': ''}
REF: (190, 194) {'gn': -0.07187, 'gc': 0.04306, 'Gn': -0.0, 'Gc': 0.0, 'crossingsN': '', 'crossingsC': ''}
REF: (190, 195) {'gn': -0.08328, 'gc': -0.00127, 'Gn': -0.0, 'Gc': -0.0, 'crossingsN': '', 'crossingsC': ''}
REF: (190, 196) {'gn': -0.01188, 'gc': -0.03248, 'Gn': -0.0, 'Gc': -0.0, 'crossingsN': '', 'crossingsC': ''}
REF: (191, 195) {'gn': -0.14325, 'gc': -0.00192, 'Gn': -0.0, 'Gc': -0.0, 'crossingsN': '', 'crossingsC': ''}
REF: (191, 196) {'gn': -0.06826, 'gc': -0.02949, 'Gn': -0.0, 'Gc': -0.0, 'crossingsN': '', 'crossingsC': ''}
REF: (194, 198) {'gn': 0.02687, 'gc': -0.00239, 'Gn': 0.0, 'Gc': -0.0, 'crossingsN': '', 'crossingsC': ''}
REF: (199, 225) {'gn': 0.15144, 'gc': 0.06891, 'Gn': 0.0, 'Gc': 0.0, 'crossingsN': '', 'crossingsC': ''}
REF: (199, 226) {'gn': 0.12763, 'gc': 0.04851, 'Gn': 0.0, 'Gc': 0.0, 'crossingsN': '', 'crossingsC': ''}
REF: (199, 227) {'gn': 0.13694, 'gc': 0.08241, 'Gn': 0.0, 'Gc': 0.0, 'crossingsN': '', 'crossingsC': ''}
REF: (200, 225) {'gn': 0.11527, 'gc': 0.03168, 'Gn': 0.0, 'Gc': 0.0, 'crossingsN': '', 'crossingsC': ''}
REF: (201, 205) {'gn': 0.09709, 'gc': -0.04461, 'Gn': 0.0, 'Gc': -0.0, 'crossingsN': '', 'crossingsC': ''}
REF: (201, 222) {'gn': 0.03427, 'gc': 0.03835, 'Gn': 0.0, 'Gc': 0.0, 'crossingsN': '', 'crossingsC': ''}
REF: (201, 225) {'gn': 0.01912, 'gc': -0.01789, 'Gn': 0.0, 'Gc': -0.0, 'crossingsN': '', 'crossingsC': ''}
REF: (201, 246) {'gn': 0.17941, 'gc': 0.23253, 'Gn': 0.0, 'Gc': 0.0, 'crossingsN': '', 'crossingsC': ''}
REF: (202, 206) {'gn': 0.01925, 'gc': 0.06215, 'Gn': 0.0, 'Gc': 0.0, 'crossingsN': '', 'crossingsC': ''}
REF: (203, 207) {'gn': -0.00305, 'gc': -0.03263, 'Gn': -0.0, 'Gc': -0.0, 'crossingsN': '', 'crossingsC': ''}
REF: (203, 242) {'gn': 0.27588, 'gc': 0.25637, 'Gn': 0.0, 'Gc': 0.0, 'crossingsN': '', 'crossingsC': ''}
REF: (203, 243) {'gn': 0.26062, 'gc': 0.30733, 'Gn': 0.0, 'Gc': 0.0, 'crossingsN': '', 'crossingsC': ''}
REF: (203, 245) {'gn': 0.13602, 'gc': 0.23322, 'Gn': 0.0, 'Gc': 0.0, 'crossingsN': '', 'crossingsC': ''}
REF: (203, 246) {'gn': 0.13954, 'gc': 0.18272, 'Gn': 0.0, 'Gc': 0.0, 'crossingsN': '', 'crossingsC': ''}
REF: (205, 221) {'gn': -0.05882, 'gc': 0.03462, 'Gn': -0.0, 'Gc': 0.0, 'crossingsN': '', 'crossingsC': ''}
REF: (206, 212) {'gn': -0.02303, 'gc': -0.01398, 'Gn': -0.0, 'Gc': -0.0, 'crossingsN': '', 'crossingsC': ''}
REF: (206, 213) {'gn': -0.00057, 'gc': -0.01302, 'Gn': -0.0, 'Gc': -0.0, 'crossingsN': '', 'crossingsC': ''}
REF: (206, 217) {'gn': -0.01817, 'gc': 0.01583, 'Gn': -0.0, 'Gc': 0.0, 'crossingsN': '', 'crossingsC': ''}
REF: (206, 218) {'gn': -0.02792, 'gc': 0.03658, 'Gn': -0.0, 'Gc': 0.0, 'crossingsN': '', 'crossingsC': ''}
REF: (206, 221) {'gn': -0.04458, 'gc': 0.01704, 'Gn': -0.0, 'Gc': 0.0, 'crossingsN': '', 'crossingsC': ''}
REF: (206, 245) {'gn': 0.28446, 'gc': 0.23243, 'Gn': 0.0, 'Gc': 0.0, 'crossingsN': '', 'crossingsC': ''}
REF: (206, 246) {'gn': 0.27791, 'gc': 0.1836, 'Gn': 0.0, 'Gc': 0.0, 'crossingsN': '', 'crossingsC': ''}
REF: (206, 249) {'gn': 0.20693, 'gc': 0.22477, 'Gn': 0.0, 'Gc': 0.0, 'crossingsN': '', 'crossingsC': ''}
REF: (207, 211) {'gn': -0.04944, 'gc': 0.01009, 'Gn': -0.0, 'Gc': 0.0, 'crossingsN': '', 'crossingsC': ''}
REF: (207, 212) {'gn': -0.04348, 'gc': 0.01061, 'Gn': -0.0, 'Gc': 0.0, 'crossingsN': '', 'crossingsC': ''}
REF: (207, 213) {'gn': -0.02698, 'gc': 0.01151, 'Gn': -0.0, 'Gc': 0.0, 'crossingsN': '', 'crossingsC': ''}
REF: (208, 212) {'gn': -0.06526, 'gc': 0.02428, 'Gn': -0.0, 'Gc': 0.0, 'crossingsN': '', 'crossingsC': ''}
REF: (208, 213) {'gn': -0.04911, 'gc': 0.02475, 'Gn': -0.0, 'Gc': 0.0, 'crossingsN': '', 'crossingsC': ''}
REF: (212, 249) {'gn': 0.14967, 'gc': 0.19789, 'Gn': 0.0, 'Gc': 0.0, 'crossingsN': '', 'crossingsC': ''}
REF: (213, 217) {'gn': -0.04296, 'gc': 0.01846, 'Gn': -0.0, 'Gc': 0.0, 'crossingsN': '', 'crossingsC': ''}
REF: (213, 218) {'gn': -0.02039, 'gc': 0.03219, 'Gn': -0.0, 'Gc': 0.0, 'crossingsN': '', 'crossingsC': ''}
REF: (214, 218) {'gn': -0.01912, 'gc': 0.0183, 'Gn': -0.0, 'Gc': 0.0, 'crossingsN': '', 'crossingsC': ''}
REF: (215, 219) {'gn': -0.02752, 'gc': 0.02573, 'Gn': -0.0, 'Gc': 0.0, 'crossingsN': '', 'crossingsC': ''}
REF: (215, 252) {'gn': 0.09841, 'gc': 0.21632, 'Gn': 0.0, 'Gc': 0.0, 'crossingsN': '', 'crossingsC': ''}
REF: (215, 253) {'gn': 0.07482, 'gc': 0.14785, 'Gn': 0.0, 'Gc': 0.0, 'crossingsN': '', 'crossingsC': ''}
REF: (216, 220) {'gn': -0.02555, 'gc': 0.00501, 'Gn': -0.0, 'Gc': 0.0, 'crossingsN': '', 'crossingsC': ''}
REF: (217, 221) {'gn': -0.01257, 'gc': 0.00802, 'Gn': -0.0, 'Gc': 0.0, 'crossingsN': '', 'crossingsC': ''}
REF: (218, 222) {'gn': -0.02167, 'gc': -0.00106, 'Gn': -0.0, 'Gc': -0.0, 'crossingsN': '', 'crossingsC': ''}
REF: (218, 249) {'gn': 0.18927, 'gc': 0.21856, 'Gn': 0.0, 'Gc': 0.0, 'crossingsN': '', 'crossingsC': ''}
REF: (218, 253) {'gn': 0.1318, 'gc': 0.15167, 'Gn': 0.0, 'Gc': 0.0, 'crossingsN': '', 'crossingsC': ''}
REF: (219, 223) {'gn': -0.046, 'gc': -0.03419, 'Gn': -0.0, 'Gc': -0.0, 'crossingsN': '', 'crossingsC': ''}
REF: (219, 253) {'gn': 0.15262, 'gc': 0.15547, 'Gn': 0.0, 'Gc': 0.0, 'crossingsN': '', 'crossingsC': ''}
REF: (220, 224) {'gn': -0.03025, 'gc': -0.02831, 'Gn': -0.0, 'Gc': -0.0, 'crossingsN': '', 'crossingsC': ''}
REF: (221, 225) {'gn': -0.02988, 'gc': -0.02234, 'Gn': -0.0, 'Gc': -0.0, 'crossingsN': '', 'crossingsC': ''}
REF: (222, 226) {'gn': -0.06524, 'gc': -0.04911, 'Gn': -0.0, 'Gc': -0.0, 'crossingsN': '', 'crossingsC': ''}
REF: (222, 227) {'gn': -0.00296, 'gc': -0.01771, 'Gn': -0.0, 'Gc': -0.0, 'crossingsN': '', 'crossingsC': ''}
REF: (222, 228) {'gn': 0.00767, 'gc': -0.0209, 'Gn': 0.0, 'Gc': -0.0, 'crossingsN': '', 'crossingsC': ''}
REF: (223, 227) {'gn': 0.03324, 'gc': 0.00783, 'Gn': 0.0, 'Gc': 0.0, 'crossingsN': '', 'crossingsC': ''}
REF: (223, 228) {'gn': 0.03933, 'gc': 0.00196, 'Gn': 0.0, 'Gc': 0.0, 'crossingsN': '', 'crossingsC': ''}
REF: (229, 255) {'gn': 0.14529, 'gc': 0.08469, 'Gn': 0.0, 'Gc': 0.0, 'crossingsN': '', 'crossingsC': ''}
REF: (232, 256) {'gn': 0.12929, 'gc': 0.07425, 'Gn': 0.0, 'Gc': 0.0, 'crossingsN': '', 'crossingsC': ''}
REF: (232, 257) {'gn': 0.13783, 'gc': 0.03138, 'Gn': 0.0, 'Gc': 0.0, 'crossingsN': '', 'crossingsC': ''}
REF: (232, 258) {'gn': 0.19191, 'gc': 0.00982, 'Gn': 0.0, 'Gc': 0.0, 'crossingsN': '', 'crossingsC': ''}
REF: (233, 257) {'gn': 0.0561, 'gc': 0.03201, 'Gn': 0.0, 'Gc': 0.0, 'crossingsN': '', 'crossingsC': ''}
REF: (233, 258) {'gn': 0.11094, 'gc': 0.01185, 'Gn': 0.0, 'Gc': 0.0, 'crossingsN': '', 'crossingsC': ''}
REF: (233, 259) {'gn': 0.17559, 'gc': 0.0129, 'Gn': 0.0, 'Gc': 0.0, 'crossingsN': '', 'crossingsC': ''}
REF: (234, 258) {'gn': -0.02389, 'gc': 0.01272, 'Gn': -0.0, 'Gc': 0.0, 'crossingsN': '', 'crossingsC': ''}
REF: (234, 259) {'gn': 0.03903, 'gc': 0.0132, 'Gn': 0.0, 'Gc': 0.0, 'crossingsN': '', 'crossingsC': ''}
REF: (234, 260) {'gn': 0.20196, 'gc': 0.01023, 'Gn': 0.0, 'Gc': 0.0, 'crossingsN': '', 'crossingsC': ''}
REF: (234, 261) {'gn': 0.34525, 'gc': 0.01382, 'Gn': 0.0, 'Gc': 0.0, 'crossingsN': '', 'crossingsC': ''}
REF: (235, 243) {'gn': 0.06641, 'gc': 0.12735, 'Gn': 0.0, 'Gc': 0.0, 'crossingsN': '', 'crossingsC': ''}
REF: (235, 244) {'gn': -0.03841, 'gc': 0.18389, 'Gn': -0.0, 'Gc': 0.0, 'crossingsN': '', 'crossingsC': ''}
REF: (235, 246) {'gn': -0.12647, 'gc': 0.10801, 'Gn': -0.0, 'Gc': 0.0, 'crossingsN': '', 'crossingsC': ''}
REF: (235, 247) {'gn': -0.12738, 'gc': 0.1576, 'Gn': -0.0, 'Gc': 0.0, 'crossingsN': '', 'crossingsC': ''}
REF: (235, 258) {'gn': -0.14162, 'gc': 0.01802, 'Gn': -0.0, 'Gc': 0.0, 'crossingsN': '', 'crossingsC': ''}
REF: (235, 259) {'gn': -0.08178, 'gc': 0.01465, 'Gn': -0.0, 'Gc': 0.0, 'crossingsN': '', 'crossingsC': ''}
REF: (235, 260) {'gn': 0.07848, 'gc': 0.01031, 'Gn': 0.0, 'Gc': 0.0, 'crossingsN': '', 'crossingsC': ''}
REF: (235, 261) {'gn': 0.21969, 'gc': 0.01092, 'Gn': 0.0, 'Gc': 0.0, 'crossingsN': '', 'crossingsC': ''}
REF: (236, 243) {'gn': -0.11954, 'gc': 0.11403, 'Gn': -0.0, 'Gc': 0.0, 'crossingsN': '', 'crossingsC': ''}
REF: (236, 260) {'gn': -0.09615, 'gc': 0.01148, 'Gn': -0.0, 'Gc': 0.0, 'crossingsN': '', 'crossingsC': ''}
REF: (236, 261) {'gn': 0.04377, 'gc': 0.01116, 'Gn': 0.0, 'Gc': 0.0, 'crossingsN': '', 'crossingsC': ''}
REF: (236, 262) {'gn': 0.12975, 'gc': 0.02528, 'Gn': 0.0, 'Gc': 0.0, 'crossingsN': '', 'crossingsC': ''}
REF: (236, 263) {'gn': 0.22563, 'gc': 0.01318, 'Gn': 0.0, 'Gc': 0.0, 'crossingsN': '', 'crossingsC': ''}
REF: (237, 241) {'gn': -0.08387, 'gc': 0.06571, 'Gn': -0.0, 'Gc': 0.0, 'crossingsN': '', 'crossingsC': ''}
REF: (237, 242) {'gn': -0.12202, 'gc': 0.04388, 'Gn': -0.0, 'Gc': 0.0, 'crossingsN': '', 'crossingsC': ''}
REF: (237, 243) {'gn': -0.16827, 'gc': 0.03576, 'Gn': -0.0, 'Gc': 0.0, 'crossingsN': '', 'crossingsC': ''}
REF: (237, 244) {'gn': -0.26854, 'gc': 0.09344, 'Gn': -0.0, 'Gc': 0.0, 'crossingsN': '', 'crossingsC': ''}
REF: (237, 260) {'gn': -0.11996, 'gc': 0.01024, 'Gn': -0.0, 'Gc': 0.0, 'crossingsN': '', 'crossingsC': ''}
REF: (237, 261) {'gn': 0.01832, 'gc': 0.00608, 'Gn': 0.0, 'Gc': 0.0, 'crossingsN': '', 'crossingsC': ''}
REF: (237, 262) {'gn': 0.10448, 'gc': 0.01847, 'Gn': 0.0, 'Gc': 0.0, 'crossingsN': '', 'crossingsC': ''}
REF: (237, 263) {'gn': 0.19991, 'gc': 0.00932, 'Gn': 0.0, 'Gc': 0.0, 'crossingsN': '', 'crossingsC': ''}
REF: (238, 242) {'gn': -0.24988, 'gc': 0.05719, 'Gn': -0.0, 'Gc': 0.0, 'crossingsN': '', 'crossingsC': ''}
REF: (238, 243) {'gn': -0.29583, 'gc': 0.04693, 'Gn': -0.0, 'Gc': 0.0, 'crossingsN': '', 'crossingsC': ''}
REF: (238, 263) {'gn': 0.13173, 'gc': 0.00917, 'Gn': 0.0, 'Gc': 0.0, 'crossingsN': '', 'crossingsC': ''}
REF: (239, 243) {'gn': -0.23951, 'gc': 0.02184, 'Gn': -0.0, 'Gc': 0.0, 'crossingsN': '', 'crossingsC': ''}
REF: (242, 246) {'gn': -0.24942, 'gc': -0.02696, 'Gn': -0.0, 'Gc': -0.0, 'crossingsN': '', 'crossingsC': ''}
REF: (243, 247) {'gn': -0.15766, 'gc': 0.03324, 'Gn': -0.0, 'Gc': 0.0, 'crossingsN': '', 'crossingsC': ''}
REF: (243, 260) {'gn': 0.18507, 'gc': 0.00246, 'Gn': 0.0, 'Gc': 0.0, 'crossingsN': '', 'crossingsC': ''}
REF: (244, 248) {'gn': -0.13107, 'gc': 0.01443, 'Gn': -0.0, 'Gc': 0.0, 'crossingsN': '', 'crossingsC': ''}
REF: (244, 260) {'gn': 0.24181, 'gc': -0.00073, 'Gn': 0.0, 'Gc': -0.0, 'crossingsN': '', 'crossingsC': ''}
REF: (245, 249) {'gn': -0.09144, 'gc': 0.00326, 'Gn': -0.0, 'Gc': 0.0, 'crossingsN': '', 'crossingsC': ''}
REF: (246, 250) {'gn': -0.00393, 'gc': 0.01297, 'Gn': -0.0, 'Gc': 0.0, 'crossingsN': '', 'crossingsC': ''}
REF: (247, 251) {'gn': -0.01099, 'gc': 0.01516, 'Gn': -0.0, 'Gc': 0.0, 'crossingsN': '', 'crossingsC': ''}
REF: (247, 258) {'gn': 0.05994, 'gc': 0.00577, 'Gn': 0.0, 'Gc': 0.0, 'crossingsN': '', 'crossingsC': ''}
REF: (247, 259) {'gn': 0.1885, 'gc': 0.0022, 'Gn': 0.0, 'Gc': 0.0, 'crossingsN': '', 'crossingsC': ''}
REF: (247, 260) {'gn': 0.35667, 'gc': -0.00089, 'Gn': 0.0, 'Gc': -0.0, 'crossingsN': '', 'crossingsC': ''}
REF: (248, 252) {'gn': 0.02779, 'gc': -0.00775, 'Gn': 0.0, 'Gc': -0.0, 'crossingsN': '', 'crossingsC': ''}
REF: (249, 253) {'gn': 0.06877, 'gc': 0.00013, 'Gn': 0.0, 'Gc': 0.0, 'crossingsN': '', 'crossingsC': ''}
REF: (250, 254) {'gn': 0.08619, 'gc': 0.00036, 'Gn': 0.0, 'Gc': 0.0, 'crossingsN': '', 'crossingsC': ''}
REF: (250, 255) {'gn': 0.05522, 'gc': 0.00456, 'Gn': 0.0, 'Gc': 0.0, 'crossingsN': '', 'crossingsC': ''}
REF: (250, 258) {'gn': 0.13948, 'gc': 0.00388, 'Gn': 0.0, 'Gc': 0.0, 'crossingsN': '', 'crossingsC': ''}
REF: (251, 255) {'gn': -0.00687, 'gc': 0.00288, 'Gn': -0.0, 'Gc': 0.0, 'crossingsN': '', 'crossingsC': ''}
REF: (251, 256) {'gn': 0.02945, 'gc': 0.00054, 'Gn': 0.0, 'Gc': 0.0, 'crossingsN': '', 'crossingsC': ''}
REF: (251, 258) {'gn': 0.06602, 'gc': 0.00361, 'Gn': 0.0, 'Gc': 0.0, 'crossingsN': '', 'crossingsC': ''}
REF: (265, 269) {'gn': 0.01707, 'gc': 0, 'Gn': 0.0, 'Gc': 0.0, 'crossingsN': '', 'crossingsC': ''}
REF: (266, 270) {'gn': 0.01328, 'gc': 0, 'Gn': 0.0, 'Gc': 0.0, 'crossingsN': '', 'crossingsC': ''}
REF: (266, 271) {'gn': 0.01221, 'gc': 0, 'Gn': 0.0, 'Gc': 0.0, 'crossingsN': '', 'crossingsC': ''}
Step 2: loop through the frames and calculate the changes in entanglement
Number of available CPU cores: 40
/storage/group/epo2/default/ims86/miniconda3/envs/FtoF/lib/python3.11/multiprocessing/reduction.py:51: UserWarning: Reader has no dt information, set to 1.0 ps
  cls(buf, protocol).dump(obj)
slurmstepd: error: *** JOB 38080690 ON p-mc-3470 CANCELLED AT 2025-05-08T19:56:04 DUE TO TIME LIMIT ***
