Number of gene_lists: 6
Number of residue feature files: 1294

Number of genes in gene_list: MatchEntanglementFeatures_k2/nonessential_matched2_essential/EXP_0.6g_CD_Rall_spa50_LiPMScov50_essential_ent_genes.txt 44
buffer: CD essential: essential
       cut_CD_Rall  region AA    gene
0                0       1  S  P0A6K3
1                0       1  V  P0A6K3
2                0       1  L  P0A6K3
3                0       1  Q  P0A6K3
4                0       1  V  P0A6K3
...            ...     ... ..     ...
13612            0       0  E  P69441
13613            0       0  K  P69441
13614            0       0  I  P69441
13615            0       0  L  P69441
13616            0       0  G  P69441

[13617 rows x 4 columns]
Number of genes in self.gene_list_resFeat: 44

Number of genes in gene_list: MatchEntanglementFeatures_k2/nonessential_matched2_essential/EXP_0.6g_CD_Rall_spa50_LiPMScov50_nonessential_ent_genes.txt 88
buffer: CD essential: nonessential
       cut_CD_Rall  region AA    gene
0                0       1  A  P0A763
1                0       1  I  P0A763
2                0       1  E  P0A763
3                0       1  R  P0A763
4                0       1  T  P0A763
...            ...     ... ..     ...
24211            0       1  T  P0A998
24212            0       1  L  P0A998
24213            0       0  D  P0A998
24214            0       0  T  P0A998
24215            0       0  Q  P0A998

[24216 rows x 4 columns]
Number of genes in self.gene_list_resFeat: 47

Number of genes in gene_list: MatchEntanglementFeatures_k2/nonessential_matched2_essential/EXP_0.6g_CG_Rall_spa50_LiPMScov50_essential_ent_genes.txt 55
buffer: CG essential: essential
       cut_CG_Rall  region AA    gene
0                0       0  A  P00959
1                0       0  K  P00959
2                0       0  K  P00959
3                0       0  I  P00959
4                0       1  L  P00959
...            ...     ... ..     ...
18662            0       0  F  Q46893
18663            0       1  Y  Q46893
18664            0       0  L  Q46893
18665            0       0  T  Q46893
18666            0       0  R  Q46893

[18667 rows x 4 columns]
Number of genes in self.gene_list_resFeat: 55

Number of genes in gene_list: MatchEntanglementFeatures_k2/nonessential_matched2_essential/EXP_0.6g_CG_Rall_spa50_LiPMScov50_nonessential_ent_genes.txt 110
buffer: CG essential: nonessential
       cut_CG_Rall  region AA    gene
0                0       0  A  P00963
1                0       0  Y  P00963
2                0       0  I  P00963
3                0       0  A  P00963
4                0       0  K  P00963
...            ...     ... ..     ...
35531            0       0  E  P31057
35532            0       0  H  P31057
35533            0       0  S  P31057
35534            0       0  F  P31057
35535            0       0  H  P31057

[35536 rows x 4 columns]
Number of genes in self.gene_list_resFeat: 77

Number of genes in gene_list: MatchEntanglementFeatures_k2/nonessential_matched2_essential/EXP_0.6g_C_Rall_spa50_LiPMScov50_essential_ent_genes.txt 81
buffer: C essential: essential
       cut_C_Rall  region AA    gene
0               0       0  A  P00959
1               0       0  K  P00959
2               0       0  K  P00959
3               0       0  I  P00959
4               0       1  L  P00959
...           ...     ... ..     ...
27704           0       0  F  Q46893
27705           0       1  Y  Q46893
27706           0       0  L  Q46893
27707           0       0  T  Q46893
27708           0       0  R  Q46893

[27709 rows x 4 columns]
Number of genes in self.gene_list_resFeat: 81

Number of genes in gene_list: MatchEntanglementFeatures_k2/nonessential_matched2_essential/EXP_0.6g_C_Rall_spa50_LiPMScov50_nonessential_ent_genes.txt 162
buffer: C essential: nonessential
       cut_C_Rall  region AA    gene
0               0       0  P  P00561
1               0       0  V  P00561
2               0       0  K  P00561
3               0       0  G  P00561
4               0       0  I  P00561
...           ...     ... ..     ...
51805           0       0  N  P27828
51806           0       0  R  P27828
51807           0       0  I  P27828
51808           0       0  S  P27828
51809           0       0  L  P27828

[51810 rows x 4 columns]
Number of genes in self.gene_list_resFeat: 89
GT_regression:
  buffer     essential        OR     OR_lb     OR_ub    pvalue
0     CD     essential  1.104066  0.743044  1.640498  0.624134
1     CD  nonessential  1.949163  1.386801  2.740115  0.000123
2     CG     essential  1.040915  0.758054  1.430466  0.804908
3     CG  nonessential  1.254704  1.001001  1.571452  0.048610
4      C     essential  1.456593  1.220182  1.738461  0.000033
5      C  nonessential  1.386385  1.203218  1.596797  0.000006
SAVED: DifferentialRescue/nonessential_matched2_essential_k2//nonessential_matched2_essential_k2_GT_regression.csv

Determining if there is a significant rescue for the set of essential genes
C_df: 27709 81 | CD_df: 13617 44 | CG_df: 18667 55
GT_regression:
  buffer  essential        OR     OR_lb     OR_ub    pvalue
0     CD  essential  1.104066  0.743044  1.640498  0.624134
2     CG  essential  1.040915  0.758054  1.430466  0.804908
4      C  essential  1.456593  1.220182  1.738461  0.000033
GT diffs: delta(C - CD): 0.3525264862080597 | delta(C - CG): 0.4156779252929068
FISHER nonessential_matched2_essential_k2| Essential: C2CD_pvalue: 0.0659 | C2CG_pvalue: 0.0234

Determining if there is a significant rescue for the set of nonessential genes
C_df: 51810 89 | CD_df: 24216 47 | CG_df: 35536 77
GT_regression:
  buffer     essential        OR     OR_lb     OR_ub    pvalue
1     CD  nonessential  1.949163  1.386801  2.740115  0.000123
3     CG  nonessential  1.254704  1.001001  1.571452  0.048610
5      C  nonessential  1.386385  1.203218  1.596797  0.000006
GT diffs: delta(C - CD): -0.5627774040665618 | delta(C - CG): 0.131681107909549
FISHER nonessential_matched2_essential_k2| NonEssential: C2CD_pvalue: 0.9952 | C2CG_pvalue: 0.2097
NORMAL TERMINATION 1235.2088406085968 seconds
